[0.018s] Invoking command in '/home/nvidia/ros2_qcar2_nlmpc/build/qcar2_interfaces': CMAKE_PREFIX_PATH=${CMAKE_PREFIX_PATH}:/opt/ros/humble /usr/bin/cmake /home/nvidia/ros2_qcar2_nlmpc/src/qcar2_interfaces -DCMAKE_INSTALL_PREFIX=/home/nvidia/ros2_qcar2_nlmpc/install/qcar2_interfaces
[0.151s] -- The C compiler identification is GNU 9.4.0
[0.262s] -- The CXX compiler identification is GNU 9.4.0
[0.274s] -- Check for working C compiler: /usr/bin/cc
[0.388s] -- Check for working C compiler: /usr/bin/cc -- works
[0.389s] -- Detecting C compiler ABI info
[0.506s] -- Detecting C compiler ABI info - done
[0.538s] -- Detecting C compile features
[0.539s] -- Detecting C compile features - done
[0.546s] -- Check for working CXX compiler: /usr/bin/c++
[0.665s] -- Check for working CXX compiler: /usr/bin/c++ -- works
[0.667s] -- Detecting CXX compiler ABI info
[0.793s] -- Detecting CXX compiler ABI info - done
[0.827s] -- Detecting CXX compile features
[0.828s] -- Detecting CXX compile features - done
[0.836s] -- Found ament_cmake: 1.3.6 (/opt/ros/humble/share/ament_cmake/cmake)
[1.067s] -- Found Python3: /usr/bin/python3.9 (found version "3.9.5") found components: Interpreter 
[1.213s] -- Found rosidl_default_generators: 1.2.0 (/opt/ros/humble/share/rosidl_default_generators/cmake)
[1.219s] -- Using all available rosidl_typesupport_c: rosidl_typesupport_fastrtps_c;rosidl_typesupport_introspection_c
[1.229s] -- Found rosidl_adapter: 3.1.5 (/opt/ros/humble/share/rosidl_adapter/cmake)
[1.299s] -- Using all available rosidl_typesupport_cpp: rosidl_typesupport_fastrtps_cpp;rosidl_typesupport_introspection_cpp
[2.018s] -- Found ament_cmake_ros: 0.10.0 (/opt/ros/humble/share/ament_cmake_ros/cmake)
[2.616s] -- Using all available rosidl_typesupport_c: rosidl_typesupport_fastrtps_c;rosidl_typesupport_introspection_c
[3.392s] -- Using all available rosidl_typesupport_cpp: rosidl_typesupport_fastrtps_cpp;rosidl_typesupport_introspection_cpp
[3.434s] -- Found PythonInterp: /usr/bin/python3 (found suitable version "3.8.10", minimum required is "3.6") 
[3.438s] -- Found python_cmake_module: 0.10.0 (/opt/ros/humble/share/python_cmake_module/cmake)
[3.493s] -- Found PythonLibs: /usr/lib/aarch64-linux-gnu/libpython3.8.so (found suitable version "3.8.10", minimum required is "3.5") 
[3.493s] -- Using PYTHON_EXECUTABLE: /usr/bin/python3
[3.493s] -- Using PYTHON_INCLUDE_DIRS: /usr/include/python3.8
[3.494s] -- Using PYTHON_LIBRARIES: /usr/lib/aarch64-linux-gnu/libpython3.8.so
[3.527s] -- Found PythonExtra: .so  
[3.732s] -- Using numpy include directory: /usr/local/lib/python3.8/dist-packages/numpy/core/include
[3.759s] -- Found ament_lint_auto: 0.12.9 (/opt/ros/humble/share/ament_lint_auto/cmake)
[3.809s] -- Added test 'lint_cmake' to check CMake code style
[3.810s] -- Added test 'xmllint' to check XML markup files
[3.818s] -- Configuring done
[3.857s] -- Generating done
[3.861s] -- Build files have been written to: /home/nvidia/ros2_qcar2_nlmpc/build/qcar2_interfaces
[3.873s] Invoked command in '/home/nvidia/ros2_qcar2_nlmpc/build/qcar2_interfaces' returned '0': CMAKE_PREFIX_PATH=${CMAKE_PREFIX_PATH}:/opt/ros/humble /usr/bin/cmake /home/nvidia/ros2_qcar2_nlmpc/src/qcar2_interfaces -DCMAKE_INSTALL_PREFIX=/home/nvidia/ros2_qcar2_nlmpc/install/qcar2_interfaces
[3.879s] Invoking command in '/home/nvidia/ros2_qcar2_nlmpc/build/qcar2_interfaces': CMAKE_PREFIX_PATH=${CMAKE_PREFIX_PATH}:/opt/ros/humble /usr/bin/cmake --build /home/nvidia/ros2_qcar2_nlmpc/build/qcar2_interfaces -- -j8 -l8
[3.945s] [  2%] [34m[1mGenerating C code for ROS interfaces[0m
[3.945s] [35m[1mScanning dependencies of target ament_cmake_python_copy_qcar2_interfaces[0m
[3.945s] [35m[1mScanning dependencies of target qcar2_interfaces__cpp[0m
[3.962s] [  5%] [34m[1mGenerating C++ code for ROS interfaces[0m
[3.978s] [  5%] Built target ament_cmake_python_copy_qcar2_interfaces
[3.996s] [35m[1mScanning dependencies of target ament_cmake_python_build_qcar2_interfaces_egg[0m
[4.466s] running egg_info
[4.501s] creating qcar2_interfaces.egg-info
[4.502s] writing qcar2_interfaces.egg-info/PKG-INFO
[4.504s] writing dependency_links to qcar2_interfaces.egg-info/dependency_links.txt
[4.504s] writing top-level names to qcar2_interfaces.egg-info/top_level.txt
[4.505s] [35m[1mScanning dependencies of target qcar2_interfaces__rosidl_generator_c[0m
[4.529s] [ 10%] [32mBuilding C object CMakeFiles/qcar2_interfaces__rosidl_generator_c.dir/rosidl_generator_c/qcar2_interfaces/msg/detail/motor_commands__functions.c.o[0m
[4.529s] [ 10%] [32mBuilding C object CMakeFiles/qcar2_interfaces__rosidl_generator_c.dir/rosidl_generator_c/qcar2_interfaces/msg/detail/boolean_leds__functions.c.o[0m
[4.530s] [ 10%] Built target qcar2_interfaces__cpp
[4.548s] [ 17%] [34m[1mGenerating C++ introspection for ROS interfaces[0m
[4.548s] [ 17%] [34m[1mGenerating C++ type support dispatch for ROS interfaces[0m
[4.548s] [ 17%] [34m[1mGenerating C++ type support for eProsima Fast-RTPS[0m
[4.632s] [ 20%] [32m[1mLinking C shared library libqcar2_interfaces__rosidl_generator_c.so[0m
[4.691s] [ 20%] Built target qcar2_interfaces__rosidl_generator_c
[4.710s] [ 28%] [34m[1mGenerating C type support dispatch for ROS interfaces[0m
[4.711s] [ 28%] [34m[1mGenerating C introspection for ROS interfaces[0m
[4.711s] [ 28%] [34m[1mGenerating C type support for eProsima Fast-RTPS[0m
[4.719s] writing manifest file 'qcar2_interfaces.egg-info/SOURCES.txt'
[4.826s] reading manifest file 'qcar2_interfaces.egg-info/SOURCES.txt'
[4.827s] writing manifest file 'qcar2_interfaces.egg-info/SOURCES.txt'
[4.912s] [ 28%] Built target ament_cmake_python_build_qcar2_interfaces_egg
[5.063s] [35m[1mScanning dependencies of target qcar2_interfaces__rosidl_typesupport_cpp[0m
[5.086s] [ 33%] [32mBuilding CXX object CMakeFiles/qcar2_interfaces__rosidl_typesupport_cpp.dir/rosidl_typesupport_cpp/qcar2_interfaces/msg/boolean_leds__type_support.cpp.o[0m
[5.086s] [ 33%] [32mBuilding CXX object CMakeFiles/qcar2_interfaces__rosidl_typesupport_cpp.dir/rosidl_typesupport_cpp/qcar2_interfaces/msg/motor_commands__type_support.cpp.o[0m
[5.114s] [35m[1mScanning dependencies of target qcar2_interfaces__rosidl_typesupport_introspection_cpp[0m
[5.130s] [35m[1mScanning dependencies of target qcar2_interfaces__rosidl_typesupport_fastrtps_cpp[0m
[5.135s] [ 38%] [32mBuilding CXX object CMakeFiles/qcar2_interfaces__rosidl_typesupport_introspection_cpp.dir/rosidl_typesupport_introspection_cpp/qcar2_interfaces/msg/detail/boolean_leds__type_support.cpp.o[0m
[5.135s] [ 38%] [32mBuilding CXX object CMakeFiles/qcar2_interfaces__rosidl_typesupport_introspection_cpp.dir/rosidl_typesupport_introspection_cpp/qcar2_interfaces/msg/detail/motor_commands__type_support.cpp.o[0m
[5.159s] [ 41%] [32mBuilding CXX object CMakeFiles/qcar2_interfaces__rosidl_typesupport_fastrtps_cpp.dir/rosidl_typesupport_fastrtps_cpp/qcar2_interfaces/msg/detail/dds_fastrtps/motor_commands__type_support.cpp.o[0m
[5.230s] [35m[1mScanning dependencies of target qcar2_interfaces__rosidl_typesupport_c[0m
[5.254s] [ 43%] [32mBuilding CXX object CMakeFiles/qcar2_interfaces__rosidl_typesupport_c.dir/rosidl_typesupport_c/qcar2_interfaces/msg/motor_commands__type_support.cpp.o[0m
[5.307s] [ 46%] [32mBuilding CXX object CMakeFiles/qcar2_interfaces__rosidl_typesupport_c.dir/rosidl_typesupport_c/qcar2_interfaces/msg/boolean_leds__type_support.cpp.o[0m
[5.307s] [35m[1mScanning dependencies of target qcar2_interfaces__rosidl_typesupport_introspection_c[0m
[5.308s] [35m[1mScanning dependencies of target qcar2_interfaces__rosidl_typesupport_fastrtps_c[0m
[5.332s] [ 48%] [32mBuilding C object CMakeFiles/qcar2_interfaces__rosidl_typesupport_introspection_c.dir/rosidl_typesupport_introspection_c/qcar2_interfaces/msg/detail/motor_commands__type_support.c.o[0m
[5.335s] [ 51%] [32mBuilding CXX object CMakeFiles/qcar2_interfaces__rosidl_typesupport_fastrtps_c.dir/rosidl_typesupport_fastrtps_c/qcar2_interfaces/msg/detail/motor_commands__type_support_c.cpp.o[0m
[5.366s] [ 53%] [32m[1mLinking CXX shared library libqcar2_interfaces__rosidl_typesupport_c.so[0m
[5.405s] [ 56%] [32mBuilding C object CMakeFiles/qcar2_interfaces__rosidl_typesupport_introspection_c.dir/rosidl_typesupport_introspection_c/qcar2_interfaces/msg/detail/boolean_leds__type_support.c.o[0m
[5.452s] [ 56%] Built target qcar2_interfaces__rosidl_typesupport_c
[5.470s] [ 58%] [32mBuilding CXX object CMakeFiles/qcar2_interfaces__rosidl_typesupport_fastrtps_cpp.dir/rosidl_typesupport_fastrtps_cpp/qcar2_interfaces/msg/detail/dds_fastrtps/boolean_leds__type_support.cpp.o[0m
[5.499s] [ 61%] [32m[1mLinking C shared library libqcar2_interfaces__rosidl_typesupport_introspection_c.so[0m
[5.552s] [ 61%] Built target qcar2_interfaces__rosidl_typesupport_introspection_c
[5.572s] [ 64%] [32mBuilding CXX object CMakeFiles/qcar2_interfaces__rosidl_typesupport_fastrtps_c.dir/rosidl_typesupport_fastrtps_c/qcar2_interfaces/msg/detail/boolean_leds__type_support_c.cpp.o[0m
[5.618s] [ 66%] [32m[1mLinking CXX shared library libqcar2_interfaces__rosidl_typesupport_cpp.so[0m
[5.679s] [ 66%] Built target qcar2_interfaces__rosidl_typesupport_cpp
[6.019s] [ 69%] [32m[1mLinking CXX shared library libqcar2_interfaces__rosidl_typesupport_introspection_cpp.so[0m
[6.135s] [ 69%] Built target qcar2_interfaces__rosidl_typesupport_introspection_cpp
[6.187s] [ 71%] [32m[1mLinking CXX shared library libqcar2_interfaces__rosidl_typesupport_fastrtps_c.so[0m
[6.263s] [ 74%] [32m[1mLinking CXX shared library libqcar2_interfaces__rosidl_typesupport_fastrtps_cpp.so[0m
[6.294s] [ 74%] Built target qcar2_interfaces__rosidl_typesupport_fastrtps_c
[6.368s] [ 74%] Built target qcar2_interfaces__rosidl_typesupport_fastrtps_cpp
[6.386s] [35m[1mScanning dependencies of target qcar2_interfaces[0m
[6.406s] [ 74%] Built target qcar2_interfaces
[6.425s] [35m[1mScanning dependencies of target qcar2_interfaces__py[0m
[6.441s] [ 76%] [34m[1mGenerating Python code for ROS interfaces[0m
[7.108s] [ 76%] Built target qcar2_interfaces__py
[7.125s] [35m[1mScanning dependencies of target qcar2_interfaces__rosidl_generator_py[0m
[7.168s] [ 82%] [32mBuilding C object CMakeFiles/qcar2_interfaces__rosidl_generator_py.dir/rosidl_generator_py/qcar2_interfaces/msg/_motor_commands_s.c.o[0m
[7.168s] [ 82%] [32mBuilding C object CMakeFiles/qcar2_interfaces__rosidl_generator_py.dir/rosidl_generator_py/qcar2_interfaces/msg/_boolean_leds_s.c.o[0m
[7.323s] [ 84%] [32m[1mLinking C shared library rosidl_generator_py/qcar2_interfaces/libqcar2_interfaces__rosidl_generator_py.so[0m
[7.386s] [ 84%] Built target qcar2_interfaces__rosidl_generator_py
[7.403s] [35m[1mScanning dependencies of target qcar2_interfaces__rosidl_typesupport_fastrtps_c__pyext[0m
[7.403s] [35m[1mScanning dependencies of target qcar2_interfaces__rosidl_typesupport_c__pyext[0m
[7.403s] [35m[1mScanning dependencies of target qcar2_interfaces__rosidl_typesupport_introspection_c__pyext[0m
[7.432s] [ 92%] [32mBuilding C object CMakeFiles/qcar2_interfaces__rosidl_typesupport_introspection_c__pyext.dir/rosidl_generator_py/qcar2_interfaces/_qcar2_interfaces_s.ep.rosidl_typesupport_introspection_c.c.o[0m
[7.432s] [ 92%] [32mBuilding C object CMakeFiles/qcar2_interfaces__rosidl_typesupport_fastrtps_c__pyext.dir/rosidl_generator_py/qcar2_interfaces/_qcar2_interfaces_s.ep.rosidl_typesupport_fastrtps_c.c.o[0m
[7.432s] [ 92%] [32mBuilding C object CMakeFiles/qcar2_interfaces__rosidl_typesupport_c__pyext.dir/rosidl_generator_py/qcar2_interfaces/_qcar2_interfaces_s.ep.rosidl_typesupport_c.c.o[0m
[7.558s] [100%] [32m[1mLinking C shared library rosidl_generator_py/qcar2_interfaces/qcar2_interfaces_s__rosidl_typesupport_introspection_c.cpython-38-aarch64-linux-gnu.so[0m
[7.559s] [100%] [32m[1mLinking C shared library rosidl_generator_py/qcar2_interfaces/qcar2_interfaces_s__rosidl_typesupport_fastrtps_c.cpython-38-aarch64-linux-gnu.so[0m
[7.559s] [100%] [32m[1mLinking C shared library rosidl_generator_py/qcar2_interfaces/qcar2_interfaces_s__rosidl_typesupport_c.cpython-38-aarch64-linux-gnu.so[0m
[7.610s] [100%] Built target qcar2_interfaces__rosidl_typesupport_introspection_c__pyext
[7.610s] [100%] Built target qcar2_interfaces__rosidl_typesupport_fastrtps_c__pyext
[7.610s] [100%] Built target qcar2_interfaces__rosidl_typesupport_c__pyext
[7.631s] Invoked command in '/home/nvidia/ros2_qcar2_nlmpc/build/qcar2_interfaces' returned '0': CMAKE_PREFIX_PATH=${CMAKE_PREFIX_PATH}:/opt/ros/humble /usr/bin/cmake --build /home/nvidia/ros2_qcar2_nlmpc/build/qcar2_interfaces -- -j8 -l8
[7.739s] Invoking command in '/home/nvidia/ros2_qcar2_nlmpc/build/qcar2_interfaces': CMAKE_PREFIX_PATH=${CMAKE_PREFIX_PATH}:/opt/ros/humble /usr/bin/cmake --install /home/nvidia/ros2_qcar2_nlmpc/build/qcar2_interfaces
[7.754s] -- Install configuration: ""
[7.754s] -- Installing: /home/nvidia/ros2_qcar2_nlmpc/install/qcar2_interfaces/share/ament_index/resource_index/rosidl_interfaces/qcar2_interfaces
[7.754s] -- Installing: /home/nvidia/ros2_qcar2_nlmpc/install/qcar2_interfaces/include/qcar2_interfaces/qcar2_interfaces
[7.755s] -- Installing: /home/nvidia/ros2_qcar2_nlmpc/install/qcar2_interfaces/include/qcar2_interfaces/qcar2_interfaces/msg
[7.755s] -- Installing: /home/nvidia/ros2_qcar2_nlmpc/install/qcar2_interfaces/include/qcar2_interfaces/qcar2_interfaces/msg/rosidl_generator_c__visibility_control.h
[7.755s] -- Installing: /home/nvidia/ros2_qcar2_nlmpc/install/qcar2_interfaces/include/qcar2_interfaces/qcar2_interfaces/msg/detail
[7.755s] -- Installing: /home/nvidia/ros2_qcar2_nlmpc/install/qcar2_interfaces/include/qcar2_interfaces/qcar2_interfaces/msg/detail/boolean_leds__functions.h
[7.755s] -- Installing: /home/nvidia/ros2_qcar2_nlmpc/install/qcar2_interfaces/include/qcar2_interfaces/qcar2_interfaces/msg/detail/boolean_leds__struct.h
[7.755s] -- Installing: /home/nvidia/ros2_qcar2_nlmpc/install/qcar2_interfaces/include/qcar2_interfaces/qcar2_interfaces/msg/detail/boolean_leds__type_support.h
[7.755s] -- Installing: /home/nvidia/ros2_qcar2_nlmpc/install/qcar2_interfaces/include/qcar2_interfaces/qcar2_interfaces/msg/detail/motor_commands__functions.h
[7.756s] -- Installing: /home/nvidia/ros2_qcar2_nlmpc/install/qcar2_interfaces/include/qcar2_interfaces/qcar2_interfaces/msg/detail/boolean_leds__functions.c
[7.756s] -- Installing: /home/nvidia/ros2_qcar2_nlmpc/install/qcar2_interfaces/include/qcar2_interfaces/qcar2_interfaces/msg/detail/motor_commands__type_support.h
[7.756s] -- Installing: /home/nvidia/ros2_qcar2_nlmpc/install/qcar2_interfaces/include/qcar2_interfaces/qcar2_interfaces/msg/detail/motor_commands__functions.c
[7.756s] -- Installing: /home/nvidia/ros2_qcar2_nlmpc/install/qcar2_interfaces/include/qcar2_interfaces/qcar2_interfaces/msg/detail/motor_commands__struct.h
[7.756s] -- Installing: /home/nvidia/ros2_qcar2_nlmpc/install/qcar2_interfaces/include/qcar2_interfaces/qcar2_interfaces/msg/boolean_leds.h
[7.756s] -- Installing: /home/nvidia/ros2_qcar2_nlmpc/install/qcar2_interfaces/include/qcar2_interfaces/qcar2_interfaces/msg/motor_commands.h
[7.756s] -- Installing: /home/nvidia/ros2_qcar2_nlmpc/install/qcar2_interfaces/share/qcar2_interfaces/environment/library_path.sh
[7.757s] -- Installing: /home/nvidia/ros2_qcar2_nlmpc/install/qcar2_interfaces/share/qcar2_interfaces/environment/library_path.dsv
[7.757s] -- Installing: /home/nvidia/ros2_qcar2_nlmpc/install/qcar2_interfaces/lib/libqcar2_interfaces__rosidl_generator_c.so
[7.757s] -- Set runtime path of "/home/nvidia/ros2_qcar2_nlmpc/install/qcar2_interfaces/lib/libqcar2_interfaces__rosidl_generator_c.so" to ""
[7.758s] -- Up-to-date: /home/nvidia/ros2_qcar2_nlmpc/install/qcar2_interfaces/include/qcar2_interfaces/qcar2_interfaces
[7.758s] -- Up-to-date: /home/nvidia/ros2_qcar2_nlmpc/install/qcar2_interfaces/include/qcar2_interfaces/qcar2_interfaces/msg
[7.758s] -- Up-to-date: /home/nvidia/ros2_qcar2_nlmpc/install/qcar2_interfaces/include/qcar2_interfaces/qcar2_interfaces/msg/detail
[7.758s] -- Installing: /home/nvidia/ros2_qcar2_nlmpc/install/qcar2_interfaces/include/qcar2_interfaces/qcar2_interfaces/msg/detail/motor_commands__rosidl_typesupport_fastrtps_c.h
[7.758s] -- Installing: /home/nvidia/ros2_qcar2_nlmpc/install/qcar2_interfaces/include/qcar2_interfaces/qcar2_interfaces/msg/detail/boolean_leds__rosidl_typesupport_fastrtps_c.h
[7.758s] -- Installing: /home/nvidia/ros2_qcar2_nlmpc/install/qcar2_interfaces/include/qcar2_interfaces/qcar2_interfaces/msg/rosidl_typesupport_fastrtps_c__visibility_control.h
[7.758s] -- Installing: /home/nvidia/ros2_qcar2_nlmpc/install/qcar2_interfaces/lib/libqcar2_interfaces__rosidl_typesupport_fastrtps_c.so
[7.759s] -- Set runtime path of "/home/nvidia/ros2_qcar2_nlmpc/install/qcar2_interfaces/lib/libqcar2_interfaces__rosidl_typesupport_fastrtps_c.so" to ""
[7.759s] -- Up-to-date: /home/nvidia/ros2_qcar2_nlmpc/install/qcar2_interfaces/include/qcar2_interfaces/qcar2_interfaces
[7.759s] -- Up-to-date: /home/nvidia/ros2_qcar2_nlmpc/install/qcar2_interfaces/include/qcar2_interfaces/qcar2_interfaces/msg
[7.759s] -- Installing: /home/nvidia/ros2_qcar2_nlmpc/install/qcar2_interfaces/include/qcar2_interfaces/qcar2_interfaces/msg/rosidl_typesupport_introspection_c__visibility_control.h
[7.759s] -- Up-to-date: /home/nvidia/ros2_qcar2_nlmpc/install/qcar2_interfaces/include/qcar2_interfaces/qcar2_interfaces/msg/detail
[7.759s] -- Installing: /home/nvidia/ros2_qcar2_nlmpc/install/qcar2_interfaces/include/qcar2_interfaces/qcar2_interfaces/msg/detail/boolean_leds__rosidl_typesupport_introspection_c.h
[7.760s] -- Installing: /home/nvidia/ros2_qcar2_nlmpc/install/qcar2_interfaces/include/qcar2_interfaces/qcar2_interfaces/msg/detail/motor_commands__type_support.c
[7.760s] -- Installing: /home/nvidia/ros2_qcar2_nlmpc/install/qcar2_interfaces/include/qcar2_interfaces/qcar2_interfaces/msg/detail/boolean_leds__type_support.c
[7.760s] -- Installing: /home/nvidia/ros2_qcar2_nlmpc/install/qcar2_interfaces/include/qcar2_interfaces/qcar2_interfaces/msg/detail/motor_commands__rosidl_typesupport_introspection_c.h
[7.760s] -- Installing: /home/nvidia/ros2_qcar2_nlmpc/install/qcar2_interfaces/lib/libqcar2_interfaces__rosidl_typesupport_introspection_c.so
[7.760s] -- Set runtime path of "/home/nvidia/ros2_qcar2_nlmpc/install/qcar2_interfaces/lib/libqcar2_interfaces__rosidl_typesupport_introspection_c.so" to ""
[7.760s] -- Installing: /home/nvidia/ros2_qcar2_nlmpc/install/qcar2_interfaces/lib/libqcar2_interfaces__rosidl_typesupport_c.so
[7.761s] -- Set runtime path of "/home/nvidia/ros2_qcar2_nlmpc/install/qcar2_interfaces/lib/libqcar2_interfaces__rosidl_typesupport_c.so" to ""
[7.761s] -- Up-to-date: /home/nvidia/ros2_qcar2_nlmpc/install/qcar2_interfaces/include/qcar2_interfaces/qcar2_interfaces
[7.761s] -- Up-to-date: /home/nvidia/ros2_qcar2_nlmpc/install/qcar2_interfaces/include/qcar2_interfaces/qcar2_interfaces/msg
[7.761s] -- Installing: /home/nvidia/ros2_qcar2_nlmpc/install/qcar2_interfaces/include/qcar2_interfaces/qcar2_interfaces/msg/motor_commands.hpp
[7.761s] -- Up-to-date: /home/nvidia/ros2_qcar2_nlmpc/install/qcar2_interfaces/include/qcar2_interfaces/qcar2_interfaces/msg/detail
[7.762s] -- Installing: /home/nvidia/ros2_qcar2_nlmpc/install/qcar2_interfaces/include/qcar2_interfaces/qcar2_interfaces/msg/detail/boolean_leds__traits.hpp
[7.762s] -- Installing: /home/nvidia/ros2_qcar2_nlmpc/install/qcar2_interfaces/include/qcar2_interfaces/qcar2_interfaces/msg/detail/motor_commands__struct.hpp
[7.762s] -- Installing: /home/nvidia/ros2_qcar2_nlmpc/install/qcar2_interfaces/include/qcar2_interfaces/qcar2_interfaces/msg/detail/motor_commands__traits.hpp
[7.762s] -- Installing: /home/nvidia/ros2_qcar2_nlmpc/install/qcar2_interfaces/include/qcar2_interfaces/qcar2_interfaces/msg/detail/boolean_leds__builder.hpp
[7.762s] -- Installing: /home/nvidia/ros2_qcar2_nlmpc/install/qcar2_interfaces/include/qcar2_interfaces/qcar2_interfaces/msg/detail/motor_commands__builder.hpp
[7.762s] -- Installing: /home/nvidia/ros2_qcar2_nlmpc/install/qcar2_interfaces/include/qcar2_interfaces/qcar2_interfaces/msg/detail/boolean_leds__struct.hpp
[7.762s] -- Installing: /home/nvidia/ros2_qcar2_nlmpc/install/qcar2_interfaces/include/qcar2_interfaces/qcar2_interfaces/msg/boolean_leds.hpp
[7.763s] -- Up-to-date: /home/nvidia/ros2_qcar2_nlmpc/install/qcar2_interfaces/include/qcar2_interfaces/qcar2_interfaces
[7.763s] -- Up-to-date: /home/nvidia/ros2_qcar2_nlmpc/install/qcar2_interfaces/include/qcar2_interfaces/qcar2_interfaces/msg
[7.763s] -- Up-to-date: /home/nvidia/ros2_qcar2_nlmpc/install/qcar2_interfaces/include/qcar2_interfaces/qcar2_interfaces/msg/detail
[7.763s] -- Installing: /home/nvidia/ros2_qcar2_nlmpc/install/qcar2_interfaces/include/qcar2_interfaces/qcar2_interfaces/msg/detail/motor_commands__rosidl_typesupport_fastrtps_cpp.hpp
[7.763s] -- Installing: /home/nvidia/ros2_qcar2_nlmpc/install/qcar2_interfaces/include/qcar2_interfaces/qcar2_interfaces/msg/detail/boolean_leds__rosidl_typesupport_fastrtps_cpp.hpp
[7.763s] -- Installing: /home/nvidia/ros2_qcar2_nlmpc/install/qcar2_interfaces/include/qcar2_interfaces/qcar2_interfaces/msg/detail/dds_fastrtps
[7.763s] -- Installing: /home/nvidia/ros2_qcar2_nlmpc/install/qcar2_interfaces/include/qcar2_interfaces/qcar2_interfaces/msg/rosidl_typesupport_fastrtps_cpp__visibility_control.h
[7.763s] -- Installing: /home/nvidia/ros2_qcar2_nlmpc/install/qcar2_interfaces/lib/libqcar2_interfaces__rosidl_typesupport_fastrtps_cpp.so
[7.764s] -- Set runtime path of "/home/nvidia/ros2_qcar2_nlmpc/install/qcar2_interfaces/lib/libqcar2_interfaces__rosidl_typesupport_fastrtps_cpp.so" to ""
[7.764s] -- Up-to-date: /home/nvidia/ros2_qcar2_nlmpc/install/qcar2_interfaces/include/qcar2_interfaces/qcar2_interfaces
[7.764s] -- Up-to-date: /home/nvidia/ros2_qcar2_nlmpc/install/qcar2_interfaces/include/qcar2_interfaces/qcar2_interfaces/msg
[7.764s] -- Up-to-date: /home/nvidia/ros2_qcar2_nlmpc/install/qcar2_interfaces/include/qcar2_interfaces/qcar2_interfaces/msg/detail
[7.764s] -- Installing: /home/nvidia/ros2_qcar2_nlmpc/install/qcar2_interfaces/include/qcar2_interfaces/qcar2_interfaces/msg/detail/boolean_leds__rosidl_typesupport_introspection_cpp.hpp
[7.764s] -- Installing: /home/nvidia/ros2_qcar2_nlmpc/install/qcar2_interfaces/include/qcar2_interfaces/qcar2_interfaces/msg/detail/boolean_leds__type_support.cpp
[7.765s] -- Installing: /home/nvidia/ros2_qcar2_nlmpc/install/qcar2_interfaces/include/qcar2_interfaces/qcar2_interfaces/msg/detail/motor_commands__type_support.cpp
[7.765s] -- Installing: /home/nvidia/ros2_qcar2_nlmpc/install/qcar2_interfaces/include/qcar2_interfaces/qcar2_interfaces/msg/detail/motor_commands__rosidl_typesupport_introspection_cpp.hpp
[7.765s] -- Installing: /home/nvidia/ros2_qcar2_nlmpc/install/qcar2_interfaces/lib/libqcar2_interfaces__rosidl_typesupport_introspection_cpp.so
[7.765s] -- Set runtime path of "/home/nvidia/ros2_qcar2_nlmpc/install/qcar2_interfaces/lib/libqcar2_interfaces__rosidl_typesupport_introspection_cpp.so" to ""
[7.765s] -- Installing: /home/nvidia/ros2_qcar2_nlmpc/install/qcar2_interfaces/lib/libqcar2_interfaces__rosidl_typesupport_cpp.so
[7.766s] -- Set runtime path of "/home/nvidia/ros2_qcar2_nlmpc/install/qcar2_interfaces/lib/libqcar2_interfaces__rosidl_typesupport_cpp.so" to ""
[7.766s] -- Installing: /home/nvidia/ros2_qcar2_nlmpc/install/qcar2_interfaces/share/qcar2_interfaces/environment/pythonpath.sh
[7.766s] -- Installing: /home/nvidia/ros2_qcar2_nlmpc/install/qcar2_interfaces/share/qcar2_interfaces/environment/pythonpath.dsv
[7.766s] -- Installing: /home/nvidia/ros2_qcar2_nlmpc/install/qcar2_interfaces/lib/python3.9/site-packages/qcar2_interfaces-0.0.0-py3.9.egg-info
[7.766s] -- Installing: /home/nvidia/ros2_qcar2_nlmpc/install/qcar2_interfaces/lib/python3.9/site-packages/qcar2_interfaces-0.0.0-py3.9.egg-info/dependency_links.txt
[7.767s] -- Installing: /home/nvidia/ros2_qcar2_nlmpc/install/qcar2_interfaces/lib/python3.9/site-packages/qcar2_interfaces-0.0.0-py3.9.egg-info/top_level.txt
[7.767s] -- Installing: /home/nvidia/ros2_qcar2_nlmpc/install/qcar2_interfaces/lib/python3.9/site-packages/qcar2_interfaces-0.0.0-py3.9.egg-info/PKG-INFO
[7.767s] -- Installing: /home/nvidia/ros2_qcar2_nlmpc/install/qcar2_interfaces/lib/python3.9/site-packages/qcar2_interfaces-0.0.0-py3.9.egg-info/SOURCES.txt
[7.767s] -- Installing: /home/nvidia/ros2_qcar2_nlmpc/install/qcar2_interfaces/lib/python3.9/site-packages/qcar2_interfaces
[7.767s] -- Installing: /home/nvidia/ros2_qcar2_nlmpc/install/qcar2_interfaces/lib/python3.9/site-packages/qcar2_interfaces/qcar2_interfaces_s__rosidl_typesupport_introspection_c.cpython-38-aarch64-linux-gnu.so
[7.767s] -- Installing: /home/nvidia/ros2_qcar2_nlmpc/install/qcar2_interfaces/lib/python3.9/site-packages/qcar2_interfaces/qcar2_interfaces_s__rosidl_typesupport_c.cpython-38-aarch64-linux-gnu.so
[7.768s] -- Installing: /home/nvidia/ros2_qcar2_nlmpc/install/qcar2_interfaces/lib/python3.9/site-packages/qcar2_interfaces/_qcar2_interfaces_s.ep.rosidl_typesupport_c.c
[7.768s] -- Installing: /home/nvidia/ros2_qcar2_nlmpc/install/qcar2_interfaces/lib/python3.9/site-packages/qcar2_interfaces/libqcar2_interfaces__rosidl_generator_py.so
[7.768s] -- Installing: /home/nvidia/ros2_qcar2_nlmpc/install/qcar2_interfaces/lib/python3.9/site-packages/qcar2_interfaces/qcar2_interfaces_s__rosidl_typesupport_fastrtps_c.cpython-38-aarch64-linux-gnu.so
[7.768s] -- Installing: /home/nvidia/ros2_qcar2_nlmpc/install/qcar2_interfaces/lib/python3.9/site-packages/qcar2_interfaces/_qcar2_interfaces_s.ep.rosidl_typesupport_fastrtps_c.c
[7.768s] -- Installing: /home/nvidia/ros2_qcar2_nlmpc/install/qcar2_interfaces/lib/python3.9/site-packages/qcar2_interfaces/msg
[7.768s] -- Installing: /home/nvidia/ros2_qcar2_nlmpc/install/qcar2_interfaces/lib/python3.9/site-packages/qcar2_interfaces/msg/_motor_commands.py
[7.769s] -- Installing: /home/nvidia/ros2_qcar2_nlmpc/install/qcar2_interfaces/lib/python3.9/site-packages/qcar2_interfaces/msg/_motor_commands_s.c
[7.769s] -- Installing: /home/nvidia/ros2_qcar2_nlmpc/install/qcar2_interfaces/lib/python3.9/site-packages/qcar2_interfaces/msg/_boolean_leds_s.c
[7.769s] -- Installing: /home/nvidia/ros2_qcar2_nlmpc/install/qcar2_interfaces/lib/python3.9/site-packages/qcar2_interfaces/msg/_boolean_leds.py
[7.769s] -- Installing: /home/nvidia/ros2_qcar2_nlmpc/install/qcar2_interfaces/lib/python3.9/site-packages/qcar2_interfaces/msg/__init__.py
[7.769s] -- Installing: /home/nvidia/ros2_qcar2_nlmpc/install/qcar2_interfaces/lib/python3.9/site-packages/qcar2_interfaces/_qcar2_interfaces_s.ep.rosidl_typesupport_introspection_c.c
[7.769s] -- Installing: /home/nvidia/ros2_qcar2_nlmpc/install/qcar2_interfaces/lib/python3.9/site-packages/qcar2_interfaces/__init__.py
[7.826s] Listing '/home/nvidia/ros2_qcar2_nlmpc/install/qcar2_interfaces/lib/python3.9/site-packages/qcar2_interfaces'...
[7.827s] Compiling '/home/nvidia/ros2_qcar2_nlmpc/install/qcar2_interfaces/lib/python3.9/site-packages/qcar2_interfaces/__init__.py'...
[7.827s] Listing '/home/nvidia/ros2_qcar2_nlmpc/install/qcar2_interfaces/lib/python3.9/site-packages/qcar2_interfaces/msg'...
[7.827s] Compiling '/home/nvidia/ros2_qcar2_nlmpc/install/qcar2_interfaces/lib/python3.9/site-packages/qcar2_interfaces/msg/__init__.py'...
[7.827s] Compiling '/home/nvidia/ros2_qcar2_nlmpc/install/qcar2_interfaces/lib/python3.9/site-packages/qcar2_interfaces/msg/_boolean_leds.py'...
[7.827s] Compiling '/home/nvidia/ros2_qcar2_nlmpc/install/qcar2_interfaces/lib/python3.9/site-packages/qcar2_interfaces/msg/_motor_commands.py'...
[7.837s] -- Installing: /home/nvidia/ros2_qcar2_nlmpc/install/qcar2_interfaces/lib/python3.9/site-packages/qcar2_interfaces/qcar2_interfaces_s__rosidl_typesupport_fastrtps_c.cpython-38-aarch64-linux-gnu.so
[7.837s] -- Set runtime path of "/home/nvidia/ros2_qcar2_nlmpc/install/qcar2_interfaces/lib/python3.9/site-packages/qcar2_interfaces/qcar2_interfaces_s__rosidl_typesupport_fastrtps_c.cpython-38-aarch64-linux-gnu.so" to ""
[7.838s] -- Installing: /home/nvidia/ros2_qcar2_nlmpc/install/qcar2_interfaces/lib/python3.9/site-packages/qcar2_interfaces/qcar2_interfaces_s__rosidl_typesupport_introspection_c.cpython-38-aarch64-linux-gnu.so
[7.839s] -- Set runtime path of "/home/nvidia/ros2_qcar2_nlmpc/install/qcar2_interfaces/lib/python3.9/site-packages/qcar2_interfaces/qcar2_interfaces_s__rosidl_typesupport_introspection_c.cpython-38-aarch64-linux-gnu.so" to ""
[7.839s] -- Installing: /home/nvidia/ros2_qcar2_nlmpc/install/qcar2_interfaces/lib/python3.9/site-packages/qcar2_interfaces/qcar2_interfaces_s__rosidl_typesupport_c.cpython-38-aarch64-linux-gnu.so
[7.840s] -- Set runtime path of "/home/nvidia/ros2_qcar2_nlmpc/install/qcar2_interfaces/lib/python3.9/site-packages/qcar2_interfaces/qcar2_interfaces_s__rosidl_typesupport_c.cpython-38-aarch64-linux-gnu.so" to ""
[7.840s] -- Installing: /home/nvidia/ros2_qcar2_nlmpc/install/qcar2_interfaces/lib/libqcar2_interfaces__rosidl_generator_py.so
[7.840s] -- Set runtime path of "/home/nvidia/ros2_qcar2_nlmpc/install/qcar2_interfaces/lib/libqcar2_interfaces__rosidl_generator_py.so" to ""
[7.841s] -- Installing: /home/nvidia/ros2_qcar2_nlmpc/install/qcar2_interfaces/share/qcar2_interfaces/msg/MotorCommands.idl
[7.841s] -- Installing: /home/nvidia/ros2_qcar2_nlmpc/install/qcar2_interfaces/share/qcar2_interfaces/msg/BooleanLeds.idl
[7.841s] -- Installing: /home/nvidia/ros2_qcar2_nlmpc/install/qcar2_interfaces/share/qcar2_interfaces/msg/MotorCommands.msg
[7.842s] -- Installing: /home/nvidia/ros2_qcar2_nlmpc/install/qcar2_interfaces/share/qcar2_interfaces/msg/BooleanLeds.msg
[7.842s] -- Installing: /home/nvidia/ros2_qcar2_nlmpc/install/qcar2_interfaces/share/ament_index/resource_index/package_run_dependencies/qcar2_interfaces
[7.842s] -- Installing: /home/nvidia/ros2_qcar2_nlmpc/install/qcar2_interfaces/share/ament_index/resource_index/parent_prefix_path/qcar2_interfaces
[7.843s] -- Installing: /home/nvidia/ros2_qcar2_nlmpc/install/qcar2_interfaces/share/qcar2_interfaces/environment/ament_prefix_path.sh
[7.843s] -- Installing: /home/nvidia/ros2_qcar2_nlmpc/install/qcar2_interfaces/share/qcar2_interfaces/environment/ament_prefix_path.dsv
[7.843s] -- Installing: /home/nvidia/ros2_qcar2_nlmpc/install/qcar2_interfaces/share/qcar2_interfaces/environment/path.sh
[7.844s] -- Installing: /home/nvidia/ros2_qcar2_nlmpc/install/qcar2_interfaces/share/qcar2_interfaces/environment/path.dsv
[7.844s] -- Installing: /home/nvidia/ros2_qcar2_nlmpc/install/qcar2_interfaces/share/qcar2_interfaces/local_setup.bash
[7.844s] -- Installing: /home/nvidia/ros2_qcar2_nlmpc/install/qcar2_interfaces/share/qcar2_interfaces/local_setup.sh
[7.845s] -- Installing: /home/nvidia/ros2_qcar2_nlmpc/install/qcar2_interfaces/share/qcar2_interfaces/local_setup.zsh
[7.845s] -- Installing: /home/nvidia/ros2_qcar2_nlmpc/install/qcar2_interfaces/share/qcar2_interfaces/local_setup.dsv
[7.845s] -- Installing: /home/nvidia/ros2_qcar2_nlmpc/install/qcar2_interfaces/share/qcar2_interfaces/package.dsv
[7.846s] -- Installing: /home/nvidia/ros2_qcar2_nlmpc/install/qcar2_interfaces/share/ament_index/resource_index/packages/qcar2_interfaces
[7.846s] -- Installing: /home/nvidia/ros2_qcar2_nlmpc/install/qcar2_interfaces/share/qcar2_interfaces/cmake/export_qcar2_interfaces__rosidl_generator_cExport.cmake
[7.847s] -- Installing: /home/nvidia/ros2_qcar2_nlmpc/install/qcar2_interfaces/share/qcar2_interfaces/cmake/export_qcar2_interfaces__rosidl_generator_cExport-noconfig.cmake
[7.847s] -- Installing: /home/nvidia/ros2_qcar2_nlmpc/install/qcar2_interfaces/share/qcar2_interfaces/cmake/export_qcar2_interfaces__rosidl_typesupport_fastrtps_cExport.cmake
[7.847s] -- Installing: /home/nvidia/ros2_qcar2_nlmpc/install/qcar2_interfaces/share/qcar2_interfaces/cmake/export_qcar2_interfaces__rosidl_typesupport_fastrtps_cExport-noconfig.cmake
[7.848s] -- Installing: /home/nvidia/ros2_qcar2_nlmpc/install/qcar2_interfaces/share/qcar2_interfaces/cmake/qcar2_interfaces__rosidl_typesupport_introspection_cExport.cmake
[7.848s] -- Installing: /home/nvidia/ros2_qcar2_nlmpc/install/qcar2_interfaces/share/qcar2_interfaces/cmake/qcar2_interfaces__rosidl_typesupport_introspection_cExport-noconfig.cmake
[7.849s] -- Installing: /home/nvidia/ros2_qcar2_nlmpc/install/qcar2_interfaces/share/qcar2_interfaces/cmake/qcar2_interfaces__rosidl_typesupport_cExport.cmake
[7.849s] -- Installing: /home/nvidia/ros2_qcar2_nlmpc/install/qcar2_interfaces/share/qcar2_interfaces/cmake/qcar2_interfaces__rosidl_typesupport_cExport-noconfig.cmake
[7.849s] -- Installing: /home/nvidia/ros2_qcar2_nlmpc/install/qcar2_interfaces/share/qcar2_interfaces/cmake/export_qcar2_interfaces__rosidl_generator_cppExport.cmake
[7.849s] -- Installing: /home/nvidia/ros2_qcar2_nlmpc/install/qcar2_interfaces/share/qcar2_interfaces/cmake/export_qcar2_interfaces__rosidl_typesupport_fastrtps_cppExport.cmake
[7.850s] -- Installing: /home/nvidia/ros2_qcar2_nlmpc/install/qcar2_interfaces/share/qcar2_interfaces/cmake/export_qcar2_interfaces__rosidl_typesupport_fastrtps_cppExport-noconfig.cmake
[7.850s] -- Installing: /home/nvidia/ros2_qcar2_nlmpc/install/qcar2_interfaces/share/qcar2_interfaces/cmake/qcar2_interfaces__rosidl_typesupport_introspection_cppExport.cmake
[7.850s] -- Installing: /home/nvidia/ros2_qcar2_nlmpc/install/qcar2_interfaces/share/qcar2_interfaces/cmake/qcar2_interfaces__rosidl_typesupport_introspection_cppExport-noconfig.cmake
[7.850s] -- Installing: /home/nvidia/ros2_qcar2_nlmpc/install/qcar2_interfaces/share/qcar2_interfaces/cmake/qcar2_interfaces__rosidl_typesupport_cppExport.cmake
[7.851s] -- Installing: /home/nvidia/ros2_qcar2_nlmpc/install/qcar2_interfaces/share/qcar2_interfaces/cmake/qcar2_interfaces__rosidl_typesupport_cppExport-noconfig.cmake
[7.851s] -- Installing: /home/nvidia/ros2_qcar2_nlmpc/install/qcar2_interfaces/share/qcar2_interfaces/cmake/export_qcar2_interfaces__rosidl_generator_pyExport.cmake
[7.851s] -- Installing: /home/nvidia/ros2_qcar2_nlmpc/install/qcar2_interfaces/share/qcar2_interfaces/cmake/export_qcar2_interfaces__rosidl_generator_pyExport-noconfig.cmake
[7.851s] -- Installing: /home/nvidia/ros2_qcar2_nlmpc/install/qcar2_interfaces/share/qcar2_interfaces/cmake/rosidl_cmake-extras.cmake
[7.852s] -- Installing: /home/nvidia/ros2_qcar2_nlmpc/install/qcar2_interfaces/share/qcar2_interfaces/cmake/ament_cmake_export_include_directories-extras.cmake
[7.852s] -- Installing: /home/nvidia/ros2_qcar2_nlmpc/install/qcar2_interfaces/share/qcar2_interfaces/cmake/ament_cmake_export_libraries-extras.cmake
[7.854s] -- Installing: /home/nvidia/ros2_qcar2_nlmpc/install/qcar2_interfaces/share/qcar2_interfaces/cmake/ament_cmake_export_targets-extras.cmake
[7.855s] -- Installing: /home/nvidia/ros2_qcar2_nlmpc/install/qcar2_interfaces/share/qcar2_interfaces/cmake/rosidl_cmake_export_typesupport_targets-extras.cmake
[7.856s] -- Installing: /home/nvidia/ros2_qcar2_nlmpc/install/qcar2_interfaces/share/qcar2_interfaces/cmake/ament_cmake_export_dependencies-extras.cmake
[7.856s] -- Installing: /home/nvidia/ros2_qcar2_nlmpc/install/qcar2_interfaces/share/qcar2_interfaces/cmake/rosidl_cmake_export_typesupport_libraries-extras.cmake
[7.857s] -- Installing: /home/nvidia/ros2_qcar2_nlmpc/install/qcar2_interfaces/share/qcar2_interfaces/cmake/qcar2_interfacesConfig.cmake
[7.858s] -- Installing: /home/nvidia/ros2_qcar2_nlmpc/install/qcar2_interfaces/share/qcar2_interfaces/cmake/qcar2_interfacesConfig-version.cmake
[7.858s] -- Installing: /home/nvidia/ros2_qcar2_nlmpc/install/qcar2_interfaces/share/qcar2_interfaces/package.xml
[7.859s] Invoked command in '/home/nvidia/ros2_qcar2_nlmpc/build/qcar2_interfaces' returned '0': CMAKE_PREFIX_PATH=${CMAKE_PREFIX_PATH}:/opt/ros/humble /usr/bin/cmake --install /home/nvidia/ros2_qcar2_nlmpc/build/qcar2_interfaces
