-- Found ament_cmake: 1.3.6 (/opt/ros/humble/share/ament_cmake/cmake)
-- Override CMake install command with custom implementation using symlinks instead of copying resources
-- Found cv_bridge: 3.2.1 (/opt/ros/humble/share/cv_bridge/cmake)
-- Found rosidl_generator_c: 3.1.5 (/opt/ros/humble/share/rosidl_generator_c/cmake)
-- Found rosidl_adapter: 3.1.5 (/opt/ros/humble/share/rosidl_adapter/cmake)
-- Found rosidl_generator_cpp: 3.1.5 (/opt/ros/humble/share/rosidl_generator_cpp/cmake)
-- Using all available rosidl_typesupport_c: rosidl_typesupport_fastrtps_c;rosidl_typesupport_introspection_c
-- Using all available rosidl_typesupport_cpp: rosidl_typesupport_fastrtps_cpp;rosidl_typesupport_introspection_cpp
-- Found image_transport: 3.1.7 (/opt/ros/humble/share/image_transport/cmake)
-- Found rmw_implementation_cmake: 6.1.1 (/opt/ros/humble/share/rmw_implementation_cmake/cmake)
-- Found rmw_fastrtps_cpp: 6.2.5 (/opt/ros/humble/share/rmw_fastrtps_cpp/cmake)
-- Using RMW implementation 'rmw_fastrtps_cpp' as default
-- Found control_msgs: 4.4.0 (/opt/ros/humble/share/control_msgs/cmake)
-- Found qcar2_interfaces: 0.0.0 (/home/nvidia/ros2/install/qcar2_interfaces/share/qcar2_interfaces/cmake)
-- Found tf2_ros: 0.25.5 (/opt/ros/humble/share/tf2_ros/cmake)
-- Found ament_lint_auto: 0.12.9 (/opt/ros/humble/share/ament_lint_auto/cmake)
-- Added test 'cppcheck' to perform static code analysis on C / C++ code
-- Configured cppcheck include dirs: 
-- Configured cppcheck exclude dirs and/or files: 
-- Added test 'flake8' to check Python code syntax and style conventions
-- Added test 'lint_cmake' to check CMake code style
-- Added test 'pep257' to check Python code against some of the docstring style conventions in PEP 257
-- Added test 'uncrustify' to check C / C++ code style
-- Configured uncrustify additional arguments: 
-- Added test 'xmllint' to check XML markup files
-- Configuring done
-- Generating done
-- Build files have been written to: /home/nvidia/ros2/build/qcar2_nodes
[35m[1mScanning dependencies of target csi[0m
[35m[1mScanning dependencies of target lidar[0m
[35m[1mScanning dependencies of target rgbd[0m
[35m[1mScanning dependencies of target command[0m
[35m[1mScanning dependencies of target fixed_lidar_frame_virtual[0m
[35m[1mScanning dependencies of target fixed_lidar_frame[0m
[35m[1mScanning dependencies of target nav2_qcar2_converter[0m
[35m[1mScanning dependencies of target qcar2_hardware[0m
[  6%] [32mBuilding CXX object CMakeFiles/lidar.dir/src/lidar.cpp.o[0m
[ 25%] [32mBuilding CXX object CMakeFiles/fixed_lidar_frame.dir/src/fixed_lidar_frame.cpp.o[0m
[ 25%] [32mBuilding CXX object CMakeFiles/qcar2_hardware.dir/src/qcar2_hardware.cpp.o[0m
[ 25%] [32mBuilding CXX object CMakeFiles/nav2_qcar2_converter.dir/src/nav2_qcar_command_convert.cpp.o[0m
[ 31%] [32mBuilding CXX object CMakeFiles/fixed_lidar_frame_virtual.dir/src/fixed_lidar_frame_virtual.cpp.o[0m
[ 43%] [32mBuilding CXX object CMakeFiles/command.dir/src/command.cpp.o[0m
[ 43%] [32mBuilding CXX object CMakeFiles/rgbd.dir/src/rgbd.cpp.o[0m
[ 50%] [32mBuilding CXX object CMakeFiles/csi.dir/src/csi.cpp.o[0m
[ 56%] [32m[1mLinking CXX executable csi[0m
[ 62%] [32m[1mLinking CXX executable fixed_lidar_frame[0m
[ 68%] [32m[1mLinking CXX executable rgbd[0m
[ 75%] [32m[1mLinking CXX executable lidar[0m
[ 81%] [32m[1mLinking CXX executable fixed_lidar_frame_virtual[0m
[ 81%] Built target fixed_lidar_frame
/usr/bin/ld: warning: libopencv_imgcodecs.so.4.2, needed by /opt/ros/humble/lib/libcv_bridge.so, may conflict with libopencv_imgcodecs.so.4.5
/usr/bin/ld: warning: libopencv_core.so.4.2, needed by /opt/ros/humble/lib/libcv_bridge.so, may conflict with libopencv_core.so.4.5
[ 81%] Built target csi
[ 81%] Built target lidar
[ 81%] Built target fixed_lidar_frame_virtual
/usr/bin/ld: warning: libopencv_imgcodecs.so.4.2, needed by /opt/ros/humble/lib/libcv_bridge.so, may conflict with libopencv_imgcodecs.so.4.5
/usr/bin/ld: warning: libopencv_core.so.4.2, needed by /opt/ros/humble/lib/libcv_bridge.so, may conflict with libopencv_core.so.4.5
[ 81%] Built target rgbd
[ 87%] [32m[1mLinking CXX executable command[0m
[ 87%] Built target command
[ 93%] [32m[1mLinking CXX executable nav2_qcar2_converter[0m
[ 93%] Built target nav2_qcar2_converter
[100%] [32m[1mLinking CXX executable qcar2_hardware[0m
[100%] Built target qcar2_hardware
-- Install configuration: ""
-- Execute custom install script
-- Symlinking: /home/nvidia/ros2/install/qcar2_nodes/lib/qcar2_nodes/qcar2_hardware
-- Symlinking: /home/nvidia/ros2/install/qcar2_nodes/lib/qcar2_nodes/rgbd
-- Symlinking: /home/nvidia/ros2/install/qcar2_nodes/lib/qcar2_nodes/lidar
-- Symlinking: /home/nvidia/ros2/install/qcar2_nodes/lib/qcar2_nodes/csi
-- Symlinking: /home/nvidia/ros2/install/qcar2_nodes/lib/qcar2_nodes/command
-- Symlinking: /home/nvidia/ros2/install/qcar2_nodes/lib/qcar2_nodes/nav2_qcar2_converter
-- Symlinking: /home/nvidia/ros2/install/qcar2_nodes/lib/qcar2_nodes/fixed_lidar_frame
-- Symlinking: /home/nvidia/ros2/install/qcar2_nodes/lib/qcar2_nodes/fixed_lidar_frame_virtual
-- Symlinking: /home/nvidia/ros2/install/qcar2_nodes/share/qcar2_nodes//launch/__pycache__/qcar2_cartographer_launch.cpython-312.pyc
-- Symlinking: /home/nvidia/ros2/install/qcar2_nodes/share/qcar2_nodes//launch/__pycache__/qcar2_cartographer_launch.cpython-38.pyc
-- Symlinking: /home/nvidia/ros2/install/qcar2_nodes/share/qcar2_nodes//launch/__pycache__/qcar2_launch.cpython-38.pyc
-- Symlinking: /home/nvidia/ros2/install/qcar2_nodes/share/qcar2_nodes//launch/qcar2_cartographer_launch.py
-- Symlinking: /home/nvidia/ros2/install/qcar2_nodes/share/qcar2_nodes//launch/qcar2_cartographer_virtual_launch.py
-- Symlinking: /home/nvidia/ros2/install/qcar2_nodes/share/qcar2_nodes//launch/qcar2_launch.py
-- Symlinking: /home/nvidia/ros2/install/qcar2_nodes/share/qcar2_nodes//launch/qcar2_manual_cartographer_launch.py
-- Symlinking: /home/nvidia/ros2/install/qcar2_nodes/share/qcar2_nodes//launch/qcar2_manual_drive_launch.py
-- Symlinking: /home/nvidia/ros2/install/qcar2_nodes/share/qcar2_nodes//launch/qcar2_slam_and_nav_bringup_launch.py
-- Symlinking: /home/nvidia/ros2/install/qcar2_nodes/share/qcar2_nodes//launch/qcar2_slam_and_nav_bringup_virtual_launch.py
-- Symlinking: /home/nvidia/ros2/install/qcar2_nodes/share/qcar2_nodes//launch/qcar2_virtual_launch.py
-- Symlinking: /home/nvidia/ros2/install/qcar2_nodes/share/qcar2_nodes//rt_models/dummy_model
-- Symlinking: /home/nvidia/ros2/install/qcar2_nodes/share/qcar2_nodes//config/qcar2_2d.lua
-- Symlinking: /home/nvidia/ros2/install/qcar2_nodes/share/qcar2_nodes//config/qcar2_slam_and_nav.yaml
-- Symlinking: /home/nvidia/ros2/install/qcar2_nodes/share/qcar2_nodes//config/qcar2_slam_and_nav_virtual.yaml
-- Symlinking: /home/nvidia/ros2/install/qcar2_nodes/share/ament_index/resource_index/package_run_dependencies/qcar2_nodes
-- Symlinking: /home/nvidia/ros2/install/qcar2_nodes/share/ament_index/resource_index/parent_prefix_path/qcar2_nodes
-- Symlinking: /home/nvidia/ros2/install/qcar2_nodes/share/qcar2_nodes/environment/ament_prefix_path.sh
-- Symlinking: /home/nvidia/ros2/install/qcar2_nodes/share/qcar2_nodes/environment/ament_prefix_path.dsv
-- Symlinking: /home/nvidia/ros2/install/qcar2_nodes/share/qcar2_nodes/environment/path.sh
-- Symlinking: /home/nvidia/ros2/install/qcar2_nodes/share/qcar2_nodes/environment/path.dsv
-- Symlinking: /home/nvidia/ros2/install/qcar2_nodes/share/qcar2_nodes/local_setup.bash
-- Symlinking: /home/nvidia/ros2/install/qcar2_nodes/share/qcar2_nodes/local_setup.sh
-- Symlinking: /home/nvidia/ros2/install/qcar2_nodes/share/qcar2_nodes/local_setup.zsh
-- Symlinking: /home/nvidia/ros2/install/qcar2_nodes/share/qcar2_nodes/local_setup.dsv
-- Symlinking: /home/nvidia/ros2/install/qcar2_nodes/share/qcar2_nodes/package.dsv
-- Symlinking: /home/nvidia/ros2/install/qcar2_nodes/share/ament_index/resource_index/packages/qcar2_nodes
-- Symlinking: /home/nvidia/ros2/install/qcar2_nodes/share/qcar2_nodes/cmake/qcar2_nodesConfig.cmake
-- Symlinking: /home/nvidia/ros2/install/qcar2_nodes/share/qcar2_nodes/cmake/qcar2_nodesConfig-version.cmake
-- Symlinking: /home/nvidia/ros2/install/qcar2_nodes/share/qcar2_nodes/package.xml
