[0.025s] Invoking command in '/home/nvidia/ros2/build/qcar2_nodes': AMENT_PREFIX_PATH=/home/nvidia/ros2/install/qcar2_interfaces:${AMENT_PREFIX_PATH} CMAKE_PREFIX_PATH=/home/nvidia/ros2/install/qcar2_interfaces:/opt/ros/humble LD_LIBRARY_PATH=/home/nvidia/ros2/install/qcar2_interfaces/lib:/opt/ros/humble/opt/rviz_ogre_vendor/lib:/opt/ros/humble/lib/aarch64-linux-gnu:/opt/ros/humble/lib:/usr/local/cuda/lib64:/usr/local/cuda/lib64 PYTHONPATH=/home/nvidia/ros2/install/qcar2_interfaces/lib/python3.9/site-packages:${PYTHONPATH} /usr/bin/cmake --build /home/nvidia/ros2/build/qcar2_nodes -- -j8 -l8
[0.070s] -- Found ament_cmake: 1.3.6 (/opt/ros/humble/share/ament_cmake/cmake)
[0.379s] -- Override CMake install command with custom implementation using symlinks instead of copying resources
[0.406s] -- Found cv_bridge: 3.2.1 (/opt/ros/humble/share/cv_bridge/cmake)
[0.461s] -- Found rosidl_generator_c: 3.1.5 (/opt/ros/humble/share/rosidl_generator_c/cmake)
[0.465s] -- Found rosidl_adapter: 3.1.5 (/opt/ros/humble/share/rosidl_adapter/cmake)
[0.474s] -- Found rosidl_generator_cpp: 3.1.5 (/opt/ros/humble/share/rosidl_generator_cpp/cmake)
[0.493s] -- Using all available rosidl_typesupport_c: rosidl_typesupport_fastrtps_c;rosidl_typesupport_introspection_c
[0.518s] -- Using all available rosidl_typesupport_cpp: rosidl_typesupport_fastrtps_cpp;rosidl_typesupport_introspection_cpp
[0.842s] -- Found image_transport: 3.1.7 (/opt/ros/humble/share/image_transport/cmake)
[0.923s] -- Found rmw_implementation_cmake: 6.1.1 (/opt/ros/humble/share/rmw_implementation_cmake/cmake)
[0.924s] -- Found rmw_fastrtps_cpp: 6.2.5 (/opt/ros/humble/share/rmw_fastrtps_cpp/cmake)
[1.116s] -- Using RMW implementation 'rmw_fastrtps_cpp' as default
[1.392s] -- Found control_msgs: 4.4.0 (/opt/ros/humble/share/control_msgs/cmake)
[1.901s] -- Found qcar2_interfaces: 0.0.0 (/home/nvidia/ros2/install/qcar2_interfaces/share/qcar2_interfaces/cmake)
[1.927s] -- Found tf2_ros: 0.25.5 (/opt/ros/humble/share/tf2_ros/cmake)
[2.351s] -- Found ament_lint_auto: 0.12.9 (/opt/ros/humble/share/ament_lint_auto/cmake)
[2.509s] -- Added test 'cppcheck' to perform static code analysis on C / C++ code
[2.509s] -- Configured cppcheck include dirs: 
[2.510s] -- Configured cppcheck exclude dirs and/or files: 
[2.510s] -- Added test 'flake8' to check Python code syntax and style conventions
[2.511s] -- Added test 'lint_cmake' to check CMake code style
[2.512s] -- Added test 'pep257' to check Python code against some of the docstring style conventions in PEP 257
[2.514s] -- Added test 'uncrustify' to check C / C++ code style
[2.514s] -- Configured uncrustify additional arguments: 
[2.514s] -- Added test 'xmllint' to check XML markup files
[2.521s] -- Configuring done
[2.596s] -- Generating done
[2.600s] -- Build files have been written to: /home/nvidia/ros2/build/qcar2_nodes
[2.655s] [35m[1mScanning dependencies of target csi[0m
[2.656s] [35m[1mScanning dependencies of target lidar[0m
[2.656s] [35m[1mScanning dependencies of target rgbd[0m
[2.657s] [35m[1mScanning dependencies of target command[0m
[2.657s] [35m[1mScanning dependencies of target fixed_lidar_frame_virtual[0m
[2.657s] [35m[1mScanning dependencies of target fixed_lidar_frame[0m
[2.657s] [35m[1mScanning dependencies of target nav2_qcar2_converter[0m
[2.658s] [35m[1mScanning dependencies of target qcar2_hardware[0m
[2.743s] [  6%] [32mBuilding CXX object CMakeFiles/lidar.dir/src/lidar.cpp.o[0m
[2.751s] [ 25%] [32mBuilding CXX object CMakeFiles/fixed_lidar_frame.dir/src/fixed_lidar_frame.cpp.o[0m
[2.751s] [ 25%] [32mBuilding CXX object CMakeFiles/qcar2_hardware.dir/src/qcar2_hardware.cpp.o[0m
[2.752s] [ 25%] [32mBuilding CXX object CMakeFiles/nav2_qcar2_converter.dir/src/nav2_qcar_command_convert.cpp.o[0m
[2.758s] [ 31%] [32mBuilding CXX object CMakeFiles/fixed_lidar_frame_virtual.dir/src/fixed_lidar_frame_virtual.cpp.o[0m
[2.759s] [ 43%] [32mBuilding CXX object CMakeFiles/command.dir/src/command.cpp.o[0m
[2.760s] [ 43%] [32mBuilding CXX object CMakeFiles/rgbd.dir/src/rgbd.cpp.o[0m
[2.760s] [ 50%] [32mBuilding CXX object CMakeFiles/csi.dir/src/csi.cpp.o[0m
[11.392s] [ 56%] [32m[1mLinking CXX executable csi[0m
[11.592s] [ 62%] [32m[1mLinking CXX executable fixed_lidar_frame[0m
[11.806s] [ 68%] [32m[1mLinking CXX executable rgbd[0m
[11.945s] [ 75%] [32m[1mLinking CXX executable lidar[0m
[12.053s] [ 81%] [32m[1mLinking CXX executable fixed_lidar_frame_virtual[0m
[12.076s] [ 81%] Built target fixed_lidar_frame
[12.338s] /usr/bin/ld: warning: libopencv_imgcodecs.so.4.2, needed by /opt/ros/humble/lib/libcv_bridge.so, may conflict with libopencv_imgcodecs.so.4.5
[12.338s] /usr/bin/ld: warning: libopencv_core.so.4.2, needed by /opt/ros/humble/lib/libcv_bridge.so, may conflict with libopencv_core.so.4.5
[12.357s] [ 81%] Built target csi
[12.471s] [ 81%] Built target lidar
[12.517s] [ 81%] Built target fixed_lidar_frame_virtual
[12.816s] /usr/bin/ld: warning: libopencv_imgcodecs.so.4.2, needed by /opt/ros/humble/lib/libcv_bridge.so, may conflict with libopencv_imgcodecs.so.4.5
[12.816s] /usr/bin/ld: warning: libopencv_core.so.4.2, needed by /opt/ros/humble/lib/libcv_bridge.so, may conflict with libopencv_core.so.4.5
[12.833s] [ 81%] Built target rgbd
[12.881s] [ 87%] [32m[1mLinking CXX executable command[0m
[13.322s] [ 87%] Built target command
[19.703s] [ 93%] [32m[1mLinking CXX executable nav2_qcar2_converter[0m
[20.379s] [ 93%] Built target nav2_qcar2_converter
[26.802s] [100%] [32m[1mLinking CXX executable qcar2_hardware[0m
[28.106s] [100%] Built target qcar2_hardware
[28.127s] Invoked command in '/home/nvidia/ros2/build/qcar2_nodes' returned '0': AMENT_PREFIX_PATH=/home/nvidia/ros2/install/qcar2_interfaces:${AMENT_PREFIX_PATH} CMAKE_PREFIX_PATH=/home/nvidia/ros2/install/qcar2_interfaces:/opt/ros/humble LD_LIBRARY_PATH=/home/nvidia/ros2/install/qcar2_interfaces/lib:/opt/ros/humble/opt/rviz_ogre_vendor/lib:/opt/ros/humble/lib/aarch64-linux-gnu:/opt/ros/humble/lib:/usr/local/cuda/lib64:/usr/local/cuda/lib64 PYTHONPATH=/home/nvidia/ros2/install/qcar2_interfaces/lib/python3.9/site-packages:${PYTHONPATH} /usr/bin/cmake --build /home/nvidia/ros2/build/qcar2_nodes -- -j8 -l8
[28.190s] Invoking command in '/home/nvidia/ros2/build/qcar2_nodes': AMENT_PREFIX_PATH=/home/nvidia/ros2/install/qcar2_interfaces:${AMENT_PREFIX_PATH} CMAKE_PREFIX_PATH=/home/nvidia/ros2/install/qcar2_interfaces:/opt/ros/humble LD_LIBRARY_PATH=/home/nvidia/ros2/install/qcar2_interfaces/lib:/opt/ros/humble/opt/rviz_ogre_vendor/lib:/opt/ros/humble/lib/aarch64-linux-gnu:/opt/ros/humble/lib:/usr/local/cuda/lib64:/usr/local/cuda/lib64 PYTHONPATH=/home/nvidia/ros2/install/qcar2_interfaces/lib/python3.9/site-packages:${PYTHONPATH} /usr/bin/cmake --install /home/nvidia/ros2/build/qcar2_nodes
[28.204s] -- Install configuration: ""
[28.205s] -- Execute custom install script
[28.205s] -- Symlinking: /home/nvidia/ros2/install/qcar2_nodes/lib/qcar2_nodes/qcar2_hardware
[28.220s] -- Symlinking: /home/nvidia/ros2/install/qcar2_nodes/lib/qcar2_nodes/rgbd
[28.233s] -- Symlinking: /home/nvidia/ros2/install/qcar2_nodes/lib/qcar2_nodes/lidar
[28.248s] -- Symlinking: /home/nvidia/ros2/install/qcar2_nodes/lib/qcar2_nodes/csi
[28.262s] -- Symlinking: /home/nvidia/ros2/install/qcar2_nodes/lib/qcar2_nodes/command
[28.276s] -- Symlinking: /home/nvidia/ros2/install/qcar2_nodes/lib/qcar2_nodes/nav2_qcar2_converter
[28.292s] -- Symlinking: /home/nvidia/ros2/install/qcar2_nodes/lib/qcar2_nodes/fixed_lidar_frame
[28.306s] -- Symlinking: /home/nvidia/ros2/install/qcar2_nodes/lib/qcar2_nodes/fixed_lidar_frame_virtual
[28.321s] -- Symlinking: /home/nvidia/ros2/install/qcar2_nodes/share/qcar2_nodes//launch/__pycache__/qcar2_cartographer_launch.cpython-312.pyc
[28.336s] -- Symlinking: /home/nvidia/ros2/install/qcar2_nodes/share/qcar2_nodes//launch/__pycache__/qcar2_cartographer_launch.cpython-38.pyc
[28.349s] -- Symlinking: /home/nvidia/ros2/install/qcar2_nodes/share/qcar2_nodes//launch/__pycache__/qcar2_launch.cpython-38.pyc
[28.362s] -- Symlinking: /home/nvidia/ros2/install/qcar2_nodes/share/qcar2_nodes//launch/qcar2_cartographer_launch.py
[28.377s] -- Symlinking: /home/nvidia/ros2/install/qcar2_nodes/share/qcar2_nodes//launch/qcar2_cartographer_virtual_launch.py
[28.391s] -- Symlinking: /home/nvidia/ros2/install/qcar2_nodes/share/qcar2_nodes//launch/qcar2_launch.py
[28.406s] -- Symlinking: /home/nvidia/ros2/install/qcar2_nodes/share/qcar2_nodes//launch/qcar2_manual_cartographer_launch.py
[28.422s] -- Symlinking: /home/nvidia/ros2/install/qcar2_nodes/share/qcar2_nodes//launch/qcar2_manual_drive_launch.py
[28.438s] -- Symlinking: /home/nvidia/ros2/install/qcar2_nodes/share/qcar2_nodes//launch/qcar2_slam_and_nav_bringup_launch.py
[28.452s] -- Symlinking: /home/nvidia/ros2/install/qcar2_nodes/share/qcar2_nodes//launch/qcar2_slam_and_nav_bringup_virtual_launch.py
[28.466s] -- Symlinking: /home/nvidia/ros2/install/qcar2_nodes/share/qcar2_nodes//launch/qcar2_virtual_launch.py
[28.488s] -- Symlinking: /home/nvidia/ros2/install/qcar2_nodes/share/qcar2_nodes//rt_models/dummy_model
[28.504s] -- Symlinking: /home/nvidia/ros2/install/qcar2_nodes/share/qcar2_nodes//config/qcar2_2d.lua
[28.519s] -- Symlinking: /home/nvidia/ros2/install/qcar2_nodes/share/qcar2_nodes//config/qcar2_slam_and_nav.yaml
[28.534s] -- Symlinking: /home/nvidia/ros2/install/qcar2_nodes/share/qcar2_nodes//config/qcar2_slam_and_nav_virtual.yaml
[28.551s] -- Symlinking: /home/nvidia/ros2/install/qcar2_nodes/share/ament_index/resource_index/package_run_dependencies/qcar2_nodes
[28.566s] -- Symlinking: /home/nvidia/ros2/install/qcar2_nodes/share/ament_index/resource_index/parent_prefix_path/qcar2_nodes
[28.582s] -- Symlinking: /home/nvidia/ros2/install/qcar2_nodes/share/qcar2_nodes/environment/ament_prefix_path.sh
[28.603s] -- Symlinking: /home/nvidia/ros2/install/qcar2_nodes/share/qcar2_nodes/environment/ament_prefix_path.dsv
[28.618s] -- Symlinking: /home/nvidia/ros2/install/qcar2_nodes/share/qcar2_nodes/environment/path.sh
[28.634s] -- Symlinking: /home/nvidia/ros2/install/qcar2_nodes/share/qcar2_nodes/environment/path.dsv
[28.651s] -- Symlinking: /home/nvidia/ros2/install/qcar2_nodes/share/qcar2_nodes/local_setup.bash
[28.666s] -- Symlinking: /home/nvidia/ros2/install/qcar2_nodes/share/qcar2_nodes/local_setup.sh
[28.680s] -- Symlinking: /home/nvidia/ros2/install/qcar2_nodes/share/qcar2_nodes/local_setup.zsh
[28.695s] -- Symlinking: /home/nvidia/ros2/install/qcar2_nodes/share/qcar2_nodes/local_setup.dsv
[28.711s] -- Symlinking: /home/nvidia/ros2/install/qcar2_nodes/share/qcar2_nodes/package.dsv
[28.727s] -- Symlinking: /home/nvidia/ros2/install/qcar2_nodes/share/ament_index/resource_index/packages/qcar2_nodes
[28.743s] -- Symlinking: /home/nvidia/ros2/install/qcar2_nodes/share/qcar2_nodes/cmake/qcar2_nodesConfig.cmake
[28.758s] -- Symlinking: /home/nvidia/ros2/install/qcar2_nodes/share/qcar2_nodes/cmake/qcar2_nodesConfig-version.cmake
[28.776s] -- Symlinking: /home/nvidia/ros2/install/qcar2_nodes/share/qcar2_nodes/package.xml
[28.798s] Invoked command in '/home/nvidia/ros2/build/qcar2_nodes' returned '0': AMENT_PREFIX_PATH=/home/nvidia/ros2/install/qcar2_interfaces:${AMENT_PREFIX_PATH} CMAKE_PREFIX_PATH=/home/nvidia/ros2/install/qcar2_interfaces:/opt/ros/humble LD_LIBRARY_PATH=/home/nvidia/ros2/install/qcar2_interfaces/lib:/opt/ros/humble/opt/rviz_ogre_vendor/lib:/opt/ros/humble/lib/aarch64-linux-gnu:/opt/ros/humble/lib:/usr/local/cuda/lib64:/usr/local/cuda/lib64 PYTHONPATH=/home/nvidia/ros2/install/qcar2_interfaces/lib/python3.9/site-packages:${PYTHONPATH} /usr/bin/cmake --install /home/nvidia/ros2/build/qcar2_nodes
