[0.358s] DEBUG:colcon:Command line arguments: ['/usr/bin/colcon', 'build', '--symlink-install']
[0.358s] DEBUG:colcon:Parsed command line arguments: Namespace(allow_overriding=[], ament_cmake_args=None, base_paths=['.'], build_base='build', catkin_cmake_args=None, catkin_skip_building_tests=False, cmake_args=None, cmake_clean_cache=False, cmake_clean_first=False, cmake_force_configure=False, cmake_target=None, cmake_target_skip_unavailable=False, continue_on_error=False, event_handlers=None, executor='parallel', ignore_user_meta=False, install_base='install', log_base=None, log_level=None, main=<bound method BuildVerb.main of <colcon_core.verb.build.BuildVerb object at 0xffff8f249820>>, merge_install=False, metas=['./colcon.meta'], mixin=None, mixin_files=None, mixin_verb=('build',), packages_above=None, packages_above_and_dependencies=None, packages_above_depth=None, packages_end=None, packages_ignore=None, packages_ignore_regex=None, packages_select=None, packages_select_build_failed=False, packages_select_by_dep=None, packages_select_regex=None, packages_select_test_failures=False, packages_skip=None, packages_skip_build_finished=False, packages_skip_by_dep=None, packages_skip_regex=None, packages_skip_test_passed=False, packages_skip_up_to=None, packages_start=None, packages_up_to=None, packages_up_to_regex=None, parallel_workers=8, paths=None, symlink_install=True, test_result_base=None, verb_extension=<colcon_core.verb.build.BuildVerb object at 0xffff8f249820>, verb_name='build', verb_parser=<colcon_mixin.mixin.mixin_argument.MixinArgumentDecorator object at 0xffff8f1436d0>)
[0.428s] Level 1:colcon.colcon_core.package_discovery:discover_packages(colcon_meta) check parameters
[0.428s] Level 1:colcon.colcon_core.package_discovery:discover_packages(recursive) check parameters
[0.428s] Level 1:colcon.colcon_core.package_discovery:discover_packages(ignore) check parameters
[0.428s] Level 1:colcon.colcon_core.package_discovery:discover_packages(path) check parameters
[0.428s] Level 1:colcon.colcon_core.package_discovery:discover_packages(colcon_meta) discover
[0.429s] Level 1:colcon.colcon_core.package_discovery:discover_packages(recursive) discover
[0.429s] INFO:colcon.colcon_core.package_discovery:Crawling recursively for packages in '/home/nvidia/ros2'
[0.429s] Level 1:colcon.colcon_core.package_identification:_identify(.) by extensions ['ignore', 'ignore_ament_install']
[0.429s] Level 1:colcon.colcon_core.package_identification:_identify(.) by extension 'ignore'
[0.429s] Level 1:colcon.colcon_core.package_identification:_identify(.) by extension 'ignore_ament_install'
[0.429s] Level 1:colcon.colcon_core.package_identification:_identify(.) by extensions ['colcon_pkg']
[0.429s] Level 1:colcon.colcon_core.package_identification:_identify(.) by extension 'colcon_pkg'
[0.429s] Level 1:colcon.colcon_core.package_identification:_identify(.) by extensions ['colcon_meta']
[0.429s] Level 1:colcon.colcon_core.package_identification:_identify(.) by extension 'colcon_meta'
[0.429s] Level 1:colcon.colcon_core.package_identification:_identify(.) by extensions ['ros']
[0.429s] Level 1:colcon.colcon_core.package_identification:_identify(.) by extension 'ros'
[0.451s] Level 1:colcon.colcon_core.package_identification:_identify(.) by extensions ['cmake', 'python']
[0.451s] Level 1:colcon.colcon_core.package_identification:_identify(.) by extension 'cmake'
[0.451s] Level 1:colcon.colcon_core.package_identification:_identify(.) by extension 'python'
[0.451s] Level 1:colcon.colcon_core.package_identification:_identify(.) by extensions ['python_setup_py']
[0.451s] Level 1:colcon.colcon_core.package_identification:_identify(.) by extension 'python_setup_py'
[0.452s] Level 1:colcon.colcon_core.package_identification:_identify(build) by extensions ['ignore', 'ignore_ament_install']
[0.452s] Level 1:colcon.colcon_core.package_identification:_identify(build) by extension 'ignore'
[0.452s] Level 1:colcon.colcon_core.package_identification:_identify(build) ignored
[0.452s] Level 1:colcon.colcon_core.package_identification:_identify(install) by extensions ['ignore', 'ignore_ament_install']
[0.452s] Level 1:colcon.colcon_core.package_identification:_identify(install) by extension 'ignore'
[0.452s] Level 1:colcon.colcon_core.package_identification:_identify(install) ignored
[0.453s] Level 1:colcon.colcon_core.package_identification:_identify(log) by extensions ['ignore', 'ignore_ament_install']
[0.453s] Level 1:colcon.colcon_core.package_identification:_identify(log) by extension 'ignore'
[0.453s] Level 1:colcon.colcon_core.package_identification:_identify(log) ignored
[0.453s] Level 1:colcon.colcon_core.package_identification:_identify(src) by extensions ['ignore', 'ignore_ament_install']
[0.453s] Level 1:colcon.colcon_core.package_identification:_identify(src) by extension 'ignore'
[0.453s] Level 1:colcon.colcon_core.package_identification:_identify(src) by extension 'ignore_ament_install'
[0.453s] Level 1:colcon.colcon_core.package_identification:_identify(src) by extensions ['colcon_pkg']
[0.453s] Level 1:colcon.colcon_core.package_identification:_identify(src) by extension 'colcon_pkg'
[0.453s] Level 1:colcon.colcon_core.package_identification:_identify(src) by extensions ['colcon_meta']
[0.453s] Level 1:colcon.colcon_core.package_identification:_identify(src) by extension 'colcon_meta'
[0.453s] Level 1:colcon.colcon_core.package_identification:_identify(src) by extensions ['ros']
[0.453s] Level 1:colcon.colcon_core.package_identification:_identify(src) by extension 'ros'
[0.454s] Level 1:colcon.colcon_core.package_identification:_identify(src) by extensions ['cmake', 'python']
[0.454s] Level 1:colcon.colcon_core.package_identification:_identify(src) by extension 'cmake'
[0.454s] Level 1:colcon.colcon_core.package_identification:_identify(src) by extension 'python'
[0.454s] Level 1:colcon.colcon_core.package_identification:_identify(src) by extensions ['python_setup_py']
[0.454s] Level 1:colcon.colcon_core.package_identification:_identify(src) by extension 'python_setup_py'
[0.454s] Level 1:colcon.colcon_core.package_identification:_identify(src/qcar2_interfaces) by extensions ['ignore', 'ignore_ament_install']
[0.454s] Level 1:colcon.colcon_core.package_identification:_identify(src/qcar2_interfaces) by extension 'ignore'
[0.454s] Level 1:colcon.colcon_core.package_identification:_identify(src/qcar2_interfaces) by extension 'ignore_ament_install'
[0.454s] Level 1:colcon.colcon_core.package_identification:_identify(src/qcar2_interfaces) by extensions ['colcon_pkg']
[0.454s] Level 1:colcon.colcon_core.package_identification:_identify(src/qcar2_interfaces) by extension 'colcon_pkg'
[0.454s] Level 1:colcon.colcon_core.package_identification:_identify(src/qcar2_interfaces) by extensions ['colcon_meta']
[0.454s] Level 1:colcon.colcon_core.package_identification:_identify(src/qcar2_interfaces) by extension 'colcon_meta'
[0.454s] Level 1:colcon.colcon_core.package_identification:_identify(src/qcar2_interfaces) by extensions ['ros']
[0.455s] Level 1:colcon.colcon_core.package_identification:_identify(src/qcar2_interfaces) by extension 'ros'
[0.458s] DEBUG:colcon.colcon_core.package_identification:Package 'src/qcar2_interfaces' with type 'ros.ament_cmake' and name 'qcar2_interfaces'
[0.458s] Level 1:colcon.colcon_core.package_identification:_identify(src/qcar2_nodes) by extensions ['ignore', 'ignore_ament_install']
[0.458s] Level 1:colcon.colcon_core.package_identification:_identify(src/qcar2_nodes) by extension 'ignore'
[0.459s] Level 1:colcon.colcon_core.package_identification:_identify(src/qcar2_nodes) by extension 'ignore_ament_install'
[0.459s] Level 1:colcon.colcon_core.package_identification:_identify(src/qcar2_nodes) by extensions ['colcon_pkg']
[0.459s] Level 1:colcon.colcon_core.package_identification:_identify(src/qcar2_nodes) by extension 'colcon_pkg'
[0.459s] Level 1:colcon.colcon_core.package_identification:_identify(src/qcar2_nodes) by extensions ['colcon_meta']
[0.459s] Level 1:colcon.colcon_core.package_identification:_identify(src/qcar2_nodes) by extension 'colcon_meta'
[0.459s] Level 1:colcon.colcon_core.package_identification:_identify(src/qcar2_nodes) by extensions ['ros']
[0.459s] Level 1:colcon.colcon_core.package_identification:_identify(src/qcar2_nodes) by extension 'ros'
[0.461s] DEBUG:colcon.colcon_core.package_identification:Package 'src/qcar2_nodes' with type 'ros.ament_cmake' and name 'qcar2_nodes'
[0.461s] Level 1:colcon.colcon_core.package_discovery:discover_packages(recursive) using defaults
[0.461s] Level 1:colcon.colcon_core.package_discovery:discover_packages(ignore) discover
[0.461s] Level 1:colcon.colcon_core.package_discovery:discover_packages(ignore) using defaults
[0.461s] Level 1:colcon.colcon_core.package_discovery:discover_packages(path) discover
[0.461s] Level 1:colcon.colcon_core.package_discovery:discover_packages(path) using defaults
[0.488s] Level 1:colcon.colcon_core.package_discovery:discover_packages(prefix_path) check parameters
[0.489s] Level 1:colcon.colcon_core.package_discovery:discover_packages(prefix_path) discover
[0.492s] DEBUG:colcon.colcon_installed_package_information.package_discovery:Found 355 installed packages in /opt/ros/humble
[0.496s] Level 1:colcon.colcon_core.package_discovery:discover_packages(prefix_path) using defaults
[0.613s] Level 5:colcon.colcon_core.verb:set package 'qcar2_interfaces' build argument 'cmake_args' from command line to 'None'
[0.613s] Level 5:colcon.colcon_core.verb:set package 'qcar2_interfaces' build argument 'cmake_target' from command line to 'None'
[0.613s] Level 5:colcon.colcon_core.verb:set package 'qcar2_interfaces' build argument 'cmake_target_skip_unavailable' from command line to 'False'
[0.613s] Level 5:colcon.colcon_core.verb:set package 'qcar2_interfaces' build argument 'cmake_clean_cache' from command line to 'False'
[0.613s] Level 5:colcon.colcon_core.verb:set package 'qcar2_interfaces' build argument 'cmake_clean_first' from command line to 'False'
[0.613s] Level 5:colcon.colcon_core.verb:set package 'qcar2_interfaces' build argument 'cmake_force_configure' from command line to 'False'
[0.613s] Level 5:colcon.colcon_core.verb:set package 'qcar2_interfaces' build argument 'ament_cmake_args' from command line to 'None'
[0.613s] Level 5:colcon.colcon_core.verb:set package 'qcar2_interfaces' build argument 'catkin_cmake_args' from command line to 'None'
[0.613s] Level 5:colcon.colcon_core.verb:set package 'qcar2_interfaces' build argument 'catkin_skip_building_tests' from command line to 'False'
[0.613s] DEBUG:colcon.colcon_core.verb:Building package 'qcar2_interfaces' with the following arguments: {'ament_cmake_args': None, 'build_base': '/home/nvidia/ros2/build/qcar2_interfaces', 'catkin_cmake_args': None, 'catkin_skip_building_tests': False, 'cmake_args': None, 'cmake_clean_cache': False, 'cmake_clean_first': False, 'cmake_force_configure': False, 'cmake_target': None, 'cmake_target_skip_unavailable': False, 'install_base': '/home/nvidia/ros2/install/qcar2_interfaces', 'merge_install': False, 'path': '/home/nvidia/ros2/src/qcar2_interfaces', 'symlink_install': True, 'test_result_base': None}
[0.614s] Level 5:colcon.colcon_core.verb:set package 'qcar2_nodes' build argument 'cmake_args' from command line to 'None'
[0.614s] Level 5:colcon.colcon_core.verb:set package 'qcar2_nodes' build argument 'cmake_target' from command line to 'None'
[0.614s] Level 5:colcon.colcon_core.verb:set package 'qcar2_nodes' build argument 'cmake_target_skip_unavailable' from command line to 'False'
[0.614s] Level 5:colcon.colcon_core.verb:set package 'qcar2_nodes' build argument 'cmake_clean_cache' from command line to 'False'
[0.614s] Level 5:colcon.colcon_core.verb:set package 'qcar2_nodes' build argument 'cmake_clean_first' from command line to 'False'
[0.614s] Level 5:colcon.colcon_core.verb:set package 'qcar2_nodes' build argument 'cmake_force_configure' from command line to 'False'
[0.614s] Level 5:colcon.colcon_core.verb:set package 'qcar2_nodes' build argument 'ament_cmake_args' from command line to 'None'
[0.614s] Level 5:colcon.colcon_core.verb:set package 'qcar2_nodes' build argument 'catkin_cmake_args' from command line to 'None'
[0.614s] Level 5:colcon.colcon_core.verb:set package 'qcar2_nodes' build argument 'catkin_skip_building_tests' from command line to 'False'
[0.614s] DEBUG:colcon.colcon_core.verb:Building package 'qcar2_nodes' with the following arguments: {'ament_cmake_args': None, 'build_base': '/home/nvidia/ros2/build/qcar2_nodes', 'catkin_cmake_args': None, 'catkin_skip_building_tests': False, 'cmake_args': None, 'cmake_clean_cache': False, 'cmake_clean_first': False, 'cmake_force_configure': False, 'cmake_target': None, 'cmake_target_skip_unavailable': False, 'install_base': '/home/nvidia/ros2/install/qcar2_nodes', 'merge_install': False, 'path': '/home/nvidia/ros2/src/qcar2_nodes', 'symlink_install': True, 'test_result_base': None}
[0.614s] INFO:colcon.colcon_core.executor:Executing jobs using 'parallel' executor
[0.617s] DEBUG:colcon.colcon_parallel_executor.executor.parallel:run_until_complete
[0.617s] INFO:colcon.colcon_ros.task.ament_cmake.build:Building ROS package in '/home/nvidia/ros2/src/qcar2_interfaces' with build type 'ament_cmake'
[0.617s] INFO:colcon.colcon_cmake.task.cmake.build:Building CMake package in '/home/nvidia/ros2/src/qcar2_interfaces'
[0.620s] INFO:colcon.colcon_core.plugin_system:Skipping extension 'colcon_core.shell.bat': Not used on non-Windows systems
[0.620s] INFO:colcon.colcon_core.shell:Skip shell extension 'powershell' for command environment: Not usable outside of PowerShell
[0.621s] DEBUG:colcon.colcon_core.shell:Skip shell extension 'dsv' for command environment
[0.635s] DEBUG:colcon.colcon_core.event_handler.log_command:Invoking command in '/home/nvidia/ros2/build/qcar2_interfaces': CMAKE_PREFIX_PATH=/opt/ros/humble /usr/bin/cmake /home/nvidia/ros2/src/qcar2_interfaces -DAMENT_CMAKE_SYMLINK_INSTALL=1 -DCMAKE_INSTALL_PREFIX=/home/nvidia/ros2/install/qcar2_interfaces
[4.331s] DEBUG:colcon.colcon_core.event_handler.log_command:Invoked command in '/home/nvidia/ros2/build/qcar2_interfaces' returned '0': CMAKE_PREFIX_PATH=/opt/ros/humble /usr/bin/cmake /home/nvidia/ros2/src/qcar2_interfaces -DAMENT_CMAKE_SYMLINK_INSTALL=1 -DCMAKE_INSTALL_PREFIX=/home/nvidia/ros2/install/qcar2_interfaces
[4.338s] DEBUG:colcon.colcon_core.event_handler.log_command:Invoking command in '/home/nvidia/ros2/build/qcar2_interfaces': CMAKE_PREFIX_PATH=/opt/ros/humble /usr/bin/cmake --build /home/nvidia/ros2/build/qcar2_interfaces -- -j8 -l8
[11.840s] DEBUG:colcon.colcon_core.event_handler.log_command:Invoked command in '/home/nvidia/ros2/build/qcar2_interfaces' returned '0': CMAKE_PREFIX_PATH=/opt/ros/humble /usr/bin/cmake --build /home/nvidia/ros2/build/qcar2_interfaces -- -j8 -l8
[11.946s] DEBUG:colcon.colcon_core.event_handler.log_command:Invoking command in '/home/nvidia/ros2/build/qcar2_interfaces': CMAKE_PREFIX_PATH=/opt/ros/humble /usr/bin/cmake --install /home/nvidia/ros2/build/qcar2_interfaces
[13.375s] Level 1:colcon.colcon_core.environment:create_environment_scripts_only(qcar2_interfaces)
[13.377s] DEBUG:colcon.colcon_core.event_handler.log_command:Invoked command in '/home/nvidia/ros2/build/qcar2_interfaces' returned '0': CMAKE_PREFIX_PATH=/opt/ros/humble /usr/bin/cmake --install /home/nvidia/ros2/build/qcar2_interfaces
[13.386s] Level 1:colcon.colcon_core.environment:checking '/home/nvidia/ros2/install/qcar2_interfaces' for CMake module files
[13.388s] Level 1:colcon.colcon_core.environment:checking '/home/nvidia/ros2/install/qcar2_interfaces' for CMake config files
[13.392s] Level 1:colcon.colcon_core.shell:create_environment_hook('qcar2_interfaces', 'cmake_prefix_path')
[13.393s] INFO:colcon.colcon_core.shell:Creating environment hook '/home/nvidia/ros2/install/qcar2_interfaces/share/qcar2_interfaces/hook/cmake_prefix_path.ps1'
[13.396s] INFO:colcon.colcon_core.shell:Creating environment descriptor '/home/nvidia/ros2/install/qcar2_interfaces/share/qcar2_interfaces/hook/cmake_prefix_path.dsv'
[13.398s] INFO:colcon.colcon_core.shell:Creating environment hook '/home/nvidia/ros2/install/qcar2_interfaces/share/qcar2_interfaces/hook/cmake_prefix_path.sh'
[13.401s] Level 1:colcon.colcon_core.environment:checking '/home/nvidia/ros2/install/qcar2_interfaces/lib'
[13.402s] Level 1:colcon.colcon_core.shell:create_environment_hook('qcar2_interfaces', 'ld_library_path_lib')
[13.402s] INFO:colcon.colcon_core.shell:Creating environment hook '/home/nvidia/ros2/install/qcar2_interfaces/share/qcar2_interfaces/hook/ld_library_path_lib.ps1'
[13.404s] INFO:colcon.colcon_core.shell:Creating environment descriptor '/home/nvidia/ros2/install/qcar2_interfaces/share/qcar2_interfaces/hook/ld_library_path_lib.dsv'
[13.405s] INFO:colcon.colcon_core.shell:Creating environment hook '/home/nvidia/ros2/install/qcar2_interfaces/share/qcar2_interfaces/hook/ld_library_path_lib.sh'
[13.406s] Level 1:colcon.colcon_core.environment:checking '/home/nvidia/ros2/install/qcar2_interfaces/bin'
[13.406s] Level 1:colcon.colcon_core.environment:checking '/home/nvidia/ros2/install/qcar2_interfaces/lib/pkgconfig/qcar2_interfaces.pc'
[13.407s] Level 1:colcon.colcon_core.environment:checking '/home/nvidia/ros2/install/qcar2_interfaces/lib/python3.8/site-packages'
[13.408s] Level 1:colcon.colcon_core.environment:checking '/home/nvidia/ros2/install/qcar2_interfaces/bin'
[13.409s] INFO:colcon.colcon_core.shell:Creating package script '/home/nvidia/ros2/install/qcar2_interfaces/share/qcar2_interfaces/package.ps1'
[13.411s] INFO:colcon.colcon_core.shell:Creating package descriptor '/home/nvidia/ros2/install/qcar2_interfaces/share/qcar2_interfaces/package.dsv'
[13.412s] INFO:colcon.colcon_core.shell:Creating package script '/home/nvidia/ros2/install/qcar2_interfaces/share/qcar2_interfaces/package.sh'
[13.414s] INFO:colcon.colcon_core.shell:Creating package script '/home/nvidia/ros2/install/qcar2_interfaces/share/qcar2_interfaces/package.bash'
[13.417s] INFO:colcon.colcon_core.shell:Creating package script '/home/nvidia/ros2/install/qcar2_interfaces/share/qcar2_interfaces/package.zsh'
[13.419s] Level 1:colcon.colcon_core.environment:create_file_with_runtime_dependencies(/home/nvidia/ros2/install/qcar2_interfaces/share/colcon-core/packages/qcar2_interfaces)
[13.501s] Level 1:colcon.colcon_core.environment:create_environment_scripts_only(qcar2_interfaces)
[13.502s] Level 1:colcon.colcon_core.environment:checking '/home/nvidia/ros2/install/qcar2_interfaces' for CMake module files
[13.503s] Level 1:colcon.colcon_core.environment:checking '/home/nvidia/ros2/install/qcar2_interfaces' for CMake config files
[13.506s] Level 1:colcon.colcon_core.shell:create_environment_hook('qcar2_interfaces', 'cmake_prefix_path')
[13.507s] INFO:colcon.colcon_core.shell:Creating environment hook '/home/nvidia/ros2/install/qcar2_interfaces/share/qcar2_interfaces/hook/cmake_prefix_path.ps1'
[13.508s] INFO:colcon.colcon_core.shell:Creating environment descriptor '/home/nvidia/ros2/install/qcar2_interfaces/share/qcar2_interfaces/hook/cmake_prefix_path.dsv'
[13.509s] INFO:colcon.colcon_core.shell:Creating environment hook '/home/nvidia/ros2/install/qcar2_interfaces/share/qcar2_interfaces/hook/cmake_prefix_path.sh'
[13.511s] Level 1:colcon.colcon_core.environment:checking '/home/nvidia/ros2/install/qcar2_interfaces/lib'
[13.511s] Level 1:colcon.colcon_core.shell:create_environment_hook('qcar2_interfaces', 'ld_library_path_lib')
[13.511s] INFO:colcon.colcon_core.shell:Creating environment hook '/home/nvidia/ros2/install/qcar2_interfaces/share/qcar2_interfaces/hook/ld_library_path_lib.ps1'
[13.512s] INFO:colcon.colcon_core.shell:Creating environment descriptor '/home/nvidia/ros2/install/qcar2_interfaces/share/qcar2_interfaces/hook/ld_library_path_lib.dsv'
[13.513s] INFO:colcon.colcon_core.shell:Creating environment hook '/home/nvidia/ros2/install/qcar2_interfaces/share/qcar2_interfaces/hook/ld_library_path_lib.sh'
[13.514s] Level 1:colcon.colcon_core.environment:checking '/home/nvidia/ros2/install/qcar2_interfaces/bin'
[13.514s] Level 1:colcon.colcon_core.environment:checking '/home/nvidia/ros2/install/qcar2_interfaces/lib/pkgconfig/qcar2_interfaces.pc'
[13.515s] Level 1:colcon.colcon_core.environment:checking '/home/nvidia/ros2/install/qcar2_interfaces/lib/python3.8/site-packages'
[13.515s] Level 1:colcon.colcon_core.environment:checking '/home/nvidia/ros2/install/qcar2_interfaces/bin'
[13.516s] INFO:colcon.colcon_core.shell:Creating package script '/home/nvidia/ros2/install/qcar2_interfaces/share/qcar2_interfaces/package.ps1'
[13.517s] INFO:colcon.colcon_core.shell:Creating package descriptor '/home/nvidia/ros2/install/qcar2_interfaces/share/qcar2_interfaces/package.dsv'
[13.519s] INFO:colcon.colcon_core.shell:Creating package script '/home/nvidia/ros2/install/qcar2_interfaces/share/qcar2_interfaces/package.sh'
[13.520s] INFO:colcon.colcon_core.shell:Creating package script '/home/nvidia/ros2/install/qcar2_interfaces/share/qcar2_interfaces/package.bash'
[13.521s] INFO:colcon.colcon_core.shell:Creating package script '/home/nvidia/ros2/install/qcar2_interfaces/share/qcar2_interfaces/package.zsh'
[13.521s] Level 1:colcon.colcon_core.environment:create_file_with_runtime_dependencies(/home/nvidia/ros2/install/qcar2_interfaces/share/colcon-core/packages/qcar2_interfaces)
[13.522s] INFO:colcon.colcon_ros.task.ament_cmake.build:Building ROS package in '/home/nvidia/ros2/src/qcar2_nodes' with build type 'ament_cmake'
[13.523s] INFO:colcon.colcon_cmake.task.cmake.build:Building CMake package in '/home/nvidia/ros2/src/qcar2_nodes'
[13.523s] INFO:colcon.colcon_core.shell:Skip shell extension 'powershell' for command environment: Not usable outside of PowerShell
[13.523s] DEBUG:colcon.colcon_core.shell:Skip shell extension 'dsv' for command environment
[13.543s] DEBUG:colcon.colcon_core.event_handler.log_command:Invoking command in '/home/nvidia/ros2/build/qcar2_nodes': AMENT_PREFIX_PATH=/home/nvidia/ros2/install/qcar2_interfaces:${AMENT_PREFIX_PATH} CMAKE_PREFIX_PATH=/home/nvidia/ros2/install/qcar2_interfaces:/opt/ros/humble LD_LIBRARY_PATH=/home/nvidia/ros2/install/qcar2_interfaces/lib:/opt/ros/humble/opt/rviz_ogre_vendor/lib:/opt/ros/humble/lib/aarch64-linux-gnu:/opt/ros/humble/lib:/usr/local/cuda/lib64:/usr/local/cuda/lib64 PYTHONPATH=/home/nvidia/ros2/install/qcar2_interfaces/lib/python3.9/site-packages:${PYTHONPATH} /usr/bin/cmake /home/nvidia/ros2/src/qcar2_nodes -DAMENT_CMAKE_SYMLINK_INSTALL=1 -DCMAKE_INSTALL_PREFIX=/home/nvidia/ros2/install/qcar2_nodes
[17.595s] DEBUG:colcon.colcon_core.event_handler.log_command:Invoked command in '/home/nvidia/ros2/build/qcar2_nodes' returned '0': AMENT_PREFIX_PATH=/home/nvidia/ros2/install/qcar2_interfaces:${AMENT_PREFIX_PATH} CMAKE_PREFIX_PATH=/home/nvidia/ros2/install/qcar2_interfaces:/opt/ros/humble LD_LIBRARY_PATH=/home/nvidia/ros2/install/qcar2_interfaces/lib:/opt/ros/humble/opt/rviz_ogre_vendor/lib:/opt/ros/humble/lib/aarch64-linux-gnu:/opt/ros/humble/lib:/usr/local/cuda/lib64:/usr/local/cuda/lib64 PYTHONPATH=/home/nvidia/ros2/install/qcar2_interfaces/lib/python3.9/site-packages:${PYTHONPATH} /usr/bin/cmake /home/nvidia/ros2/src/qcar2_nodes -DAMENT_CMAKE_SYMLINK_INSTALL=1 -DCMAKE_INSTALL_PREFIX=/home/nvidia/ros2/install/qcar2_nodes
[17.603s] DEBUG:colcon.colcon_core.event_handler.log_command:Invoking command in '/home/nvidia/ros2/build/qcar2_nodes': AMENT_PREFIX_PATH=/home/nvidia/ros2/install/qcar2_interfaces:${AMENT_PREFIX_PATH} CMAKE_PREFIX_PATH=/home/nvidia/ros2/install/qcar2_interfaces:/opt/ros/humble LD_LIBRARY_PATH=/home/nvidia/ros2/install/qcar2_interfaces/lib:/opt/ros/humble/opt/rviz_ogre_vendor/lib:/opt/ros/humble/lib/aarch64-linux-gnu:/opt/ros/humble/lib:/usr/local/cuda/lib64:/usr/local/cuda/lib64 PYTHONPATH=/home/nvidia/ros2/install/qcar2_interfaces/lib/python3.9/site-packages:${PYTHONPATH} /usr/bin/cmake --build /home/nvidia/ros2/build/qcar2_nodes -- -j8 -l8
[45.470s] DEBUG:colcon.colcon_core.event_handler.log_command:Invoked command in '/home/nvidia/ros2/build/qcar2_nodes' returned '2': AMENT_PREFIX_PATH=/home/nvidia/ros2/install/qcar2_interfaces:${AMENT_PREFIX_PATH} CMAKE_PREFIX_PATH=/home/nvidia/ros2/install/qcar2_interfaces:/opt/ros/humble LD_LIBRARY_PATH=/home/nvidia/ros2/install/qcar2_interfaces/lib:/opt/ros/humble/opt/rviz_ogre_vendor/lib:/opt/ros/humble/lib/aarch64-linux-gnu:/opt/ros/humble/lib:/usr/local/cuda/lib64:/usr/local/cuda/lib64 PYTHONPATH=/home/nvidia/ros2/install/qcar2_interfaces/lib/python3.9/site-packages:${PYTHONPATH} /usr/bin/cmake --build /home/nvidia/ros2/build/qcar2_nodes -- -j8 -l8
[45.527s] Level 1:colcon.colcon_core.environment:create_environment_scripts_only(qcar2_nodes)
[45.527s] Level 1:colcon.colcon_core.environment:checking '/home/nvidia/ros2/install/qcar2_nodes' for CMake module files
[45.528s] Level 1:colcon.colcon_core.environment:checking '/home/nvidia/ros2/install/qcar2_nodes' for CMake config files
[45.528s] Level 1:colcon.colcon_core.environment:checking '/home/nvidia/ros2/install/qcar2_nodes/bin'
[45.528s] Level 1:colcon.colcon_core.environment:checking '/home/nvidia/ros2/install/qcar2_nodes/lib/pkgconfig/qcar2_nodes.pc'
[45.529s] Level 1:colcon.colcon_core.environment:checking '/home/nvidia/ros2/install/qcar2_nodes/lib/python3.8/site-packages'
[45.529s] Level 1:colcon.colcon_core.environment:checking '/home/nvidia/ros2/install/qcar2_nodes/bin'
[45.530s] INFO:colcon.colcon_core.shell:Creating package script '/home/nvidia/ros2/install/qcar2_nodes/share/qcar2_nodes/package.ps1'
[45.531s] INFO:colcon.colcon_core.shell:Creating package descriptor '/home/nvidia/ros2/install/qcar2_nodes/share/qcar2_nodes/package.dsv'
[45.533s] INFO:colcon.colcon_core.shell:Creating package script '/home/nvidia/ros2/install/qcar2_nodes/share/qcar2_nodes/package.sh'
[45.534s] INFO:colcon.colcon_core.shell:Creating package script '/home/nvidia/ros2/install/qcar2_nodes/share/qcar2_nodes/package.bash'
[45.536s] INFO:colcon.colcon_core.shell:Creating package script '/home/nvidia/ros2/install/qcar2_nodes/share/qcar2_nodes/package.zsh'
[45.537s] Level 1:colcon.colcon_core.environment:create_file_with_runtime_dependencies(/home/nvidia/ros2/install/qcar2_nodes/share/colcon-core/packages/qcar2_nodes)
[45.548s] DEBUG:colcon.colcon_parallel_executor.executor.parallel:closing loop
[45.549s] DEBUG:colcon.colcon_parallel_executor.executor.parallel:loop closed
[45.549s] DEBUG:colcon.colcon_parallel_executor.executor.parallel:run_until_complete finished with '2'
[45.549s] DEBUG:colcon.colcon_core.event_reactor:joining thread
[45.565s] INFO:colcon.colcon_core.plugin_system:Skipping extension 'colcon_notification.desktop_notification.terminal_notifier': Not used on non-Darwin systems
[45.565s] INFO:colcon.colcon_core.plugin_system:Skipping extension 'colcon_notification.desktop_notification.win32': Not used on non-Windows systems
[45.566s] INFO:colcon.colcon_notification.desktop_notification:Sending desktop notification using 'notify2'
[45.615s] DEBUG:colcon.colcon_core.event_reactor:joined thread
[45.616s] INFO:colcon.colcon_core.shell:Creating prefix script '/home/nvidia/ros2/install/local_setup.ps1'
[45.619s] INFO:colcon.colcon_core.shell:Creating prefix util module '/home/nvidia/ros2/install/_local_setup_util_ps1.py'
[45.623s] INFO:colcon.colcon_core.shell:Creating prefix chain script '/home/nvidia/ros2/install/setup.ps1'
[45.625s] INFO:colcon.colcon_core.shell:Creating prefix script '/home/nvidia/ros2/install/local_setup.sh'
[45.627s] INFO:colcon.colcon_core.shell:Creating prefix util module '/home/nvidia/ros2/install/_local_setup_util_sh.py'
[45.628s] INFO:colcon.colcon_core.shell:Creating prefix chain script '/home/nvidia/ros2/install/setup.sh'
[45.630s] INFO:colcon.colcon_core.shell:Creating prefix script '/home/nvidia/ros2/install/local_setup.bash'
[45.631s] INFO:colcon.colcon_core.shell:Creating prefix chain script '/home/nvidia/ros2/install/setup.bash'
[45.633s] INFO:colcon.colcon_core.shell:Creating prefix script '/home/nvidia/ros2/install/local_setup.zsh'
[45.634s] INFO:colcon.colcon_core.shell:Creating prefix chain script '/home/nvidia/ros2/install/setup.zsh'
