-- The C compiler identification is GNU 9.4.0
-- The CXX compiler identification is GNU 9.4.0
-- Check for working C compiler: /usr/bin/cc
-- Check for working C compiler: /usr/bin/cc -- works
-- Detecting C compiler ABI info
-- Detecting C compiler ABI info - done
-- Detecting C compile features
-- Detecting C compile features - done
-- Check for working CXX compiler: /usr/bin/c++
-- Check for working CXX compiler: /usr/bin/c++ -- works
-- Detecting CXX compiler ABI info
-- Detecting CXX compiler ABI info - done
-- Detecting CXX compile features
-- Detecting CXX compile features - done
-- Found ament_cmake: 1.3.6 (/opt/ros/humble/share/ament_cmake/cmake)
-- Found Python3: /usr/bin/python3.9 (found version "3.9.5") found components: Interpreter 
-- Override CMake install command with custom implementation using symlinks instead of copying resources
-- Found cv_bridge: 3.2.1 (/opt/ros/humble/share/cv_bridge/cmake)
-- Found rosidl_generator_c: 3.1.5 (/opt/ros/humble/share/rosidl_generator_c/cmake)
-- Found rosidl_adapter: 3.1.5 (/opt/ros/humble/share/rosidl_adapter/cmake)
-- Found rosidl_generator_cpp: 3.1.5 (/opt/ros/humble/share/rosidl_generator_cpp/cmake)
-- Using all available rosidl_typesupport_c: rosidl_typesupport_fastrtps_c;rosidl_typesupport_introspection_c
-- Using all available rosidl_typesupport_cpp: rosidl_typesupport_fastrtps_cpp;rosidl_typesupport_introspection_cpp
-- Found image_transport: 3.1.7 (/opt/ros/humble/share/image_transport/cmake)
-- Found rmw_implementation_cmake: 6.1.1 (/opt/ros/humble/share/rmw_implementation_cmake/cmake)
-- Found rmw_fastrtps_cpp: 6.2.5 (/opt/ros/humble/share/rmw_fastrtps_cpp/cmake)
-- Found OpenSSL: /usr/lib/aarch64-linux-gnu/libcrypto.so (found version "1.1.1f")  
-- Found FastRTPS: /opt/ros/humble/include  
-- Using RMW implementation 'rmw_fastrtps_cpp' as default
-- Looking for pthread.h
-- Looking for pthread.h - found
-- Performing Test CMAKE_HAVE_LIBC_PTHREAD
-- Performing Test CMAKE_HAVE_LIBC_PTHREAD - Failed
-- Looking for pthread_create in pthreads
-- Looking for pthread_create in pthreads - not found
-- Looking for pthread_create in pthread
-- Looking for pthread_create in pthread - found
-- Found Threads: TRUE  
-- Found OpenCV: /usr (found version "4.5.4") found components: highgui imgcodecs imgproc videoio 
-- Found control_msgs: 4.4.0 (/opt/ros/humble/share/control_msgs/cmake)
-- Found qcar2_interfaces: 0.0.0 (/home/nvidia/ros2/install/qcar2_interfaces/share/qcar2_interfaces/cmake)
-- Found tf2_ros: 0.25.5 (/opt/ros/humble/share/tf2_ros/cmake)
-- Found ament_lint_auto: 0.12.9 (/opt/ros/humble/share/ament_lint_auto/cmake)
-- Added test 'cppcheck' to perform static code analysis on C / C++ code
-- Configured cppcheck include dirs: 
-- Configured cppcheck exclude dirs and/or files: 
-- Added test 'flake8' to check Python code syntax and style conventions
-- Added test 'lint_cmake' to check CMake code style
-- Added test 'pep257' to check Python code against some of the docstring style conventions in PEP 257
-- Added test 'uncrustify' to check C / C++ code style
-- Configured uncrustify additional arguments: 
-- Added test 'xmllint' to check XML markup files
-- Configuring done
-- Generating done
-- Build files have been written to: /home/nvidia/ros2/build/qcar2_nodes
-- Found ament_cmake: 1.3.6 (/opt/ros/humble/share/ament_cmake/cmake)
-- Override CMake install command with custom implementation using symlinks instead of copying resources
-- Found cv_bridge: 3.2.1 (/opt/ros/humble/share/cv_bridge/cmake)
-- Found rosidl_generator_c: 3.1.5 (/opt/ros/humble/share/rosidl_generator_c/cmake)
-- Found rosidl_adapter: 3.1.5 (/opt/ros/humble/share/rosidl_adapter/cmake)
-- Found rosidl_generator_cpp: 3.1.5 (/opt/ros/humble/share/rosidl_generator_cpp/cmake)
-- Using all available rosidl_typesupport_c: rosidl_typesupport_fastrtps_c;rosidl_typesupport_introspection_c
-- Using all available rosidl_typesupport_cpp: rosidl_typesupport_fastrtps_cpp;rosidl_typesupport_introspection_cpp
-- Found image_transport: 3.1.7 (/opt/ros/humble/share/image_transport/cmake)
-- Found rmw_implementation_cmake: 6.1.1 (/opt/ros/humble/share/rmw_implementation_cmake/cmake)
-- Found rmw_fastrtps_cpp: 6.2.5 (/opt/ros/humble/share/rmw_fastrtps_cpp/cmake)
-- Using RMW implementation 'rmw_fastrtps_cpp' as default
-- Found control_msgs: 4.4.0 (/opt/ros/humble/share/control_msgs/cmake)
-- Found qcar2_interfaces: 0.0.0 (/home/nvidia/ros2/install/qcar2_interfaces/share/qcar2_interfaces/cmake)
-- Found tf2_ros: 0.25.5 (/opt/ros/humble/share/tf2_ros/cmake)
-- Found ament_lint_auto: 0.12.9 (/opt/ros/humble/share/ament_lint_auto/cmake)
-- Added test 'cppcheck' to perform static code analysis on C / C++ code
-- Configured cppcheck include dirs: 
-- Configured cppcheck exclude dirs and/or files: 
-- Added test 'flake8' to check Python code syntax and style conventions
-- Added test 'lint_cmake' to check CMake code style
-- Added test 'pep257' to check Python code against some of the docstring style conventions in PEP 257
-- Added test 'uncrustify' to check C / C++ code style
-- Configured uncrustify additional arguments: 
-- Added test 'xmllint' to check XML markup files
-- Configuring done
-- Generating done
-- Build files have been written to: /home/nvidia/ros2/build/qcar2_nodes
[35m[1mScanning dependencies of target qcar2_hardware[0m
[35m[1mScanning dependencies of target nav2_qcar2_converter[0m
[35m[1mScanning dependencies of target lidar[0m
[35m[1mScanning dependencies of target fixed_lidar_frame[0m
[35m[1mScanning dependencies of target rgbd[0m
[35m[1mScanning dependencies of target fixed_lidar_frame_virtual[0m
[35m[1mScanning dependencies of target csi[0m
[35m[1mScanning dependencies of target command[0m
make[2]: Warning: File '/opt/ros/humble/include/builtin_interfaces/builtin_interfaces/msg/detail/duration__builder.hpp' has modification time 1702938796 s in the future
make[2]: Warning: File '/home/nvidia/ros2/src/qcar2_nodes/src/nav2_qcar_command_convert.cpp' has modification time 542 s in the future
make[2]: Warning: File '/home/nvidia/ros2/src/qcar2_nodes/src/fixed_lidar_frame.cpp' has modification time 542 s in the future
make[2]: Warning: File '/home/nvidia/ros2/src/qcar2_nodes/src/qcar2_hardware.cpp' has modification time 949 s in the future
make[2]: Warning: File '/home/nvidia/ros2/src/qcar2_nodes/src/fixed_lidar_frame_virtual.cpp' has modification time 542 s in the future
make[2]: Warning: File '/opt/ros/humble/include/builtin_interfaces/builtin_interfaces/msg/detail/duration__builder.hpp' has modification time 1702938796 s in the future
make[2]: Warning: File '/home/nvidia/ros2/src/qcar2_nodes/src/csi.cpp' has modification time 542 s in the future
make[2]: Warning: File '/home/nvidia/ros2/src/qcar2_nodes/src/rgbd.cpp' has modification time 542 s in the future
[  6%] [32mBuilding CXX object CMakeFiles/lidar.dir/src/lidar.cpp.o[0m
[ 25%] [32mBuilding CXX object CMakeFiles/fixed_lidar_frame.dir/src/fixed_lidar_frame.cpp.o[0m
[ 25%] [32mBuilding CXX object CMakeFiles/qcar2_hardware.dir/src/qcar2_hardware.cpp.o[0m
[ 25%] [32mBuilding CXX object CMakeFiles/nav2_qcar2_converter.dir/src/nav2_qcar_command_convert.cpp.o[0m
[ 31%] [32mBuilding CXX object CMakeFiles/fixed_lidar_frame_virtual.dir/src/fixed_lidar_frame_virtual.cpp.o[0m
[ 37%] [32mBuilding CXX object CMakeFiles/command.dir/src/command.cpp.o[0m
[ 43%] [32mBuilding CXX object CMakeFiles/csi.dir/src/csi.cpp.o[0m
[ 50%] [32mBuilding CXX object CMakeFiles/rgbd.dir/src/rgbd.cpp.o[0m
In file included from [01m[K/usr/include/c++/9/unordered_map:46[m[K,
                 from [01m[K/usr/include/c++/9/functional:61[m[K,
                 from [01m[K/home/nvidia/ros2/src/qcar2_nodes/src/fixed_lidar_frame.cpp:2[m[K:
/usr/include/c++/9/bits/hashtable.h: In instantiation of ‘[01m[Kclass std::_Hashtable<int, int, std::allocator<int>, std::__detail::_Identity, std::equal_to<int>, std::hash<int>, std::__detail::_Mod_range_hashing, std::__detail::_Default_ranged_hash, std::__detail::_Prime_rehash_policy, std::__detail::_Hashtable_traits<false, true, false> >[m[K’:
[01m[K/usr/include/c++/9/bits/unordered_set.h:916:18:[m[K   required from ‘[01m[Kclass std::unordered_multiset<int>[m[K’
[01m[K/usr/include/c++/9/bits/unordered_set.h:1629:33:[m[K   required from here
[01m[K/usr/include/c++/9/bits/hashtable.h:339:22:[m[K [01;31m[Kinternal compiler error: [m[KSegmentation fault
  339 |       __bucket_type  [01;31m[K_M_single_bucket[m[K = nullptr;
      |                      [01;31m[K^~~~~~~~~~~~~~~~[m[K
0xffff7bdd4e0f __libc_start_main
	../csu/libc-start.c:308
Please submit a full bug report,
with preprocessed source if appropriate.
Please include the complete backtrace with any bug report.
See <file:///usr/share/doc/gcc-9/README.Bugs> for instructions.
make[2]: *** [CMakeFiles/fixed_lidar_frame.dir/build.make:63: CMakeFiles/fixed_lidar_frame.dir/src/fixed_lidar_frame.cpp.o] Error 1
make[1]: *** [CMakeFiles/Makefile2:281: CMakeFiles/fixed_lidar_frame.dir/all] Error 2
make[1]: *** Waiting for unfinished jobs....
[ 56%] [32m[1mLinking CXX executable fixed_lidar_frame_virtual[0m
[ 62%] [32m[1mLinking CXX executable lidar[0m
make[2]: warning:  Clock skew detected.  Your build may be incomplete.
[ 62%] Built target fixed_lidar_frame_virtual
[ 68%] [32m[1mLinking CXX executable csi[0m
[ 75%] [32m[1mLinking CXX executable rgbd[0m
make[2]: warning:  Clock skew detected.  Your build may be incomplete.
[ 75%] Built target lidar
[ 81%] [32m[1mLinking CXX executable command[0m
/usr/bin/ld: warning: libopencv_imgcodecs.so.4.2, needed by /opt/ros/humble/lib/libcv_bridge.so, may conflict with libopencv_imgcodecs.so.4.5
/usr/bin/ld: warning: libopencv_core.so.4.2, needed by /opt/ros/humble/lib/libcv_bridge.so, may conflict with libopencv_core.so.4.5
make[2]: warning:  Clock skew detected.  Your build may be incomplete.
[ 81%] Built target csi
/usr/bin/ld: warning: libopencv_imgcodecs.so.4.2, needed by /opt/ros/humble/lib/libcv_bridge.so, may conflict with libopencv_imgcodecs.so.4.5
/usr/bin/ld: warning: libopencv_core.so.4.2, needed by /opt/ros/humble/lib/libcv_bridge.so, may conflict with libopencv_core.so.4.5
make[2]: warning:  Clock skew detected.  Your build may be incomplete.
[ 81%] Built target rgbd
make[2]: warning:  Clock skew detected.  Your build may be incomplete.
[ 81%] Built target command
[ 87%] [32m[1mLinking CXX executable nav2_qcar2_converter[0m
make[2]: warning:  Clock skew detected.  Your build may be incomplete.
[ 87%] Built target nav2_qcar2_converter
[ 93%] [32m[1mLinking CXX executable qcar2_hardware[0m
make[2]: warning:  Clock skew detected.  Your build may be incomplete.
[ 93%] Built target qcar2_hardware
make: *** [Makefile:141: all] Error 2
