[0.018s] Invoking command in '/home/nvidia/ros2/build/qcar2_nodes': AMENT_PREFIX_PATH=/home/nvidia/ros2/install/qcar2_interfaces:${AMENT_PREFIX_PATH} CMAKE_PREFIX_PATH=/home/nvidia/ros2/install/qcar2_interfaces:/opt/ros/humble LD_LIBRARY_PATH=/home/nvidia/ros2/install/qcar2_interfaces/lib:/opt/ros/humble/opt/rviz_ogre_vendor/lib:/opt/ros/humble/lib/aarch64-linux-gnu:/opt/ros/humble/lib:/usr/local/cuda/lib64:/usr/local/cuda/lib64 PYTHONPATH=/home/nvidia/ros2/install/qcar2_interfaces/lib/python3.9/site-packages:${PYTHONPATH} /usr/bin/cmake /home/nvidia/ros2/src/qcar2_nodes -DAMENT_CMAKE_SYMLINK_INSTALL=1 -DCMAKE_INSTALL_PREFIX=/home/nvidia/ros2/install/qcar2_nodes
[0.098s] -- The C compiler identification is GNU 9.4.0
[0.169s] -- The CXX compiler identification is GNU 9.4.0
[0.175s] -- Check for working C compiler: /usr/bin/cc
[0.284s] -- Check for working C compiler: /usr/bin/cc -- works
[0.284s] -- Detecting C compiler ABI info
[0.392s] -- Detecting C compiler ABI info - done
[0.413s] -- Detecting C compile features
[0.413s] -- Detecting C compile features - done
[0.417s] -- Check for working CXX compiler: /usr/bin/c++
[0.536s] -- Check for working CXX compiler: /usr/bin/c++ -- works
[0.539s] -- Detecting CXX compiler ABI info
[0.664s] -- Detecting CXX compiler ABI info - done
[0.698s] -- Detecting CXX compile features
[0.699s] -- Detecting CXX compile features - done
[0.704s] -- Found ament_cmake: 1.3.6 (/opt/ros/humble/share/ament_cmake/cmake)
[0.932s] -- Found Python3: /usr/bin/python3.9 (found version "3.9.5") found components: Interpreter 
[1.030s] -- Override CMake install command with custom implementation using symlinks instead of copying resources
[1.095s] -- Found cv_bridge: 3.2.1 (/opt/ros/humble/share/cv_bridge/cmake)
[1.161s] -- Found rosidl_generator_c: 3.1.5 (/opt/ros/humble/share/rosidl_generator_c/cmake)
[1.168s] -- Found rosidl_adapter: 3.1.5 (/opt/ros/humble/share/rosidl_adapter/cmake)
[1.181s] -- Found rosidl_generator_cpp: 3.1.5 (/opt/ros/humble/share/rosidl_generator_cpp/cmake)
[1.203s] -- Using all available rosidl_typesupport_c: rosidl_typesupport_fastrtps_c;rosidl_typesupport_introspection_c
[1.234s] -- Using all available rosidl_typesupport_cpp: rosidl_typesupport_fastrtps_cpp;rosidl_typesupport_introspection_cpp
[1.570s] -- Found image_transport: 3.1.7 (/opt/ros/humble/share/image_transport/cmake)
[1.672s] -- Found rmw_implementation_cmake: 6.1.1 (/opt/ros/humble/share/rmw_implementation_cmake/cmake)
[1.675s] -- Found rmw_fastrtps_cpp: 6.2.5 (/opt/ros/humble/share/rmw_fastrtps_cpp/cmake)
[1.886s] -- Found OpenSSL: /usr/lib/aarch64-linux-gnu/libcrypto.so (found version "1.1.1f")  
[1.930s] -- Found FastRTPS: /opt/ros/humble/include  
[2.006s] -- Using RMW implementation 'rmw_fastrtps_cpp' as default
[2.021s] -- Looking for pthread.h
[2.130s] -- Looking for pthread.h - found
[2.131s] -- Performing Test CMAKE_HAVE_LIBC_PTHREAD
[2.241s] -- Performing Test CMAKE_HAVE_LIBC_PTHREAD - Failed
[2.241s] -- Looking for pthread_create in pthreads
[2.349s] -- Looking for pthread_create in pthreads - not found
[2.349s] -- Looking for pthread_create in pthread
[2.474s] -- Looking for pthread_create in pthread - found
[2.477s] -- Found Threads: TRUE  
[2.784s] -- Found OpenCV: /usr (found version "4.5.4") found components: highgui imgcodecs imgproc videoio 
[2.787s] -- Found control_msgs: 4.4.0 (/opt/ros/humble/share/control_msgs/cmake)
[3.307s] -- Found qcar2_interfaces: 0.0.0 (/home/nvidia/ros2/install/qcar2_interfaces/share/qcar2_interfaces/cmake)
[3.334s] -- Found tf2_ros: 0.25.5 (/opt/ros/humble/share/tf2_ros/cmake)
[3.775s] -- Found ament_lint_auto: 0.12.9 (/opt/ros/humble/share/ament_lint_auto/cmake)
[3.954s] -- Added test 'cppcheck' to perform static code analysis on C / C++ code
[3.954s] -- Configured cppcheck include dirs: 
[3.954s] -- Configured cppcheck exclude dirs and/or files: 
[3.955s] -- Added test 'flake8' to check Python code syntax and style conventions
[3.956s] -- Added test 'lint_cmake' to check CMake code style
[3.957s] -- Added test 'pep257' to check Python code against some of the docstring style conventions in PEP 257
[3.959s] -- Added test 'uncrustify' to check C / C++ code style
[3.959s] -- Configured uncrustify additional arguments: 
[3.959s] -- Added test 'xmllint' to check XML markup files
[3.967s] -- Configuring done
[4.042s] -- Generating done
[4.045s] -- Build files have been written to: /home/nvidia/ros2/build/qcar2_nodes
[4.070s] Invoked command in '/home/nvidia/ros2/build/qcar2_nodes' returned '0': AMENT_PREFIX_PATH=/home/nvidia/ros2/install/qcar2_interfaces:${AMENT_PREFIX_PATH} CMAKE_PREFIX_PATH=/home/nvidia/ros2/install/qcar2_interfaces:/opt/ros/humble LD_LIBRARY_PATH=/home/nvidia/ros2/install/qcar2_interfaces/lib:/opt/ros/humble/opt/rviz_ogre_vendor/lib:/opt/ros/humble/lib/aarch64-linux-gnu:/opt/ros/humble/lib:/usr/local/cuda/lib64:/usr/local/cuda/lib64 PYTHONPATH=/home/nvidia/ros2/install/qcar2_interfaces/lib/python3.9/site-packages:${PYTHONPATH} /usr/bin/cmake /home/nvidia/ros2/src/qcar2_nodes -DAMENT_CMAKE_SYMLINK_INSTALL=1 -DCMAKE_INSTALL_PREFIX=/home/nvidia/ros2/install/qcar2_nodes
[4.077s] Invoking command in '/home/nvidia/ros2/build/qcar2_nodes': AMENT_PREFIX_PATH=/home/nvidia/ros2/install/qcar2_interfaces:${AMENT_PREFIX_PATH} CMAKE_PREFIX_PATH=/home/nvidia/ros2/install/qcar2_interfaces:/opt/ros/humble LD_LIBRARY_PATH=/home/nvidia/ros2/install/qcar2_interfaces/lib:/opt/ros/humble/opt/rviz_ogre_vendor/lib:/opt/ros/humble/lib/aarch64-linux-gnu:/opt/ros/humble/lib:/usr/local/cuda/lib64:/usr/local/cuda/lib64 PYTHONPATH=/home/nvidia/ros2/install/qcar2_interfaces/lib/python3.9/site-packages:${PYTHONPATH} /usr/bin/cmake --build /home/nvidia/ros2/build/qcar2_nodes -- -j8 -l8
[4.121s] -- Found ament_cmake: 1.3.6 (/opt/ros/humble/share/ament_cmake/cmake)
[4.439s] -- Override CMake install command with custom implementation using symlinks instead of copying resources
[4.468s] -- Found cv_bridge: 3.2.1 (/opt/ros/humble/share/cv_bridge/cmake)
[4.525s] -- Found rosidl_generator_c: 3.1.5 (/opt/ros/humble/share/rosidl_generator_c/cmake)
[4.528s] -- Found rosidl_adapter: 3.1.5 (/opt/ros/humble/share/rosidl_adapter/cmake)
[4.537s] -- Found rosidl_generator_cpp: 3.1.5 (/opt/ros/humble/share/rosidl_generator_cpp/cmake)
[4.555s] -- Using all available rosidl_typesupport_c: rosidl_typesupport_fastrtps_c;rosidl_typesupport_introspection_c
[4.581s] -- Using all available rosidl_typesupport_cpp: rosidl_typesupport_fastrtps_cpp;rosidl_typesupport_introspection_cpp
[4.902s] -- Found image_transport: 3.1.7 (/opt/ros/humble/share/image_transport/cmake)
[4.983s] -- Found rmw_implementation_cmake: 6.1.1 (/opt/ros/humble/share/rmw_implementation_cmake/cmake)
[4.984s] -- Found rmw_fastrtps_cpp: 6.2.5 (/opt/ros/humble/share/rmw_fastrtps_cpp/cmake)
[5.180s] -- Using RMW implementation 'rmw_fastrtps_cpp' as default
[5.455s] -- Found control_msgs: 4.4.0 (/opt/ros/humble/share/control_msgs/cmake)
[5.964s] -- Found qcar2_interfaces: 0.0.0 (/home/nvidia/ros2/install/qcar2_interfaces/share/qcar2_interfaces/cmake)
[5.991s] -- Found tf2_ros: 0.25.5 (/opt/ros/humble/share/tf2_ros/cmake)
[6.414s] -- Found ament_lint_auto: 0.12.9 (/opt/ros/humble/share/ament_lint_auto/cmake)
[6.575s] -- Added test 'cppcheck' to perform static code analysis on C / C++ code
[6.576s] -- Configured cppcheck include dirs: 
[6.576s] -- Configured cppcheck exclude dirs and/or files: 
[6.576s] -- Added test 'flake8' to check Python code syntax and style conventions
[6.577s] -- Added test 'lint_cmake' to check CMake code style
[6.578s] -- Added test 'pep257' to check Python code against some of the docstring style conventions in PEP 257
[6.579s] -- Added test 'uncrustify' to check C / C++ code style
[6.580s] -- Configured uncrustify additional arguments: 
[6.580s] -- Added test 'xmllint' to check XML markup files
[6.586s] -- Configuring done
[6.662s] -- Generating done
[6.665s] -- Build files have been written to: /home/nvidia/ros2/build/qcar2_nodes
[6.716s] [35m[1mScanning dependencies of target qcar2_hardware[0m
[6.717s] [35m[1mScanning dependencies of target nav2_qcar2_converter[0m
[6.717s] [35m[1mScanning dependencies of target lidar[0m
[6.717s] [35m[1mScanning dependencies of target fixed_lidar_frame[0m
[6.717s] [35m[1mScanning dependencies of target rgbd[0m
[6.718s] [35m[1mScanning dependencies of target fixed_lidar_frame_virtual[0m
[6.718s] [35m[1mScanning dependencies of target csi[0m
[6.718s] [35m[1mScanning dependencies of target command[0m
[6.772s] make[2]: Warning: File '/opt/ros/humble/include/builtin_interfaces/builtin_interfaces/msg/detail/duration__builder.hpp' has modification time 1702938796 s in the future
[6.781s] make[2]: Warning: File '/home/nvidia/ros2/src/qcar2_nodes/src/nav2_qcar_command_convert.cpp' has modification time 542 s in the future
[6.783s] make[2]: Warning: File '/home/nvidia/ros2/src/qcar2_nodes/src/fixed_lidar_frame.cpp' has modification time 542 s in the future
[6.783s] make[2]: Warning: File '/home/nvidia/ros2/src/qcar2_nodes/src/qcar2_hardware.cpp' has modification time 949 s in the future
[6.784s] make[2]: Warning: File '/home/nvidia/ros2/src/qcar2_nodes/src/fixed_lidar_frame_virtual.cpp' has modification time 542 s in the future
[6.785s] make[2]: Warning: File '/opt/ros/humble/include/builtin_interfaces/builtin_interfaces/msg/detail/duration__builder.hpp' has modification time 1702938796 s in the future
[6.791s] make[2]: Warning: File '/home/nvidia/ros2/src/qcar2_nodes/src/csi.cpp' has modification time 542 s in the future
[6.792s] make[2]: Warning: File '/home/nvidia/ros2/src/qcar2_nodes/src/rgbd.cpp' has modification time 542 s in the future
[6.800s] [  6%] [32mBuilding CXX object CMakeFiles/lidar.dir/src/lidar.cpp.o[0m
[6.808s] [ 25%] [32mBuilding CXX object CMakeFiles/fixed_lidar_frame.dir/src/fixed_lidar_frame.cpp.o[0m
[6.808s] [ 25%] [32mBuilding CXX object CMakeFiles/qcar2_hardware.dir/src/qcar2_hardware.cpp.o[0m
[6.808s] [ 25%] [32mBuilding CXX object CMakeFiles/nav2_qcar2_converter.dir/src/nav2_qcar_command_convert.cpp.o[0m
[6.811s] [ 31%] [32mBuilding CXX object CMakeFiles/fixed_lidar_frame_virtual.dir/src/fixed_lidar_frame_virtual.cpp.o[0m
[6.816s] [ 37%] [32mBuilding CXX object CMakeFiles/command.dir/src/command.cpp.o[0m
[6.820s] [ 43%] [32mBuilding CXX object CMakeFiles/csi.dir/src/csi.cpp.o[0m
[6.823s] [ 50%] [32mBuilding CXX object CMakeFiles/rgbd.dir/src/rgbd.cpp.o[0m
[8.319s] In file included from [01m[K/usr/include/c++/9/unordered_map:46[m[K,
[8.319s]                  from [01m[K/usr/include/c++/9/functional:61[m[K,
[8.320s]                  from [01m[K/home/nvidia/ros2/src/qcar2_nodes/src/fixed_lidar_frame.cpp:2[m[K:
[8.320s] /usr/include/c++/9/bits/hashtable.h: In instantiation of ‘[01m[Kclass std::_Hashtable<int, int, std::allocator<int>, std::__detail::_Identity, std::equal_to<int>, std::hash<int>, std::__detail::_Mod_range_hashing, std::__detail::_Default_ranged_hash, std::__detail::_Prime_rehash_policy, std::__detail::_Hashtable_traits<false, true, false> >[m[K’:
[8.320s] [01m[K/usr/include/c++/9/bits/unordered_set.h:916:18:[m[K   required from ‘[01m[Kclass std::unordered_multiset<int>[m[K’
[8.320s] [01m[K/usr/include/c++/9/bits/unordered_set.h:1629:33:[m[K   required from here
[8.320s] [01m[K/usr/include/c++/9/bits/hashtable.h:339:22:[m[K [01;31m[Kinternal compiler error: [m[KSegmentation fault
[8.320s]   339 |       __bucket_type  [01;31m[K_M_single_bucket[m[K = nullptr;
[8.320s]       |                      [01;31m[K^~~~~~~~~~~~~~~~[m[K
[8.422s] 0xffff7bdd4e0f __libc_start_main
[8.422s] 	../csu/libc-start.c:308
[8.423s] Please submit a full bug report,
[8.423s] with preprocessed source if appropriate.
[8.423s] Please include the complete backtrace with any bug report.
[8.423s] See <file:///usr/share/doc/gcc-9/README.Bugs> for instructions.
[8.436s] make[2]: *** [CMakeFiles/fixed_lidar_frame.dir/build.make:63: CMakeFiles/fixed_lidar_frame.dir/src/fixed_lidar_frame.cpp.o] Error 1
[8.436s] make[1]: *** [CMakeFiles/Makefile2:281: CMakeFiles/fixed_lidar_frame.dir/all] Error 2
[8.436s] make[1]: *** Waiting for unfinished jobs....
[15.278s] [ 56%] [32m[1mLinking CXX executable fixed_lidar_frame_virtual[0m
[15.678s] [ 62%] [32m[1mLinking CXX executable lidar[0m
[15.688s] make[2]: warning:  Clock skew detected.  Your build may be incomplete.
[15.703s] [ 62%] Built target fixed_lidar_frame_virtual
[15.712s] [ 68%] [32m[1mLinking CXX executable csi[0m
[15.814s] [ 75%] [32m[1mLinking CXX executable rgbd[0m
[16.237s] make[2]: warning:  Clock skew detected.  Your build may be incomplete.
[16.251s] [ 75%] Built target lidar
[16.649s] [ 81%] [32m[1mLinking CXX executable command[0m
[16.676s] /usr/bin/ld: warning: libopencv_imgcodecs.so.4.2, needed by /opt/ros/humble/lib/libcv_bridge.so, may conflict with libopencv_imgcodecs.so.4.5
[16.676s] /usr/bin/ld: warning: libopencv_core.so.4.2, needed by /opt/ros/humble/lib/libcv_bridge.so, may conflict with libopencv_core.so.4.5
[16.679s] make[2]: warning:  Clock skew detected.  Your build may be incomplete.
[16.697s] [ 81%] Built target csi
[16.782s] /usr/bin/ld: warning: libopencv_imgcodecs.so.4.2, needed by /opt/ros/humble/lib/libcv_bridge.so, may conflict with libopencv_imgcodecs.so.4.5
[16.782s] /usr/bin/ld: warning: libopencv_core.so.4.2, needed by /opt/ros/humble/lib/libcv_bridge.so, may conflict with libopencv_core.so.4.5
[16.786s] make[2]: warning:  Clock skew detected.  Your build may be incomplete.
[16.803s] [ 81%] Built target rgbd
[17.068s] make[2]: warning:  Clock skew detected.  Your build may be incomplete.
[17.083s] [ 81%] Built target command
[23.902s] [ 87%] [32m[1mLinking CXX executable nav2_qcar2_converter[0m
[24.567s] make[2]: warning:  Clock skew detected.  Your build may be incomplete.
[24.581s] [ 87%] Built target nav2_qcar2_converter
[30.579s] [ 93%] [32m[1mLinking CXX executable qcar2_hardware[0m
[31.923s] make[2]: warning:  Clock skew detected.  Your build may be incomplete.
[31.938s] [ 93%] Built target qcar2_hardware
[31.940s] make: *** [Makefile:141: all] Error 2
[31.945s] Invoked command in '/home/nvidia/ros2/build/qcar2_nodes' returned '2': AMENT_PREFIX_PATH=/home/nvidia/ros2/install/qcar2_interfaces:${AMENT_PREFIX_PATH} CMAKE_PREFIX_PATH=/home/nvidia/ros2/install/qcar2_interfaces:/opt/ros/humble LD_LIBRARY_PATH=/home/nvidia/ros2/install/qcar2_interfaces/lib:/opt/ros/humble/opt/rviz_ogre_vendor/lib:/opt/ros/humble/lib/aarch64-linux-gnu:/opt/ros/humble/lib:/usr/local/cuda/lib64:/usr/local/cuda/lib64 PYTHONPATH=/home/nvidia/ros2/install/qcar2_interfaces/lib/python3.9/site-packages:${PYTHONPATH} /usr/bin/cmake --build /home/nvidia/ros2/build/qcar2_nodes -- -j8 -l8
