[0.019s] Invoking command in '/home/nvidia/ros2/build/qcar2_interfaces': CMAKE_PREFIX_PATH=/opt/ros/humble /usr/bin/cmake --build /home/nvidia/ros2/build/qcar2_interfaces -- -j8 -l8
[0.063s] -- Found ament_cmake: 1.3.6 (/opt/ros/humble/share/ament_cmake/cmake)
[0.375s] -- Override CMake install command with custom implementation using symlinks instead of copying resources
[0.392s] -- Found rosidl_default_generators: 1.2.0 (/opt/ros/humble/share/rosidl_default_generators/cmake)
[0.394s] -- Using all available rosidl_typesupport_c: rosidl_typesupport_fastrtps_c;rosidl_typesupport_introspection_c
[0.402s] -- Found rosidl_adapter: 3.1.5 (/opt/ros/humble/share/rosidl_adapter/cmake)
[0.454s] -- Using all available rosidl_typesupport_cpp: rosidl_typesupport_fastrtps_cpp;rosidl_typesupport_introspection_cpp
[1.136s] -- Found ament_cmake_ros: 0.10.0 (/opt/ros/humble/share/ament_cmake_ros/cmake)
[1.706s] -- Using all available rosidl_typesupport_c: rosidl_typesupport_fastrtps_c;rosidl_typesupport_introspection_c
[2.476s] -- Using all available rosidl_typesupport_cpp: rosidl_typesupport_fastrtps_cpp;rosidl_typesupport_introspection_cpp
[2.516s] -- Found python_cmake_module: 0.10.0 (/opt/ros/humble/share/python_cmake_module/cmake)
[2.559s] -- Using PYTHON_EXECUTABLE: /usr/bin/python3
[2.560s] -- Using PYTHON_INCLUDE_DIRS: /usr/include/python3.8
[2.560s] -- Using PYTHON_LIBRARIES: /usr/lib/aarch64-linux-gnu/libpython3.8.so
[2.724s] -- Using numpy include directory: /usr/local/lib/python3.8/dist-packages/numpy/core/include
[2.744s] -- Found ament_lint_auto: 0.12.9 (/opt/ros/humble/share/ament_lint_auto/cmake)
[2.768s] -- Added test 'lint_cmake' to check CMake code style
[2.769s] -- Added test 'xmllint' to check XML markup files
[2.777s] -- Configuring done
[2.817s] -- Generating done
[2.822s] -- Build files have been written to: /home/nvidia/ros2/build/qcar2_interfaces
[2.866s] [  2%] [34m[1mGenerating C code for ROS interfaces[0m
[2.882s] [  5%] [34m[1mGenerating C++ code for ROS interfaces[0m
[2.898s] [  5%] Built target ament_cmake_python_symlink_qcar2_interfaces
[3.392s] running egg_info
[3.426s] writing qcar2_interfaces.egg-info/PKG-INFO
[3.427s] writing dependency_links to qcar2_interfaces.egg-info/dependency_links.txt
[3.427s] [  5%] Built target qcar2_interfaces__cpp
[3.427s] writing top-level names to qcar2_interfaces.egg-info/top_level.txt
[3.443s] [  7%] [34m[1mGenerating C++ type support for eProsima Fast-RTPS[0m
[3.443s] [35m[1mScanning dependencies of target qcar2_interfaces__rosidl_generator_c[0m
[3.444s] [ 10%] [34m[1mGenerating C++ type support dispatch for ROS interfaces[0m
[3.445s] [ 12%] [34m[1mGenerating C++ introspection for ROS interfaces[0m
[3.464s] [ 17%] [32mBuilding C object CMakeFiles/qcar2_interfaces__rosidl_generator_c.dir/rosidl_generator_c/qcar2_interfaces/msg/detail/boolean_leds__functions.c.o[0m
[3.464s] [ 17%] [32mBuilding C object CMakeFiles/qcar2_interfaces__rosidl_generator_c.dir/rosidl_generator_c/qcar2_interfaces/msg/detail/motor_commands__functions.c.o[0m
[3.546s] [ 20%] [32m[1mLinking C shared library libqcar2_interfaces__rosidl_generator_c.so[0m
[3.602s] [ 20%] Built target qcar2_interfaces__rosidl_generator_c
[3.619s] [ 25%] [34m[1mGenerating C introspection for ROS interfaces[0m
[3.619s] [ 25%] [34m[1mGenerating C type support dispatch for ROS interfaces[0m
[3.620s] [ 28%] [34m[1mGenerating C type support for eProsima Fast-RTPS[0m
[3.750s] reading manifest file 'qcar2_interfaces.egg-info/SOURCES.txt'
[3.751s] writing manifest file 'qcar2_interfaces.egg-info/SOURCES.txt'
[3.833s] [ 28%] Built target ament_cmake_python_build_qcar2_interfaces_egg
[3.955s] [35m[1mScanning dependencies of target qcar2_interfaces__rosidl_typesupport_cpp[0m
[3.975s] [ 30%] [32mBuilding CXX object CMakeFiles/qcar2_interfaces__rosidl_typesupport_cpp.dir/rosidl_typesupport_cpp/qcar2_interfaces/msg/motor_commands__type_support.cpp.o[0m
[3.982s] [ 33%] [32mBuilding CXX object CMakeFiles/qcar2_interfaces__rosidl_typesupport_cpp.dir/rosidl_typesupport_cpp/qcar2_interfaces/msg/boolean_leds__type_support.cpp.o[0m
[3.982s] [35m[1mScanning dependencies of target qcar2_interfaces__rosidl_typesupport_introspection_cpp[0m
[4.006s] [ 35%] [32mBuilding CXX object CMakeFiles/qcar2_interfaces__rosidl_typesupport_introspection_cpp.dir/rosidl_typesupport_introspection_cpp/qcar2_interfaces/msg/detail/motor_commands__type_support.cpp.o[0m
[4.013s] [ 38%] [32mBuilding CXX object CMakeFiles/qcar2_interfaces__rosidl_typesupport_introspection_cpp.dir/rosidl_typesupport_introspection_cpp/qcar2_interfaces/msg/detail/boolean_leds__type_support.cpp.o[0m
[4.031s] [35m[1mScanning dependencies of target qcar2_interfaces__rosidl_typesupport_fastrtps_cpp[0m
[4.056s] [ 41%] [32mBuilding CXX object CMakeFiles/qcar2_interfaces__rosidl_typesupport_fastrtps_cpp.dir/rosidl_typesupport_fastrtps_cpp/qcar2_interfaces/msg/detail/dds_fastrtps/motor_commands__type_support.cpp.o[0m
[4.142s] [35m[1mScanning dependencies of target qcar2_interfaces__rosidl_typesupport_c[0m
[4.169s] [ 43%] [32mBuilding CXX object CMakeFiles/qcar2_interfaces__rosidl_typesupport_c.dir/rosidl_typesupport_c/qcar2_interfaces/msg/motor_commands__type_support.cpp.o[0m
[4.226s] [35m[1mScanning dependencies of target qcar2_interfaces__rosidl_typesupport_introspection_c[0m
[4.237s] [ 46%] [32mBuilding CXX object CMakeFiles/qcar2_interfaces__rosidl_typesupport_c.dir/rosidl_typesupport_c/qcar2_interfaces/msg/boolean_leds__type_support.cpp.o[0m
[4.242s] [35m[1mScanning dependencies of target qcar2_interfaces__rosidl_typesupport_fastrtps_c[0m
[4.252s] [ 48%] [32mBuilding C object CMakeFiles/qcar2_interfaces__rosidl_typesupport_introspection_c.dir/rosidl_typesupport_introspection_c/qcar2_interfaces/msg/detail/motor_commands__type_support.c.o[0m
[4.270s] [ 51%] [32mBuilding CXX object CMakeFiles/qcar2_interfaces__rosidl_typesupport_fastrtps_c.dir/rosidl_typesupport_fastrtps_c/qcar2_interfaces/msg/detail/motor_commands__type_support_c.cpp.o[0m
[4.292s] [ 53%] [32m[1mLinking CXX shared library libqcar2_interfaces__rosidl_typesupport_c.so[0m
[4.351s] [ 56%] [32mBuilding C object CMakeFiles/qcar2_interfaces__rosidl_typesupport_introspection_c.dir/rosidl_typesupport_introspection_c/qcar2_interfaces/msg/detail/boolean_leds__type_support.c.o[0m
[4.362s] [ 56%] Built target qcar2_interfaces__rosidl_typesupport_c
[4.381s] [ 58%] [32mBuilding CXX object CMakeFiles/qcar2_interfaces__rosidl_typesupport_fastrtps_cpp.dir/rosidl_typesupport_fastrtps_cpp/qcar2_interfaces/msg/detail/dds_fastrtps/boolean_leds__type_support.cpp.o[0m
[4.421s] [ 61%] [32m[1mLinking C shared library libqcar2_interfaces__rosidl_typesupport_introspection_c.so[0m
[4.474s] [ 61%] Built target qcar2_interfaces__rosidl_typesupport_introspection_c
[4.477s] [ 64%] [32mBuilding CXX object CMakeFiles/qcar2_interfaces__rosidl_typesupport_fastrtps_c.dir/rosidl_typesupport_fastrtps_c/qcar2_interfaces/msg/detail/boolean_leds__type_support_c.cpp.o[0m
[4.484s] [ 66%] [32m[1mLinking CXX shared library libqcar2_interfaces__rosidl_typesupport_cpp.so[0m
[4.550s] [ 66%] Built target qcar2_interfaces__rosidl_typesupport_cpp
[4.936s] [ 69%] [32m[1mLinking CXX shared library libqcar2_interfaces__rosidl_typesupport_introspection_cpp.so[0m
[5.059s] [ 69%] Built target qcar2_interfaces__rosidl_typesupport_introspection_cpp
[5.098s] [ 71%] [32m[1mLinking CXX shared library libqcar2_interfaces__rosidl_typesupport_fastrtps_c.so[0m
[5.190s] [ 74%] [32m[1mLinking CXX shared library libqcar2_interfaces__rosidl_typesupport_fastrtps_cpp.so[0m
[5.203s] [ 74%] Built target qcar2_interfaces__rosidl_typesupport_fastrtps_c
[5.299s] [ 74%] Built target qcar2_interfaces__rosidl_typesupport_fastrtps_cpp
[5.334s] [ 74%] Built target qcar2_interfaces
[5.367s] [ 76%] [34m[1mGenerating Python code for ROS interfaces[0m
[6.036s] [ 76%] Built target qcar2_interfaces__py
[6.057s] [35m[1mScanning dependencies of target qcar2_interfaces__rosidl_generator_py[0m
[6.088s] [ 82%] [32mBuilding C object CMakeFiles/qcar2_interfaces__rosidl_generator_py.dir/rosidl_generator_py/qcar2_interfaces/msg/_boolean_leds_s.c.o[0m
[6.088s] [ 82%] [32mBuilding C object CMakeFiles/qcar2_interfaces__rosidl_generator_py.dir/rosidl_generator_py/qcar2_interfaces/msg/_motor_commands_s.c.o[0m
[6.247s] [ 84%] [32m[1mLinking C shared library rosidl_generator_py/qcar2_interfaces/libqcar2_interfaces__rosidl_generator_py.so[0m
[6.308s] [ 84%] Built target qcar2_interfaces__rosidl_generator_py
[6.325s] [35m[1mScanning dependencies of target qcar2_interfaces__rosidl_typesupport_fastrtps_c__pyext[0m
[6.325s] [35m[1mScanning dependencies of target qcar2_interfaces__rosidl_typesupport_introspection_c__pyext[0m
[6.325s] [35m[1mScanning dependencies of target qcar2_interfaces__rosidl_typesupport_c__pyext[0m
[6.353s] [ 92%] [32mBuilding C object CMakeFiles/qcar2_interfaces__rosidl_typesupport_c__pyext.dir/rosidl_generator_py/qcar2_interfaces/_qcar2_interfaces_s.ep.rosidl_typesupport_c.c.o[0m
[6.354s] [ 92%] [32mBuilding C object CMakeFiles/qcar2_interfaces__rosidl_typesupport_fastrtps_c__pyext.dir/rosidl_generator_py/qcar2_interfaces/_qcar2_interfaces_s.ep.rosidl_typesupport_fastrtps_c.c.o[0m
[6.354s] [ 92%] [32mBuilding C object CMakeFiles/qcar2_interfaces__rosidl_typesupport_introspection_c__pyext.dir/rosidl_generator_py/qcar2_interfaces/_qcar2_interfaces_s.ep.rosidl_typesupport_introspection_c.c.o[0m
[6.480s] [ 97%] [32m[1mLinking C shared library rosidl_generator_py/qcar2_interfaces/qcar2_interfaces_s__rosidl_typesupport_introspection_c.cpython-38-aarch64-linux-gnu.so[0m
[6.481s] [ 97%] [32m[1mLinking C shared library rosidl_generator_py/qcar2_interfaces/qcar2_interfaces_s__rosidl_typesupport_c.cpython-38-aarch64-linux-gnu.so[0m
[6.486s] [100%] [32m[1mLinking C shared library rosidl_generator_py/qcar2_interfaces/qcar2_interfaces_s__rosidl_typesupport_fastrtps_c.cpython-38-aarch64-linux-gnu.so[0m
[6.529s] [100%] Built target qcar2_interfaces__rosidl_typesupport_c__pyext
[6.529s] [100%] Built target qcar2_interfaces__rosidl_typesupport_introspection_c__pyext
[6.541s] [100%] Built target qcar2_interfaces__rosidl_typesupport_fastrtps_c__pyext
[6.563s] Invoked command in '/home/nvidia/ros2/build/qcar2_interfaces' returned '0': CMAKE_PREFIX_PATH=/opt/ros/humble /usr/bin/cmake --build /home/nvidia/ros2/build/qcar2_interfaces -- -j8 -l8
[6.666s] Invoking command in '/home/nvidia/ros2/build/qcar2_interfaces': CMAKE_PREFIX_PATH=/opt/ros/humble /usr/bin/cmake --install /home/nvidia/ros2/build/qcar2_interfaces
[6.685s] -- Install configuration: ""
[6.686s] -- Execute custom install script
[6.686s] -- Up-to-date symlink: /home/nvidia/ros2/install/qcar2_interfaces/share/ament_index/resource_index/rosidl_interfaces/qcar2_interfaces
[6.687s] -- Up-to-date symlink: /home/nvidia/ros2/install/qcar2_interfaces/include/qcar2_interfaces/qcar2_interfaces/msg/boolean_leds.h
[6.687s] -- Up-to-date symlink: /home/nvidia/ros2/install/qcar2_interfaces/include/qcar2_interfaces/qcar2_interfaces/msg/detail/boolean_leds__functions.h
[6.688s] -- Up-to-date symlink: /home/nvidia/ros2/install/qcar2_interfaces/include/qcar2_interfaces/qcar2_interfaces/msg/detail/boolean_leds__struct.h
[6.688s] -- Up-to-date symlink: /home/nvidia/ros2/install/qcar2_interfaces/include/qcar2_interfaces/qcar2_interfaces/msg/detail/boolean_leds__type_support.h
[6.688s] -- Up-to-date symlink: /home/nvidia/ros2/install/qcar2_interfaces/include/qcar2_interfaces/qcar2_interfaces/msg/detail/motor_commands__functions.h
[6.688s] -- Up-to-date symlink: /home/nvidia/ros2/install/qcar2_interfaces/include/qcar2_interfaces/qcar2_interfaces/msg/detail/motor_commands__struct.h
[6.688s] -- Up-to-date symlink: /home/nvidia/ros2/install/qcar2_interfaces/include/qcar2_interfaces/qcar2_interfaces/msg/detail/motor_commands__type_support.h
[6.689s] -- Up-to-date symlink: /home/nvidia/ros2/install/qcar2_interfaces/include/qcar2_interfaces/qcar2_interfaces/msg/motor_commands.h
[6.689s] -- Up-to-date symlink: /home/nvidia/ros2/install/qcar2_interfaces/include/qcar2_interfaces/qcar2_interfaces/msg/rosidl_generator_c__visibility_control.h
[6.689s] -- Up-to-date symlink: /home/nvidia/ros2/install/qcar2_interfaces/share/qcar2_interfaces/environment/library_path.sh
[6.690s] -- Up-to-date symlink: /home/nvidia/ros2/install/qcar2_interfaces/share/qcar2_interfaces/environment/library_path.dsv
[6.690s] -- Up-to-date symlink: /home/nvidia/ros2/install/qcar2_interfaces/include/qcar2_interfaces/qcar2_interfaces/msg/detail/boolean_leds__rosidl_typesupport_fastrtps_c.h
[6.691s] -- Up-to-date symlink: /home/nvidia/ros2/install/qcar2_interfaces/include/qcar2_interfaces/qcar2_interfaces/msg/detail/motor_commands__rosidl_typesupport_fastrtps_c.h
[6.691s] -- Up-to-date symlink: /home/nvidia/ros2/install/qcar2_interfaces/include/qcar2_interfaces/qcar2_interfaces/msg/rosidl_typesupport_fastrtps_c__visibility_control.h
[6.691s] -- Up-to-date symlink: /home/nvidia/ros2/install/qcar2_interfaces/include/qcar2_interfaces/qcar2_interfaces/msg/detail/boolean_leds__rosidl_typesupport_introspection_c.h
[6.692s] -- Up-to-date symlink: /home/nvidia/ros2/install/qcar2_interfaces/include/qcar2_interfaces/qcar2_interfaces/msg/detail/motor_commands__rosidl_typesupport_introspection_c.h
[6.692s] -- Up-to-date symlink: /home/nvidia/ros2/install/qcar2_interfaces/include/qcar2_interfaces/qcar2_interfaces/msg/rosidl_typesupport_introspection_c__visibility_control.h
[6.693s] -- Up-to-date symlink: /home/nvidia/ros2/install/qcar2_interfaces/include/qcar2_interfaces/qcar2_interfaces/msg/boolean_leds.hpp
[6.693s] -- Up-to-date symlink: /home/nvidia/ros2/install/qcar2_interfaces/include/qcar2_interfaces/qcar2_interfaces/msg/detail/boolean_leds__builder.hpp
[6.693s] -- Up-to-date symlink: /home/nvidia/ros2/install/qcar2_interfaces/include/qcar2_interfaces/qcar2_interfaces/msg/detail/boolean_leds__struct.hpp
[6.693s] -- Up-to-date symlink: /home/nvidia/ros2/install/qcar2_interfaces/include/qcar2_interfaces/qcar2_interfaces/msg/detail/boolean_leds__traits.hpp
[6.694s] -- Up-to-date symlink: /home/nvidia/ros2/install/qcar2_interfaces/include/qcar2_interfaces/qcar2_interfaces/msg/detail/motor_commands__builder.hpp
[6.694s] -- Up-to-date symlink: /home/nvidia/ros2/install/qcar2_interfaces/include/qcar2_interfaces/qcar2_interfaces/msg/detail/motor_commands__struct.hpp
[6.694s] -- Up-to-date symlink: /home/nvidia/ros2/install/qcar2_interfaces/include/qcar2_interfaces/qcar2_interfaces/msg/detail/motor_commands__traits.hpp
[6.694s] -- Up-to-date symlink: /home/nvidia/ros2/install/qcar2_interfaces/include/qcar2_interfaces/qcar2_interfaces/msg/motor_commands.hpp
[6.695s] -- Up-to-date symlink: /home/nvidia/ros2/install/qcar2_interfaces/include/qcar2_interfaces/qcar2_interfaces/msg/detail/boolean_leds__rosidl_typesupport_fastrtps_cpp.hpp
[6.695s] -- Up-to-date symlink: /home/nvidia/ros2/install/qcar2_interfaces/include/qcar2_interfaces/qcar2_interfaces/msg/detail/motor_commands__rosidl_typesupport_fastrtps_cpp.hpp
[6.695s] -- Up-to-date symlink: /home/nvidia/ros2/install/qcar2_interfaces/include/qcar2_interfaces/qcar2_interfaces/msg/rosidl_typesupport_fastrtps_cpp__visibility_control.h
[6.696s] -- Up-to-date symlink: /home/nvidia/ros2/install/qcar2_interfaces/include/qcar2_interfaces/qcar2_interfaces/msg/detail/boolean_leds__rosidl_typesupport_introspection_cpp.hpp
[6.696s] -- Up-to-date symlink: /home/nvidia/ros2/install/qcar2_interfaces/include/qcar2_interfaces/qcar2_interfaces/msg/detail/motor_commands__rosidl_typesupport_introspection_cpp.hpp
[6.697s] -- Up-to-date symlink: /home/nvidia/ros2/install/qcar2_interfaces/share/qcar2_interfaces/environment/pythonpath.sh
[6.697s] -- Up-to-date symlink: /home/nvidia/ros2/install/qcar2_interfaces/share/qcar2_interfaces/environment/pythonpath.dsv
[6.698s] -- Up-to-date symlink: /home/nvidia/ros2/install/qcar2_interfaces/lib/python3.9/site-packages/qcar2_interfaces-0.0.0-py3.9.egg-info/PKG-INFO
[6.698s] -- Up-to-date symlink: /home/nvidia/ros2/install/qcar2_interfaces/lib/python3.9/site-packages/qcar2_interfaces-0.0.0-py3.9.egg-info/SOURCES.txt
[6.698s] -- Up-to-date symlink: /home/nvidia/ros2/install/qcar2_interfaces/lib/python3.9/site-packages/qcar2_interfaces-0.0.0-py3.9.egg-info/dependency_links.txt
[6.698s] -- Up-to-date symlink: /home/nvidia/ros2/install/qcar2_interfaces/lib/python3.9/site-packages/qcar2_interfaces-0.0.0-py3.9.egg-info/top_level.txt
[6.699s] -- Up-to-date symlink: /home/nvidia/ros2/install/qcar2_interfaces/lib/python3.9/site-packages/qcar2_interfaces/__init__.py
[6.699s] -- Up-to-date symlink: /home/nvidia/ros2/install/qcar2_interfaces/lib/python3.9/site-packages/qcar2_interfaces/_qcar2_interfaces_s.ep.rosidl_typesupport_c.c
[6.700s] -- Up-to-date symlink: /home/nvidia/ros2/install/qcar2_interfaces/lib/python3.9/site-packages/qcar2_interfaces/_qcar2_interfaces_s.ep.rosidl_typesupport_fastrtps_c.c
[6.700s] -- Up-to-date symlink: /home/nvidia/ros2/install/qcar2_interfaces/lib/python3.9/site-packages/qcar2_interfaces/_qcar2_interfaces_s.ep.rosidl_typesupport_introspection_c.c
[6.700s] -- Up-to-date symlink: /home/nvidia/ros2/install/qcar2_interfaces/lib/python3.9/site-packages/qcar2_interfaces/libqcar2_interfaces__rosidl_generator_py.so
[6.700s] -- Up-to-date symlink: /home/nvidia/ros2/install/qcar2_interfaces/lib/python3.9/site-packages/qcar2_interfaces/msg/__init__.py
[6.701s] -- Up-to-date symlink: /home/nvidia/ros2/install/qcar2_interfaces/lib/python3.9/site-packages/qcar2_interfaces/msg/_boolean_leds.py
[6.701s] -- Up-to-date symlink: /home/nvidia/ros2/install/qcar2_interfaces/lib/python3.9/site-packages/qcar2_interfaces/msg/_boolean_leds_s.c
[6.701s] -- Up-to-date symlink: /home/nvidia/ros2/install/qcar2_interfaces/lib/python3.9/site-packages/qcar2_interfaces/msg/_motor_commands.py
[6.701s] -- Up-to-date symlink: /home/nvidia/ros2/install/qcar2_interfaces/lib/python3.9/site-packages/qcar2_interfaces/msg/_motor_commands_s.c
[6.701s] -- Up-to-date symlink: /home/nvidia/ros2/install/qcar2_interfaces/lib/python3.9/site-packages/qcar2_interfaces/qcar2_interfaces_s__rosidl_typesupport_c.cpython-38-aarch64-linux-gnu.so
[6.702s] -- Up-to-date symlink: /home/nvidia/ros2/install/qcar2_interfaces/lib/python3.9/site-packages/qcar2_interfaces/qcar2_interfaces_s__rosidl_typesupport_fastrtps_c.cpython-38-aarch64-linux-gnu.so
[6.702s] -- Up-to-date symlink: /home/nvidia/ros2/install/qcar2_interfaces/lib/python3.9/site-packages/qcar2_interfaces/qcar2_interfaces_s__rosidl_typesupport_introspection_c.cpython-38-aarch64-linux-gnu.so
[6.702s] -- Up-to-date symlink: /home/nvidia/ros2/install/qcar2_interfaces/lib/python3.9/site-packages/qcar2_interfaces/qcar2_interfaces_s__rosidl_typesupport_fastrtps_c.cpython-38-aarch64-linux-gnu.so
[6.703s] -- Up-to-date symlink: /home/nvidia/ros2/install/qcar2_interfaces/lib/python3.9/site-packages/qcar2_interfaces/qcar2_interfaces_s__rosidl_typesupport_introspection_c.cpython-38-aarch64-linux-gnu.so
[6.703s] -- Up-to-date symlink: /home/nvidia/ros2/install/qcar2_interfaces/lib/python3.9/site-packages/qcar2_interfaces/qcar2_interfaces_s__rosidl_typesupport_c.cpython-38-aarch64-linux-gnu.so
[6.704s] -- Up-to-date symlink: /home/nvidia/ros2/install/qcar2_interfaces/share/qcar2_interfaces/msg/MotorCommands.idl
[6.704s] -- Up-to-date symlink: /home/nvidia/ros2/install/qcar2_interfaces/share/qcar2_interfaces/msg/BooleanLeds.idl
[6.704s] -- Up-to-date symlink: /home/nvidia/ros2/install/qcar2_interfaces/share/qcar2_interfaces/msg/MotorCommands.msg
[6.705s] -- Up-to-date symlink: /home/nvidia/ros2/install/qcar2_interfaces/share/qcar2_interfaces/msg/BooleanLeds.msg
[6.705s] -- Up-to-date symlink: /home/nvidia/ros2/install/qcar2_interfaces/share/ament_index/resource_index/package_run_dependencies/qcar2_interfaces
[6.705s] -- Up-to-date symlink: /home/nvidia/ros2/install/qcar2_interfaces/share/ament_index/resource_index/parent_prefix_path/qcar2_interfaces
[6.706s] -- Up-to-date symlink: /home/nvidia/ros2/install/qcar2_interfaces/share/qcar2_interfaces/environment/ament_prefix_path.sh
[6.706s] -- Up-to-date symlink: /home/nvidia/ros2/install/qcar2_interfaces/share/qcar2_interfaces/environment/ament_prefix_path.dsv
[6.706s] -- Up-to-date symlink: /home/nvidia/ros2/install/qcar2_interfaces/share/qcar2_interfaces/environment/path.sh
[6.707s] -- Up-to-date symlink: /home/nvidia/ros2/install/qcar2_interfaces/share/qcar2_interfaces/environment/path.dsv
[6.707s] -- Up-to-date symlink: /home/nvidia/ros2/install/qcar2_interfaces/share/qcar2_interfaces/local_setup.bash
[6.707s] -- Up-to-date symlink: /home/nvidia/ros2/install/qcar2_interfaces/share/qcar2_interfaces/local_setup.sh
[6.708s] -- Up-to-date symlink: /home/nvidia/ros2/install/qcar2_interfaces/share/qcar2_interfaces/local_setup.zsh
[6.708s] -- Up-to-date symlink: /home/nvidia/ros2/install/qcar2_interfaces/share/qcar2_interfaces/local_setup.dsv
[6.708s] -- Symlinking: /home/nvidia/ros2/install/qcar2_interfaces/share/qcar2_interfaces/package.dsv
[6.723s] -- Up-to-date symlink: /home/nvidia/ros2/install/qcar2_interfaces/share/ament_index/resource_index/packages/qcar2_interfaces
[6.724s] -- Up-to-date symlink: /home/nvidia/ros2/install/qcar2_interfaces/share/qcar2_interfaces/cmake/rosidl_cmake-extras.cmake
[6.724s] -- Up-to-date symlink: /home/nvidia/ros2/install/qcar2_interfaces/share/qcar2_interfaces/cmake/ament_cmake_export_include_directories-extras.cmake
[6.724s] -- Up-to-date symlink: /home/nvidia/ros2/install/qcar2_interfaces/share/qcar2_interfaces/cmake/ament_cmake_export_libraries-extras.cmake
[6.724s] -- Up-to-date symlink: /home/nvidia/ros2/install/qcar2_interfaces/share/qcar2_interfaces/cmake/ament_cmake_export_targets-extras.cmake
[6.725s] -- Up-to-date symlink: /home/nvidia/ros2/install/qcar2_interfaces/share/qcar2_interfaces/cmake/rosidl_cmake_export_typesupport_targets-extras.cmake
[6.725s] -- Up-to-date symlink: /home/nvidia/ros2/install/qcar2_interfaces/share/qcar2_interfaces/cmake/ament_cmake_export_dependencies-extras.cmake
[6.725s] -- Up-to-date symlink: /home/nvidia/ros2/install/qcar2_interfaces/share/qcar2_interfaces/cmake/rosidl_cmake_export_typesupport_libraries-extras.cmake
[6.726s] -- Up-to-date symlink: /home/nvidia/ros2/install/qcar2_interfaces/share/qcar2_interfaces/cmake/qcar2_interfacesConfig.cmake
[6.726s] -- Up-to-date symlink: /home/nvidia/ros2/install/qcar2_interfaces/share/qcar2_interfaces/cmake/qcar2_interfacesConfig-version.cmake
[6.726s] -- Up-to-date symlink: /home/nvidia/ros2/install/qcar2_interfaces/share/qcar2_interfaces/package.xml
[6.727s] -- Installing: /home/nvidia/ros2/install/qcar2_interfaces/lib/libqcar2_interfaces__rosidl_generator_c.so
[6.727s] -- Set runtime path of "/home/nvidia/ros2/install/qcar2_interfaces/lib/libqcar2_interfaces__rosidl_generator_c.so" to ""
[6.728s] -- Installing: /home/nvidia/ros2/install/qcar2_interfaces/lib/libqcar2_interfaces__rosidl_typesupport_fastrtps_c.so
[6.728s] -- Set runtime path of "/home/nvidia/ros2/install/qcar2_interfaces/lib/libqcar2_interfaces__rosidl_typesupport_fastrtps_c.so" to ""
[6.728s] -- Installing: /home/nvidia/ros2/install/qcar2_interfaces/lib/libqcar2_interfaces__rosidl_typesupport_introspection_c.so
[6.729s] -- Set runtime path of "/home/nvidia/ros2/install/qcar2_interfaces/lib/libqcar2_interfaces__rosidl_typesupport_introspection_c.so" to ""
[6.729s] -- Installing: /home/nvidia/ros2/install/qcar2_interfaces/lib/libqcar2_interfaces__rosidl_typesupport_c.so
[6.729s] -- Set runtime path of "/home/nvidia/ros2/install/qcar2_interfaces/lib/libqcar2_interfaces__rosidl_typesupport_c.so" to ""
[6.730s] -- Installing: /home/nvidia/ros2/install/qcar2_interfaces/lib/libqcar2_interfaces__rosidl_typesupport_fastrtps_cpp.so
[6.730s] -- Set runtime path of "/home/nvidia/ros2/install/qcar2_interfaces/lib/libqcar2_interfaces__rosidl_typesupport_fastrtps_cpp.so" to ""
[6.731s] -- Installing: /home/nvidia/ros2/install/qcar2_interfaces/lib/libqcar2_interfaces__rosidl_typesupport_introspection_cpp.so
[6.731s] -- Set runtime path of "/home/nvidia/ros2/install/qcar2_interfaces/lib/libqcar2_interfaces__rosidl_typesupport_introspection_cpp.so" to ""
[6.732s] -- Installing: /home/nvidia/ros2/install/qcar2_interfaces/lib/libqcar2_interfaces__rosidl_typesupport_cpp.so
[6.732s] -- Set runtime path of "/home/nvidia/ros2/install/qcar2_interfaces/lib/libqcar2_interfaces__rosidl_typesupport_cpp.so" to ""
[6.789s] Listing '/home/nvidia/ros2/install/qcar2_interfaces/lib/python3.9/site-packages/qcar2_interfaces'...
[6.790s] Compiling '/home/nvidia/ros2/install/qcar2_interfaces/lib/python3.9/site-packages/qcar2_interfaces/__init__.py'...
[6.790s] Listing '/home/nvidia/ros2/install/qcar2_interfaces/lib/python3.9/site-packages/qcar2_interfaces/msg'...
[6.790s] Compiling '/home/nvidia/ros2/install/qcar2_interfaces/lib/python3.9/site-packages/qcar2_interfaces/msg/__init__.py'...
[6.790s] Compiling '/home/nvidia/ros2/install/qcar2_interfaces/lib/python3.9/site-packages/qcar2_interfaces/msg/_boolean_leds.py'...
[6.790s] Compiling '/home/nvidia/ros2/install/qcar2_interfaces/lib/python3.9/site-packages/qcar2_interfaces/msg/_motor_commands.py'...
[6.800s] -- Installing: /home/nvidia/ros2/install/qcar2_interfaces/lib/libqcar2_interfaces__rosidl_generator_py.so
[6.800s] -- Set runtime path of "/home/nvidia/ros2/install/qcar2_interfaces/lib/libqcar2_interfaces__rosidl_generator_py.so" to ""
[6.800s] -- Up-to-date: /home/nvidia/ros2/install/qcar2_interfaces/share/qcar2_interfaces/cmake/export_qcar2_interfaces__rosidl_generator_cExport.cmake
[6.800s] -- Installing: /home/nvidia/ros2/install/qcar2_interfaces/share/qcar2_interfaces/cmake/export_qcar2_interfaces__rosidl_generator_cExport-noconfig.cmake
[6.801s] -- Up-to-date: /home/nvidia/ros2/install/qcar2_interfaces/share/qcar2_interfaces/cmake/export_qcar2_interfaces__rosidl_typesupport_fastrtps_cExport.cmake
[6.801s] -- Installing: /home/nvidia/ros2/install/qcar2_interfaces/share/qcar2_interfaces/cmake/export_qcar2_interfaces__rosidl_typesupport_fastrtps_cExport-noconfig.cmake
[6.801s] -- Up-to-date: /home/nvidia/ros2/install/qcar2_interfaces/share/qcar2_interfaces/cmake/qcar2_interfaces__rosidl_typesupport_introspection_cExport.cmake
[6.801s] -- Installing: /home/nvidia/ros2/install/qcar2_interfaces/share/qcar2_interfaces/cmake/qcar2_interfaces__rosidl_typesupport_introspection_cExport-noconfig.cmake
[6.802s] -- Up-to-date: /home/nvidia/ros2/install/qcar2_interfaces/share/qcar2_interfaces/cmake/qcar2_interfaces__rosidl_typesupport_cExport.cmake
[6.802s] -- Installing: /home/nvidia/ros2/install/qcar2_interfaces/share/qcar2_interfaces/cmake/qcar2_interfaces__rosidl_typesupport_cExport-noconfig.cmake
[6.802s] -- Up-to-date: /home/nvidia/ros2/install/qcar2_interfaces/share/qcar2_interfaces/cmake/export_qcar2_interfaces__rosidl_generator_cppExport.cmake
[6.803s] -- Up-to-date: /home/nvidia/ros2/install/qcar2_interfaces/share/qcar2_interfaces/cmake/export_qcar2_interfaces__rosidl_typesupport_fastrtps_cppExport.cmake
[6.803s] -- Installing: /home/nvidia/ros2/install/qcar2_interfaces/share/qcar2_interfaces/cmake/export_qcar2_interfaces__rosidl_typesupport_fastrtps_cppExport-noconfig.cmake
[6.803s] -- Up-to-date: /home/nvidia/ros2/install/qcar2_interfaces/share/qcar2_interfaces/cmake/qcar2_interfaces__rosidl_typesupport_introspection_cppExport.cmake
[6.803s] -- Installing: /home/nvidia/ros2/install/qcar2_interfaces/share/qcar2_interfaces/cmake/qcar2_interfaces__rosidl_typesupport_introspection_cppExport-noconfig.cmake
[6.804s] -- Up-to-date: /home/nvidia/ros2/install/qcar2_interfaces/share/qcar2_interfaces/cmake/qcar2_interfaces__rosidl_typesupport_cppExport.cmake
[6.804s] -- Installing: /home/nvidia/ros2/install/qcar2_interfaces/share/qcar2_interfaces/cmake/qcar2_interfaces__rosidl_typesupport_cppExport-noconfig.cmake
[6.804s] -- Up-to-date: /home/nvidia/ros2/install/qcar2_interfaces/share/qcar2_interfaces/cmake/export_qcar2_interfaces__rosidl_generator_pyExport.cmake
[6.804s] -- Installing: /home/nvidia/ros2/install/qcar2_interfaces/share/qcar2_interfaces/cmake/export_qcar2_interfaces__rosidl_generator_pyExport-noconfig.cmake
[6.810s] Invoked command in '/home/nvidia/ros2/build/qcar2_interfaces' returned '0': CMAKE_PREFIX_PATH=/opt/ros/humble /usr/bin/cmake --install /home/nvidia/ros2/build/qcar2_interfaces
