[0.418s] DEBUG:colcon:Command line arguments: ['/usr/bin/colcon', 'build']
[0.419s] DEBUG:colcon:Parsed command line arguments: Namespace(allow_overriding=[], ament_cmake_args=None, base_paths=['.'], build_base='build', catkin_cmake_args=None, catkin_skip_building_tests=False, cmake_args=None, cmake_clean_cache=False, cmake_clean_first=False, cmake_force_configure=False, cmake_target=None, cmake_target_skip_unavailable=False, continue_on_error=False, event_handlers=None, executor='parallel', ignore_user_meta=False, install_base='install', log_base=None, log_level=None, main=<bound method BuildVerb.main of <colcon_core.verb.build.BuildVerb object at 0xffff91925220>>, merge_install=False, metas=['./colcon.meta'], mixin=None, mixin_files=None, mixin_verb=('build',), packages_above=None, packages_above_and_dependencies=None, packages_above_depth=None, packages_end=None, packages_ignore=None, packages_ignore_regex=None, packages_select=None, packages_select_build_failed=False, packages_select_by_dep=None, packages_select_regex=None, packages_select_test_failures=False, packages_skip=None, packages_skip_build_finished=False, packages_skip_by_dep=None, packages_skip_regex=None, packages_skip_test_passed=False, packages_skip_up_to=None, packages_start=None, packages_up_to=None, packages_up_to_regex=None, parallel_workers=8, paths=None, symlink_install=False, test_result_base=None, verb_extension=<colcon_core.verb.build.BuildVerb object at 0xffff91925220>, verb_name='build', verb_parser=<colcon_mixin.mixin.mixin_argument.MixinArgumentDecorator object at 0xffff918200d0>)
[0.501s] Level 1:colcon.colcon_core.package_discovery:discover_packages(colcon_meta) check parameters
[0.502s] Level 1:colcon.colcon_core.package_discovery:discover_packages(recursive) check parameters
[0.502s] Level 1:colcon.colcon_core.package_discovery:discover_packages(ignore) check parameters
[0.502s] Level 1:colcon.colcon_core.package_discovery:discover_packages(path) check parameters
[0.502s] Level 1:colcon.colcon_core.package_discovery:discover_packages(colcon_meta) discover
[0.502s] Level 1:colcon.colcon_core.package_discovery:discover_packages(recursive) discover
[0.502s] INFO:colcon.colcon_core.package_discovery:Crawling recursively for packages in '/home/nvidia/ros2'
[0.502s] Level 1:colcon.colcon_core.package_identification:_identify(.) by extensions ['ignore', 'ignore_ament_install']
[0.502s] Level 1:colcon.colcon_core.package_identification:_identify(.) by extension 'ignore'
[0.502s] Level 1:colcon.colcon_core.package_identification:_identify(.) by extension 'ignore_ament_install'
[0.503s] Level 1:colcon.colcon_core.package_identification:_identify(.) by extensions ['colcon_pkg']
[0.503s] Level 1:colcon.colcon_core.package_identification:_identify(.) by extension 'colcon_pkg'
[0.503s] Level 1:colcon.colcon_core.package_identification:_identify(.) by extensions ['colcon_meta']
[0.503s] Level 1:colcon.colcon_core.package_identification:_identify(.) by extension 'colcon_meta'
[0.503s] Level 1:colcon.colcon_core.package_identification:_identify(.) by extensions ['ros']
[0.503s] Level 1:colcon.colcon_core.package_identification:_identify(.) by extension 'ros'
[0.527s] Level 1:colcon.colcon_core.package_identification:_identify(.) by extensions ['cmake', 'python']
[0.527s] Level 1:colcon.colcon_core.package_identification:_identify(.) by extension 'cmake'
[0.527s] Level 1:colcon.colcon_core.package_identification:_identify(.) by extension 'python'
[0.527s] Level 1:colcon.colcon_core.package_identification:_identify(.) by extensions ['python_setup_py']
[0.527s] Level 1:colcon.colcon_core.package_identification:_identify(.) by extension 'python_setup_py'
[0.527s] Level 1:colcon.colcon_core.package_identification:_identify(build) by extensions ['ignore', 'ignore_ament_install']
[0.528s] Level 1:colcon.colcon_core.package_identification:_identify(build) by extension 'ignore'
[0.528s] Level 1:colcon.colcon_core.package_identification:_identify(build) ignored
[0.528s] Level 1:colcon.colcon_core.package_identification:_identify(install) by extensions ['ignore', 'ignore_ament_install']
[0.528s] Level 1:colcon.colcon_core.package_identification:_identify(install) by extension 'ignore'
[0.528s] Level 1:colcon.colcon_core.package_identification:_identify(install) ignored
[0.528s] Level 1:colcon.colcon_core.package_identification:_identify(log) by extensions ['ignore', 'ignore_ament_install']
[0.528s] Level 1:colcon.colcon_core.package_identification:_identify(log) by extension 'ignore'
[0.528s] Level 1:colcon.colcon_core.package_identification:_identify(log) ignored
[0.529s] Level 1:colcon.colcon_core.package_identification:_identify(src) by extensions ['ignore', 'ignore_ament_install']
[0.529s] Level 1:colcon.colcon_core.package_identification:_identify(src) by extension 'ignore'
[0.529s] Level 1:colcon.colcon_core.package_identification:_identify(src) by extension 'ignore_ament_install'
[0.529s] Level 1:colcon.colcon_core.package_identification:_identify(src) by extensions ['colcon_pkg']
[0.529s] Level 1:colcon.colcon_core.package_identification:_identify(src) by extension 'colcon_pkg'
[0.529s] Level 1:colcon.colcon_core.package_identification:_identify(src) by extensions ['colcon_meta']
[0.529s] Level 1:colcon.colcon_core.package_identification:_identify(src) by extension 'colcon_meta'
[0.529s] Level 1:colcon.colcon_core.package_identification:_identify(src) by extensions ['ros']
[0.529s] Level 1:colcon.colcon_core.package_identification:_identify(src) by extension 'ros'
[0.529s] Level 1:colcon.colcon_core.package_identification:_identify(src) by extensions ['cmake', 'python']
[0.529s] Level 1:colcon.colcon_core.package_identification:_identify(src) by extension 'cmake'
[0.529s] Level 1:colcon.colcon_core.package_identification:_identify(src) by extension 'python'
[0.529s] Level 1:colcon.colcon_core.package_identification:_identify(src) by extensions ['python_setup_py']
[0.530s] Level 1:colcon.colcon_core.package_identification:_identify(src) by extension 'python_setup_py'
[0.530s] Level 1:colcon.colcon_core.package_identification:_identify(src/qcar2_interfaces) by extensions ['ignore', 'ignore_ament_install']
[0.530s] Level 1:colcon.colcon_core.package_identification:_identify(src/qcar2_interfaces) by extension 'ignore'
[0.530s] Level 1:colcon.colcon_core.package_identification:_identify(src/qcar2_interfaces) by extension 'ignore_ament_install'
[0.530s] Level 1:colcon.colcon_core.package_identification:_identify(src/qcar2_interfaces) by extensions ['colcon_pkg']
[0.530s] Level 1:colcon.colcon_core.package_identification:_identify(src/qcar2_interfaces) by extension 'colcon_pkg'
[0.530s] Level 1:colcon.colcon_core.package_identification:_identify(src/qcar2_interfaces) by extensions ['colcon_meta']
[0.530s] Level 1:colcon.colcon_core.package_identification:_identify(src/qcar2_interfaces) by extension 'colcon_meta'
[0.530s] Level 1:colcon.colcon_core.package_identification:_identify(src/qcar2_interfaces) by extensions ['ros']
[0.530s] Level 1:colcon.colcon_core.package_identification:_identify(src/qcar2_interfaces) by extension 'ros'
[0.535s] DEBUG:colcon.colcon_core.package_identification:Package 'src/qcar2_interfaces' with type 'ros.ament_cmake' and name 'qcar2_interfaces'
[0.535s] Level 1:colcon.colcon_core.package_identification:_identify(src/qcar2_nodes) by extensions ['ignore', 'ignore_ament_install']
[0.535s] Level 1:colcon.colcon_core.package_identification:_identify(src/qcar2_nodes) by extension 'ignore'
[0.535s] Level 1:colcon.colcon_core.package_identification:_identify(src/qcar2_nodes) by extension 'ignore_ament_install'
[0.535s] Level 1:colcon.colcon_core.package_identification:_identify(src/qcar2_nodes) by extensions ['colcon_pkg']
[0.535s] Level 1:colcon.colcon_core.package_identification:_identify(src/qcar2_nodes) by extension 'colcon_pkg'
[0.535s] Level 1:colcon.colcon_core.package_identification:_identify(src/qcar2_nodes) by extensions ['colcon_meta']
[0.535s] Level 1:colcon.colcon_core.package_identification:_identify(src/qcar2_nodes) by extension 'colcon_meta'
[0.535s] Level 1:colcon.colcon_core.package_identification:_identify(src/qcar2_nodes) by extensions ['ros']
[0.536s] Level 1:colcon.colcon_core.package_identification:_identify(src/qcar2_nodes) by extension 'ros'
[0.537s] DEBUG:colcon.colcon_core.package_identification:Package 'src/qcar2_nodes' with type 'ros.ament_cmake' and name 'qcar2_nodes'
[0.537s] Level 1:colcon.colcon_core.package_discovery:discover_packages(recursive) using defaults
[0.538s] Level 1:colcon.colcon_core.package_discovery:discover_packages(ignore) discover
[0.538s] Level 1:colcon.colcon_core.package_discovery:discover_packages(ignore) using defaults
[0.538s] Level 1:colcon.colcon_core.package_discovery:discover_packages(path) discover
[0.538s] Level 1:colcon.colcon_core.package_discovery:discover_packages(path) using defaults
[0.569s] Level 1:colcon.colcon_core.package_discovery:discover_packages(prefix_path) check parameters
[0.569s] Level 1:colcon.colcon_core.package_discovery:discover_packages(prefix_path) discover
[0.571s] WARNING:colcon.colcon_ros.prefix_path.ament:The path '/home/nvidia/ros2/install/qcar2_nodes' in the environment variable AMENT_PREFIX_PATH doesn't exist
[0.571s] WARNING:colcon.colcon_ros.prefix_path.ament:The path '/home/nvidia/ros2/install/qcar2_interfaces' in the environment variable AMENT_PREFIX_PATH doesn't exist
[0.571s] WARNING:colcon.colcon_ros.prefix_path.catkin:The path '/home/nvidia/ros2/install/qcar2_nodes' in the environment variable CMAKE_PREFIX_PATH doesn't exist
[0.571s] WARNING:colcon.colcon_ros.prefix_path.catkin:The path '/home/nvidia/ros2/install/qcar2_interfaces' in the environment variable CMAKE_PREFIX_PATH doesn't exist
[0.572s] DEBUG:colcon.colcon_installed_package_information.package_discovery:Found 0 installed packages in /home/nvidia/ros2/install
[0.575s] DEBUG:colcon.colcon_installed_package_information.package_discovery:Found 355 installed packages in /opt/ros/humble
[0.578s] Level 1:colcon.colcon_core.package_discovery:discover_packages(prefix_path) using defaults
[0.703s] Level 5:colcon.colcon_core.verb:set package 'qcar2_interfaces' build argument 'cmake_args' from command line to 'None'
[0.703s] Level 5:colcon.colcon_core.verb:set package 'qcar2_interfaces' build argument 'cmake_target' from command line to 'None'
[0.703s] Level 5:colcon.colcon_core.verb:set package 'qcar2_interfaces' build argument 'cmake_target_skip_unavailable' from command line to 'False'
[0.703s] Level 5:colcon.colcon_core.verb:set package 'qcar2_interfaces' build argument 'cmake_clean_cache' from command line to 'False'
[0.703s] Level 5:colcon.colcon_core.verb:set package 'qcar2_interfaces' build argument 'cmake_clean_first' from command line to 'False'
[0.703s] Level 5:colcon.colcon_core.verb:set package 'qcar2_interfaces' build argument 'cmake_force_configure' from command line to 'False'
[0.703s] Level 5:colcon.colcon_core.verb:set package 'qcar2_interfaces' build argument 'ament_cmake_args' from command line to 'None'
[0.703s] Level 5:colcon.colcon_core.verb:set package 'qcar2_interfaces' build argument 'catkin_cmake_args' from command line to 'None'
[0.703s] Level 5:colcon.colcon_core.verb:set package 'qcar2_interfaces' build argument 'catkin_skip_building_tests' from command line to 'False'
[0.703s] DEBUG:colcon.colcon_core.verb:Building package 'qcar2_interfaces' with the following arguments: {'ament_cmake_args': None, 'build_base': '/home/nvidia/ros2/build/qcar2_interfaces', 'catkin_cmake_args': None, 'catkin_skip_building_tests': False, 'cmake_args': None, 'cmake_clean_cache': False, 'cmake_clean_first': False, 'cmake_force_configure': False, 'cmake_target': None, 'cmake_target_skip_unavailable': False, 'install_base': '/home/nvidia/ros2/install/qcar2_interfaces', 'merge_install': False, 'path': '/home/nvidia/ros2/src/qcar2_interfaces', 'symlink_install': False, 'test_result_base': None}
[0.704s] Level 5:colcon.colcon_core.verb:set package 'qcar2_nodes' build argument 'cmake_args' from command line to 'None'
[0.704s] Level 5:colcon.colcon_core.verb:set package 'qcar2_nodes' build argument 'cmake_target' from command line to 'None'
[0.704s] Level 5:colcon.colcon_core.verb:set package 'qcar2_nodes' build argument 'cmake_target_skip_unavailable' from command line to 'False'
[0.704s] Level 5:colcon.colcon_core.verb:set package 'qcar2_nodes' build argument 'cmake_clean_cache' from command line to 'False'
[0.704s] Level 5:colcon.colcon_core.verb:set package 'qcar2_nodes' build argument 'cmake_clean_first' from command line to 'False'
[0.704s] Level 5:colcon.colcon_core.verb:set package 'qcar2_nodes' build argument 'cmake_force_configure' from command line to 'False'
[0.704s] Level 5:colcon.colcon_core.verb:set package 'qcar2_nodes' build argument 'ament_cmake_args' from command line to 'None'
[0.704s] Level 5:colcon.colcon_core.verb:set package 'qcar2_nodes' build argument 'catkin_cmake_args' from command line to 'None'
[0.704s] Level 5:colcon.colcon_core.verb:set package 'qcar2_nodes' build argument 'catkin_skip_building_tests' from command line to 'False'
[0.704s] DEBUG:colcon.colcon_core.verb:Building package 'qcar2_nodes' with the following arguments: {'ament_cmake_args': None, 'build_base': '/home/nvidia/ros2/build/qcar2_nodes', 'catkin_cmake_args': None, 'catkin_skip_building_tests': False, 'cmake_args': None, 'cmake_clean_cache': False, 'cmake_clean_first': False, 'cmake_force_configure': False, 'cmake_target': None, 'cmake_target_skip_unavailable': False, 'install_base': '/home/nvidia/ros2/install/qcar2_nodes', 'merge_install': False, 'path': '/home/nvidia/ros2/src/qcar2_nodes', 'symlink_install': False, 'test_result_base': None}
[0.704s] INFO:colcon.colcon_core.executor:Executing jobs using 'parallel' executor
[0.706s] DEBUG:colcon.colcon_parallel_executor.executor.parallel:run_until_complete
[0.707s] INFO:colcon.colcon_ros.task.ament_cmake.build:Building ROS package in '/home/nvidia/ros2/src/qcar2_interfaces' with build type 'ament_cmake'
[0.707s] INFO:colcon.colcon_cmake.task.cmake.build:Building CMake package in '/home/nvidia/ros2/src/qcar2_interfaces'
[0.712s] INFO:colcon.colcon_core.plugin_system:Skipping extension 'colcon_core.shell.bat': Not used on non-Windows systems
[0.712s] INFO:colcon.colcon_core.shell:Skip shell extension 'powershell' for command environment: Not usable outside of PowerShell
[0.712s] DEBUG:colcon.colcon_core.shell:Skip shell extension 'dsv' for command environment
[0.726s] DEBUG:colcon.colcon_core.event_handler.log_command:Invoking command in '/home/nvidia/ros2/build/qcar2_interfaces': CMAKE_PREFIX_PATH=${CMAKE_PREFIX_PATH}:/opt/ros/humble /usr/bin/cmake /home/nvidia/ros2/src/qcar2_interfaces -DCMAKE_INSTALL_PREFIX=/home/nvidia/ros2/install/qcar2_interfaces
[4.557s] DEBUG:colcon.colcon_core.event_handler.log_command:Invoked command in '/home/nvidia/ros2/build/qcar2_interfaces' returned '0': CMAKE_PREFIX_PATH=${CMAKE_PREFIX_PATH}:/opt/ros/humble /usr/bin/cmake /home/nvidia/ros2/src/qcar2_interfaces -DCMAKE_INSTALL_PREFIX=/home/nvidia/ros2/install/qcar2_interfaces
[4.563s] DEBUG:colcon.colcon_core.event_handler.log_command:Invoking command in '/home/nvidia/ros2/build/qcar2_interfaces': CMAKE_PREFIX_PATH=${CMAKE_PREFIX_PATH}:/opt/ros/humble /usr/bin/cmake --build /home/nvidia/ros2/build/qcar2_interfaces -- -j8 -l8
[8.304s] DEBUG:colcon.colcon_core.event_handler.log_command:Invoked command in '/home/nvidia/ros2/build/qcar2_interfaces' returned '0': CMAKE_PREFIX_PATH=${CMAKE_PREFIX_PATH}:/opt/ros/humble /usr/bin/cmake --build /home/nvidia/ros2/build/qcar2_interfaces -- -j8 -l8
[8.407s] DEBUG:colcon.colcon_core.event_handler.log_command:Invoking command in '/home/nvidia/ros2/build/qcar2_interfaces': CMAKE_PREFIX_PATH=${CMAKE_PREFIX_PATH}:/opt/ros/humble /usr/bin/cmake --install /home/nvidia/ros2/build/qcar2_interfaces
[8.521s] Level 1:colcon.colcon_core.environment:create_environment_scripts_only(qcar2_interfaces)
[8.523s] DEBUG:colcon.colcon_core.event_handler.log_command:Invoked command in '/home/nvidia/ros2/build/qcar2_interfaces' returned '0': CMAKE_PREFIX_PATH=${CMAKE_PREFIX_PATH}:/opt/ros/humble /usr/bin/cmake --install /home/nvidia/ros2/build/qcar2_interfaces
[8.532s] Level 1:colcon.colcon_core.environment:checking '/home/nvidia/ros2/install/qcar2_interfaces' for CMake module files
[8.533s] Level 1:colcon.colcon_core.environment:checking '/home/nvidia/ros2/install/qcar2_interfaces' for CMake config files
[8.535s] Level 1:colcon.colcon_core.shell:create_environment_hook('qcar2_interfaces', 'cmake_prefix_path')
[8.535s] INFO:colcon.colcon_core.shell:Creating environment hook '/home/nvidia/ros2/install/qcar2_interfaces/share/qcar2_interfaces/hook/cmake_prefix_path.ps1'
[8.537s] INFO:colcon.colcon_core.shell:Creating environment descriptor '/home/nvidia/ros2/install/qcar2_interfaces/share/qcar2_interfaces/hook/cmake_prefix_path.dsv'
[8.538s] INFO:colcon.colcon_core.shell:Creating environment hook '/home/nvidia/ros2/install/qcar2_interfaces/share/qcar2_interfaces/hook/cmake_prefix_path.sh'
[8.540s] Level 1:colcon.colcon_core.environment:checking '/home/nvidia/ros2/install/qcar2_interfaces/lib'
[8.540s] Level 1:colcon.colcon_core.shell:create_environment_hook('qcar2_interfaces', 'ld_library_path_lib')
[8.540s] INFO:colcon.colcon_core.shell:Creating environment hook '/home/nvidia/ros2/install/qcar2_interfaces/share/qcar2_interfaces/hook/ld_library_path_lib.ps1'
[8.541s] INFO:colcon.colcon_core.shell:Creating environment descriptor '/home/nvidia/ros2/install/qcar2_interfaces/share/qcar2_interfaces/hook/ld_library_path_lib.dsv'
[8.541s] INFO:colcon.colcon_core.shell:Creating environment hook '/home/nvidia/ros2/install/qcar2_interfaces/share/qcar2_interfaces/hook/ld_library_path_lib.sh'
[8.542s] Level 1:colcon.colcon_core.environment:checking '/home/nvidia/ros2/install/qcar2_interfaces/bin'
[8.542s] Level 1:colcon.colcon_core.environment:checking '/home/nvidia/ros2/install/qcar2_interfaces/lib/pkgconfig/qcar2_interfaces.pc'
[8.542s] Level 1:colcon.colcon_core.environment:checking '/home/nvidia/ros2/install/qcar2_interfaces/lib/python3.8/site-packages'
[8.542s] Level 1:colcon.colcon_core.environment:checking '/home/nvidia/ros2/install/qcar2_interfaces/bin'
[8.543s] INFO:colcon.colcon_core.shell:Creating package script '/home/nvidia/ros2/install/qcar2_interfaces/share/qcar2_interfaces/package.ps1'
[8.545s] INFO:colcon.colcon_core.shell:Creating package descriptor '/home/nvidia/ros2/install/qcar2_interfaces/share/qcar2_interfaces/package.dsv'
[8.546s] INFO:colcon.colcon_core.shell:Creating package script '/home/nvidia/ros2/install/qcar2_interfaces/share/qcar2_interfaces/package.sh'
[8.547s] INFO:colcon.colcon_core.shell:Creating package script '/home/nvidia/ros2/install/qcar2_interfaces/share/qcar2_interfaces/package.bash'
[8.549s] INFO:colcon.colcon_core.shell:Creating package script '/home/nvidia/ros2/install/qcar2_interfaces/share/qcar2_interfaces/package.zsh'
[8.551s] Level 1:colcon.colcon_core.environment:create_file_with_runtime_dependencies(/home/nvidia/ros2/install/qcar2_interfaces/share/colcon-core/packages/qcar2_interfaces)
[8.633s] Level 1:colcon.colcon_core.environment:create_environment_scripts_only(qcar2_interfaces)
[8.634s] Level 1:colcon.colcon_core.environment:checking '/home/nvidia/ros2/install/qcar2_interfaces' for CMake module files
[8.637s] Level 1:colcon.colcon_core.environment:checking '/home/nvidia/ros2/install/qcar2_interfaces' for CMake config files
[8.640s] Level 1:colcon.colcon_core.shell:create_environment_hook('qcar2_interfaces', 'cmake_prefix_path')
[8.641s] INFO:colcon.colcon_core.shell:Creating environment hook '/home/nvidia/ros2/install/qcar2_interfaces/share/qcar2_interfaces/hook/cmake_prefix_path.ps1'
[8.643s] INFO:colcon.colcon_core.shell:Creating environment descriptor '/home/nvidia/ros2/install/qcar2_interfaces/share/qcar2_interfaces/hook/cmake_prefix_path.dsv'
[8.644s] INFO:colcon.colcon_core.shell:Creating environment hook '/home/nvidia/ros2/install/qcar2_interfaces/share/qcar2_interfaces/hook/cmake_prefix_path.sh'
[8.646s] Level 1:colcon.colcon_core.environment:checking '/home/nvidia/ros2/install/qcar2_interfaces/lib'
[8.647s] Level 1:colcon.colcon_core.shell:create_environment_hook('qcar2_interfaces', 'ld_library_path_lib')
[8.647s] INFO:colcon.colcon_core.shell:Creating environment hook '/home/nvidia/ros2/install/qcar2_interfaces/share/qcar2_interfaces/hook/ld_library_path_lib.ps1'
[8.649s] INFO:colcon.colcon_core.shell:Creating environment descriptor '/home/nvidia/ros2/install/qcar2_interfaces/share/qcar2_interfaces/hook/ld_library_path_lib.dsv'
[8.650s] INFO:colcon.colcon_core.shell:Creating environment hook '/home/nvidia/ros2/install/qcar2_interfaces/share/qcar2_interfaces/hook/ld_library_path_lib.sh'
[8.651s] Level 1:colcon.colcon_core.environment:checking '/home/nvidia/ros2/install/qcar2_interfaces/bin'
[8.651s] Level 1:colcon.colcon_core.environment:checking '/home/nvidia/ros2/install/qcar2_interfaces/lib/pkgconfig/qcar2_interfaces.pc'
[8.652s] Level 1:colcon.colcon_core.environment:checking '/home/nvidia/ros2/install/qcar2_interfaces/lib/python3.8/site-packages'
[8.652s] Level 1:colcon.colcon_core.environment:checking '/home/nvidia/ros2/install/qcar2_interfaces/bin'
[8.653s] INFO:colcon.colcon_core.shell:Creating package script '/home/nvidia/ros2/install/qcar2_interfaces/share/qcar2_interfaces/package.ps1'
[8.655s] INFO:colcon.colcon_core.shell:Creating package descriptor '/home/nvidia/ros2/install/qcar2_interfaces/share/qcar2_interfaces/package.dsv'
[8.656s] INFO:colcon.colcon_core.shell:Creating package script '/home/nvidia/ros2/install/qcar2_interfaces/share/qcar2_interfaces/package.sh'
[8.657s] INFO:colcon.colcon_core.shell:Creating package script '/home/nvidia/ros2/install/qcar2_interfaces/share/qcar2_interfaces/package.bash'
[8.659s] INFO:colcon.colcon_core.shell:Creating package script '/home/nvidia/ros2/install/qcar2_interfaces/share/qcar2_interfaces/package.zsh'
[8.660s] Level 1:colcon.colcon_core.environment:create_file_with_runtime_dependencies(/home/nvidia/ros2/install/qcar2_interfaces/share/colcon-core/packages/qcar2_interfaces)
[8.661s] INFO:colcon.colcon_ros.task.ament_cmake.build:Building ROS package in '/home/nvidia/ros2/src/qcar2_nodes' with build type 'ament_cmake'
[8.661s] INFO:colcon.colcon_cmake.task.cmake.build:Building CMake package in '/home/nvidia/ros2/src/qcar2_nodes'
[8.662s] INFO:colcon.colcon_core.shell:Skip shell extension 'powershell' for command environment: Not usable outside of PowerShell
[8.662s] DEBUG:colcon.colcon_core.shell:Skip shell extension 'dsv' for command environment
[8.685s] DEBUG:colcon.colcon_core.event_handler.log_command:Invoking command in '/home/nvidia/ros2/build/qcar2_nodes': CMAKE_PREFIX_PATH=/home/nvidia/ros2/install/qcar2_interfaces:/home/nvidia/ros2/install/qcar2_nodes:/opt/ros/humble LD_LIBRARY_PATH=/home/nvidia/ros2/install/qcar2_interfaces/lib:/opt/ros/humble/opt/rviz_ogre_vendor/lib:/opt/ros/humble/lib/aarch64-linux-gnu:/opt/ros/humble/lib:/usr/local/cuda/lib64 /usr/bin/cmake /home/nvidia/ros2/src/qcar2_nodes -DCMAKE_INSTALL_PREFIX=/home/nvidia/ros2/install/qcar2_nodes
[12.780s] DEBUG:colcon.colcon_core.event_handler.log_command:Invoked command in '/home/nvidia/ros2/build/qcar2_nodes' returned '0': CMAKE_PREFIX_PATH=/home/nvidia/ros2/install/qcar2_interfaces:/home/nvidia/ros2/install/qcar2_nodes:/opt/ros/humble LD_LIBRARY_PATH=/home/nvidia/ros2/install/qcar2_interfaces/lib:/opt/ros/humble/opt/rviz_ogre_vendor/lib:/opt/ros/humble/lib/aarch64-linux-gnu:/opt/ros/humble/lib:/usr/local/cuda/lib64 /usr/bin/cmake /home/nvidia/ros2/src/qcar2_nodes -DCMAKE_INSTALL_PREFIX=/home/nvidia/ros2/install/qcar2_nodes
[12.787s] DEBUG:colcon.colcon_core.event_handler.log_command:Invoking command in '/home/nvidia/ros2/build/qcar2_nodes': CMAKE_PREFIX_PATH=/home/nvidia/ros2/install/qcar2_interfaces:/home/nvidia/ros2/install/qcar2_nodes:/opt/ros/humble LD_LIBRARY_PATH=/home/nvidia/ros2/install/qcar2_interfaces/lib:/opt/ros/humble/opt/rviz_ogre_vendor/lib:/opt/ros/humble/lib/aarch64-linux-gnu:/opt/ros/humble/lib:/usr/local/cuda/lib64 /usr/bin/cmake --build /home/nvidia/ros2/build/qcar2_nodes -- -j8 -l8
[38.060s] DEBUG:colcon.colcon_core.event_handler.log_command:Invoked command in '/home/nvidia/ros2/build/qcar2_nodes' returned '0': CMAKE_PREFIX_PATH=/home/nvidia/ros2/install/qcar2_interfaces:/home/nvidia/ros2/install/qcar2_nodes:/opt/ros/humble LD_LIBRARY_PATH=/home/nvidia/ros2/install/qcar2_interfaces/lib:/opt/ros/humble/opt/rviz_ogre_vendor/lib:/opt/ros/humble/lib/aarch64-linux-gnu:/opt/ros/humble/lib:/usr/local/cuda/lib64 /usr/bin/cmake --build /home/nvidia/ros2/build/qcar2_nodes -- -j8 -l8
[38.117s] DEBUG:colcon.colcon_core.event_handler.log_command:Invoking command in '/home/nvidia/ros2/build/qcar2_nodes': CMAKE_PREFIX_PATH=/home/nvidia/ros2/install/qcar2_interfaces:/home/nvidia/ros2/install/qcar2_nodes:/opt/ros/humble LD_LIBRARY_PATH=/home/nvidia/ros2/install/qcar2_interfaces/lib:/opt/ros/humble/opt/rviz_ogre_vendor/lib:/opt/ros/humble/lib/aarch64-linux-gnu:/opt/ros/humble/lib:/usr/local/cuda/lib64 /usr/bin/cmake --install /home/nvidia/ros2/build/qcar2_nodes
[38.167s] Level 1:colcon.colcon_core.environment:create_environment_scripts_only(qcar2_nodes)
[38.168s] Level 1:colcon.colcon_core.environment:checking '/home/nvidia/ros2/install/qcar2_nodes' for CMake module files
[38.169s] DEBUG:colcon.colcon_core.event_handler.log_command:Invoked command in '/home/nvidia/ros2/build/qcar2_nodes' returned '0': CMAKE_PREFIX_PATH=/home/nvidia/ros2/install/qcar2_interfaces:/home/nvidia/ros2/install/qcar2_nodes:/opt/ros/humble LD_LIBRARY_PATH=/home/nvidia/ros2/install/qcar2_interfaces/lib:/opt/ros/humble/opt/rviz_ogre_vendor/lib:/opt/ros/humble/lib/aarch64-linux-gnu:/opt/ros/humble/lib:/usr/local/cuda/lib64 /usr/bin/cmake --install /home/nvidia/ros2/build/qcar2_nodes
[38.170s] Level 1:colcon.colcon_core.environment:checking '/home/nvidia/ros2/install/qcar2_nodes' for CMake config files
[38.171s] Level 1:colcon.colcon_core.shell:create_environment_hook('qcar2_nodes', 'cmake_prefix_path')
[38.172s] INFO:colcon.colcon_core.shell:Creating environment hook '/home/nvidia/ros2/install/qcar2_nodes/share/qcar2_nodes/hook/cmake_prefix_path.ps1'
[38.174s] INFO:colcon.colcon_core.shell:Creating environment descriptor '/home/nvidia/ros2/install/qcar2_nodes/share/qcar2_nodes/hook/cmake_prefix_path.dsv'
[38.176s] INFO:colcon.colcon_core.shell:Creating environment hook '/home/nvidia/ros2/install/qcar2_nodes/share/qcar2_nodes/hook/cmake_prefix_path.sh'
[38.178s] Level 1:colcon.colcon_core.environment:checking '/home/nvidia/ros2/install/qcar2_nodes/lib'
[38.178s] Level 1:colcon.colcon_core.environment:checking '/home/nvidia/ros2/install/qcar2_nodes/bin'
[38.178s] Level 1:colcon.colcon_core.environment:checking '/home/nvidia/ros2/install/qcar2_nodes/lib/pkgconfig/qcar2_nodes.pc'
[38.179s] Level 1:colcon.colcon_core.environment:checking '/home/nvidia/ros2/install/qcar2_nodes/lib/python3.8/site-packages'
[38.180s] Level 1:colcon.colcon_core.environment:checking '/home/nvidia/ros2/install/qcar2_nodes/bin'
[38.181s] INFO:colcon.colcon_core.shell:Creating package script '/home/nvidia/ros2/install/qcar2_nodes/share/qcar2_nodes/package.ps1'
[38.182s] INFO:colcon.colcon_core.shell:Creating package descriptor '/home/nvidia/ros2/install/qcar2_nodes/share/qcar2_nodes/package.dsv'
[38.184s] INFO:colcon.colcon_core.shell:Creating package script '/home/nvidia/ros2/install/qcar2_nodes/share/qcar2_nodes/package.sh'
[38.185s] INFO:colcon.colcon_core.shell:Creating package script '/home/nvidia/ros2/install/qcar2_nodes/share/qcar2_nodes/package.bash'
[38.187s] INFO:colcon.colcon_core.shell:Creating package script '/home/nvidia/ros2/install/qcar2_nodes/share/qcar2_nodes/package.zsh'
[38.188s] Level 1:colcon.colcon_core.environment:create_file_with_runtime_dependencies(/home/nvidia/ros2/install/qcar2_nodes/share/colcon-core/packages/qcar2_nodes)
[38.241s] Level 1:colcon.colcon_core.environment:create_environment_scripts_only(qcar2_nodes)
[38.242s] Level 1:colcon.colcon_core.environment:checking '/home/nvidia/ros2/install/qcar2_nodes' for CMake module files
[38.243s] Level 1:colcon.colcon_core.environment:checking '/home/nvidia/ros2/install/qcar2_nodes' for CMake config files
[38.243s] Level 1:colcon.colcon_core.shell:create_environment_hook('qcar2_nodes', 'cmake_prefix_path')
[38.244s] INFO:colcon.colcon_core.shell:Creating environment hook '/home/nvidia/ros2/install/qcar2_nodes/share/qcar2_nodes/hook/cmake_prefix_path.ps1'
[38.245s] INFO:colcon.colcon_core.shell:Creating environment descriptor '/home/nvidia/ros2/install/qcar2_nodes/share/qcar2_nodes/hook/cmake_prefix_path.dsv'
[38.246s] INFO:colcon.colcon_core.shell:Creating environment hook '/home/nvidia/ros2/install/qcar2_nodes/share/qcar2_nodes/hook/cmake_prefix_path.sh'
[38.248s] Level 1:colcon.colcon_core.environment:checking '/home/nvidia/ros2/install/qcar2_nodes/lib'
[38.248s] Level 1:colcon.colcon_core.environment:checking '/home/nvidia/ros2/install/qcar2_nodes/bin'
[38.248s] Level 1:colcon.colcon_core.environment:checking '/home/nvidia/ros2/install/qcar2_nodes/lib/pkgconfig/qcar2_nodes.pc'
[38.249s] Level 1:colcon.colcon_core.environment:checking '/home/nvidia/ros2/install/qcar2_nodes/lib/python3.8/site-packages'
[38.250s] Level 1:colcon.colcon_core.environment:checking '/home/nvidia/ros2/install/qcar2_nodes/bin'
[38.250s] INFO:colcon.colcon_core.shell:Creating package script '/home/nvidia/ros2/install/qcar2_nodes/share/qcar2_nodes/package.ps1'
[38.252s] INFO:colcon.colcon_core.shell:Creating package descriptor '/home/nvidia/ros2/install/qcar2_nodes/share/qcar2_nodes/package.dsv'
[38.254s] INFO:colcon.colcon_core.shell:Creating package script '/home/nvidia/ros2/install/qcar2_nodes/share/qcar2_nodes/package.sh'
[38.255s] INFO:colcon.colcon_core.shell:Creating package script '/home/nvidia/ros2/install/qcar2_nodes/share/qcar2_nodes/package.bash'
[38.256s] INFO:colcon.colcon_core.shell:Creating package script '/home/nvidia/ros2/install/qcar2_nodes/share/qcar2_nodes/package.zsh'
[38.257s] Level 1:colcon.colcon_core.environment:create_file_with_runtime_dependencies(/home/nvidia/ros2/install/qcar2_nodes/share/colcon-core/packages/qcar2_nodes)
[38.258s] DEBUG:colcon.colcon_parallel_executor.executor.parallel:closing loop
[38.259s] DEBUG:colcon.colcon_parallel_executor.executor.parallel:loop closed
[38.259s] DEBUG:colcon.colcon_parallel_executor.executor.parallel:run_until_complete finished with '0'
[38.259s] DEBUG:colcon.colcon_core.event_reactor:joining thread
[38.277s] INFO:colcon.colcon_core.plugin_system:Skipping extension 'colcon_notification.desktop_notification.terminal_notifier': Not used on non-Darwin systems
[38.277s] INFO:colcon.colcon_core.plugin_system:Skipping extension 'colcon_notification.desktop_notification.win32': Not used on non-Windows systems
[38.278s] INFO:colcon.colcon_notification.desktop_notification:Sending desktop notification using 'notify2'
[38.299s] DEBUG:colcon.colcon_notification.desktop_notification.notify2:Failed to initialize notify2: org.freedesktop.DBus.Error.Spawn.ChildExited: Process org.freedesktop.Notifications exited with status 1
[38.300s] DEBUG:colcon.colcon_core.event_reactor:joined thread
[38.300s] INFO:colcon.colcon_core.shell:Creating prefix script '/home/nvidia/ros2/install/local_setup.ps1'
[38.303s] INFO:colcon.colcon_core.shell:Creating prefix util module '/home/nvidia/ros2/install/_local_setup_util_ps1.py'
[38.308s] INFO:colcon.colcon_core.shell:Creating prefix chain script '/home/nvidia/ros2/install/setup.ps1'
[38.312s] INFO:colcon.colcon_core.shell:Creating prefix script '/home/nvidia/ros2/install/local_setup.sh'
[38.313s] INFO:colcon.colcon_core.shell:Creating prefix util module '/home/nvidia/ros2/install/_local_setup_util_sh.py'
[38.315s] INFO:colcon.colcon_core.shell:Creating prefix chain script '/home/nvidia/ros2/install/setup.sh'
[38.317s] INFO:colcon.colcon_core.shell:Creating prefix script '/home/nvidia/ros2/install/local_setup.bash'
[38.318s] INFO:colcon.colcon_core.shell:Creating prefix chain script '/home/nvidia/ros2/install/setup.bash'
[38.319s] INFO:colcon.colcon_core.shell:Creating prefix script '/home/nvidia/ros2/install/local_setup.zsh'
[38.320s] INFO:colcon.colcon_core.shell:Creating prefix chain script '/home/nvidia/ros2/install/setup.zsh'
