[0.022s] Invoking command in '/home/nvidia/ros2/build/qcar2_nodes': CMAKE_PREFIX_PATH=/home/nvidia/ros2/install/qcar2_interfaces:/home/nvidia/ros2/install/qcar2_nodes:/opt/ros/humble LD_LIBRARY_PATH=/home/nvidia/ros2/install/qcar2_interfaces/lib:/opt/ros/humble/opt/rviz_ogre_vendor/lib:/opt/ros/humble/lib/aarch64-linux-gnu:/opt/ros/humble/lib:/usr/local/cuda/lib64 /usr/bin/cmake /home/nvidia/ros2/src/qcar2_nodes -DCMAKE_INSTALL_PREFIX=/home/nvidia/ros2/install/qcar2_nodes
[0.099s] -- The C compiler identification is GNU 9.4.0
[0.168s] -- The CXX compiler identification is GNU 9.4.0
[0.174s] -- Check for working C compiler: /usr/bin/cc
[0.275s] -- Check for working C compiler: /usr/bin/cc -- works
[0.276s] -- Detecting C compiler ABI info
[0.381s] -- Detecting C compiler ABI info - done
[0.412s] -- Detecting C compile features
[0.413s] -- Detecting C compile features - done
[0.418s] -- Check for working CXX compiler: /usr/bin/c++
[0.532s] -- Check for working CXX compiler: /usr/bin/c++ -- works
[0.535s] -- Detecting CXX compiler ABI info
[0.663s] -- Detecting CXX compiler ABI info - done
[0.697s] -- Detecting CXX compile features
[0.698s] -- Detecting CXX compile features - done
[0.704s] -- Found ament_cmake: 1.3.6 (/opt/ros/humble/share/ament_cmake/cmake)
[0.926s] -- Found Python3: /usr/bin/python3.9 (found version "3.9.5") found components: Interpreter 
[1.090s] -- Found cv_bridge: 3.2.1 (/opt/ros/humble/share/cv_bridge/cmake)
[1.164s] -- Found rosidl_generator_c: 3.1.5 (/opt/ros/humble/share/rosidl_generator_c/cmake)
[1.170s] -- Found rosidl_adapter: 3.1.5 (/opt/ros/humble/share/rosidl_adapter/cmake)
[1.183s] -- Found rosidl_generator_cpp: 3.1.5 (/opt/ros/humble/share/rosidl_generator_cpp/cmake)
[1.205s] -- Using all available rosidl_typesupport_c: rosidl_typesupport_fastrtps_c;rosidl_typesupport_introspection_c
[1.235s] -- Using all available rosidl_typesupport_cpp: rosidl_typesupport_fastrtps_cpp;rosidl_typesupport_introspection_cpp
[1.583s] -- Found image_transport: 3.1.7 (/opt/ros/humble/share/image_transport/cmake)
[1.698s] -- Found rmw_implementation_cmake: 6.1.1 (/opt/ros/humble/share/rmw_implementation_cmake/cmake)
[1.703s] -- Found rmw_fastrtps_cpp: 6.2.5 (/opt/ros/humble/share/rmw_fastrtps_cpp/cmake)
[1.928s] -- Found OpenSSL: /usr/lib/aarch64-linux-gnu/libcrypto.so (found version "1.1.1f")  
[1.974s] -- Found FastRTPS: /opt/ros/humble/include  
[2.051s] -- Using RMW implementation 'rmw_fastrtps_cpp' as default
[2.068s] -- Looking for pthread.h
[2.172s] -- Looking for pthread.h - found
[2.172s] -- Performing Test CMAKE_HAVE_LIBC_PTHREAD
[2.278s] -- Performing Test CMAKE_HAVE_LIBC_PTHREAD - Failed
[2.278s] -- Looking for pthread_create in pthreads
[2.374s] -- Looking for pthread_create in pthreads - not found
[2.375s] -- Looking for pthread_create in pthread
[2.490s] -- Looking for pthread_create in pthread - found
[2.494s] -- Found Threads: TRUE  
[2.819s] -- Found OpenCV: /usr (found version "4.5.4") found components: highgui imgcodecs imgproc videoio 
[2.822s] -- Found control_msgs: 4.4.0 (/opt/ros/humble/share/control_msgs/cmake)
[3.355s] -- Found qcar2_interfaces: 0.0.0 (/home/nvidia/ros2/install/qcar2_interfaces/share/qcar2_interfaces/cmake)
[3.383s] -- Found tf2_ros: 0.25.5 (/opt/ros/humble/share/tf2_ros/cmake)
[3.830s] -- Found ament_lint_auto: 0.12.9 (/opt/ros/humble/share/ament_lint_auto/cmake)
[4.000s] -- Added test 'cppcheck' to perform static code analysis on C / C++ code
[4.000s] -- Configured cppcheck include dirs: 
[4.000s] -- Configured cppcheck exclude dirs and/or files: 
[4.001s] -- Added test 'flake8' to check Python code syntax and style conventions
[4.002s] -- Added test 'lint_cmake' to check CMake code style
[4.003s] -- Added test 'pep257' to check Python code against some of the docstring style conventions in PEP 257
[4.005s] -- Added test 'uncrustify' to check C / C++ code style
[4.005s] -- Configured uncrustify additional arguments: 
[4.006s] -- Added test 'xmllint' to check XML markup files
[4.014s] -- Configuring done
[4.088s] -- Generating done
[4.091s] -- Build files have been written to: /home/nvidia/ros2/build/qcar2_nodes
[4.117s] Invoked command in '/home/nvidia/ros2/build/qcar2_nodes' returned '0': CMAKE_PREFIX_PATH=/home/nvidia/ros2/install/qcar2_interfaces:/home/nvidia/ros2/install/qcar2_nodes:/opt/ros/humble LD_LIBRARY_PATH=/home/nvidia/ros2/install/qcar2_interfaces/lib:/opt/ros/humble/opt/rviz_ogre_vendor/lib:/opt/ros/humble/lib/aarch64-linux-gnu:/opt/ros/humble/lib:/usr/local/cuda/lib64 /usr/bin/cmake /home/nvidia/ros2/src/qcar2_nodes -DCMAKE_INSTALL_PREFIX=/home/nvidia/ros2/install/qcar2_nodes
[4.123s] Invoking command in '/home/nvidia/ros2/build/qcar2_nodes': CMAKE_PREFIX_PATH=/home/nvidia/ros2/install/qcar2_interfaces:/home/nvidia/ros2/install/qcar2_nodes:/opt/ros/humble LD_LIBRARY_PATH=/home/nvidia/ros2/install/qcar2_interfaces/lib:/opt/ros/humble/opt/rviz_ogre_vendor/lib:/opt/ros/humble/lib/aarch64-linux-gnu:/opt/ros/humble/lib:/usr/local/cuda/lib64 /usr/bin/cmake --build /home/nvidia/ros2/build/qcar2_nodes -- -j8 -l8
[4.188s] [35m[1mScanning dependencies of target rgbd[0m
[4.189s] [35m[1mScanning dependencies of target qcar2_hardware[0m
[4.189s] [35m[1mScanning dependencies of target command[0m
[4.189s] [35m[1mScanning dependencies of target fixed_lidar_frame[0m
[4.190s] [35m[1mScanning dependencies of target nav2_qcar2_converter[0m
[4.191s] [35m[1mScanning dependencies of target lidar[0m
[4.191s] [35m[1mScanning dependencies of target fixed_lidar_frame_virtual[0m
[4.192s] [35m[1mScanning dependencies of target csi[0m
[4.344s] [ 50%] [32mBuilding CXX object CMakeFiles/lidar.dir/src/lidar.cpp.o[0m
[4.344s] [ 50%] [32mBuilding CXX object CMakeFiles/csi.dir/src/csi.cpp.o[0m
[4.344s] [ 50%] [32mBuilding CXX object CMakeFiles/nav2_qcar2_converter.dir/src/nav2_qcar_command_convert.cpp.o[0m
[4.344s] [ 50%] [32mBuilding CXX object CMakeFiles/fixed_lidar_frame_virtual.dir/src/fixed_lidar_frame_virtual.cpp.o[0m
[4.345s] [ 50%] [32mBuilding CXX object CMakeFiles/command.dir/src/command.cpp.o[0m
[4.345s] [ 50%] [32mBuilding CXX object CMakeFiles/fixed_lidar_frame.dir/src/fixed_lidar_frame.cpp.o[0m
[4.345s] [ 50%] [32mBuilding CXX object CMakeFiles/qcar2_hardware.dir/src/qcar2_hardware.cpp.o[0m
[4.345s] [ 50%] [32mBuilding CXX object CMakeFiles/rgbd.dir/src/rgbd.cpp.o[0m
[12.983s] [ 56%] [32m[1mLinking CXX executable csi[0m
[12.997s] [ 62%] [32m[1mLinking CXX executable fixed_lidar_frame_virtual[0m
[13.224s] [ 68%] [32m[1mLinking CXX executable fixed_lidar_frame[0m
[13.344s] [ 75%] [32m[1mLinking CXX executable rgbd[0m
[13.451s] [ 81%] [32m[1mLinking CXX executable lidar[0m
[13.554s] [ 81%] Built target fixed_lidar_frame_virtual
[13.716s] [ 81%] Built target fixed_lidar_frame
[13.959s] [ 81%] Built target lidar
[14.165s] /usr/bin/ld: warning: libopencv_imgcodecs.so.4.2, needed by /opt/ros/humble/lib/libcv_bridge.so, may conflict with libopencv_imgcodecs.so.4.5
[14.166s] /usr/bin/ld: warning: libopencv_core.so.4.2, needed by /opt/ros/humble/lib/libcv_bridge.so, may conflict with libopencv_core.so.4.5
[14.183s] [ 81%] Built target csi
[14.284s] [ 87%] [32m[1mLinking CXX executable command[0m
[14.359s] /usr/bin/ld: warning: libopencv_imgcodecs.so.4.2, needed by /opt/ros/humble/lib/libcv_bridge.so, may conflict with libopencv_imgcodecs.so.4.5
[14.359s] /usr/bin/ld: warning: libopencv_core.so.4.2, needed by /opt/ros/humble/lib/libcv_bridge.so, may conflict with libopencv_core.so.4.5
[14.377s] [ 87%] Built target rgbd
[14.734s] [ 87%] Built target command
[21.152s] [ 93%] [32m[1mLinking CXX executable nav2_qcar2_converter[0m
[21.824s] [ 93%] Built target nav2_qcar2_converter
[28.061s] [100%] [32m[1mLinking CXX executable qcar2_hardware[0m
[29.374s] [100%] Built target qcar2_hardware
[29.397s] Invoked command in '/home/nvidia/ros2/build/qcar2_nodes' returned '0': CMAKE_PREFIX_PATH=/home/nvidia/ros2/install/qcar2_interfaces:/home/nvidia/ros2/install/qcar2_nodes:/opt/ros/humble LD_LIBRARY_PATH=/home/nvidia/ros2/install/qcar2_interfaces/lib:/opt/ros/humble/opt/rviz_ogre_vendor/lib:/opt/ros/humble/lib/aarch64-linux-gnu:/opt/ros/humble/lib:/usr/local/cuda/lib64 /usr/bin/cmake --build /home/nvidia/ros2/build/qcar2_nodes -- -j8 -l8
[29.453s] Invoking command in '/home/nvidia/ros2/build/qcar2_nodes': CMAKE_PREFIX_PATH=/home/nvidia/ros2/install/qcar2_interfaces:/home/nvidia/ros2/install/qcar2_nodes:/opt/ros/humble LD_LIBRARY_PATH=/home/nvidia/ros2/install/qcar2_interfaces/lib:/opt/ros/humble/opt/rviz_ogre_vendor/lib:/opt/ros/humble/lib/aarch64-linux-gnu:/opt/ros/humble/lib:/usr/local/cuda/lib64 /usr/bin/cmake --install /home/nvidia/ros2/build/qcar2_nodes
[29.468s] -- Install configuration: ""
[29.468s] -- Installing: /home/nvidia/ros2/install/qcar2_nodes/lib/qcar2_nodes/qcar2_hardware
[29.478s] -- Set runtime path of "/home/nvidia/ros2/install/qcar2_nodes/lib/qcar2_nodes/qcar2_hardware" to ""
[29.478s] -- Installing: /home/nvidia/ros2/install/qcar2_nodes/lib/qcar2_nodes/rgbd
[29.479s] -- Set runtime path of "/home/nvidia/ros2/install/qcar2_nodes/lib/qcar2_nodes/rgbd" to ""
[29.479s] -- Installing: /home/nvidia/ros2/install/qcar2_nodes/lib/qcar2_nodes/lidar
[29.481s] -- Set runtime path of "/home/nvidia/ros2/install/qcar2_nodes/lib/qcar2_nodes/lidar" to ""
[29.481s] -- Installing: /home/nvidia/ros2/install/qcar2_nodes/lib/qcar2_nodes/csi
[29.482s] -- Set runtime path of "/home/nvidia/ros2/install/qcar2_nodes/lib/qcar2_nodes/csi" to ""
[29.482s] -- Installing: /home/nvidia/ros2/install/qcar2_nodes/lib/qcar2_nodes/command
[29.484s] -- Set runtime path of "/home/nvidia/ros2/install/qcar2_nodes/lib/qcar2_nodes/command" to ""
[29.484s] -- Installing: /home/nvidia/ros2/install/qcar2_nodes/lib/qcar2_nodes/nav2_qcar2_converter
[29.490s] -- Set runtime path of "/home/nvidia/ros2/install/qcar2_nodes/lib/qcar2_nodes/nav2_qcar2_converter" to ""
[29.490s] -- Installing: /home/nvidia/ros2/install/qcar2_nodes/lib/qcar2_nodes/fixed_lidar_frame
[29.492s] -- Set runtime path of "/home/nvidia/ros2/install/qcar2_nodes/lib/qcar2_nodes/fixed_lidar_frame" to ""
[29.492s] -- Installing: /home/nvidia/ros2/install/qcar2_nodes/lib/qcar2_nodes/fixed_lidar_frame_virtual
[29.494s] -- Set runtime path of "/home/nvidia/ros2/install/qcar2_nodes/lib/qcar2_nodes/fixed_lidar_frame_virtual" to ""
[29.494s] -- Installing: /home/nvidia/ros2/install/qcar2_nodes/share/qcar2_nodes//launch
[29.494s] -- Installing: /home/nvidia/ros2/install/qcar2_nodes/share/qcar2_nodes//launch/qcar2_slam_and_nav_bringup_launch.py
[29.494s] -- Installing: /home/nvidia/ros2/install/qcar2_nodes/share/qcar2_nodes//launch/qcar2_slam_and_nav_bringup_virtual_launch.py
[29.495s] -- Installing: /home/nvidia/ros2/install/qcar2_nodes/share/qcar2_nodes//launch/qcar2_cartographer_virtual_launch.py
[29.495s] -- Installing: /home/nvidia/ros2/install/qcar2_nodes/share/qcar2_nodes//launch/qcar2_cartographer_launch.py
[29.495s] -- Installing: /home/nvidia/ros2/install/qcar2_nodes/share/qcar2_nodes//launch/qcar2_manual_drive_launch.py
[29.495s] -- Installing: /home/nvidia/ros2/install/qcar2_nodes/share/qcar2_nodes//launch/__pycache__
[29.496s] -- Installing: /home/nvidia/ros2/install/qcar2_nodes/share/qcar2_nodes//launch/__pycache__/qcar2_cartographer_launch.cpython-38.pyc
[29.496s] -- Installing: /home/nvidia/ros2/install/qcar2_nodes/share/qcar2_nodes//launch/__pycache__/qcar2_launch.cpython-38.pyc
[29.496s] -- Installing: /home/nvidia/ros2/install/qcar2_nodes/share/qcar2_nodes//launch/__pycache__/qcar2_cartographer_launch.cpython-312.pyc
[29.496s] -- Installing: /home/nvidia/ros2/install/qcar2_nodes/share/qcar2_nodes//launch/qcar2_launch.py
[29.496s] -- Installing: /home/nvidia/ros2/install/qcar2_nodes/share/qcar2_nodes//launch/qcar2_virtual_launch.py
[29.497s] -- Installing: /home/nvidia/ros2/install/qcar2_nodes/share/qcar2_nodes//launch/qcar2_manual_cartographer_launch.py
[29.497s] -- Installing: /home/nvidia/ros2/install/qcar2_nodes/share/qcar2_nodes//rt_models
[29.497s] -- Installing: /home/nvidia/ros2/install/qcar2_nodes/share/qcar2_nodes//rt_models/dummy_model
[29.497s] -- Installing: /home/nvidia/ros2/install/qcar2_nodes/share/qcar2_nodes//config
[29.498s] -- Installing: /home/nvidia/ros2/install/qcar2_nodes/share/qcar2_nodes//config/qcar2_2d.lua
[29.498s] -- Installing: /home/nvidia/ros2/install/qcar2_nodes/share/qcar2_nodes//config/qcar2_slam_and_nav_virtual.yaml
[29.498s] -- Installing: /home/nvidia/ros2/install/qcar2_nodes/share/qcar2_nodes//config/qcar2_slam_and_nav.yaml
[29.498s] -- Installing: /home/nvidia/ros2/install/qcar2_nodes/share/ament_index/resource_index/package_run_dependencies/qcar2_nodes
[29.499s] -- Installing: /home/nvidia/ros2/install/qcar2_nodes/share/ament_index/resource_index/parent_prefix_path/qcar2_nodes
[29.499s] -- Installing: /home/nvidia/ros2/install/qcar2_nodes/share/qcar2_nodes/environment/ament_prefix_path.sh
[29.500s] -- Installing: /home/nvidia/ros2/install/qcar2_nodes/share/qcar2_nodes/environment/ament_prefix_path.dsv
[29.500s] -- Installing: /home/nvidia/ros2/install/qcar2_nodes/share/qcar2_nodes/environment/path.sh
[29.500s] -- Installing: /home/nvidia/ros2/install/qcar2_nodes/share/qcar2_nodes/environment/path.dsv
[29.500s] -- Installing: /home/nvidia/ros2/install/qcar2_nodes/share/qcar2_nodes/local_setup.bash
[29.501s] -- Installing: /home/nvidia/ros2/install/qcar2_nodes/share/qcar2_nodes/local_setup.sh
[29.501s] -- Installing: /home/nvidia/ros2/install/qcar2_nodes/share/qcar2_nodes/local_setup.zsh
[29.501s] -- Installing: /home/nvidia/ros2/install/qcar2_nodes/share/qcar2_nodes/local_setup.dsv
[29.501s] -- Installing: /home/nvidia/ros2/install/qcar2_nodes/share/qcar2_nodes/package.dsv
[29.501s] -- Installing: /home/nvidia/ros2/install/qcar2_nodes/share/ament_index/resource_index/packages/qcar2_nodes
[29.501s] -- Installing: /home/nvidia/ros2/install/qcar2_nodes/share/qcar2_nodes/cmake/qcar2_nodesConfig.cmake
[29.502s] -- Installing: /home/nvidia/ros2/install/qcar2_nodes/share/qcar2_nodes/cmake/qcar2_nodesConfig-version.cmake
[29.502s] -- Installing: /home/nvidia/ros2/install/qcar2_nodes/share/qcar2_nodes/package.xml
[29.505s] Invoked command in '/home/nvidia/ros2/build/qcar2_nodes' returned '0': CMAKE_PREFIX_PATH=/home/nvidia/ros2/install/qcar2_interfaces:/home/nvidia/ros2/install/qcar2_nodes:/opt/ros/humble LD_LIBRARY_PATH=/home/nvidia/ros2/install/qcar2_interfaces/lib:/opt/ros/humble/opt/rviz_ogre_vendor/lib:/opt/ros/humble/lib/aarch64-linux-gnu:/opt/ros/humble/lib:/usr/local/cuda/lib64 /usr/bin/cmake --install /home/nvidia/ros2/build/qcar2_nodes
