-- The C compiler identification is GNU 9.4.0
-- The CXX compiler identification is GNU 9.4.0
-- Check for working C compiler: /usr/bin/cc
-- Check for working C compiler: /usr/bin/cc -- works
-- Detecting C compiler ABI info
-- Detecting C compiler ABI info - done
-- Detecting C compile features
-- Detecting C compile features - done
-- Check for working CXX compiler: /usr/bin/c++
-- Check for working CXX compiler: /usr/bin/c++ -- works
-- Detecting CXX compiler ABI info
-- Detecting CXX compiler ABI info - done
-- Detecting CXX compile features
-- Detecting CXX compile features - done
-- Found ament_cmake: 1.3.6 (/opt/ros/humble/share/ament_cmake/cmake)
-- Found Python3: /usr/bin/python3.9 (found version "3.9.5") found components: Interpreter 
-- Found cv_bridge: 3.2.1 (/opt/ros/humble/share/cv_bridge/cmake)
-- Found rosidl_generator_c: 3.1.5 (/opt/ros/humble/share/rosidl_generator_c/cmake)
-- Found rosidl_adapter: 3.1.5 (/opt/ros/humble/share/rosidl_adapter/cmake)
-- Found rosidl_generator_cpp: 3.1.5 (/opt/ros/humble/share/rosidl_generator_cpp/cmake)
-- Using all available rosidl_typesupport_c: rosidl_typesupport_fastrtps_c;rosidl_typesupport_introspection_c
-- Using all available rosidl_typesupport_cpp: rosidl_typesupport_fastrtps_cpp;rosidl_typesupport_introspection_cpp
-- Found image_transport: 3.1.7 (/opt/ros/humble/share/image_transport/cmake)
-- Found rmw_implementation_cmake: 6.1.1 (/opt/ros/humble/share/rmw_implementation_cmake/cmake)
-- Found rmw_fastrtps_cpp: 6.2.5 (/opt/ros/humble/share/rmw_fastrtps_cpp/cmake)
-- Found OpenSSL: /usr/lib/aarch64-linux-gnu/libcrypto.so (found version "1.1.1f")  
-- Found FastRTPS: /opt/ros/humble/include  
-- Using RMW implementation 'rmw_fastrtps_cpp' as default
-- Looking for pthread.h
-- Looking for pthread.h - found
-- Performing Test CMAKE_HAVE_LIBC_PTHREAD
-- Performing Test CMAKE_HAVE_LIBC_PTHREAD - Failed
-- Looking for pthread_create in pthreads
-- Looking for pthread_create in pthreads - not found
-- Looking for pthread_create in pthread
-- Looking for pthread_create in pthread - found
-- Found Threads: TRUE  
-- Found OpenCV: /usr (found version "4.5.4") found components: highgui imgcodecs imgproc videoio 
-- Found control_msgs: 4.4.0 (/opt/ros/humble/share/control_msgs/cmake)
-- Found qcar2_interfaces: 0.0.0 (/home/nvidia/ros2_qcar2_nlmpc/install/qcar2_interfaces/share/qcar2_interfaces/cmake)
-- Found tf2_ros: 0.25.5 (/opt/ros/humble/share/tf2_ros/cmake)
-- Found nav_msgs: 4.2.3 (/opt/ros/humble/share/nav_msgs/cmake)
-- Building qcar2_nlmpc_controller with generated acados solver
-- Found ament_lint_auto: 0.12.9 (/opt/ros/humble/share/ament_lint_auto/cmake)
-- Added test 'cppcheck' to perform static code analysis on C / C++ code
-- Configured cppcheck include dirs: /home/nvidia/ros2_qcar2_nlmpc/src/qcar2_nodes/include;/home/nvidia/ros2_qcar2_nlmpc/src/qcar2_nodes/acados_solver/qcar2_solver
-- Configured cppcheck exclude dirs and/or files: 
-- Added test 'flake8' to check Python code syntax and style conventions
-- Added test 'lint_cmake' to check CMake code style
-- Added test 'pep257' to check Python code against some of the docstring style conventions in PEP 257
-- Added test 'uncrustify' to check C / C++ code style
-- Configured uncrustify additional arguments: 
-- Added test 'xmllint' to check XML markup files
-- Configuring done
-- Generating done
-- Build files have been written to: /home/nvidia/ros2_qcar2_nlmpc/build/qcar2_nodes
-- Found ament_cmake: 1.3.6 (/opt/ros/humble/share/ament_cmake/cmake)
-- Found cv_bridge: 3.2.1 (/opt/ros/humble/share/cv_bridge/cmake)
-- Found rosidl_generator_c: 3.1.5 (/opt/ros/humble/share/rosidl_generator_c/cmake)
-- Found rosidl_adapter: 3.1.5 (/opt/ros/humble/share/rosidl_adapter/cmake)
-- Found rosidl_generator_cpp: 3.1.5 (/opt/ros/humble/share/rosidl_generator_cpp/cmake)
-- Using all available rosidl_typesupport_c: rosidl_typesupport_fastrtps_c;rosidl_typesupport_introspection_c
-- Using all available rosidl_typesupport_cpp: rosidl_typesupport_fastrtps_cpp;rosidl_typesupport_introspection_cpp
-- Found image_transport: 3.1.7 (/opt/ros/humble/share/image_transport/cmake)
-- Found rmw_implementation_cmake: 6.1.1 (/opt/ros/humble/share/rmw_implementation_cmake/cmake)
-- Found rmw_fastrtps_cpp: 6.2.5 (/opt/ros/humble/share/rmw_fastrtps_cpp/cmake)
-- Using RMW implementation 'rmw_fastrtps_cpp' as default
-- Found control_msgs: 4.4.0 (/opt/ros/humble/share/control_msgs/cmake)
-- Found qcar2_interfaces: 0.0.0 (/home/nvidia/ros2_qcar2_nlmpc/install/qcar2_interfaces/share/qcar2_interfaces/cmake)
-- Found tf2_ros: 0.25.5 (/opt/ros/humble/share/tf2_ros/cmake)
-- Found nav_msgs: 4.2.3 (/opt/ros/humble/share/nav_msgs/cmake)
-- Building qcar2_nlmpc_controller with generated acados solver
-- Found ament_lint_auto: 0.12.9 (/opt/ros/humble/share/ament_lint_auto/cmake)
-- Added test 'cppcheck' to perform static code analysis on C / C++ code
-- Configured cppcheck include dirs: /home/nvidia/ros2_qcar2_nlmpc/src/qcar2_nodes/include;/home/nvidia/ros2_qcar2_nlmpc/src/qcar2_nodes/acados_solver/qcar2_solver
-- Configured cppcheck exclude dirs and/or files: 
-- Added test 'flake8' to check Python code syntax and style conventions
-- Added test 'lint_cmake' to check CMake code style
-- Added test 'pep257' to check Python code against some of the docstring style conventions in PEP 257
-- Added test 'uncrustify' to check C / C++ code style
-- Configured uncrustify additional arguments: 
-- Added test 'xmllint' to check XML markup files
-- Configuring done
-- Generating done
-- Build files have been written to: /home/nvidia/ros2_qcar2_nlmpc/build/qcar2_nodes
[35m[1mScanning dependencies of target lidar[0m
[35m[1mScanning dependencies of target qcar2_hardware[0m
[35m[1mScanning dependencies of target fixed_lidar_frame[0m
[35m[1mScanning dependencies of target qcar2_odometry[0m
[35m[1mScanning dependencies of target rgbd[0m
[35m[1mScanning dependencies of target csi[0m
[35m[1mScanning dependencies of target qcar2_nlmpc_controller[0m
[  6%] [32mBuilding CXX object CMakeFiles/lidar.dir/src/lidar.cpp.o[0m
[ 26%] [32mBuilding CXX object CMakeFiles/qcar2_nlmpc_controller.dir/src/qcar2_nlmpc_controller.cpp.o[0m
[ 26%] [32mBuilding CXX object CMakeFiles/qcar2_hardware.dir/src/qcar2_hardware.cpp.o[0m
[ 26%] [32mBuilding CXX object CMakeFiles/fixed_lidar_frame.dir/src/fixed_lidar_frame.cpp.o[0m
[ 40%] [32mBuilding CXX object CMakeFiles/qcar2_odometry.dir/src/qcar2_odometry.cpp.o[0m
[ 40%] [32mBuilding CXX object CMakeFiles/csi.dir/src/csi.cpp.o[0m
[ 53%] [32mBuilding CXX object CMakeFiles/rgbd.dir/src/rgbd.cpp.o[0m
[ 53%] [32mBuilding CXX object CMakeFiles/qcar2_nlmpc_controller.dir/src/qcar2_traj.cpp.o[0m
[ 60%] [32m[1mLinking CXX executable csi[0m
[ 66%] [32m[1mLinking CXX executable fixed_lidar_frame[0m
[ 73%] [32m[1mLinking CXX executable rgbd[0m
[ 80%] [32m[1mLinking CXX executable lidar[0m
[ 80%] Built target fixed_lidar_frame
[ 80%] Built target lidar
[ 80%] Built target csi
[ 80%] Built target rgbd
[ 86%] [32m[1mLinking CXX executable qcar2_odometry[0m
[ 93%] [32m[1mLinking CXX executable qcar2_hardware[0m
[ 93%] Built target qcar2_odometry
[100%] [32m[1mLinking CXX executable qcar2_nlmpc_controller[0m
[100%] Built target qcar2_hardware
[100%] Built target qcar2_nlmpc_controller
-- Install configuration: ""
-- Installing: /home/nvidia/ros2_qcar2_nlmpc/install/qcar2_nodes/lib/qcar2_nodes/libacados_ocp_solver_qcar2_single_track.so
-- Installing: /home/nvidia/ros2_qcar2_nlmpc/install/qcar2_nodes/lib/qcar2_nodes/qcar2_hardware
-- Set runtime path of "/home/nvidia/ros2_qcar2_nlmpc/install/qcar2_nodes/lib/qcar2_nodes/qcar2_hardware" to ""
-- Installing: /home/nvidia/ros2_qcar2_nlmpc/install/qcar2_nodes/lib/qcar2_nodes/rgbd
-- Set runtime path of "/home/nvidia/ros2_qcar2_nlmpc/install/qcar2_nodes/lib/qcar2_nodes/rgbd" to ""
-- Installing: /home/nvidia/ros2_qcar2_nlmpc/install/qcar2_nodes/lib/qcar2_nodes/lidar
-- Set runtime path of "/home/nvidia/ros2_qcar2_nlmpc/install/qcar2_nodes/lib/qcar2_nodes/lidar" to ""
-- Installing: /home/nvidia/ros2_qcar2_nlmpc/install/qcar2_nodes/lib/qcar2_nodes/csi
-- Set runtime path of "/home/nvidia/ros2_qcar2_nlmpc/install/qcar2_nodes/lib/qcar2_nodes/csi" to ""
-- Installing: /home/nvidia/ros2_qcar2_nlmpc/install/qcar2_nodes/lib/qcar2_nodes/qcar2_nlmpc_controller
-- Set runtime path of "/home/nvidia/ros2_qcar2_nlmpc/install/qcar2_nodes/lib/qcar2_nodes/qcar2_nlmpc_controller" to "$ORIGIN:/home/nvidia/acados/lib"
-- Installing: /home/nvidia/ros2_qcar2_nlmpc/install/qcar2_nodes/lib/qcar2_nodes/qcar2_odometry
-- Set runtime path of "/home/nvidia/ros2_qcar2_nlmpc/install/qcar2_nodes/lib/qcar2_nodes/qcar2_odometry" to ""
-- Installing: /home/nvidia/ros2_qcar2_nlmpc/install/qcar2_nodes/lib/qcar2_nodes/fixed_lidar_frame
-- Set runtime path of "/home/nvidia/ros2_qcar2_nlmpc/install/qcar2_nodes/lib/qcar2_nodes/fixed_lidar_frame" to ""
-- Installing: /home/nvidia/ros2_qcar2_nlmpc/install/qcar2_nodes/share/qcar2_nodes//launch
-- Installing: /home/nvidia/ros2_qcar2_nlmpc/install/qcar2_nodes/share/qcar2_nodes//launch/qcar2_nlmpc_bringup_launch.py
-- Installing: /home/nvidia/ros2_qcar2_nlmpc/install/qcar2_nodes/share/qcar2_nodes//include
-- Installing: /home/nvidia/ros2_qcar2_nlmpc/install/qcar2_nodes/share/qcar2_nodes//include/qcar2_nlmpc_controller.hpp
-- Installing: /home/nvidia/ros2_qcar2_nlmpc/install/qcar2_nodes/share/qcar2_nodes//include/qcar2_traj.hpp
-- Installing: /home/nvidia/ros2_qcar2_nlmpc/install/qcar2_nodes/share/qcar2_nodes//acados_solver
-- Installing: /home/nvidia/ros2_qcar2_nlmpc/install/qcar2_nodes/share/qcar2_nodes//acados_solver/generating_qcar2_solver.py
-- Installing: /home/nvidia/ros2_qcar2_nlmpc/install/qcar2_nodes/share/qcar2_nodes//acados_solver/qcar2_solver
-- Installing: /home/nvidia/ros2_qcar2_nlmpc/install/qcar2_nodes/share/qcar2_nodes//acados_solver/qcar2_solver/acados_solver_qcar2_single_track.o
-- Installing: /home/nvidia/ros2_qcar2_nlmpc/install/qcar2_nodes/share/qcar2_nodes//acados_solver/qcar2_solver/Makefile
-- Installing: /home/nvidia/ros2_qcar2_nlmpc/install/qcar2_nodes/share/qcar2_nodes//acados_solver/qcar2_solver/acados_sim_solver_qcar2_single_track.h
-- Installing: /home/nvidia/ros2_qcar2_nlmpc/install/qcar2_nodes/share/qcar2_nodes//acados_solver/qcar2_solver/acados_sim_solver_qcar2_single_track.c
-- Installing: /home/nvidia/ros2_qcar2_nlmpc/install/qcar2_nodes/share/qcar2_nodes//acados_solver/qcar2_solver/main_qcar2_single_track.c
-- Installing: /home/nvidia/ros2_qcar2_nlmpc/install/qcar2_nodes/share/qcar2_nodes//acados_solver/qcar2_solver/qcar2_single_track_model
-- Installing: /home/nvidia/ros2_qcar2_nlmpc/install/qcar2_nodes/share/qcar2_nodes//acados_solver/qcar2_solver/qcar2_single_track_model/qcar2_single_track_expl_vde_adj.c
-- Installing: /home/nvidia/ros2_qcar2_nlmpc/install/qcar2_nodes/share/qcar2_nodes//acados_solver/qcar2_solver/qcar2_single_track_model/qcar2_single_track_expl_ode_fun.o
-- Installing: /home/nvidia/ros2_qcar2_nlmpc/install/qcar2_nodes/share/qcar2_nodes//acados_solver/qcar2_solver/qcar2_single_track_model/qcar2_single_track_expl_vde_adj.o
-- Installing: /home/nvidia/ros2_qcar2_nlmpc/install/qcar2_nodes/share/qcar2_nodes//acados_solver/qcar2_solver/qcar2_single_track_model/qcar2_single_track_expl_ode_fun.c
-- Installing: /home/nvidia/ros2_qcar2_nlmpc/install/qcar2_nodes/share/qcar2_nodes//acados_solver/qcar2_solver/qcar2_single_track_model/qcar2_single_track_model.h
-- Installing: /home/nvidia/ros2_qcar2_nlmpc/install/qcar2_nodes/share/qcar2_nodes//acados_solver/qcar2_solver/qcar2_single_track_model/qcar2_single_track_expl_vde_forw.o
-- Installing: /home/nvidia/ros2_qcar2_nlmpc/install/qcar2_nodes/share/qcar2_nodes//acados_solver/qcar2_solver/qcar2_single_track_model/qcar2_single_track_expl_vde_forw.c
-- Installing: /home/nvidia/ros2_qcar2_nlmpc/install/qcar2_nodes/share/qcar2_nodes//acados_solver/qcar2_solver/acados_solver_qcar2_single_track.c
-- Installing: /home/nvidia/ros2_qcar2_nlmpc/install/qcar2_nodes/share/qcar2_nodes//acados_solver/qcar2_solver/main_sim_qcar2_single_track.c
-- Installing: /home/nvidia/ros2_qcar2_nlmpc/install/qcar2_nodes/share/qcar2_nodes//acados_solver/qcar2_solver/acados_solver.pxd
-- Installing: /home/nvidia/ros2_qcar2_nlmpc/install/qcar2_nodes/share/qcar2_nodes//acados_solver/qcar2_solver/acados_solver_qcar2_single_track.h
-- Installing: /home/nvidia/ros2_qcar2_nlmpc/install/qcar2_nodes/share/qcar2_nodes//acados_solver/qcar2_solver/acados_ocp_qcar2_single_track.json
-- Installing: /home/nvidia/ros2_qcar2_nlmpc/install/qcar2_nodes/share/qcar2_nodes//acados_solver/qcar2_solver/libacados_ocp_solver_qcar2_single_track.so
-- Installing: /home/nvidia/ros2_qcar2_nlmpc/install/qcar2_nodes/share/qcar2_nodes//config
-- Installing: /home/nvidia/ros2_qcar2_nlmpc/install/qcar2_nodes/share/qcar2_nodes//config/qcar2_nlmpc.yaml
-- Installing: /home/nvidia/ros2_qcar2_nlmpc/install/qcar2_nodes/share/qcar2_nodes//config/qcar2_localization_nlmpc.yaml
-- Installing: /home/nvidia/ros2_qcar2_nlmpc/install/qcar2_nodes/share/ament_index/resource_index/package_run_dependencies/qcar2_nodes
-- Installing: /home/nvidia/ros2_qcar2_nlmpc/install/qcar2_nodes/share/ament_index/resource_index/parent_prefix_path/qcar2_nodes
-- Installing: /home/nvidia/ros2_qcar2_nlmpc/install/qcar2_nodes/share/qcar2_nodes/environment/ament_prefix_path.sh
-- Installing: /home/nvidia/ros2_qcar2_nlmpc/install/qcar2_nodes/share/qcar2_nodes/environment/ament_prefix_path.dsv
-- Installing: /home/nvidia/ros2_qcar2_nlmpc/install/qcar2_nodes/share/qcar2_nodes/environment/path.sh
-- Installing: /home/nvidia/ros2_qcar2_nlmpc/install/qcar2_nodes/share/qcar2_nodes/environment/path.dsv
-- Installing: /home/nvidia/ros2_qcar2_nlmpc/install/qcar2_nodes/share/qcar2_nodes/local_setup.bash
-- Installing: /home/nvidia/ros2_qcar2_nlmpc/install/qcar2_nodes/share/qcar2_nodes/local_setup.sh
-- Installing: /home/nvidia/ros2_qcar2_nlmpc/install/qcar2_nodes/share/qcar2_nodes/local_setup.zsh
-- Installing: /home/nvidia/ros2_qcar2_nlmpc/install/qcar2_nodes/share/qcar2_nodes/local_setup.dsv
-- Installing: /home/nvidia/ros2_qcar2_nlmpc/install/qcar2_nodes/share/qcar2_nodes/package.dsv
-- Installing: /home/nvidia/ros2_qcar2_nlmpc/install/qcar2_nodes/share/ament_index/resource_index/packages/qcar2_nodes
-- Installing: /home/nvidia/ros2_qcar2_nlmpc/install/qcar2_nodes/share/qcar2_nodes/cmake/qcar2_nodesConfig.cmake
-- Installing: /home/nvidia/ros2_qcar2_nlmpc/install/qcar2_nodes/share/qcar2_nodes/cmake/qcar2_nodesConfig-version.cmake
-- Installing: /home/nvidia/ros2_qcar2_nlmpc/install/qcar2_nodes/share/qcar2_nodes/package.xml
