[0.023s] Invoking command in '/home/nvidia/ros2_qcar2_nlmpc/build/qcar2_nodes': AMENT_PREFIX_PATH=/home/nvidia/ros2_qcar2_nlmpc/install/qcar2_interfaces:${AMENT_PREFIX_PATH} CMAKE_PREFIX_PATH=/home/nvidia/ros2_qcar2_nlmpc/install/qcar2_interfaces:/home/nvidia/ros2/install/qcar2_nodes:/home/nvidia/ros2/install/qcar2_interfaces:/opt/ros/humble LD_LIBRARY_PATH=/home/nvidia/ros2_qcar2_nlmpc/install/qcar2_interfaces/lib:/home/nvidia/ros2/install/qcar2_interfaces/lib:/opt/ros/humble/opt/rviz_ogre_vendor/lib:/opt/ros/humble/lib/aarch64-linux-gnu:/opt/ros/humble/lib:/usr/local/cuda/lib64:/home/nvidia/acados/lib PYTHONPATH=/home/nvidia/ros2_qcar2_nlmpc/install/qcar2_interfaces/lib/python3.9/site-packages:${PYTHONPATH} /usr/bin/cmake /home/nvidia/ros2_qcar2_nlmpc/src/qcar2_nodes -DCMAKE_INSTALL_PREFIX=/home/nvidia/ros2_qcar2_nlmpc/install/qcar2_nodes
[0.100s] -- The C compiler identification is GNU 9.4.0
[0.173s] -- The CXX compiler identification is GNU 9.4.0
[0.179s] -- Check for working C compiler: /usr/bin/cc
[0.284s] -- Check for working C compiler: /usr/bin/cc -- works
[0.286s] -- Detecting C compiler ABI info
[0.394s] -- Detecting C compiler ABI info - done
[0.426s] -- Detecting C compile features
[0.426s] -- Detecting C compile features - done
[0.432s] -- Check for working CXX compiler: /usr/bin/c++
[0.550s] -- Check for working CXX compiler: /usr/bin/c++ -- works
[0.553s] -- Detecting CXX compiler ABI info
[0.676s] -- Detecting CXX compiler ABI info - done
[0.709s] -- Detecting CXX compile features
[0.710s] -- Detecting CXX compile features - done
[0.716s] -- Found ament_cmake: 1.3.6 (/opt/ros/humble/share/ament_cmake/cmake)
[0.944s] -- Found Python3: /usr/bin/python3.9 (found version "3.9.5") found components: Interpreter 
[1.111s] -- Found cv_bridge: 3.2.1 (/opt/ros/humble/share/cv_bridge/cmake)
[1.183s] -- Found rosidl_generator_c: 3.1.5 (/opt/ros/humble/share/rosidl_generator_c/cmake)
[1.191s] -- Found rosidl_adapter: 3.1.5 (/opt/ros/humble/share/rosidl_adapter/cmake)
[1.204s] -- Found rosidl_generator_cpp: 3.1.5 (/opt/ros/humble/share/rosidl_generator_cpp/cmake)
[1.226s] -- Using all available rosidl_typesupport_c: rosidl_typesupport_fastrtps_c;rosidl_typesupport_introspection_c
[1.258s] -- Using all available rosidl_typesupport_cpp: rosidl_typesupport_fastrtps_cpp;rosidl_typesupport_introspection_cpp
[1.604s] -- Found image_transport: 3.1.7 (/opt/ros/humble/share/image_transport/cmake)
[1.719s] -- Found rmw_implementation_cmake: 6.1.1 (/opt/ros/humble/share/rmw_implementation_cmake/cmake)
[1.724s] -- Found rmw_fastrtps_cpp: 6.2.5 (/opt/ros/humble/share/rmw_fastrtps_cpp/cmake)
[1.957s] -- Found OpenSSL: /usr/lib/aarch64-linux-gnu/libcrypto.so (found version "1.1.1f")  
[2.003s] -- Found FastRTPS: /opt/ros/humble/include  
[2.082s] -- Using RMW implementation 'rmw_fastrtps_cpp' as default
[2.100s] -- Looking for pthread.h
[2.208s] -- Looking for pthread.h - found
[2.209s] -- Performing Test CMAKE_HAVE_LIBC_PTHREAD
[2.317s] -- Performing Test CMAKE_HAVE_LIBC_PTHREAD - Failed
[2.318s] -- Looking for pthread_create in pthreads
[2.420s] -- Looking for pthread_create in pthreads - not found
[2.420s] -- Looking for pthread_create in pthread
[2.537s] -- Looking for pthread_create in pthread - found
[2.538s] -- Found Threads: TRUE  
[2.848s] -- Found OpenCV: /usr (found version "4.5.4") found components: highgui imgcodecs imgproc videoio 
[2.852s] -- Found control_msgs: 4.4.0 (/opt/ros/humble/share/control_msgs/cmake)
[3.385s] -- Found qcar2_interfaces: 0.0.0 (/home/nvidia/ros2_qcar2_nlmpc/install/qcar2_interfaces/share/qcar2_interfaces/cmake)
[3.413s] -- Found tf2_ros: 0.25.5 (/opt/ros/humble/share/tf2_ros/cmake)
[3.842s] -- Found nav_msgs: 4.2.3 (/opt/ros/humble/share/nav_msgs/cmake)
[3.990s] -- Building qcar2_nlmpc_controller with generated acados solver
[3.992s] -- Found ament_lint_auto: 0.12.9 (/opt/ros/humble/share/ament_lint_auto/cmake)
[4.163s] -- Added test 'cppcheck' to perform static code analysis on C / C++ code
[4.163s] -- Configured cppcheck include dirs: /home/nvidia/ros2_qcar2_nlmpc/src/qcar2_nodes/include;/home/nvidia/ros2_qcar2_nlmpc/src/qcar2_nodes/acados_solver/qcar2_solver
[4.163s] -- Configured cppcheck exclude dirs and/or files: 
[4.164s] -- Added test 'flake8' to check Python code syntax and style conventions
[4.165s] -- Added test 'lint_cmake' to check CMake code style
[4.166s] -- Added test 'pep257' to check Python code against some of the docstring style conventions in PEP 257
[4.169s] -- Added test 'uncrustify' to check C / C++ code style
[4.169s] -- Configured uncrustify additional arguments: 
[4.169s] -- Added test 'xmllint' to check XML markup files
[4.177s] -- Configuring done
[4.256s] -- Generating done
[4.260s] -- Build files have been written to: /home/nvidia/ros2_qcar2_nlmpc/build/qcar2_nodes
[4.284s] Invoked command in '/home/nvidia/ros2_qcar2_nlmpc/build/qcar2_nodes' returned '0': AMENT_PREFIX_PATH=/home/nvidia/ros2_qcar2_nlmpc/install/qcar2_interfaces:${AMENT_PREFIX_PATH} CMAKE_PREFIX_PATH=/home/nvidia/ros2_qcar2_nlmpc/install/qcar2_interfaces:/home/nvidia/ros2/install/qcar2_nodes:/home/nvidia/ros2/install/qcar2_interfaces:/opt/ros/humble LD_LIBRARY_PATH=/home/nvidia/ros2_qcar2_nlmpc/install/qcar2_interfaces/lib:/home/nvidia/ros2/install/qcar2_interfaces/lib:/opt/ros/humble/opt/rviz_ogre_vendor/lib:/opt/ros/humble/lib/aarch64-linux-gnu:/opt/ros/humble/lib:/usr/local/cuda/lib64:/home/nvidia/acados/lib PYTHONPATH=/home/nvidia/ros2_qcar2_nlmpc/install/qcar2_interfaces/lib/python3.9/site-packages:${PYTHONPATH} /usr/bin/cmake /home/nvidia/ros2_qcar2_nlmpc/src/qcar2_nodes -DCMAKE_INSTALL_PREFIX=/home/nvidia/ros2_qcar2_nlmpc/install/qcar2_nodes
[4.290s] Invoking command in '/home/nvidia/ros2_qcar2_nlmpc/build/qcar2_nodes': AMENT_PREFIX_PATH=/home/nvidia/ros2_qcar2_nlmpc/install/qcar2_interfaces:${AMENT_PREFIX_PATH} CMAKE_PREFIX_PATH=/home/nvidia/ros2_qcar2_nlmpc/install/qcar2_interfaces:/home/nvidia/ros2/install/qcar2_nodes:/home/nvidia/ros2/install/qcar2_interfaces:/opt/ros/humble LD_LIBRARY_PATH=/home/nvidia/ros2_qcar2_nlmpc/install/qcar2_interfaces/lib:/home/nvidia/ros2/install/qcar2_interfaces/lib:/opt/ros/humble/opt/rviz_ogre_vendor/lib:/opt/ros/humble/lib/aarch64-linux-gnu:/opt/ros/humble/lib:/usr/local/cuda/lib64:/home/nvidia/acados/lib PYTHONPATH=/home/nvidia/ros2_qcar2_nlmpc/install/qcar2_interfaces/lib/python3.9/site-packages:${PYTHONPATH} /usr/bin/cmake --build /home/nvidia/ros2_qcar2_nlmpc/build/qcar2_nodes -- -j8 -l8
[4.333s] -- Found ament_cmake: 1.3.6 (/opt/ros/humble/share/ament_cmake/cmake)
[4.670s] -- Found cv_bridge: 3.2.1 (/opt/ros/humble/share/cv_bridge/cmake)
[4.729s] -- Found rosidl_generator_c: 3.1.5 (/opt/ros/humble/share/rosidl_generator_c/cmake)
[4.733s] -- Found rosidl_adapter: 3.1.5 (/opt/ros/humble/share/rosidl_adapter/cmake)
[4.742s] -- Found rosidl_generator_cpp: 3.1.5 (/opt/ros/humble/share/rosidl_generator_cpp/cmake)
[4.760s] -- Using all available rosidl_typesupport_c: rosidl_typesupport_fastrtps_c;rosidl_typesupport_introspection_c
[4.786s] -- Using all available rosidl_typesupport_cpp: rosidl_typesupport_fastrtps_cpp;rosidl_typesupport_introspection_cpp
[5.107s] -- Found image_transport: 3.1.7 (/opt/ros/humble/share/image_transport/cmake)
[5.188s] -- Found rmw_implementation_cmake: 6.1.1 (/opt/ros/humble/share/rmw_implementation_cmake/cmake)
[5.190s] -- Found rmw_fastrtps_cpp: 6.2.5 (/opt/ros/humble/share/rmw_fastrtps_cpp/cmake)
[5.382s] -- Using RMW implementation 'rmw_fastrtps_cpp' as default
[5.656s] -- Found control_msgs: 4.4.0 (/opt/ros/humble/share/control_msgs/cmake)
[6.166s] -- Found qcar2_interfaces: 0.0.0 (/home/nvidia/ros2_qcar2_nlmpc/install/qcar2_interfaces/share/qcar2_interfaces/cmake)
[6.192s] -- Found tf2_ros: 0.25.5 (/opt/ros/humble/share/tf2_ros/cmake)
[6.592s] -- Found nav_msgs: 4.2.3 (/opt/ros/humble/share/nav_msgs/cmake)
[6.736s] -- Building qcar2_nlmpc_controller with generated acados solver
[6.736s] -- Found ament_lint_auto: 0.12.9 (/opt/ros/humble/share/ament_lint_auto/cmake)
[6.893s] -- Added test 'cppcheck' to perform static code analysis on C / C++ code
[6.894s] -- Configured cppcheck include dirs: /home/nvidia/ros2_qcar2_nlmpc/src/qcar2_nodes/include;/home/nvidia/ros2_qcar2_nlmpc/src/qcar2_nodes/acados_solver/qcar2_solver
[6.894s] -- Configured cppcheck exclude dirs and/or files: 
[6.894s] -- Added test 'flake8' to check Python code syntax and style conventions
[6.895s] -- Added test 'lint_cmake' to check CMake code style
[6.896s] -- Added test 'pep257' to check Python code against some of the docstring style conventions in PEP 257
[6.898s] -- Added test 'uncrustify' to check C / C++ code style
[6.898s] -- Configured uncrustify additional arguments: 
[6.899s] -- Added test 'xmllint' to check XML markup files
[6.905s] -- Configuring done
[6.984s] -- Generating done
[6.988s] -- Build files have been written to: /home/nvidia/ros2_qcar2_nlmpc/build/qcar2_nodes
[7.051s] [35m[1mScanning dependencies of target lidar[0m
[7.051s] [35m[1mScanning dependencies of target qcar2_hardware[0m
[7.051s] [35m[1mScanning dependencies of target fixed_lidar_frame[0m
[7.051s] [35m[1mScanning dependencies of target qcar2_odometry[0m
[7.051s] [35m[1mScanning dependencies of target rgbd[0m
[7.051s] [35m[1mScanning dependencies of target csi[0m
[7.052s] [35m[1mScanning dependencies of target qcar2_nlmpc_controller[0m
[7.163s] make[2]: Warning: File '/home/nvidia/ros2_qcar2_nlmpc/src/qcar2_nodes/src/qcar2_hardware.cpp' has modification time 31357605 s in the future
[7.165s] make[2]: Warning: File '/home/nvidia/ros2_qcar2_nlmpc/src/qcar2_nodes/src/qcar2_odometry.cpp' has modification time 27130766 s in the future
[7.168s] make[2]: Warning: File '/home/nvidia/ros2_qcar2_nlmpc/src/qcar2_nodes/src/qcar2_nlmpc_controller.cpp' has modification time 31529726 s in the future
[7.182s] [  6%] [32mBuilding CXX object CMakeFiles/lidar.dir/src/lidar.cpp.o[0m
[7.188s] [ 26%] [32mBuilding CXX object CMakeFiles/qcar2_nlmpc_controller.dir/src/qcar2_nlmpc_controller.cpp.o[0m
[7.188s] [ 26%] [32mBuilding CXX object CMakeFiles/qcar2_hardware.dir/src/qcar2_hardware.cpp.o[0m
[7.188s] [ 26%] [32mBuilding CXX object CMakeFiles/fixed_lidar_frame.dir/src/fixed_lidar_frame.cpp.o[0m
[7.190s] [ 40%] [32mBuilding CXX object CMakeFiles/qcar2_odometry.dir/src/qcar2_odometry.cpp.o[0m
[7.190s] [ 40%] [32mBuilding CXX object CMakeFiles/csi.dir/src/csi.cpp.o[0m
[7.199s] [ 53%] [32mBuilding CXX object CMakeFiles/rgbd.dir/src/rgbd.cpp.o[0m
[7.201s] [ 53%] [32mBuilding CXX object CMakeFiles/qcar2_nlmpc_controller.dir/src/qcar2_traj.cpp.o[0m
[15.520s] [ 60%] [32m[1mLinking CXX executable csi[0m
[15.761s] [ 66%] [32m[1mLinking CXX executable fixed_lidar_frame[0m
[15.950s] [ 73%] [32m[1mLinking CXX executable rgbd[0m
[16.190s] [ 80%] [32m[1mLinking CXX executable lidar[0m
[16.199s] [ 80%] Built target fixed_lidar_frame
[16.636s] [ 80%] Built target lidar
[16.773s] /usr/bin/ld: warning: libopencv_imgcodecs.so.4.2, needed by /opt/ros/humble/lib/libcv_bridge.so, may conflict with libopencv_imgcodecs.so.4.5
[16.773s] /usr/bin/ld: warning: libopencv_core.so.4.2, needed by /opt/ros/humble/lib/libcv_bridge.so, may conflict with libopencv_core.so.4.5
[16.791s] [ 80%] Built target csi
[17.000s] /usr/bin/ld: warning: libopencv_imgcodecs.so.4.2, needed by /opt/ros/humble/lib/libcv_bridge.so, may conflict with libopencv_imgcodecs.so.4.5
[17.000s] /usr/bin/ld: warning: libopencv_core.so.4.2, needed by /opt/ros/humble/lib/libcv_bridge.so, may conflict with libopencv_core.so.4.5
[17.018s] [ 80%] Built target rgbd
[30.859s] [ 86%] [32m[1mLinking CXX executable qcar2_odometry[0m
[31.274s] [ 93%] [32m[1mLinking CXX executable qcar2_hardware[0m
[32.058s] make[2]: warning:  Clock skew detected.  Your build may be incomplete.
[32.073s] [ 93%] Built target qcar2_odometry
[32.515s] [100%] [32m[1mLinking CXX executable qcar2_nlmpc_controller[0m
[32.617s] make[2]: warning:  Clock skew detected.  Your build may be incomplete.
[32.632s] [100%] Built target qcar2_hardware
[33.837s] make[2]: warning:  Clock skew detected.  Your build may be incomplete.
[33.851s] [100%] Built target qcar2_nlmpc_controller
[33.875s] Invoked command in '/home/nvidia/ros2_qcar2_nlmpc/build/qcar2_nodes' returned '0': AMENT_PREFIX_PATH=/home/nvidia/ros2_qcar2_nlmpc/install/qcar2_interfaces:${AMENT_PREFIX_PATH} CMAKE_PREFIX_PATH=/home/nvidia/ros2_qcar2_nlmpc/install/qcar2_interfaces:/home/nvidia/ros2/install/qcar2_nodes:/home/nvidia/ros2/install/qcar2_interfaces:/opt/ros/humble LD_LIBRARY_PATH=/home/nvidia/ros2_qcar2_nlmpc/install/qcar2_interfaces/lib:/home/nvidia/ros2/install/qcar2_interfaces/lib:/opt/ros/humble/opt/rviz_ogre_vendor/lib:/opt/ros/humble/lib/aarch64-linux-gnu:/opt/ros/humble/lib:/usr/local/cuda/lib64:/home/nvidia/acados/lib PYTHONPATH=/home/nvidia/ros2_qcar2_nlmpc/install/qcar2_interfaces/lib/python3.9/site-packages:${PYTHONPATH} /usr/bin/cmake --build /home/nvidia/ros2_qcar2_nlmpc/build/qcar2_nodes -- -j8 -l8
[33.933s] Invoking command in '/home/nvidia/ros2_qcar2_nlmpc/build/qcar2_nodes': AMENT_PREFIX_PATH=/home/nvidia/ros2_qcar2_nlmpc/install/qcar2_interfaces:${AMENT_PREFIX_PATH} CMAKE_PREFIX_PATH=/home/nvidia/ros2_qcar2_nlmpc/install/qcar2_interfaces:/home/nvidia/ros2/install/qcar2_nodes:/home/nvidia/ros2/install/qcar2_interfaces:/opt/ros/humble LD_LIBRARY_PATH=/home/nvidia/ros2_qcar2_nlmpc/install/qcar2_interfaces/lib:/home/nvidia/ros2/install/qcar2_interfaces/lib:/opt/ros/humble/opt/rviz_ogre_vendor/lib:/opt/ros/humble/lib/aarch64-linux-gnu:/opt/ros/humble/lib:/usr/local/cuda/lib64:/home/nvidia/acados/lib PYTHONPATH=/home/nvidia/ros2_qcar2_nlmpc/install/qcar2_interfaces/lib/python3.9/site-packages:${PYTHONPATH} /usr/bin/cmake --install /home/nvidia/ros2_qcar2_nlmpc/build/qcar2_nodes
[33.948s] -- Install configuration: ""
[33.949s] -- Installing: /home/nvidia/ros2_qcar2_nlmpc/install/qcar2_nodes/lib/qcar2_nodes/libacados_ocp_solver_qcar2_single_track.so
[33.949s] -- Installing: /home/nvidia/ros2_qcar2_nlmpc/install/qcar2_nodes/lib/qcar2_nodes/qcar2_hardware
[33.959s] -- Set runtime path of "/home/nvidia/ros2_qcar2_nlmpc/install/qcar2_nodes/lib/qcar2_nodes/qcar2_hardware" to ""
[33.959s] -- Installing: /home/nvidia/ros2_qcar2_nlmpc/install/qcar2_nodes/lib/qcar2_nodes/rgbd
[33.959s] -- Set runtime path of "/home/nvidia/ros2_qcar2_nlmpc/install/qcar2_nodes/lib/qcar2_nodes/rgbd" to ""
[33.960s] -- Installing: /home/nvidia/ros2_qcar2_nlmpc/install/qcar2_nodes/lib/qcar2_nodes/lidar
[33.961s] -- Set runtime path of "/home/nvidia/ros2_qcar2_nlmpc/install/qcar2_nodes/lib/qcar2_nodes/lidar" to ""
[33.961s] -- Installing: /home/nvidia/ros2_qcar2_nlmpc/install/qcar2_nodes/lib/qcar2_nodes/csi
[33.962s] -- Set runtime path of "/home/nvidia/ros2_qcar2_nlmpc/install/qcar2_nodes/lib/qcar2_nodes/csi" to ""
[33.962s] -- Installing: /home/nvidia/ros2_qcar2_nlmpc/install/qcar2_nodes/lib/qcar2_nodes/qcar2_nlmpc_controller
[33.972s] -- Set runtime path of "/home/nvidia/ros2_qcar2_nlmpc/install/qcar2_nodes/lib/qcar2_nodes/qcar2_nlmpc_controller" to "$ORIGIN:/home/nvidia/acados/lib"
[33.972s] -- Installing: /home/nvidia/ros2_qcar2_nlmpc/install/qcar2_nodes/lib/qcar2_nodes/qcar2_odometry
[33.981s] -- Set runtime path of "/home/nvidia/ros2_qcar2_nlmpc/install/qcar2_nodes/lib/qcar2_nodes/qcar2_odometry" to ""
[33.981s] -- Installing: /home/nvidia/ros2_qcar2_nlmpc/install/qcar2_nodes/lib/qcar2_nodes/fixed_lidar_frame
[33.983s] -- Set runtime path of "/home/nvidia/ros2_qcar2_nlmpc/install/qcar2_nodes/lib/qcar2_nodes/fixed_lidar_frame" to ""
[33.983s] -- Installing: /home/nvidia/ros2_qcar2_nlmpc/install/qcar2_nodes/share/qcar2_nodes//launch
[33.984s] -- Installing: /home/nvidia/ros2_qcar2_nlmpc/install/qcar2_nodes/share/qcar2_nodes//launch/qcar2_nlmpc_bringup_launch.py
[33.984s] -- Installing: /home/nvidia/ros2_qcar2_nlmpc/install/qcar2_nodes/share/qcar2_nodes//include
[33.984s] -- Installing: /home/nvidia/ros2_qcar2_nlmpc/install/qcar2_nodes/share/qcar2_nodes//include/qcar2_nlmpc_controller.hpp
[33.985s] -- Installing: /home/nvidia/ros2_qcar2_nlmpc/install/qcar2_nodes/share/qcar2_nodes//include/qcar2_traj.hpp
[33.985s] -- Installing: /home/nvidia/ros2_qcar2_nlmpc/install/qcar2_nodes/share/qcar2_nodes//acados_solver
[33.985s] -- Installing: /home/nvidia/ros2_qcar2_nlmpc/install/qcar2_nodes/share/qcar2_nodes//acados_solver/generating_qcar2_solver.py
[33.985s] -- Installing: /home/nvidia/ros2_qcar2_nlmpc/install/qcar2_nodes/share/qcar2_nodes//acados_solver/qcar2_solver
[33.986s] -- Installing: /home/nvidia/ros2_qcar2_nlmpc/install/qcar2_nodes/share/qcar2_nodes//acados_solver/qcar2_solver/acados_solver_qcar2_single_track.o
[33.986s] -- Installing: /home/nvidia/ros2_qcar2_nlmpc/install/qcar2_nodes/share/qcar2_nodes//acados_solver/qcar2_solver/Makefile
[33.986s] -- Installing: /home/nvidia/ros2_qcar2_nlmpc/install/qcar2_nodes/share/qcar2_nodes//acados_solver/qcar2_solver/acados_sim_solver_qcar2_single_track.h
[33.987s] -- Installing: /home/nvidia/ros2_qcar2_nlmpc/install/qcar2_nodes/share/qcar2_nodes//acados_solver/qcar2_solver/acados_sim_solver_qcar2_single_track.c
[33.987s] -- Installing: /home/nvidia/ros2_qcar2_nlmpc/install/qcar2_nodes/share/qcar2_nodes//acados_solver/qcar2_solver/main_qcar2_single_track.c
[33.987s] -- Installing: /home/nvidia/ros2_qcar2_nlmpc/install/qcar2_nodes/share/qcar2_nodes//acados_solver/qcar2_solver/qcar2_single_track_model
[33.987s] -- Installing: /home/nvidia/ros2_qcar2_nlmpc/install/qcar2_nodes/share/qcar2_nodes//acados_solver/qcar2_solver/qcar2_single_track_model/qcar2_single_track_expl_vde_adj.c
[33.988s] -- Installing: /home/nvidia/ros2_qcar2_nlmpc/install/qcar2_nodes/share/qcar2_nodes//acados_solver/qcar2_solver/qcar2_single_track_model/qcar2_single_track_expl_ode_fun.o
[33.988s] -- Installing: /home/nvidia/ros2_qcar2_nlmpc/install/qcar2_nodes/share/qcar2_nodes//acados_solver/qcar2_solver/qcar2_single_track_model/qcar2_single_track_expl_vde_adj.o
[33.988s] -- Installing: /home/nvidia/ros2_qcar2_nlmpc/install/qcar2_nodes/share/qcar2_nodes//acados_solver/qcar2_solver/qcar2_single_track_model/qcar2_single_track_expl_ode_fun.c
[33.989s] -- Installing: /home/nvidia/ros2_qcar2_nlmpc/install/qcar2_nodes/share/qcar2_nodes//acados_solver/qcar2_solver/qcar2_single_track_model/qcar2_single_track_model.h
[33.989s] -- Installing: /home/nvidia/ros2_qcar2_nlmpc/install/qcar2_nodes/share/qcar2_nodes//acados_solver/qcar2_solver/qcar2_single_track_model/qcar2_single_track_expl_vde_forw.o
[33.989s] -- Installing: /home/nvidia/ros2_qcar2_nlmpc/install/qcar2_nodes/share/qcar2_nodes//acados_solver/qcar2_solver/qcar2_single_track_model/qcar2_single_track_expl_vde_forw.c
[33.989s] -- Installing: /home/nvidia/ros2_qcar2_nlmpc/install/qcar2_nodes/share/qcar2_nodes//acados_solver/qcar2_solver/acados_solver_qcar2_single_track.c
[33.990s] -- Installing: /home/nvidia/ros2_qcar2_nlmpc/install/qcar2_nodes/share/qcar2_nodes//acados_solver/qcar2_solver/main_sim_qcar2_single_track.c
[33.990s] -- Installing: /home/nvidia/ros2_qcar2_nlmpc/install/qcar2_nodes/share/qcar2_nodes//acados_solver/qcar2_solver/acados_solver.pxd
[33.990s] -- Installing: /home/nvidia/ros2_qcar2_nlmpc/install/qcar2_nodes/share/qcar2_nodes//acados_solver/qcar2_solver/acados_solver_qcar2_single_track.h
[33.990s] -- Installing: /home/nvidia/ros2_qcar2_nlmpc/install/qcar2_nodes/share/qcar2_nodes//acados_solver/qcar2_solver/acados_ocp_qcar2_single_track.json
[33.991s] -- Installing: /home/nvidia/ros2_qcar2_nlmpc/install/qcar2_nodes/share/qcar2_nodes//acados_solver/qcar2_solver/libacados_ocp_solver_qcar2_single_track.so
[33.991s] -- Installing: /home/nvidia/ros2_qcar2_nlmpc/install/qcar2_nodes/share/qcar2_nodes//config
[33.991s] -- Installing: /home/nvidia/ros2_qcar2_nlmpc/install/qcar2_nodes/share/qcar2_nodes//config/qcar2_nlmpc.yaml
[33.991s] -- Installing: /home/nvidia/ros2_qcar2_nlmpc/install/qcar2_nodes/share/qcar2_nodes//config/qcar2_localization_nlmpc.yaml
[33.992s] -- Installing: /home/nvidia/ros2_qcar2_nlmpc/install/qcar2_nodes/share/ament_index/resource_index/package_run_dependencies/qcar2_nodes
[33.992s] -- Installing: /home/nvidia/ros2_qcar2_nlmpc/install/qcar2_nodes/share/ament_index/resource_index/parent_prefix_path/qcar2_nodes
[33.992s] -- Installing: /home/nvidia/ros2_qcar2_nlmpc/install/qcar2_nodes/share/qcar2_nodes/environment/ament_prefix_path.sh
[33.993s] -- Installing: /home/nvidia/ros2_qcar2_nlmpc/install/qcar2_nodes/share/qcar2_nodes/environment/ament_prefix_path.dsv
[33.993s] -- Installing: /home/nvidia/ros2_qcar2_nlmpc/install/qcar2_nodes/share/qcar2_nodes/environment/path.sh
[33.993s] -- Installing: /home/nvidia/ros2_qcar2_nlmpc/install/qcar2_nodes/share/qcar2_nodes/environment/path.dsv
[33.993s] -- Installing: /home/nvidia/ros2_qcar2_nlmpc/install/qcar2_nodes/share/qcar2_nodes/local_setup.bash
[33.994s] -- Installing: /home/nvidia/ros2_qcar2_nlmpc/install/qcar2_nodes/share/qcar2_nodes/local_setup.sh
[33.994s] -- Installing: /home/nvidia/ros2_qcar2_nlmpc/install/qcar2_nodes/share/qcar2_nodes/local_setup.zsh
[33.994s] -- Installing: /home/nvidia/ros2_qcar2_nlmpc/install/qcar2_nodes/share/qcar2_nodes/local_setup.dsv
[33.994s] -- Installing: /home/nvidia/ros2_qcar2_nlmpc/install/qcar2_nodes/share/qcar2_nodes/package.dsv
[33.994s] -- Installing: /home/nvidia/ros2_qcar2_nlmpc/install/qcar2_nodes/share/ament_index/resource_index/packages/qcar2_nodes
[33.995s] -- Installing: /home/nvidia/ros2_qcar2_nlmpc/install/qcar2_nodes/share/qcar2_nodes/cmake/qcar2_nodesConfig.cmake
[33.995s] -- Installing: /home/nvidia/ros2_qcar2_nlmpc/install/qcar2_nodes/share/qcar2_nodes/cmake/qcar2_nodesConfig-version.cmake
[33.995s] -- Installing: /home/nvidia/ros2_qcar2_nlmpc/install/qcar2_nodes/share/qcar2_nodes/package.xml
[33.997s] Invoked command in '/home/nvidia/ros2_qcar2_nlmpc/build/qcar2_nodes' returned '0': AMENT_PREFIX_PATH=/home/nvidia/ros2_qcar2_nlmpc/install/qcar2_interfaces:${AMENT_PREFIX_PATH} CMAKE_PREFIX_PATH=/home/nvidia/ros2_qcar2_nlmpc/install/qcar2_interfaces:/home/nvidia/ros2/install/qcar2_nodes:/home/nvidia/ros2/install/qcar2_interfaces:/opt/ros/humble LD_LIBRARY_PATH=/home/nvidia/ros2_qcar2_nlmpc/install/qcar2_interfaces/lib:/home/nvidia/ros2/install/qcar2_interfaces/lib:/opt/ros/humble/opt/rviz_ogre_vendor/lib:/opt/ros/humble/lib/aarch64-linux-gnu:/opt/ros/humble/lib:/usr/local/cuda/lib64:/home/nvidia/acados/lib PYTHONPATH=/home/nvidia/ros2_qcar2_nlmpc/install/qcar2_interfaces/lib/python3.9/site-packages:${PYTHONPATH} /usr/bin/cmake --install /home/nvidia/ros2_qcar2_nlmpc/build/qcar2_nodes
