make[2]: Warning: File '/home/nvidia/ros2/src/qcar2_nodes/src/fixed_lidar_frame.cpp' has modification time 491 s in the future
make[2]: Warning: File '/home/nvidia/ros2/src/qcar2_nodes/src/fixed_lidar_frame_virtual.cpp' has modification time 491 s in the future
make[2]: Warning: File '/opt/ros/humble/include/builtin_interfaces/builtin_interfaces/msg/detail/duration__builder.hpp' has modification time 1702938745 s in the future
make[2]: Warning: File '/opt/ros/humble/include/builtin_interfaces/builtin_interfaces/msg/detail/duration__builder.hpp' has modification time 1702938745 s in the future
make[2]: Warning: File '/home/nvidia/ros2/src/qcar2_nodes/src/nav2_qcar_command_convert.cpp' has modification time 491 s in the future
make[2]: Warning: File '/home/nvidia/ros2/src/qcar2_nodes/src/qcar2_hardware.cpp' has modification time 898 s in the future
make[2]: Warning: File '/home/nvidia/ros2/src/qcar2_nodes/src/csi.cpp' has modification time 491 s in the future
make[2]: Warning: File '/home/nvidia/ros2/src/qcar2_nodes/src/rgbd.cpp' has modification time 491 s in the future
In file included from [01m[K/usr/include/c++/9/ext/alloc_traits.h:36[m[K,
                 from [01m[K/usr/include/c++/9/bits/stl_construct.h:61[m[K,
                 from [01m[K/usr/include/c++/9/bits/stl_tempbuf.h:60[m[K,
                 from [01m[K/usr/include/c++/9/bits/stl_algo.h:62[m[K,
                 from [01m[K/usr/include/c++/9/algorithm:62[m[K,
                 from [01m[K/opt/ros/humble/include/sensor_msgs/sensor_msgs/msg/detail/image__struct.hpp:8[m[K,
                 from [01m[K/opt/ros/humble/include/sensor_msgs/sensor_msgs/msg/image.hpp:7[m[K,
                 from [01m[K/opt/ros/humble/include/cv_bridge/cv_bridge/cv_bridge.h:40[m[K,
                 from [01m[K/home/nvidia/ros2/src/qcar2_nodes/src/rgbd.cpp:4[m[K:
[01m[K/usr/include/c++/9/bits/alloc_traits.h:249:38:[m[K [01;31m[Kinternal compiler error: [m[KSegmentation fault
  249 |           is_constructible<_Tp, _Args[01;31m[K...[m[K>>>
      |                                      [01;31m[K^~~[m[K
0xffff9d7f2e0f __libc_start_main
	../csu/libc-start.c:308
Please submit a full bug report,
with preprocessed source if appropriate.
Please include the complete backtrace with any bug report.
See <file:///usr/share/doc/gcc-9/README.Bugs> for instructions.
make[2]: *** [CMakeFiles/rgbd.dir/build.make:63: CMakeFiles/rgbd.dir/src/rgbd.cpp.o] Error 1
make[1]: *** [CMakeFiles/Makefile2:173: CMakeFiles/rgbd.dir/all] Error 2
make[1]: *** Waiting for unfinished jobs....
make[2]: warning:  Clock skew detected.  Your build may be incomplete.
make[2]: warning:  Clock skew detected.  Your build may be incomplete.
make[2]: warning:  Clock skew detected.  Your build may be incomplete.
/usr/bin/ld: warning: libopencv_imgcodecs.so.4.2, needed by /opt/ros/humble/lib/libcv_bridge.so, may conflict with libopencv_imgcodecs.so.4.5
/usr/bin/ld: warning: libopencv_core.so.4.2, needed by /opt/ros/humble/lib/libcv_bridge.so, may conflict with libopencv_core.so.4.5
make[2]: warning:  Clock skew detected.  Your build may be incomplete.
make[2]: warning:  Clock skew detected.  Your build may be incomplete.
make[2]: warning:  Clock skew detected.  Your build may be incomplete.
make[2]: warning:  Clock skew detected.  Your build may be incomplete.
make: *** [Makefile:141: all] Error 2
