-- Found ament_cmake: 1.3.6 (/opt/ros/humble/share/ament_cmake/cmake)
-- Override CMake install command with custom implementation using symlinks instead of copying resources
-- Found cv_bridge: 3.2.1 (/opt/ros/humble/share/cv_bridge/cmake)
-- Found rosidl_generator_c: 3.1.5 (/opt/ros/humble/share/rosidl_generator_c/cmake)
-- Found rosidl_adapter: 3.1.5 (/opt/ros/humble/share/rosidl_adapter/cmake)
-- Found rosidl_generator_cpp: 3.1.5 (/opt/ros/humble/share/rosidl_generator_cpp/cmake)
-- Using all available rosidl_typesupport_c: rosidl_typesupport_fastrtps_c;rosidl_typesupport_introspection_c
-- Using all available rosidl_typesupport_cpp: rosidl_typesupport_fastrtps_cpp;rosidl_typesupport_introspection_cpp
-- Found image_transport: 3.1.7 (/opt/ros/humble/share/image_transport/cmake)
-- Found rmw_implementation_cmake: 6.1.1 (/opt/ros/humble/share/rmw_implementation_cmake/cmake)
-- Found rmw_fastrtps_cpp: 6.2.5 (/opt/ros/humble/share/rmw_fastrtps_cpp/cmake)
-- Using RMW implementation 'rmw_fastrtps_cpp' as default
-- Found control_msgs: 4.4.0 (/opt/ros/humble/share/control_msgs/cmake)
-- Found qcar2_interfaces: 0.0.0 (/home/nvidia/ros2/install/qcar2_interfaces/share/qcar2_interfaces/cmake)
-- Found tf2_ros: 0.25.5 (/opt/ros/humble/share/tf2_ros/cmake)
-- Found ament_lint_auto: 0.12.9 (/opt/ros/humble/share/ament_lint_auto/cmake)
-- Added test 'cppcheck' to perform static code analysis on C / C++ code
-- Configured cppcheck include dirs: 
-- Configured cppcheck exclude dirs and/or files: 
-- Added test 'flake8' to check Python code syntax and style conventions
-- Added test 'lint_cmake' to check CMake code style
-- Added test 'pep257' to check Python code against some of the docstring style conventions in PEP 257
-- Added test 'uncrustify' to check C / C++ code style
-- Configured uncrustify additional arguments: 
-- Added test 'xmllint' to check XML markup files
-- Configuring done
-- Generating done
-- Build files have been written to: /home/nvidia/ros2/build/qcar2_nodes
[35m[1mScanning dependencies of target fixed_lidar_frame_virtual[0m
[35m[1mScanning dependencies of target rgbd[0m
[35m[1mScanning dependencies of target fixed_lidar_frame[0m
[35m[1mScanning dependencies of target csi[0m
[35m[1mScanning dependencies of target command[0m
[35m[1mScanning dependencies of target lidar[0m
[35m[1mScanning dependencies of target qcar2_hardware[0m
[35m[1mScanning dependencies of target nav2_qcar2_converter[0m
make[2]: Warning: File '/home/nvidia/ros2/src/qcar2_nodes/src/fixed_lidar_frame.cpp' has modification time 491 s in the future
make[2]: Warning: File '/home/nvidia/ros2/src/qcar2_nodes/src/fixed_lidar_frame_virtual.cpp' has modification time 491 s in the future
make[2]: Warning: File '/opt/ros/humble/include/builtin_interfaces/builtin_interfaces/msg/detail/duration__builder.hpp' has modification time 1702938745 s in the future
make[2]: Warning: File '/opt/ros/humble/include/builtin_interfaces/builtin_interfaces/msg/detail/duration__builder.hpp' has modification time 1702938745 s in the future
make[2]: Warning: File '/home/nvidia/ros2/src/qcar2_nodes/src/nav2_qcar_command_convert.cpp' has modification time 491 s in the future
make[2]: Warning: File '/home/nvidia/ros2/src/qcar2_nodes/src/qcar2_hardware.cpp' has modification time 898 s in the future
make[2]: Warning: File '/home/nvidia/ros2/src/qcar2_nodes/src/csi.cpp' has modification time 491 s in the future
make[2]: Warning: File '/home/nvidia/ros2/src/qcar2_nodes/src/rgbd.cpp' has modification time 491 s in the future
[ 18%] [32mBuilding CXX object CMakeFiles/fixed_lidar_frame.dir/src/fixed_lidar_frame.cpp.o[0m
[ 18%] [32mBuilding CXX object CMakeFiles/command.dir/src/command.cpp.o[0m
[ 18%] [32mBuilding CXX object CMakeFiles/nav2_qcar2_converter.dir/src/nav2_qcar_command_convert.cpp.o[0m
[ 25%] [32mBuilding CXX object CMakeFiles/lidar.dir/src/lidar.cpp.o[0m
[ 31%] [32mBuilding CXX object CMakeFiles/fixed_lidar_frame_virtual.dir/src/fixed_lidar_frame_virtual.cpp.o[0m
[ 37%] [32mBuilding CXX object CMakeFiles/qcar2_hardware.dir/src/qcar2_hardware.cpp.o[0m
[ 43%] [32mBuilding CXX object CMakeFiles/csi.dir/src/csi.cpp.o[0m
[ 50%] [32mBuilding CXX object CMakeFiles/rgbd.dir/src/rgbd.cpp.o[0m
In file included from [01m[K/usr/include/c++/9/ext/alloc_traits.h:36[m[K,
                 from [01m[K/usr/include/c++/9/bits/stl_construct.h:61[m[K,
                 from [01m[K/usr/include/c++/9/bits/stl_tempbuf.h:60[m[K,
                 from [01m[K/usr/include/c++/9/bits/stl_algo.h:62[m[K,
                 from [01m[K/usr/include/c++/9/algorithm:62[m[K,
                 from [01m[K/opt/ros/humble/include/sensor_msgs/sensor_msgs/msg/detail/image__struct.hpp:8[m[K,
                 from [01m[K/opt/ros/humble/include/sensor_msgs/sensor_msgs/msg/image.hpp:7[m[K,
                 from [01m[K/opt/ros/humble/include/cv_bridge/cv_bridge/cv_bridge.h:40[m[K,
                 from [01m[K/home/nvidia/ros2/src/qcar2_nodes/src/rgbd.cpp:4[m[K:
[01m[K/usr/include/c++/9/bits/alloc_traits.h:249:38:[m[K [01;31m[Kinternal compiler error: [m[KSegmentation fault
  249 |           is_constructible<_Tp, _Args[01;31m[K...[m[K>>>
      |                                      [01;31m[K^~~[m[K
0xffff9d7f2e0f __libc_start_main
	../csu/libc-start.c:308
Please submit a full bug report,
with preprocessed source if appropriate.
Please include the complete backtrace with any bug report.
See <file:///usr/share/doc/gcc-9/README.Bugs> for instructions.
make[2]: *** [CMakeFiles/rgbd.dir/build.make:63: CMakeFiles/rgbd.dir/src/rgbd.cpp.o] Error 1
make[1]: *** [CMakeFiles/Makefile2:173: CMakeFiles/rgbd.dir/all] Error 2
make[1]: *** Waiting for unfinished jobs....
[ 56%] [32m[1mLinking CXX executable fixed_lidar_frame[0m
[ 62%] [32m[1mLinking CXX executable csi[0m
[ 68%] [32m[1mLinking CXX executable fixed_lidar_frame_virtual[0m
make[2]: warning:  Clock skew detected.  Your build may be incomplete.
[ 68%] Built target fixed_lidar_frame
[ 75%] [32m[1mLinking CXX executable lidar[0m
make[2]: warning:  Clock skew detected.  Your build may be incomplete.
[ 75%] Built target fixed_lidar_frame_virtual
make[2]: warning:  Clock skew detected.  Your build may be incomplete.
/usr/bin/ld: warning: libopencv_imgcodecs.so.4.2, needed by /opt/ros/humble/lib/libcv_bridge.so, may conflict with libopencv_imgcodecs.so.4.5
/usr/bin/ld: warning: libopencv_core.so.4.2, needed by /opt/ros/humble/lib/libcv_bridge.so, may conflict with libopencv_core.so.4.5
make[2]: warning:  Clock skew detected.  Your build may be incomplete.
[ 75%] Built target lidar
[ 75%] Built target csi
[ 81%] [32m[1mLinking CXX executable command[0m
make[2]: warning:  Clock skew detected.  Your build may be incomplete.
[ 81%] Built target command
[ 87%] [32m[1mLinking CXX executable nav2_qcar2_converter[0m
make[2]: warning:  Clock skew detected.  Your build may be incomplete.
[ 87%] Built target nav2_qcar2_converter
[ 93%] [32m[1mLinking CXX executable qcar2_hardware[0m
make[2]: warning:  Clock skew detected.  Your build may be incomplete.
[ 93%] Built target qcar2_hardware
make: *** [Makefile:141: all] Error 2
