[0.024s] Invoking command in '/home/nvidia/ros2/build/qcar2_nodes': AMENT_PREFIX_PATH=/home/nvidia/ros2/install/qcar2_interfaces:${AMENT_PREFIX_PATH} CMAKE_PREFIX_PATH=/home/nvidia/ros2/install/qcar2_interfaces:/opt/ros/humble LD_LIBRARY_PATH=/home/nvidia/ros2/install/qcar2_interfaces/lib:/opt/ros/humble/opt/rviz_ogre_vendor/lib:/opt/ros/humble/lib/aarch64-linux-gnu:/opt/ros/humble/lib:/usr/local/cuda/lib64:/usr/local/cuda/lib64 PYTHONPATH=/home/nvidia/ros2/install/qcar2_interfaces/lib/python3.9/site-packages:${PYTHONPATH} /usr/bin/cmake --build /home/nvidia/ros2/build/qcar2_nodes -- -j8 -l8
[0.067s] -- Found ament_cmake: 1.3.6 (/opt/ros/humble/share/ament_cmake/cmake)
[0.376s] -- Override CMake install command with custom implementation using symlinks instead of copying resources
[0.404s] -- Found cv_bridge: 3.2.1 (/opt/ros/humble/share/cv_bridge/cmake)
[0.463s] -- Found rosidl_generator_c: 3.1.5 (/opt/ros/humble/share/rosidl_generator_c/cmake)
[0.466s] -- Found rosidl_adapter: 3.1.5 (/opt/ros/humble/share/rosidl_adapter/cmake)
[0.475s] -- Found rosidl_generator_cpp: 3.1.5 (/opt/ros/humble/share/rosidl_generator_cpp/cmake)
[0.494s] -- Using all available rosidl_typesupport_c: rosidl_typesupport_fastrtps_c;rosidl_typesupport_introspection_c
[0.520s] -- Using all available rosidl_typesupport_cpp: rosidl_typesupport_fastrtps_cpp;rosidl_typesupport_introspection_cpp
[0.844s] -- Found image_transport: 3.1.7 (/opt/ros/humble/share/image_transport/cmake)
[0.926s] -- Found rmw_implementation_cmake: 6.1.1 (/opt/ros/humble/share/rmw_implementation_cmake/cmake)
[0.928s] -- Found rmw_fastrtps_cpp: 6.2.5 (/opt/ros/humble/share/rmw_fastrtps_cpp/cmake)
[1.119s] -- Using RMW implementation 'rmw_fastrtps_cpp' as default
[1.397s] -- Found control_msgs: 4.4.0 (/opt/ros/humble/share/control_msgs/cmake)
[1.913s] -- Found qcar2_interfaces: 0.0.0 (/home/nvidia/ros2/install/qcar2_interfaces/share/qcar2_interfaces/cmake)
[1.940s] -- Found tf2_ros: 0.25.5 (/opt/ros/humble/share/tf2_ros/cmake)
[2.370s] -- Found ament_lint_auto: 0.12.9 (/opt/ros/humble/share/ament_lint_auto/cmake)
[2.530s] -- Added test 'cppcheck' to perform static code analysis on C / C++ code
[2.530s] -- Configured cppcheck include dirs: 
[2.530s] -- Configured cppcheck exclude dirs and/or files: 
[2.531s] -- Added test 'flake8' to check Python code syntax and style conventions
[2.531s] -- Added test 'lint_cmake' to check CMake code style
[2.532s] -- Added test 'pep257' to check Python code against some of the docstring style conventions in PEP 257
[2.534s] -- Added test 'uncrustify' to check C / C++ code style
[2.534s] -- Configured uncrustify additional arguments: 
[2.534s] -- Added test 'xmllint' to check XML markup files
[2.541s] -- Configuring done
[2.616s] -- Generating done
[2.620s] -- Build files have been written to: /home/nvidia/ros2/build/qcar2_nodes
[2.675s] [35m[1mScanning dependencies of target fixed_lidar_frame_virtual[0m
[2.675s] [35m[1mScanning dependencies of target rgbd[0m
[2.675s] [35m[1mScanning dependencies of target fixed_lidar_frame[0m
[2.675s] [35m[1mScanning dependencies of target csi[0m
[2.675s] [35m[1mScanning dependencies of target command[0m
[2.676s] [35m[1mScanning dependencies of target lidar[0m
[2.678s] [35m[1mScanning dependencies of target qcar2_hardware[0m
[2.680s] [35m[1mScanning dependencies of target nav2_qcar2_converter[0m
[2.739s] make[2]: Warning: File '/home/nvidia/ros2/src/qcar2_nodes/src/fixed_lidar_frame.cpp' has modification time 491 s in the future
[2.740s] make[2]: Warning: File '/home/nvidia/ros2/src/qcar2_nodes/src/fixed_lidar_frame_virtual.cpp' has modification time 491 s in the future
[2.741s] make[2]: Warning: File '/opt/ros/humble/include/builtin_interfaces/builtin_interfaces/msg/detail/duration__builder.hpp' has modification time 1702938745 s in the future
[2.743s] make[2]: Warning: File '/opt/ros/humble/include/builtin_interfaces/builtin_interfaces/msg/detail/duration__builder.hpp' has modification time 1702938745 s in the future
[2.746s] make[2]: Warning: File '/home/nvidia/ros2/src/qcar2_nodes/src/nav2_qcar_command_convert.cpp' has modification time 491 s in the future
[2.747s] make[2]: Warning: File '/home/nvidia/ros2/src/qcar2_nodes/src/qcar2_hardware.cpp' has modification time 898 s in the future
[2.758s] make[2]: Warning: File '/home/nvidia/ros2/src/qcar2_nodes/src/csi.cpp' has modification time 491 s in the future
[2.761s] make[2]: Warning: File '/home/nvidia/ros2/src/qcar2_nodes/src/rgbd.cpp' has modification time 491 s in the future
[2.765s] [ 18%] [32mBuilding CXX object CMakeFiles/fixed_lidar_frame.dir/src/fixed_lidar_frame.cpp.o[0m
[2.766s] [ 18%] [32mBuilding CXX object CMakeFiles/command.dir/src/command.cpp.o[0m
[2.766s] [ 18%] [32mBuilding CXX object CMakeFiles/nav2_qcar2_converter.dir/src/nav2_qcar_command_convert.cpp.o[0m
[2.768s] [ 25%] [32mBuilding CXX object CMakeFiles/lidar.dir/src/lidar.cpp.o[0m
[2.771s] [ 31%] [32mBuilding CXX object CMakeFiles/fixed_lidar_frame_virtual.dir/src/fixed_lidar_frame_virtual.cpp.o[0m
[2.774s] [ 37%] [32mBuilding CXX object CMakeFiles/qcar2_hardware.dir/src/qcar2_hardware.cpp.o[0m
[2.782s] [ 43%] [32mBuilding CXX object CMakeFiles/csi.dir/src/csi.cpp.o[0m
[2.785s] [ 50%] [32mBuilding CXX object CMakeFiles/rgbd.dir/src/rgbd.cpp.o[0m
[3.355s] In file included from [01m[K/usr/include/c++/9/ext/alloc_traits.h:36[m[K,
[3.355s]                  from [01m[K/usr/include/c++/9/bits/stl_construct.h:61[m[K,
[3.355s]                  from [01m[K/usr/include/c++/9/bits/stl_tempbuf.h:60[m[K,
[3.355s]                  from [01m[K/usr/include/c++/9/bits/stl_algo.h:62[m[K,
[3.355s]                  from [01m[K/usr/include/c++/9/algorithm:62[m[K,
[3.356s]                  from [01m[K/opt/ros/humble/include/sensor_msgs/sensor_msgs/msg/detail/image__struct.hpp:8[m[K,
[3.356s]                  from [01m[K/opt/ros/humble/include/sensor_msgs/sensor_msgs/msg/image.hpp:7[m[K,
[3.356s]                  from [01m[K/opt/ros/humble/include/cv_bridge/cv_bridge/cv_bridge.h:40[m[K,
[3.356s]                  from [01m[K/home/nvidia/ros2/src/qcar2_nodes/src/rgbd.cpp:4[m[K:
[3.356s] [01m[K/usr/include/c++/9/bits/alloc_traits.h:249:38:[m[K [01;31m[Kinternal compiler error: [m[KSegmentation fault
[3.356s]   249 |           is_constructible<_Tp, _Args[01;31m[K...[m[K>>>
[3.356s]       |                                      [01;31m[K^~~[m[K
[3.464s] 0xffff9d7f2e0f __libc_start_main
[3.464s] 	../csu/libc-start.c:308
[3.464s] Please submit a full bug report,
[3.464s] with preprocessed source if appropriate.
[3.464s] Please include the complete backtrace with any bug report.
[3.464s] See <file:///usr/share/doc/gcc-9/README.Bugs> for instructions.
[3.472s] make[2]: *** [CMakeFiles/rgbd.dir/build.make:63: CMakeFiles/rgbd.dir/src/rgbd.cpp.o] Error 1
[3.473s] make[1]: *** [CMakeFiles/Makefile2:173: CMakeFiles/rgbd.dir/all] Error 2
[3.473s] make[1]: *** Waiting for unfinished jobs....
[11.248s] [ 56%] [32m[1mLinking CXX executable fixed_lidar_frame[0m
[11.343s] [ 62%] [32m[1mLinking CXX executable csi[0m
[11.472s] [ 68%] [32m[1mLinking CXX executable fixed_lidar_frame_virtual[0m
[11.679s] make[2]: warning:  Clock skew detected.  Your build may be incomplete.
[11.698s] [ 68%] Built target fixed_lidar_frame
[11.858s] [ 75%] [32m[1mLinking CXX executable lidar[0m
[11.912s] make[2]: warning:  Clock skew detected.  Your build may be incomplete.
[11.930s] [ 75%] Built target fixed_lidar_frame_virtual
[12.288s] make[2]: warning:  Clock skew detected.  Your build may be incomplete.
[12.293s] /usr/bin/ld: warning: libopencv_imgcodecs.so.4.2, needed by /opt/ros/humble/lib/libcv_bridge.so, may conflict with libopencv_imgcodecs.so.4.5
[12.294s] /usr/bin/ld: warning: libopencv_core.so.4.2, needed by /opt/ros/humble/lib/libcv_bridge.so, may conflict with libopencv_core.so.4.5
[12.296s] make[2]: warning:  Clock skew detected.  Your build may be incomplete.
[12.303s] [ 75%] Built target lidar
[12.311s] [ 75%] Built target csi
[12.462s] [ 81%] [32m[1mLinking CXX executable command[0m
[12.896s] make[2]: warning:  Clock skew detected.  Your build may be incomplete.
[12.911s] [ 81%] Built target command
[19.574s] [ 87%] [32m[1mLinking CXX executable nav2_qcar2_converter[0m
[20.237s] make[2]: warning:  Clock skew detected.  Your build may be incomplete.
[20.250s] [ 87%] Built target nav2_qcar2_converter
[26.506s] [ 93%] [32m[1mLinking CXX executable qcar2_hardware[0m
[27.805s] make[2]: warning:  Clock skew detected.  Your build may be incomplete.
[27.820s] [ 93%] Built target qcar2_hardware
[27.822s] make: *** [Makefile:141: all] Error 2
[27.828s] Invoked command in '/home/nvidia/ros2/build/qcar2_nodes' returned '2': AMENT_PREFIX_PATH=/home/nvidia/ros2/install/qcar2_interfaces:${AMENT_PREFIX_PATH} CMAKE_PREFIX_PATH=/home/nvidia/ros2/install/qcar2_interfaces:/opt/ros/humble LD_LIBRARY_PATH=/home/nvidia/ros2/install/qcar2_interfaces/lib:/opt/ros/humble/opt/rviz_ogre_vendor/lib:/opt/ros/humble/lib/aarch64-linux-gnu:/opt/ros/humble/lib:/usr/local/cuda/lib64:/usr/local/cuda/lib64 PYTHONPATH=/home/nvidia/ros2/install/qcar2_interfaces/lib/python3.9/site-packages:${PYTHONPATH} /usr/bin/cmake --build /home/nvidia/ros2/build/qcar2_nodes -- -j8 -l8
