[0.018s] Invoking command in '/home/nvidia/ros2/build/qcar2_interfaces': CMAKE_PREFIX_PATH=/opt/ros/humble /usr/bin/cmake /home/nvidia/ros2/src/qcar2_interfaces -DAMENT_CMAKE_SYMLINK_INSTALL=1 -DCMAKE_INSTALL_PREFIX=/home/nvidia/ros2/install/qcar2_interfaces
[0.101s] -- The C compiler identification is GNU 9.4.0
[0.175s] -- The CXX compiler identification is GNU 9.4.0
[0.180s] -- Check for working C compiler: /usr/bin/cc
[0.284s] -- Check for working C compiler: /usr/bin/cc -- works
[0.285s] -- Detecting C compiler ABI info
[0.400s] -- Detecting C compiler ABI info - done
[0.433s] -- Detecting C compile features
[0.433s] -- Detecting C compile features - done
[0.439s] -- Check for working CXX compiler: /usr/bin/c++
[0.556s] -- Check for working CXX compiler: /usr/bin/c++ -- works
[0.559s] -- Detecting CXX compiler ABI info
[0.683s] -- Detecting CXX compiler ABI info - done
[0.717s] -- Detecting CXX compile features
[0.718s] -- Detecting CXX compile features - done
[0.724s] -- Found ament_cmake: 1.3.6 (/opt/ros/humble/share/ament_cmake/cmake)
[0.945s] -- Found Python3: /usr/bin/python3.9 (found version "3.9.5") found components: Interpreter 
[1.040s] -- Override CMake install command with custom implementation using symlinks instead of copying resources
[1.096s] -- Found rosidl_default_generators: 1.2.0 (/opt/ros/humble/share/rosidl_default_generators/cmake)
[1.099s] -- Using all available rosidl_typesupport_c: rosidl_typesupport_fastrtps_c;rosidl_typesupport_introspection_c
[1.108s] -- Found rosidl_adapter: 3.1.5 (/opt/ros/humble/share/rosidl_adapter/cmake)
[1.170s] -- Using all available rosidl_typesupport_cpp: rosidl_typesupport_fastrtps_cpp;rosidl_typesupport_introspection_cpp
[1.877s] -- Found ament_cmake_ros: 0.10.0 (/opt/ros/humble/share/ament_cmake_ros/cmake)
[2.469s] -- Using all available rosidl_typesupport_c: rosidl_typesupport_fastrtps_c;rosidl_typesupport_introspection_c
[3.245s] -- Using all available rosidl_typesupport_cpp: rosidl_typesupport_fastrtps_cpp;rosidl_typesupport_introspection_cpp
[3.286s] -- Found PythonInterp: /usr/bin/python3 (found suitable version "3.8.10", minimum required is "3.6") 
[3.291s] -- Found python_cmake_module: 0.10.0 (/opt/ros/humble/share/python_cmake_module/cmake)
[3.348s] -- Found PythonLibs: /usr/lib/aarch64-linux-gnu/libpython3.8.so (found suitable version "3.8.10", minimum required is "3.5") 
[3.348s] -- Using PYTHON_EXECUTABLE: /usr/bin/python3
[3.348s] -- Using PYTHON_INCLUDE_DIRS: /usr/include/python3.8
[3.348s] -- Using PYTHON_LIBRARIES: /usr/lib/aarch64-linux-gnu/libpython3.8.so
[3.380s] -- Found PythonExtra: .so  
[3.583s] -- Using numpy include directory: /usr/local/lib/python3.8/dist-packages/numpy/core/include
[3.612s] -- Found ament_lint_auto: 0.12.9 (/opt/ros/humble/share/ament_lint_auto/cmake)
[3.647s] -- Added test 'lint_cmake' to check CMake code style
[3.648s] -- Added test 'xmllint' to check XML markup files
[3.657s] -- Configuring done
[3.696s] -- Generating done
[3.699s] -- Build files have been written to: /home/nvidia/ros2/build/qcar2_interfaces
[3.713s] Invoked command in '/home/nvidia/ros2/build/qcar2_interfaces' returned '0': CMAKE_PREFIX_PATH=/opt/ros/humble /usr/bin/cmake /home/nvidia/ros2/src/qcar2_interfaces -DAMENT_CMAKE_SYMLINK_INSTALL=1 -DCMAKE_INSTALL_PREFIX=/home/nvidia/ros2/install/qcar2_interfaces
[3.720s] Invoking command in '/home/nvidia/ros2/build/qcar2_interfaces': CMAKE_PREFIX_PATH=/opt/ros/humble /usr/bin/cmake --build /home/nvidia/ros2/build/qcar2_interfaces -- -j8 -l8
[3.763s] -- Found ament_cmake: 1.3.6 (/opt/ros/humble/share/ament_cmake/cmake)
[4.067s] -- Override CMake install command with custom implementation using symlinks instead of copying resources
[4.095s] -- Found rosidl_default_generators: 1.2.0 (/opt/ros/humble/share/rosidl_default_generators/cmake)
[4.100s] -- Using all available rosidl_typesupport_c: rosidl_typesupport_fastrtps_c;rosidl_typesupport_introspection_c
[4.107s] -- Found rosidl_adapter: 3.1.5 (/opt/ros/humble/share/rosidl_adapter/cmake)
[4.159s] -- Using all available rosidl_typesupport_cpp: rosidl_typesupport_fastrtps_cpp;rosidl_typesupport_introspection_cpp
[4.847s] -- Found ament_cmake_ros: 0.10.0 (/opt/ros/humble/share/ament_cmake_ros/cmake)
[5.432s] -- Using all available rosidl_typesupport_c: rosidl_typesupport_fastrtps_c;rosidl_typesupport_introspection_c
[6.208s] -- Using all available rosidl_typesupport_cpp: rosidl_typesupport_fastrtps_cpp;rosidl_typesupport_introspection_cpp
[6.251s] -- Found python_cmake_module: 0.10.0 (/opt/ros/humble/share/python_cmake_module/cmake)
[6.296s] -- Using PYTHON_EXECUTABLE: /usr/bin/python3
[6.296s] -- Using PYTHON_INCLUDE_DIRS: /usr/include/python3.8
[6.297s] -- Using PYTHON_LIBRARIES: /usr/lib/aarch64-linux-gnu/libpython3.8.so
[6.462s] -- Using numpy include directory: /usr/local/lib/python3.8/dist-packages/numpy/core/include
[6.484s] -- Found ament_lint_auto: 0.12.9 (/opt/ros/humble/share/ament_lint_auto/cmake)
[6.508s] -- Added test 'lint_cmake' to check CMake code style
[6.510s] -- Added test 'xmllint' to check XML markup files
[6.517s] -- Configuring done
[6.557s] -- Generating done
[6.562s] -- Build files have been written to: /home/nvidia/ros2/build/qcar2_interfaces
[6.595s] make[2]: Warning: File '/opt/ros/humble/lib/rosidl_generator_c/rosidl_generator_c' has modification time 1689702943 s in the future
[6.607s] [  2%] [34m[1mGenerating C code for ROS interfaces[0m
[6.607s] [35m[1mScanning dependencies of target ament_cmake_python_symlink_qcar2_interfaces[0m
[6.607s] [35m[1mScanning dependencies of target qcar2_interfaces__cpp[0m
[6.611s] make[2]: Warning: File '/opt/ros/humble/lib/rosidl_generator_cpp/rosidl_generator_cpp' has modification time 1689702932 s in the future
[6.622s] [  5%] [34m[1mGenerating C++ code for ROS interfaces[0m
[6.637s] [  5%] Built target ament_cmake_python_symlink_qcar2_interfaces
[6.653s] [35m[1mScanning dependencies of target ament_cmake_python_build_qcar2_interfaces_egg[0m
[7.113s] running egg_info
[7.147s] creating qcar2_interfaces.egg-info
[7.148s] writing qcar2_interfaces.egg-info/PKG-INFO
[7.149s] writing dependency_links to qcar2_interfaces.egg-info/dependency_links.txt
[7.149s] writing top-level names to qcar2_interfaces.egg-info/top_level.txt
[7.163s] make[2]: warning:  Clock skew detected.  Your build may be incomplete.
[7.175s] [  5%] Built target qcar2_interfaces__cpp
[7.179s] make[2]: Warning: File '/opt/ros/humble/lib/rosidl_typesupport_introspection_cpp/rosidl_typesupport_introspection_cpp' has modification time 1689702905 s in the future
[7.179s] make[2]: Warning: File '/opt/ros/humble/lib/rosidl_typesupport_cpp/rosidl_typesupport_cpp' has modification time 1689702293 s in the future
[7.179s] make[2]: Warning: File '/opt/ros/humble/lib/rosidl_typesupport_fastrtps_cpp/rosidl_typesupport_fastrtps_cpp' has modification time 1699912694 s in the future
[7.191s] [ 10%] [34m[1mGenerating C++ type support for eProsima Fast-RTPS[0m
[7.191s] [ 10%] [34m[1mGenerating C++ type support dispatch for ROS interfaces[0m
[7.191s] [35m[1mScanning dependencies of target qcar2_interfaces__rosidl_generator_c[0m
[7.191s] [ 12%] [34m[1mGenerating C++ introspection for ROS interfaces[0m
[7.196s] make[2]: warning:  Clock skew detected.  Your build may be incomplete.
[7.198s] make[2]: Warning: File '/opt/ros/humble/lib/rosidl_generator_c/rosidl_generator_c' has modification time 1689702942 s in the future
[7.213s] [ 12%] [34m[1mGenerating C code for ROS interfaces[0m
[7.367s] writing manifest file 'qcar2_interfaces.egg-info/SOURCES.txt'
[7.470s] reading manifest file 'qcar2_interfaces.egg-info/SOURCES.txt'
[7.471s] writing manifest file 'qcar2_interfaces.egg-info/SOURCES.txt'
[7.545s] [ 12%] Built target ament_cmake_python_build_qcar2_interfaces_egg
[7.682s] [35m[1mScanning dependencies of target qcar2_interfaces__rosidl_typesupport_cpp[0m
[7.687s] make[2]: warning:  Clock skew detected.  Your build may be incomplete.
[7.689s] make[2]: Warning: File '/opt/ros/humble/lib/rosidl_typesupport_cpp/rosidl_typesupport_cpp' has modification time 1689702292 s in the future
[7.704s] [ 12%] [34m[1mGenerating C++ type support dispatch for ROS interfaces[0m
[7.718s] [35m[1mScanning dependencies of target qcar2_interfaces__rosidl_typesupport_introspection_cpp[0m
[7.723s] make[2]: warning:  Clock skew detected.  Your build may be incomplete.
[7.726s] make[2]: Warning: File '/opt/ros/humble/lib/rosidl_typesupport_introspection_cpp/rosidl_typesupport_introspection_cpp' has modification time 1689702904 s in the future
[7.740s] [ 12%] [34m[1mGenerating C++ introspection for ROS interfaces[0m
[7.742s] [35m[1mScanning dependencies of target qcar2_interfaces__rosidl_typesupport_fastrtps_cpp[0m
[7.749s] make[2]: warning:  Clock skew detected.  Your build may be incomplete.
[7.751s] make[2]: Warning: File '/opt/ros/humble/lib/rosidl_typesupport_fastrtps_cpp/rosidl_typesupport_fastrtps_cpp' has modification time 1699912693 s in the future
[7.767s] [ 12%] [34m[1mGenerating C++ type support for eProsima Fast-RTPS[0m
[7.792s] [ 15%] [32mBuilding C object CMakeFiles/qcar2_interfaces__rosidl_generator_c.dir/rosidl_generator_c/qcar2_interfaces/msg/detail/motor_commands__functions.c.o[0m
[7.809s] [ 17%] [32mBuilding C object CMakeFiles/qcar2_interfaces__rosidl_generator_c.dir/rosidl_generator_c/qcar2_interfaces/msg/detail/boolean_leds__functions.c.o[0m
[7.893s] [ 20%] [32m[1mLinking C shared library libqcar2_interfaces__rosidl_generator_c.so[0m
[7.930s] make[2]: warning:  Clock skew detected.  Your build may be incomplete.
[7.945s] [ 20%] Built target qcar2_interfaces__rosidl_generator_c
[7.949s] make[2]: Warning: File '/opt/ros/humble/lib/rosidl_typesupport_c/rosidl_typesupport_c' has modification time 1689702297 s in the future
[7.949s] make[2]: Warning: File '/opt/ros/humble/lib/rosidl_typesupport_fastrtps_c/rosidl_typesupport_fastrtps_c' has modification time 1699912691 s in the future
[7.949s] make[2]: Warning: File '/opt/ros/humble/lib/rosidl_typesupport_introspection_c/rosidl_typesupport_introspection_c' has modification time 1689702909 s in the future
[7.963s] [ 28%] [34m[1mGenerating C type support for eProsima Fast-RTPS[0m
[7.964s] [ 28%] [34m[1mGenerating C type support dispatch for ROS interfaces[0m
[7.964s] [ 28%] [34m[1mGenerating C introspection for ROS interfaces[0m
[8.206s] [ 30%] [32mBuilding CXX object CMakeFiles/qcar2_interfaces__rosidl_typesupport_cpp.dir/rosidl_typesupport_cpp/qcar2_interfaces/msg/motor_commands__type_support.cpp.o[0m
[8.223s] [ 33%] [32mBuilding CXX object CMakeFiles/qcar2_interfaces__rosidl_typesupport_cpp.dir/rosidl_typesupport_cpp/qcar2_interfaces/msg/boolean_leds__type_support.cpp.o[0m
[8.284s] [ 38%] [32mBuilding CXX object CMakeFiles/qcar2_interfaces__rosidl_typesupport_introspection_cpp.dir/rosidl_typesupport_introspection_cpp/qcar2_interfaces/msg/detail/boolean_leds__type_support.cpp.o[0m
[8.284s] [ 38%] [32mBuilding CXX object CMakeFiles/qcar2_interfaces__rosidl_typesupport_introspection_cpp.dir/rosidl_typesupport_introspection_cpp/qcar2_interfaces/msg/detail/motor_commands__type_support.cpp.o[0m
[8.368s] [ 41%] [32mBuilding CXX object CMakeFiles/qcar2_interfaces__rosidl_typesupport_fastrtps_cpp.dir/rosidl_typesupport_fastrtps_cpp/qcar2_interfaces/msg/detail/dds_fastrtps/motor_commands__type_support.cpp.o[0m
[8.487s] [35m[1mScanning dependencies of target qcar2_interfaces__rosidl_typesupport_c[0m
[8.492s] make[2]: warning:  Clock skew detected.  Your build may be incomplete.
[8.496s] make[2]: Warning: File '/opt/ros/humble/lib/rosidl_typesupport_c/rosidl_typesupport_c' has modification time 1689702296 s in the future
[8.516s] [ 41%] [34m[1mGenerating C type support dispatch for ROS interfaces[0m
[8.567s] [35m[1mScanning dependencies of target qcar2_interfaces__rosidl_typesupport_introspection_c[0m
[8.571s] make[2]: warning:  Clock skew detected.  Your build may be incomplete.
[8.575s] make[2]: Warning: File '/opt/ros/humble/lib/rosidl_typesupport_introspection_c/rosidl_typesupport_introspection_c' has modification time 1689702908 s in the future
[8.579s] [35m[1mScanning dependencies of target qcar2_interfaces__rosidl_typesupport_fastrtps_c[0m
[8.588s] make[2]: warning:  Clock skew detected.  Your build may be incomplete.
[8.593s] make[2]: Warning: File '/opt/ros/humble/lib/rosidl_typesupport_fastrtps_c/rosidl_typesupport_fastrtps_c' has modification time 1699912690 s in the future
[8.593s] [ 41%] [34m[1mGenerating C introspection for ROS interfaces[0m
[8.613s] [ 41%] [34m[1mGenerating C type support for eProsima Fast-RTPS[0m
[8.732s] [ 43%] [32mBuilding CXX object CMakeFiles/qcar2_interfaces__rosidl_typesupport_fastrtps_cpp.dir/rosidl_typesupport_fastrtps_cpp/qcar2_interfaces/msg/detail/dds_fastrtps/boolean_leds__type_support.cpp.o[0m
[8.786s] [ 46%] [32m[1mLinking CXX shared library libqcar2_interfaces__rosidl_typesupport_cpp.so[0m
[8.838s] make[2]: warning:  Clock skew detected.  Your build may be incomplete.
[8.855s] [ 46%] Built target qcar2_interfaces__rosidl_typesupport_cpp
[9.060s] [ 48%] [32mBuilding CXX object CMakeFiles/qcar2_interfaces__rosidl_typesupport_c.dir/rosidl_typesupport_c/qcar2_interfaces/msg/motor_commands__type_support.cpp.o[0m
[9.077s] [ 51%] [32mBuilding CXX object CMakeFiles/qcar2_interfaces__rosidl_typesupport_c.dir/rosidl_typesupport_c/qcar2_interfaces/msg/boolean_leds__type_support.cpp.o[0m
[9.131s] [ 53%] [32m[1mLinking CXX shared library libqcar2_interfaces__rosidl_typesupport_c.so[0m
[9.187s] make[2]: warning:  Clock skew detected.  Your build may be incomplete.
[9.203s] [ 53%] Built target qcar2_interfaces__rosidl_typesupport_c
[9.208s] [ 58%] [32mBuilding C object CMakeFiles/qcar2_interfaces__rosidl_typesupport_introspection_c.dir/rosidl_typesupport_introspection_c/qcar2_interfaces/msg/detail/boolean_leds__type_support.c.o[0m
[9.208s] [ 58%] [32mBuilding C object CMakeFiles/qcar2_interfaces__rosidl_typesupport_introspection_c.dir/rosidl_typesupport_introspection_c/qcar2_interfaces/msg/detail/motor_commands__type_support.c.o[0m
[9.225s] [ 61%] [32mBuilding CXX object CMakeFiles/qcar2_interfaces__rosidl_typesupport_fastrtps_c.dir/rosidl_typesupport_fastrtps_c/qcar2_interfaces/msg/detail/motor_commands__type_support_c.cpp.o[0m
[9.234s] [ 66%] [32mBuilding CXX object CMakeFiles/qcar2_interfaces__rosidl_typesupport_fastrtps_c.dir/rosidl_typesupport_fastrtps_c/qcar2_interfaces/msg/detail/boolean_leds__type_support_c.cpp.o[0m
[9.234s] [ 66%] [32m[1mLinking CXX shared library libqcar2_interfaces__rosidl_typesupport_introspection_cpp.so[0m
[9.275s] [ 69%] [32m[1mLinking C shared library libqcar2_interfaces__rosidl_typesupport_introspection_c.so[0m
[9.309s] make[2]: warning:  Clock skew detected.  Your build may be incomplete.
[9.324s] [ 69%] Built target qcar2_interfaces__rosidl_typesupport_introspection_c
[9.349s] make[2]: warning:  Clock skew detected.  Your build may be incomplete.
[9.364s] [ 69%] Built target qcar2_interfaces__rosidl_typesupport_introspection_cpp
[9.558s] [ 71%] [32m[1mLinking CXX shared library libqcar2_interfaces__rosidl_typesupport_fastrtps_cpp.so[0m
[9.663s] make[2]: warning:  Clock skew detected.  Your build may be incomplete.
[9.678s] [ 71%] Built target qcar2_interfaces__rosidl_typesupport_fastrtps_cpp
[9.836s] [ 74%] [32m[1mLinking CXX shared library libqcar2_interfaces__rosidl_typesupport_fastrtps_c.so[0m
[9.925s] make[2]: warning:  Clock skew detected.  Your build may be incomplete.
[9.938s] [ 74%] Built target qcar2_interfaces__rosidl_typesupport_fastrtps_c
[9.955s] [35m[1mScanning dependencies of target qcar2_interfaces[0m
[9.958s] make[2]: Warning: File '/home/nvidia/ros2/src/qcar2_interfaces/msg/MotorCommands.msg' has modification time 552 s in the future
[9.959s] make[2]: warning:  Clock skew detected.  Your build may be incomplete.
[9.972s] [ 74%] Built target qcar2_interfaces
[9.989s] [35m[1mScanning dependencies of target qcar2_interfaces__py[0m
[9.992s] make[2]: Warning: File '/opt/ros/humble/lib/rosidl_generator_py/rosidl_generator_py' has modification time 1667922829 s in the future
[10.006s] [ 76%] [34m[1mGenerating Python code for ROS interfaces[0m
[10.695s] make[2]: warning:  Clock skew detected.  Your build may be incomplete.
[10.708s] [ 76%] Built target qcar2_interfaces__py
[10.726s] [35m[1mScanning dependencies of target qcar2_interfaces__rosidl_generator_py[0m
[10.743s] make[2]: Warning: File '/opt/ros/humble/include/rosidl_runtime_c/rosidl_runtime_c/primitives_sequence.h' has modification time 1689702890 s in the future
[10.757s] [ 82%] [32mBuilding C object CMakeFiles/qcar2_interfaces__rosidl_generator_py.dir/rosidl_generator_py/qcar2_interfaces/msg/_boolean_leds_s.c.o[0m
[10.758s] [ 82%] [32mBuilding C object CMakeFiles/qcar2_interfaces__rosidl_generator_py.dir/rosidl_generator_py/qcar2_interfaces/msg/_motor_commands_s.c.o[0m
[10.914s] [ 84%] [32m[1mLinking C shared library rosidl_generator_py/qcar2_interfaces/libqcar2_interfaces__rosidl_generator_py.so[0m
[10.961s] make[2]: warning:  Clock skew detected.  Your build may be incomplete.
[10.975s] [ 84%] Built target qcar2_interfaces__rosidl_generator_py
[10.991s] [35m[1mScanning dependencies of target qcar2_interfaces__rosidl_typesupport_c__pyext[0m
[10.991s] [35m[1mScanning dependencies of target qcar2_interfaces__rosidl_typesupport_fastrtps_c__pyext[0m
[10.991s] [35m[1mScanning dependencies of target qcar2_interfaces__rosidl_typesupport_introspection_c__pyext[0m
[11.004s] make[2]: Warning: File '/opt/ros/humble/include/rosidl_runtime_c/rosidl_runtime_c/action_type_support_struct.h' has modification time 1689702890 s in the future
[11.004s] make[2]: Warning: File '/opt/ros/humble/include/rosidl_runtime_c/rosidl_runtime_c/action_type_support_struct.h' has modification time 1689702890 s in the future
[11.006s] make[2]: Warning: File '/opt/ros/humble/include/rosidl_runtime_c/rosidl_runtime_c/action_type_support_struct.h' has modification time 1689702890 s in the future
[11.018s] [ 89%] [32mBuilding C object CMakeFiles/qcar2_interfaces__rosidl_typesupport_c__pyext.dir/rosidl_generator_py/qcar2_interfaces/_qcar2_interfaces_s.ep.rosidl_typesupport_c.c.o[0m
[11.018s] [ 89%] [32mBuilding C object CMakeFiles/qcar2_interfaces__rosidl_typesupport_fastrtps_c__pyext.dir/rosidl_generator_py/qcar2_interfaces/_qcar2_interfaces_s.ep.rosidl_typesupport_fastrtps_c.c.o[0m
[11.018s] [ 92%] [32mBuilding C object CMakeFiles/qcar2_interfaces__rosidl_typesupport_introspection_c__pyext.dir/rosidl_generator_py/qcar2_interfaces/_qcar2_interfaces_s.ep.rosidl_typesupport_introspection_c.c.o[0m
[11.147s] [ 97%] [32m[1mLinking C shared library rosidl_generator_py/qcar2_interfaces/qcar2_interfaces_s__rosidl_typesupport_fastrtps_c.cpython-38-aarch64-linux-gnu.so[0m
[11.147s] [ 97%] [32m[1mLinking C shared library rosidl_generator_py/qcar2_interfaces/qcar2_interfaces_s__rosidl_typesupport_c.cpython-38-aarch64-linux-gnu.so[0m
[11.148s] [100%] [32m[1mLinking C shared library rosidl_generator_py/qcar2_interfaces/qcar2_interfaces_s__rosidl_typesupport_introspection_c.cpython-38-aarch64-linux-gnu.so[0m
[11.185s] make[2]: warning:  Clock skew detected.  Your build may be incomplete.
[11.185s] make[2]: warning:  Clock skew detected.  Your build may be incomplete.
[11.186s] make[2]: warning:  Clock skew detected.  Your build may be incomplete.
[11.199s] [100%] Built target qcar2_interfaces__rosidl_typesupport_fastrtps_c__pyext
[11.199s] [100%] Built target qcar2_interfaces__rosidl_typesupport_c__pyext
[11.199s] [100%] Built target qcar2_interfaces__rosidl_typesupport_introspection_c__pyext
[11.222s] Invoked command in '/home/nvidia/ros2/build/qcar2_interfaces' returned '0': CMAKE_PREFIX_PATH=/opt/ros/humble /usr/bin/cmake --build /home/nvidia/ros2/build/qcar2_interfaces -- -j8 -l8
[11.328s] Invoking command in '/home/nvidia/ros2/build/qcar2_interfaces': CMAKE_PREFIX_PATH=/opt/ros/humble /usr/bin/cmake --install /home/nvidia/ros2/build/qcar2_interfaces
[11.343s] -- Install configuration: ""
[11.343s] -- Execute custom install script
[11.344s] -- Symlinking: /home/nvidia/ros2/install/qcar2_interfaces/share/ament_index/resource_index/rosidl_interfaces/qcar2_interfaces
[11.359s] -- Symlinking: /home/nvidia/ros2/install/qcar2_interfaces/include/qcar2_interfaces/qcar2_interfaces/msg/boolean_leds.h
[11.377s] -- Symlinking: /home/nvidia/ros2/install/qcar2_interfaces/include/qcar2_interfaces/qcar2_interfaces/msg/detail/boolean_leds__functions.h
[11.392s] -- Symlinking: /home/nvidia/ros2/install/qcar2_interfaces/include/qcar2_interfaces/qcar2_interfaces/msg/detail/boolean_leds__struct.h
[11.412s] -- Symlinking: /home/nvidia/ros2/install/qcar2_interfaces/include/qcar2_interfaces/qcar2_interfaces/msg/detail/boolean_leds__type_support.h
[11.429s] -- Symlinking: /home/nvidia/ros2/install/qcar2_interfaces/include/qcar2_interfaces/qcar2_interfaces/msg/detail/motor_commands__functions.h
[11.443s] -- Symlinking: /home/nvidia/ros2/install/qcar2_interfaces/include/qcar2_interfaces/qcar2_interfaces/msg/detail/motor_commands__struct.h
[11.463s] -- Symlinking: /home/nvidia/ros2/install/qcar2_interfaces/include/qcar2_interfaces/qcar2_interfaces/msg/detail/motor_commands__type_support.h
[11.480s] -- Symlinking: /home/nvidia/ros2/install/qcar2_interfaces/include/qcar2_interfaces/qcar2_interfaces/msg/motor_commands.h
[11.495s] -- Symlinking: /home/nvidia/ros2/install/qcar2_interfaces/include/qcar2_interfaces/qcar2_interfaces/msg/rosidl_generator_c__visibility_control.h
[11.517s] -- Symlinking: /home/nvidia/ros2/install/qcar2_interfaces/share/qcar2_interfaces/environment/library_path.sh
[11.533s] -- Symlinking: /home/nvidia/ros2/install/qcar2_interfaces/share/qcar2_interfaces/environment/library_path.dsv
[11.551s] -- Symlinking: /home/nvidia/ros2/install/qcar2_interfaces/include/qcar2_interfaces/qcar2_interfaces/msg/detail/boolean_leds__rosidl_typesupport_fastrtps_c.h
[11.566s] -- Symlinking: /home/nvidia/ros2/install/qcar2_interfaces/include/qcar2_interfaces/qcar2_interfaces/msg/detail/motor_commands__rosidl_typesupport_fastrtps_c.h
[11.586s] -- Symlinking: /home/nvidia/ros2/install/qcar2_interfaces/include/qcar2_interfaces/qcar2_interfaces/msg/rosidl_typesupport_fastrtps_c__visibility_control.h
[11.602s] -- Symlinking: /home/nvidia/ros2/install/qcar2_interfaces/include/qcar2_interfaces/qcar2_interfaces/msg/detail/boolean_leds__rosidl_typesupport_introspection_c.h
[11.618s] -- Symlinking: /home/nvidia/ros2/install/qcar2_interfaces/include/qcar2_interfaces/qcar2_interfaces/msg/detail/motor_commands__rosidl_typesupport_introspection_c.h
[11.636s] -- Symlinking: /home/nvidia/ros2/install/qcar2_interfaces/include/qcar2_interfaces/qcar2_interfaces/msg/rosidl_typesupport_introspection_c__visibility_control.h
[11.659s] -- Symlinking: /home/nvidia/ros2/install/qcar2_interfaces/include/qcar2_interfaces/qcar2_interfaces/msg/boolean_leds.hpp
[11.674s] -- Symlinking: /home/nvidia/ros2/install/qcar2_interfaces/include/qcar2_interfaces/qcar2_interfaces/msg/detail/boolean_leds__builder.hpp
[11.689s] -- Symlinking: /home/nvidia/ros2/install/qcar2_interfaces/include/qcar2_interfaces/qcar2_interfaces/msg/detail/boolean_leds__struct.hpp
[11.705s] -- Symlinking: /home/nvidia/ros2/install/qcar2_interfaces/include/qcar2_interfaces/qcar2_interfaces/msg/detail/boolean_leds__traits.hpp
[11.722s] -- Symlinking: /home/nvidia/ros2/install/qcar2_interfaces/include/qcar2_interfaces/qcar2_interfaces/msg/detail/motor_commands__builder.hpp
[11.740s] -- Symlinking: /home/nvidia/ros2/install/qcar2_interfaces/include/qcar2_interfaces/qcar2_interfaces/msg/detail/motor_commands__struct.hpp
[11.761s] -- Symlinking: /home/nvidia/ros2/install/qcar2_interfaces/include/qcar2_interfaces/qcar2_interfaces/msg/detail/motor_commands__traits.hpp
[11.776s] -- Symlinking: /home/nvidia/ros2/install/qcar2_interfaces/include/qcar2_interfaces/qcar2_interfaces/msg/motor_commands.hpp
[11.799s] -- Symlinking: /home/nvidia/ros2/install/qcar2_interfaces/include/qcar2_interfaces/qcar2_interfaces/msg/detail/boolean_leds__rosidl_typesupport_fastrtps_cpp.hpp
[11.814s] -- Symlinking: /home/nvidia/ros2/install/qcar2_interfaces/include/qcar2_interfaces/qcar2_interfaces/msg/detail/motor_commands__rosidl_typesupport_fastrtps_cpp.hpp
[11.830s] -- Symlinking: /home/nvidia/ros2/install/qcar2_interfaces/include/qcar2_interfaces/qcar2_interfaces/msg/rosidl_typesupport_fastrtps_cpp__visibility_control.h
[11.847s] -- Symlinking: /home/nvidia/ros2/install/qcar2_interfaces/include/qcar2_interfaces/qcar2_interfaces/msg/detail/boolean_leds__rosidl_typesupport_introspection_cpp.hpp
[11.862s] -- Symlinking: /home/nvidia/ros2/install/qcar2_interfaces/include/qcar2_interfaces/qcar2_interfaces/msg/detail/motor_commands__rosidl_typesupport_introspection_cpp.hpp
[11.882s] -- Symlinking: /home/nvidia/ros2/install/qcar2_interfaces/share/qcar2_interfaces/environment/pythonpath.sh
[11.898s] -- Symlinking: /home/nvidia/ros2/install/qcar2_interfaces/share/qcar2_interfaces/environment/pythonpath.dsv
[11.915s] -- Symlinking: /home/nvidia/ros2/install/qcar2_interfaces/lib/python3.9/site-packages/qcar2_interfaces-0.0.0-py3.9.egg-info/PKG-INFO
[11.930s] -- Symlinking: /home/nvidia/ros2/install/qcar2_interfaces/lib/python3.9/site-packages/qcar2_interfaces-0.0.0-py3.9.egg-info/SOURCES.txt
[11.949s] -- Symlinking: /home/nvidia/ros2/install/qcar2_interfaces/lib/python3.9/site-packages/qcar2_interfaces-0.0.0-py3.9.egg-info/dependency_links.txt
[11.964s] -- Symlinking: /home/nvidia/ros2/install/qcar2_interfaces/lib/python3.9/site-packages/qcar2_interfaces-0.0.0-py3.9.egg-info/top_level.txt
[11.985s] -- Symlinking: /home/nvidia/ros2/install/qcar2_interfaces/lib/python3.9/site-packages/qcar2_interfaces/__init__.py
[12.001s] -- Symlinking: /home/nvidia/ros2/install/qcar2_interfaces/lib/python3.9/site-packages/qcar2_interfaces/_qcar2_interfaces_s.ep.rosidl_typesupport_c.c
[12.016s] -- Symlinking: /home/nvidia/ros2/install/qcar2_interfaces/lib/python3.9/site-packages/qcar2_interfaces/_qcar2_interfaces_s.ep.rosidl_typesupport_fastrtps_c.c
[12.031s] -- Symlinking: /home/nvidia/ros2/install/qcar2_interfaces/lib/python3.9/site-packages/qcar2_interfaces/_qcar2_interfaces_s.ep.rosidl_typesupport_introspection_c.c
[12.051s] -- Symlinking: /home/nvidia/ros2/install/qcar2_interfaces/lib/python3.9/site-packages/qcar2_interfaces/libqcar2_interfaces__rosidl_generator_py.so
[12.068s] -- Symlinking: /home/nvidia/ros2/install/qcar2_interfaces/lib/python3.9/site-packages/qcar2_interfaces/msg/__init__.py
[12.086s] -- Symlinking: /home/nvidia/ros2/install/qcar2_interfaces/lib/python3.9/site-packages/qcar2_interfaces/msg/_boolean_leds.py
[12.104s] -- Symlinking: /home/nvidia/ros2/install/qcar2_interfaces/lib/python3.9/site-packages/qcar2_interfaces/msg/_boolean_leds_s.c
[12.122s] -- Symlinking: /home/nvidia/ros2/install/qcar2_interfaces/lib/python3.9/site-packages/qcar2_interfaces/msg/_motor_commands.py
[12.137s] -- Symlinking: /home/nvidia/ros2/install/qcar2_interfaces/lib/python3.9/site-packages/qcar2_interfaces/msg/_motor_commands_s.c
[12.151s] -- Symlinking: /home/nvidia/ros2/install/qcar2_interfaces/lib/python3.9/site-packages/qcar2_interfaces/qcar2_interfaces_s__rosidl_typesupport_c.cpython-38-aarch64-linux-gnu.so
[12.167s] -- Symlinking: /home/nvidia/ros2/install/qcar2_interfaces/lib/python3.9/site-packages/qcar2_interfaces/qcar2_interfaces_s__rosidl_typesupport_fastrtps_c.cpython-38-aarch64-linux-gnu.so
[12.187s] -- Symlinking: /home/nvidia/ros2/install/qcar2_interfaces/lib/python3.9/site-packages/qcar2_interfaces/qcar2_interfaces_s__rosidl_typesupport_introspection_c.cpython-38-aarch64-linux-gnu.so
[12.205s] -- Up-to-date symlink: /home/nvidia/ros2/install/qcar2_interfaces/lib/python3.9/site-packages/qcar2_interfaces/qcar2_interfaces_s__rosidl_typesupport_fastrtps_c.cpython-38-aarch64-linux-gnu.so
[12.206s] -- Up-to-date symlink: /home/nvidia/ros2/install/qcar2_interfaces/lib/python3.9/site-packages/qcar2_interfaces/qcar2_interfaces_s__rosidl_typesupport_introspection_c.cpython-38-aarch64-linux-gnu.so
[12.206s] -- Up-to-date symlink: /home/nvidia/ros2/install/qcar2_interfaces/lib/python3.9/site-packages/qcar2_interfaces/qcar2_interfaces_s__rosidl_typesupport_c.cpython-38-aarch64-linux-gnu.so
[12.207s] -- Symlinking: /home/nvidia/ros2/install/qcar2_interfaces/share/qcar2_interfaces/msg/MotorCommands.idl
[12.223s] -- Symlinking: /home/nvidia/ros2/install/qcar2_interfaces/share/qcar2_interfaces/msg/BooleanLeds.idl
[12.243s] -- Symlinking: /home/nvidia/ros2/install/qcar2_interfaces/share/qcar2_interfaces/msg/MotorCommands.msg
[12.261s] -- Symlinking: /home/nvidia/ros2/install/qcar2_interfaces/share/qcar2_interfaces/msg/BooleanLeds.msg
[12.275s] -- Symlinking: /home/nvidia/ros2/install/qcar2_interfaces/share/ament_index/resource_index/package_run_dependencies/qcar2_interfaces
[12.298s] -- Symlinking: /home/nvidia/ros2/install/qcar2_interfaces/share/ament_index/resource_index/parent_prefix_path/qcar2_interfaces
[12.313s] -- Symlinking: /home/nvidia/ros2/install/qcar2_interfaces/share/qcar2_interfaces/environment/ament_prefix_path.sh
[12.330s] -- Symlinking: /home/nvidia/ros2/install/qcar2_interfaces/share/qcar2_interfaces/environment/ament_prefix_path.dsv
[12.346s] -- Symlinking: /home/nvidia/ros2/install/qcar2_interfaces/share/qcar2_interfaces/environment/path.sh
[12.362s] -- Symlinking: /home/nvidia/ros2/install/qcar2_interfaces/share/qcar2_interfaces/environment/path.dsv
[12.379s] -- Symlinking: /home/nvidia/ros2/install/qcar2_interfaces/share/qcar2_interfaces/local_setup.bash
[12.396s] -- Symlinking: /home/nvidia/ros2/install/qcar2_interfaces/share/qcar2_interfaces/local_setup.sh
[12.414s] -- Symlinking: /home/nvidia/ros2/install/qcar2_interfaces/share/qcar2_interfaces/local_setup.zsh
[12.431s] -- Symlinking: /home/nvidia/ros2/install/qcar2_interfaces/share/qcar2_interfaces/local_setup.dsv
[12.451s] -- Symlinking: /home/nvidia/ros2/install/qcar2_interfaces/share/qcar2_interfaces/package.dsv
[12.469s] -- Symlinking: /home/nvidia/ros2/install/qcar2_interfaces/share/ament_index/resource_index/packages/qcar2_interfaces
[12.486s] -- Symlinking: /home/nvidia/ros2/install/qcar2_interfaces/share/qcar2_interfaces/cmake/rosidl_cmake-extras.cmake
[12.503s] -- Symlinking: /home/nvidia/ros2/install/qcar2_interfaces/share/qcar2_interfaces/cmake/ament_cmake_export_include_directories-extras.cmake
[12.519s] -- Symlinking: /home/nvidia/ros2/install/qcar2_interfaces/share/qcar2_interfaces/cmake/ament_cmake_export_libraries-extras.cmake
[12.538s] -- Symlinking: /home/nvidia/ros2/install/qcar2_interfaces/share/qcar2_interfaces/cmake/ament_cmake_export_targets-extras.cmake
[12.554s] -- Symlinking: /home/nvidia/ros2/install/qcar2_interfaces/share/qcar2_interfaces/cmake/rosidl_cmake_export_typesupport_targets-extras.cmake
[12.573s] -- Symlinking: /home/nvidia/ros2/install/qcar2_interfaces/share/qcar2_interfaces/cmake/ament_cmake_export_dependencies-extras.cmake
[12.590s] -- Symlinking: /home/nvidia/ros2/install/qcar2_interfaces/share/qcar2_interfaces/cmake/rosidl_cmake_export_typesupport_libraries-extras.cmake
[12.604s] -- Symlinking: /home/nvidia/ros2/install/qcar2_interfaces/share/qcar2_interfaces/cmake/qcar2_interfacesConfig.cmake
[12.619s] -- Symlinking: /home/nvidia/ros2/install/qcar2_interfaces/share/qcar2_interfaces/cmake/qcar2_interfacesConfig-version.cmake
[12.640s] -- Symlinking: /home/nvidia/ros2/install/qcar2_interfaces/share/qcar2_interfaces/package.xml
[12.657s] -- Installing: /home/nvidia/ros2/install/qcar2_interfaces/lib/libqcar2_interfaces__rosidl_generator_c.so
[12.659s] -- Set runtime path of "/home/nvidia/ros2/install/qcar2_interfaces/lib/libqcar2_interfaces__rosidl_generator_c.so" to ""
[12.659s] -- Installing: /home/nvidia/ros2/install/qcar2_interfaces/lib/libqcar2_interfaces__rosidl_typesupport_fastrtps_c.so
[12.660s] -- Set runtime path of "/home/nvidia/ros2/install/qcar2_interfaces/lib/libqcar2_interfaces__rosidl_typesupport_fastrtps_c.so" to ""
[12.661s] -- Installing: /home/nvidia/ros2/install/qcar2_interfaces/lib/libqcar2_interfaces__rosidl_typesupport_introspection_c.so
[12.662s] -- Set runtime path of "/home/nvidia/ros2/install/qcar2_interfaces/lib/libqcar2_interfaces__rosidl_typesupport_introspection_c.so" to ""
[12.662s] -- Installing: /home/nvidia/ros2/install/qcar2_interfaces/lib/libqcar2_interfaces__rosidl_typesupport_c.so
[12.664s] -- Set runtime path of "/home/nvidia/ros2/install/qcar2_interfaces/lib/libqcar2_interfaces__rosidl_typesupport_c.so" to ""
[12.664s] -- Installing: /home/nvidia/ros2/install/qcar2_interfaces/lib/libqcar2_interfaces__rosidl_typesupport_fastrtps_cpp.so
[12.666s] -- Set runtime path of "/home/nvidia/ros2/install/qcar2_interfaces/lib/libqcar2_interfaces__rosidl_typesupport_fastrtps_cpp.so" to ""
[12.666s] -- Installing: /home/nvidia/ros2/install/qcar2_interfaces/lib/libqcar2_interfaces__rosidl_typesupport_introspection_cpp.so
[12.668s] -- Set runtime path of "/home/nvidia/ros2/install/qcar2_interfaces/lib/libqcar2_interfaces__rosidl_typesupport_introspection_cpp.so" to ""
[12.668s] -- Installing: /home/nvidia/ros2/install/qcar2_interfaces/lib/libqcar2_interfaces__rosidl_typesupport_cpp.so
[12.669s] -- Set runtime path of "/home/nvidia/ros2/install/qcar2_interfaces/lib/libqcar2_interfaces__rosidl_typesupport_cpp.so" to ""
[12.728s] Listing '/home/nvidia/ros2/install/qcar2_interfaces/lib/python3.9/site-packages/qcar2_interfaces'...
[12.728s] Compiling '/home/nvidia/ros2/install/qcar2_interfaces/lib/python3.9/site-packages/qcar2_interfaces/__init__.py'...
[12.729s] Listing '/home/nvidia/ros2/install/qcar2_interfaces/lib/python3.9/site-packages/qcar2_interfaces/msg'...
[12.729s] Compiling '/home/nvidia/ros2/install/qcar2_interfaces/lib/python3.9/site-packages/qcar2_interfaces/msg/__init__.py'...
[12.729s] Compiling '/home/nvidia/ros2/install/qcar2_interfaces/lib/python3.9/site-packages/qcar2_interfaces/msg/_boolean_leds.py'...
[12.729s] Compiling '/home/nvidia/ros2/install/qcar2_interfaces/lib/python3.9/site-packages/qcar2_interfaces/msg/_motor_commands.py'...
[12.738s] -- Installing: /home/nvidia/ros2/install/qcar2_interfaces/lib/libqcar2_interfaces__rosidl_generator_py.so
[12.739s] -- Set runtime path of "/home/nvidia/ros2/install/qcar2_interfaces/lib/libqcar2_interfaces__rosidl_generator_py.so" to ""
[12.740s] -- Installing: /home/nvidia/ros2/install/qcar2_interfaces/share/qcar2_interfaces/cmake/export_qcar2_interfaces__rosidl_generator_cExport.cmake
[12.741s] -- Installing: /home/nvidia/ros2/install/qcar2_interfaces/share/qcar2_interfaces/cmake/export_qcar2_interfaces__rosidl_generator_cExport-noconfig.cmake
[12.741s] -- Installing: /home/nvidia/ros2/install/qcar2_interfaces/share/qcar2_interfaces/cmake/export_qcar2_interfaces__rosidl_typesupport_fastrtps_cExport.cmake
[12.742s] -- Installing: /home/nvidia/ros2/install/qcar2_interfaces/share/qcar2_interfaces/cmake/export_qcar2_interfaces__rosidl_typesupport_fastrtps_cExport-noconfig.cmake
[12.743s] -- Installing: /home/nvidia/ros2/install/qcar2_interfaces/share/qcar2_interfaces/cmake/qcar2_interfaces__rosidl_typesupport_introspection_cExport.cmake
[12.743s] -- Installing: /home/nvidia/ros2/install/qcar2_interfaces/share/qcar2_interfaces/cmake/qcar2_interfaces__rosidl_typesupport_introspection_cExport-noconfig.cmake
[12.744s] -- Installing: /home/nvidia/ros2/install/qcar2_interfaces/share/qcar2_interfaces/cmake/qcar2_interfaces__rosidl_typesupport_cExport.cmake
[12.745s] -- Installing: /home/nvidia/ros2/install/qcar2_interfaces/share/qcar2_interfaces/cmake/qcar2_interfaces__rosidl_typesupport_cExport-noconfig.cmake
[12.746s] -- Installing: /home/nvidia/ros2/install/qcar2_interfaces/share/qcar2_interfaces/cmake/export_qcar2_interfaces__rosidl_generator_cppExport.cmake
[12.746s] -- Installing: /home/nvidia/ros2/install/qcar2_interfaces/share/qcar2_interfaces/cmake/export_qcar2_interfaces__rosidl_typesupport_fastrtps_cppExport.cmake
[12.747s] -- Installing: /home/nvidia/ros2/install/qcar2_interfaces/share/qcar2_interfaces/cmake/export_qcar2_interfaces__rosidl_typesupport_fastrtps_cppExport-noconfig.cmake
[12.748s] -- Installing: /home/nvidia/ros2/install/qcar2_interfaces/share/qcar2_interfaces/cmake/qcar2_interfaces__rosidl_typesupport_introspection_cppExport.cmake
[12.748s] -- Installing: /home/nvidia/ros2/install/qcar2_interfaces/share/qcar2_interfaces/cmake/qcar2_interfaces__rosidl_typesupport_introspection_cppExport-noconfig.cmake
[12.749s] -- Installing: /home/nvidia/ros2/install/qcar2_interfaces/share/qcar2_interfaces/cmake/qcar2_interfaces__rosidl_typesupport_cppExport.cmake
[12.750s] -- Installing: /home/nvidia/ros2/install/qcar2_interfaces/share/qcar2_interfaces/cmake/qcar2_interfaces__rosidl_typesupport_cppExport-noconfig.cmake
[12.750s] -- Installing: /home/nvidia/ros2/install/qcar2_interfaces/share/qcar2_interfaces/cmake/export_qcar2_interfaces__rosidl_generator_pyExport.cmake
[12.751s] -- Installing: /home/nvidia/ros2/install/qcar2_interfaces/share/qcar2_interfaces/cmake/export_qcar2_interfaces__rosidl_generator_pyExport-noconfig.cmake
[12.759s] Invoked command in '/home/nvidia/ros2/build/qcar2_interfaces' returned '0': CMAKE_PREFIX_PATH=/opt/ros/humble /usr/bin/cmake --install /home/nvidia/ros2/build/qcar2_interfaces
