[0.024s] Invoking command in '/home/nvidia/ros2_qcar2_nlmpc/build/qcar2_nodes': CMAKE_PREFIX_PATH=/home/nvidia/ros2_qcar2_nlmpc/install/qcar2_interfaces:/home/nvidia/ros2_qcar2_nlmpc/install/qcar2_nodes:/home/nvidia/ros2/install/qcar2_nodes:/home/nvidia/ros2/install/qcar2_interfaces:/opt/ros/humble LD_LIBRARY_PATH=/home/nvidia/ros2_qcar2_nlmpc/install/qcar2_interfaces/lib:/home/nvidia/ros2/install/qcar2_interfaces/lib:/opt/ros/humble/opt/rviz_ogre_vendor/lib:/opt/ros/humble/lib/aarch64-linux-gnu:/opt/ros/humble/lib:/usr/local/cuda/lib64:/home/nvidia/acados/lib /usr/bin/cmake --build /home/nvidia/ros2_qcar2_nlmpc/build/qcar2_nodes -- -j8 -l8
[0.065s] -- Found ament_cmake: 1.3.6 (/opt/ros/humble/share/ament_cmake/cmake)
[0.402s] -- Found cv_bridge: 3.2.1 (/opt/ros/humble/share/cv_bridge/cmake)
[0.462s] -- Found rosidl_generator_c: 3.1.5 (/opt/ros/humble/share/rosidl_generator_c/cmake)
[0.465s] -- Found rosidl_adapter: 3.1.5 (/opt/ros/humble/share/rosidl_adapter/cmake)
[0.474s] -- Found rosidl_generator_cpp: 3.1.5 (/opt/ros/humble/share/rosidl_generator_cpp/cmake)
[0.493s] -- Using all available rosidl_typesupport_c: rosidl_typesupport_fastrtps_c;rosidl_typesupport_introspection_c
[0.519s] -- Using all available rosidl_typesupport_cpp: rosidl_typesupport_fastrtps_cpp;rosidl_typesupport_introspection_cpp
[0.845s] -- Found image_transport: 3.1.7 (/opt/ros/humble/share/image_transport/cmake)
[0.926s] -- Found rmw_implementation_cmake: 6.1.1 (/opt/ros/humble/share/rmw_implementation_cmake/cmake)
[0.928s] -- Found rmw_fastrtps_cpp: 6.2.5 (/opt/ros/humble/share/rmw_fastrtps_cpp/cmake)
[1.121s] -- Using RMW implementation 'rmw_fastrtps_cpp' as default
[1.397s] -- Found control_msgs: 4.4.0 (/opt/ros/humble/share/control_msgs/cmake)
[1.910s] -- Found qcar2_interfaces: 0.0.0 (/home/nvidia/ros2_qcar2_nlmpc/install/qcar2_interfaces/share/qcar2_interfaces/cmake)
[1.936s] -- Found tf2_ros: 0.25.5 (/opt/ros/humble/share/tf2_ros/cmake)
[2.339s] -- Found nav_msgs: 4.2.3 (/opt/ros/humble/share/nav_msgs/cmake)
[2.484s] -- Building qcar2_nlmpc_controller with generated acados solver
[2.485s] -- Found ament_lint_auto: 0.12.9 (/opt/ros/humble/share/ament_lint_auto/cmake)
[2.644s] -- Added test 'cppcheck' to perform static code analysis on C / C++ code
[2.645s] -- Configured cppcheck include dirs: /home/nvidia/ros2_qcar2_nlmpc/src/qcar2_nodes/include;/home/nvidia/ros2_qcar2_nlmpc/src/qcar2_nodes/acados_solver/qcar2_solver
[2.645s] -- Configured cppcheck exclude dirs and/or files: 
[2.646s] -- Added test 'flake8' to check Python code syntax and style conventions
[2.647s] -- Added test 'lint_cmake' to check CMake code style
[2.648s] -- Added test 'pep257' to check Python code against some of the docstring style conventions in PEP 257
[2.650s] -- Added test 'uncrustify' to check C / C++ code style
[2.650s] -- Configured uncrustify additional arguments: 
[2.651s] -- Added test 'xmllint' to check XML markup files
[2.657s] -- Configuring done
[2.738s] -- Generating done
[2.741s] -- Build files have been written to: /home/nvidia/ros2_qcar2_nlmpc/build/qcar2_nodes
[2.802s] [35m[1mScanning dependencies of target qcar2_odometry[0m
[2.802s] [35m[1mScanning dependencies of target qcar2_hardware[0m
[2.805s] [35m[1mScanning dependencies of target qcar2_nlmpc_controller[0m
[2.829s] [ 33%] Built target lidar
[2.829s] [ 33%] Built target fixed_lidar_frame
[2.829s] [ 40%] Built target csi
[2.831s] [ 53%] Built target rgbd
[2.851s] make[2]: Warning: File '/home/nvidia/ros2_qcar2_nlmpc/src/qcar2_nodes/src/qcar2_odometry.cpp' has modification time 27129439 s in the future
[2.853s] make[2]: Warning: File '/home/nvidia/ros2_qcar2_nlmpc/src/qcar2_nodes/src/qcar2_hardware.cpp' has modification time 31356278 s in the future
[2.863s] make[2]: Warning: File '/home/nvidia/ros2_qcar2_nlmpc/src/qcar2_nodes/src/qcar2_nlmpc_controller.cpp' has modification time 31528399 s in the future
[2.870s] [ 66%] [32mBuilding CXX object CMakeFiles/qcar2_odometry.dir/src/qcar2_odometry.cpp.o[0m
[2.870s] [ 66%] [32mBuilding CXX object CMakeFiles/qcar2_hardware.dir/src/qcar2_hardware.cpp.o[0m
[2.885s] [ 80%] [32mBuilding CXX object CMakeFiles/qcar2_nlmpc_controller.dir/src/qcar2_nlmpc_controller.cpp.o[0m
[2.885s] [ 80%] [32mBuilding CXX object CMakeFiles/qcar2_nlmpc_controller.dir/src/qcar2_traj.cpp.o[0m
[25.368s] [ 86%] [32m[1mLinking CXX executable qcar2_hardware[0m
[25.902s] [ 93%] [32m[1mLinking CXX executable qcar2_odometry[0m
[26.720s] make[2]: warning:  Clock skew detected.  Your build may be incomplete.
[26.734s] [ 93%] Built target qcar2_hardware
[27.085s] make[2]: warning:  Clock skew detected.  Your build may be incomplete.
[27.099s] [ 93%] Built target qcar2_odometry
[27.270s] [100%] [32m[1mLinking CXX executable qcar2_nlmpc_controller[0m
[28.592s] make[2]: warning:  Clock skew detected.  Your build may be incomplete.
[28.607s] [100%] Built target qcar2_nlmpc_controller
[28.630s] Invoked command in '/home/nvidia/ros2_qcar2_nlmpc/build/qcar2_nodes' returned '0': CMAKE_PREFIX_PATH=/home/nvidia/ros2_qcar2_nlmpc/install/qcar2_interfaces:/home/nvidia/ros2_qcar2_nlmpc/install/qcar2_nodes:/home/nvidia/ros2/install/qcar2_nodes:/home/nvidia/ros2/install/qcar2_interfaces:/opt/ros/humble LD_LIBRARY_PATH=/home/nvidia/ros2_qcar2_nlmpc/install/qcar2_interfaces/lib:/home/nvidia/ros2/install/qcar2_interfaces/lib:/opt/ros/humble/opt/rviz_ogre_vendor/lib:/opt/ros/humble/lib/aarch64-linux-gnu:/opt/ros/humble/lib:/usr/local/cuda/lib64:/home/nvidia/acados/lib /usr/bin/cmake --build /home/nvidia/ros2_qcar2_nlmpc/build/qcar2_nodes -- -j8 -l8
[28.692s] Invoking command in '/home/nvidia/ros2_qcar2_nlmpc/build/qcar2_nodes': CMAKE_PREFIX_PATH=/home/nvidia/ros2_qcar2_nlmpc/install/qcar2_interfaces:/home/nvidia/ros2_qcar2_nlmpc/install/qcar2_nodes:/home/nvidia/ros2/install/qcar2_nodes:/home/nvidia/ros2/install/qcar2_interfaces:/opt/ros/humble LD_LIBRARY_PATH=/home/nvidia/ros2_qcar2_nlmpc/install/qcar2_interfaces/lib:/home/nvidia/ros2/install/qcar2_interfaces/lib:/opt/ros/humble/opt/rviz_ogre_vendor/lib:/opt/ros/humble/lib/aarch64-linux-gnu:/opt/ros/humble/lib:/usr/local/cuda/lib64:/home/nvidia/acados/lib /usr/bin/cmake --install /home/nvidia/ros2_qcar2_nlmpc/build/qcar2_nodes
[28.707s] -- Install configuration: ""
[28.707s] -- Installing: /home/nvidia/ros2_qcar2_nlmpc/install/qcar2_nodes/lib/qcar2_nodes/libacados_ocp_solver_qcar2_single_track.so
[28.707s] -- Installing: /home/nvidia/ros2_qcar2_nlmpc/install/qcar2_nodes/lib/qcar2_nodes/qcar2_hardware
[28.718s] -- Set runtime path of "/home/nvidia/ros2_qcar2_nlmpc/install/qcar2_nodes/lib/qcar2_nodes/qcar2_hardware" to ""
[28.718s] -- Up-to-date: /home/nvidia/ros2_qcar2_nlmpc/install/qcar2_nodes/lib/qcar2_nodes/rgbd
[28.718s] -- Up-to-date: /home/nvidia/ros2_qcar2_nlmpc/install/qcar2_nodes/lib/qcar2_nodes/lidar
[28.719s] -- Up-to-date: /home/nvidia/ros2_qcar2_nlmpc/install/qcar2_nodes/lib/qcar2_nodes/csi
[28.719s] -- Installing: /home/nvidia/ros2_qcar2_nlmpc/install/qcar2_nodes/lib/qcar2_nodes/qcar2_nlmpc_controller
[28.730s] -- Set runtime path of "/home/nvidia/ros2_qcar2_nlmpc/install/qcar2_nodes/lib/qcar2_nodes/qcar2_nlmpc_controller" to "$ORIGIN:/home/nvidia/acados/lib"
[28.730s] -- Installing: /home/nvidia/ros2_qcar2_nlmpc/install/qcar2_nodes/lib/qcar2_nodes/qcar2_odometry
[28.741s] -- Set runtime path of "/home/nvidia/ros2_qcar2_nlmpc/install/qcar2_nodes/lib/qcar2_nodes/qcar2_odometry" to ""
[28.741s] -- Up-to-date: /home/nvidia/ros2_qcar2_nlmpc/install/qcar2_nodes/lib/qcar2_nodes/fixed_lidar_frame
[28.742s] -- Up-to-date: /home/nvidia/ros2_qcar2_nlmpc/install/qcar2_nodes/share/qcar2_nodes//launch
[28.742s] -- Up-to-date: /home/nvidia/ros2_qcar2_nlmpc/install/qcar2_nodes/share/qcar2_nodes//launch/qcar2_nlmpc_bringup_launch.py
[28.742s] -- Up-to-date: /home/nvidia/ros2_qcar2_nlmpc/install/qcar2_nodes/share/qcar2_nodes//include
[28.742s] -- Up-to-date: /home/nvidia/ros2_qcar2_nlmpc/install/qcar2_nodes/share/qcar2_nodes//include/qcar2_nlmpc_controller.hpp
[28.743s] -- Up-to-date: /home/nvidia/ros2_qcar2_nlmpc/install/qcar2_nodes/share/qcar2_nodes//include/qcar2_traj.hpp
[28.743s] -- Up-to-date: /home/nvidia/ros2_qcar2_nlmpc/install/qcar2_nodes/share/qcar2_nodes//acados_solver
[28.743s] -- Up-to-date: /home/nvidia/ros2_qcar2_nlmpc/install/qcar2_nodes/share/qcar2_nodes//acados_solver/generating_qcar2_solver.py
[28.743s] -- Up-to-date: /home/nvidia/ros2_qcar2_nlmpc/install/qcar2_nodes/share/qcar2_nodes//acados_solver/qcar2_solver
[28.744s] -- Installing: /home/nvidia/ros2_qcar2_nlmpc/install/qcar2_nodes/share/qcar2_nodes//acados_solver/qcar2_solver/acados_solver_qcar2_single_track.o
[28.744s] -- Installing: /home/nvidia/ros2_qcar2_nlmpc/install/qcar2_nodes/share/qcar2_nodes//acados_solver/qcar2_solver/Makefile
[28.744s] -- Installing: /home/nvidia/ros2_qcar2_nlmpc/install/qcar2_nodes/share/qcar2_nodes//acados_solver/qcar2_solver/acados_sim_solver_qcar2_single_track.h
[28.744s] -- Installing: /home/nvidia/ros2_qcar2_nlmpc/install/qcar2_nodes/share/qcar2_nodes//acados_solver/qcar2_solver/acados_sim_solver_qcar2_single_track.c
[28.744s] -- Installing: /home/nvidia/ros2_qcar2_nlmpc/install/qcar2_nodes/share/qcar2_nodes//acados_solver/qcar2_solver/main_qcar2_single_track.c
[28.745s] -- Up-to-date: /home/nvidia/ros2_qcar2_nlmpc/install/qcar2_nodes/share/qcar2_nodes//acados_solver/qcar2_solver/qcar2_single_track_model
[28.745s] -- Installing: /home/nvidia/ros2_qcar2_nlmpc/install/qcar2_nodes/share/qcar2_nodes//acados_solver/qcar2_solver/qcar2_single_track_model/qcar2_single_track_expl_vde_adj.c
[28.745s] -- Up-to-date: /home/nvidia/ros2_qcar2_nlmpc/install/qcar2_nodes/share/qcar2_nodes//acados_solver/qcar2_solver/qcar2_single_track_model/qcar2_single_track_expl_ode_fun.o
[28.745s] -- Up-to-date: /home/nvidia/ros2_qcar2_nlmpc/install/qcar2_nodes/share/qcar2_nodes//acados_solver/qcar2_solver/qcar2_single_track_model/qcar2_single_track_expl_vde_adj.o
[28.746s] -- Installing: /home/nvidia/ros2_qcar2_nlmpc/install/qcar2_nodes/share/qcar2_nodes//acados_solver/qcar2_solver/qcar2_single_track_model/qcar2_single_track_expl_ode_fun.c
[28.746s] -- Installing: /home/nvidia/ros2_qcar2_nlmpc/install/qcar2_nodes/share/qcar2_nodes//acados_solver/qcar2_solver/qcar2_single_track_model/qcar2_single_track_model.h
[28.746s] -- Up-to-date: /home/nvidia/ros2_qcar2_nlmpc/install/qcar2_nodes/share/qcar2_nodes//acados_solver/qcar2_solver/qcar2_single_track_model/qcar2_single_track_expl_vde_forw.o
[28.746s] -- Installing: /home/nvidia/ros2_qcar2_nlmpc/install/qcar2_nodes/share/qcar2_nodes//acados_solver/qcar2_solver/qcar2_single_track_model/qcar2_single_track_expl_vde_forw.c
[28.747s] -- Installing: /home/nvidia/ros2_qcar2_nlmpc/install/qcar2_nodes/share/qcar2_nodes//acados_solver/qcar2_solver/acados_solver_qcar2_single_track.c
[28.747s] -- Installing: /home/nvidia/ros2_qcar2_nlmpc/install/qcar2_nodes/share/qcar2_nodes//acados_solver/qcar2_solver/main_sim_qcar2_single_track.c
[28.747s] -- Installing: /home/nvidia/ros2_qcar2_nlmpc/install/qcar2_nodes/share/qcar2_nodes//acados_solver/qcar2_solver/acados_solver.pxd
[28.747s] -- Installing: /home/nvidia/ros2_qcar2_nlmpc/install/qcar2_nodes/share/qcar2_nodes//acados_solver/qcar2_solver/acados_solver_qcar2_single_track.h
[28.747s] -- Installing: /home/nvidia/ros2_qcar2_nlmpc/install/qcar2_nodes/share/qcar2_nodes//acados_solver/qcar2_solver/acados_ocp_qcar2_single_track.json
[28.748s] -- Installing: /home/nvidia/ros2_qcar2_nlmpc/install/qcar2_nodes/share/qcar2_nodes//acados_solver/qcar2_solver/libacados_ocp_solver_qcar2_single_track.so
[28.748s] -- Up-to-date: /home/nvidia/ros2_qcar2_nlmpc/install/qcar2_nodes/share/qcar2_nodes//config
[28.748s] -- Installing: /home/nvidia/ros2_qcar2_nlmpc/install/qcar2_nodes/share/qcar2_nodes//config/qcar2_nlmpc.yaml
[28.748s] -- Up-to-date: /home/nvidia/ros2_qcar2_nlmpc/install/qcar2_nodes/share/qcar2_nodes//config/qcar2_localization_nlmpc.yaml
[28.748s] -- Up-to-date: /home/nvidia/ros2_qcar2_nlmpc/install/qcar2_nodes/share/ament_index/resource_index/package_run_dependencies/qcar2_nodes
[28.748s] -- Up-to-date: /home/nvidia/ros2_qcar2_nlmpc/install/qcar2_nodes/share/ament_index/resource_index/parent_prefix_path/qcar2_nodes
[28.749s] -- Up-to-date: /home/nvidia/ros2_qcar2_nlmpc/install/qcar2_nodes/share/qcar2_nodes/environment/ament_prefix_path.sh
[28.749s] -- Installing: /home/nvidia/ros2_qcar2_nlmpc/install/qcar2_nodes/share/qcar2_nodes/environment/ament_prefix_path.dsv
[28.749s] -- Up-to-date: /home/nvidia/ros2_qcar2_nlmpc/install/qcar2_nodes/share/qcar2_nodes/environment/path.sh
[28.749s] -- Installing: /home/nvidia/ros2_qcar2_nlmpc/install/qcar2_nodes/share/qcar2_nodes/environment/path.dsv
[28.750s] -- Up-to-date: /home/nvidia/ros2_qcar2_nlmpc/install/qcar2_nodes/share/qcar2_nodes/local_setup.bash
[28.750s] -- Up-to-date: /home/nvidia/ros2_qcar2_nlmpc/install/qcar2_nodes/share/qcar2_nodes/local_setup.sh
[28.752s] -- Up-to-date: /home/nvidia/ros2_qcar2_nlmpc/install/qcar2_nodes/share/qcar2_nodes/local_setup.zsh
[28.752s] -- Installing: /home/nvidia/ros2_qcar2_nlmpc/install/qcar2_nodes/share/qcar2_nodes/local_setup.dsv
[28.753s] -- Installing: /home/nvidia/ros2_qcar2_nlmpc/install/qcar2_nodes/share/qcar2_nodes/package.dsv
[28.753s] -- Up-to-date: /home/nvidia/ros2_qcar2_nlmpc/install/qcar2_nodes/share/ament_index/resource_index/packages/qcar2_nodes
[28.754s] -- Up-to-date: /home/nvidia/ros2_qcar2_nlmpc/install/qcar2_nodes/share/qcar2_nodes/cmake/qcar2_nodesConfig.cmake
[28.754s] -- Up-to-date: /home/nvidia/ros2_qcar2_nlmpc/install/qcar2_nodes/share/qcar2_nodes/cmake/qcar2_nodesConfig-version.cmake
[28.755s] -- Up-to-date: /home/nvidia/ros2_qcar2_nlmpc/install/qcar2_nodes/share/qcar2_nodes/package.xml
[28.755s] Invoked command in '/home/nvidia/ros2_qcar2_nlmpc/build/qcar2_nodes' returned '0': CMAKE_PREFIX_PATH=/home/nvidia/ros2_qcar2_nlmpc/install/qcar2_interfaces:/home/nvidia/ros2_qcar2_nlmpc/install/qcar2_nodes:/home/nvidia/ros2/install/qcar2_nodes:/home/nvidia/ros2/install/qcar2_interfaces:/opt/ros/humble LD_LIBRARY_PATH=/home/nvidia/ros2_qcar2_nlmpc/install/qcar2_interfaces/lib:/home/nvidia/ros2/install/qcar2_interfaces/lib:/opt/ros/humble/opt/rviz_ogre_vendor/lib:/opt/ros/humble/lib/aarch64-linux-gnu:/opt/ros/humble/lib:/usr/local/cuda/lib64:/home/nvidia/acados/lib /usr/bin/cmake --install /home/nvidia/ros2_qcar2_nlmpc/build/qcar2_nodes
