[0.029s] Invoking command in '/home/nvidia/ros2_qcar2_nlmpc/build/qcar2_nodes': CMAKE_PREFIX_PATH=/home/nvidia/ros2_qcar2_nlmpc/install/qcar2_interfaces:/home/nvidia/ros2_qcar2_nlmpc/install/qcar2_nodes:/home/nvidia/ros2/install/qcar2_nodes:/home/nvidia/ros2/install/qcar2_interfaces:/opt/ros/humble LD_LIBRARY_PATH=/home/nvidia/ros2_qcar2_nlmpc/install/qcar2_interfaces/lib:/home/nvidia/ros2/install/qcar2_interfaces/lib:/opt/ros/humble/opt/rviz_ogre_vendor/lib:/opt/ros/humble/lib/aarch64-linux-gnu:/opt/ros/humble/lib:/usr/local/cuda/lib64:/home/nvidia/acados/lib /usr/bin/cmake --build /home/nvidia/ros2_qcar2_nlmpc/build/qcar2_nodes -- -j8 -l8
[0.070s] -- Found ament_cmake: 1.3.6 (/opt/ros/humble/share/ament_cmake/cmake)
[0.409s] -- Found cv_bridge: 3.2.1 (/opt/ros/humble/share/cv_bridge/cmake)
[0.468s] -- Found rosidl_generator_c: 3.1.5 (/opt/ros/humble/share/rosidl_generator_c/cmake)
[0.472s] -- Found rosidl_adapter: 3.1.5 (/opt/ros/humble/share/rosidl_adapter/cmake)
[0.481s] -- Found rosidl_generator_cpp: 3.1.5 (/opt/ros/humble/share/rosidl_generator_cpp/cmake)
[0.499s] -- Using all available rosidl_typesupport_c: rosidl_typesupport_fastrtps_c;rosidl_typesupport_introspection_c
[0.525s] -- Using all available rosidl_typesupport_cpp: rosidl_typesupport_fastrtps_cpp;rosidl_typesupport_introspection_cpp
[0.848s] -- Found image_transport: 3.1.7 (/opt/ros/humble/share/image_transport/cmake)
[0.929s] -- Found rmw_implementation_cmake: 6.1.1 (/opt/ros/humble/share/rmw_implementation_cmake/cmake)
[0.931s] -- Found rmw_fastrtps_cpp: 6.2.5 (/opt/ros/humble/share/rmw_fastrtps_cpp/cmake)
[1.124s] -- Using RMW implementation 'rmw_fastrtps_cpp' as default
[1.400s] -- Found control_msgs: 4.4.0 (/opt/ros/humble/share/control_msgs/cmake)
[1.911s] -- Found qcar2_interfaces: 0.0.0 (/home/nvidia/ros2_qcar2_nlmpc/install/qcar2_interfaces/share/qcar2_interfaces/cmake)
[1.937s] -- Found tf2_ros: 0.25.5 (/opt/ros/humble/share/tf2_ros/cmake)
[2.338s] -- Found nav_msgs: 4.2.3 (/opt/ros/humble/share/nav_msgs/cmake)
[2.483s] -- Building qcar2_nlmpc_controller with generated acados solver
[2.483s] -- Found ament_lint_auto: 0.12.9 (/opt/ros/humble/share/ament_lint_auto/cmake)
[2.639s] -- Added test 'cppcheck' to perform static code analysis on C / C++ code
[2.640s] -- Configured cppcheck include dirs: /home/nvidia/ros2_qcar2_nlmpc/src/qcar2_nodes/include;/home/nvidia/ros2_qcar2_nlmpc/src/qcar2_nodes/acados_solver/qcar2_solver
[2.640s] -- Configured cppcheck exclude dirs and/or files: 
[2.641s] -- Added test 'flake8' to check Python code syntax and style conventions
[2.642s] -- Added test 'lint_cmake' to check CMake code style
[2.642s] -- Added test 'pep257' to check Python code against some of the docstring style conventions in PEP 257
[2.645s] -- Added test 'uncrustify' to check C / C++ code style
[2.645s] -- Configured uncrustify additional arguments: 
[2.645s] -- Added test 'xmllint' to check XML markup files
[2.652s] -- Configuring done
[2.731s] -- Generating done
[2.735s] -- Build files have been written to: /home/nvidia/ros2_qcar2_nlmpc/build/qcar2_nodes
[2.795s] [35m[1mScanning dependencies of target qcar2_odometry[0m
[2.795s] [35m[1mScanning dependencies of target qcar2_hardware[0m
[2.795s] [35m[1mScanning dependencies of target qcar2_nlmpc_controller[0m
[2.821s] [ 53%] Built target csi
[2.821s] [ 53%] Built target fixed_lidar_frame
[2.821s] [ 53%] Built target rgbd
[2.821s] [ 53%] Built target lidar
[2.845s] make[2]: Warning: File '/home/nvidia/ros2_qcar2_nlmpc/src/qcar2_nodes/src/qcar2_hardware.cpp' has modification time 31357108 s in the future
[2.846s] make[2]: Warning: File '/home/nvidia/ros2_qcar2_nlmpc/src/qcar2_nodes/src/qcar2_odometry.cpp' has modification time 27130269 s in the future
[2.853s] make[2]: Warning: File '/home/nvidia/ros2_qcar2_nlmpc/src/qcar2_nodes/src/qcar2_nlmpc_controller.cpp' has modification time 31529229 s in the future
[2.863s] [ 66%] [32mBuilding CXX object CMakeFiles/qcar2_odometry.dir/src/qcar2_odometry.cpp.o[0m
[2.863s] [ 66%] [32mBuilding CXX object CMakeFiles/qcar2_hardware.dir/src/qcar2_hardware.cpp.o[0m
[2.874s] [ 80%] [32mBuilding CXX object CMakeFiles/qcar2_nlmpc_controller.dir/src/qcar2_traj.cpp.o[0m
[2.874s] [ 80%] [32mBuilding CXX object CMakeFiles/qcar2_nlmpc_controller.dir/src/qcar2_nlmpc_controller.cpp.o[0m
[25.457s] [ 86%] [32m[1mLinking CXX executable qcar2_hardware[0m
[25.908s] [ 93%] [32m[1mLinking CXX executable qcar2_odometry[0m
[26.815s] make[2]: warning:  Clock skew detected.  Your build may be incomplete.
[26.829s] [ 93%] Built target qcar2_hardware
[27.136s] make[2]: warning:  Clock skew detected.  Your build may be incomplete.
[27.150s] [ 93%] Built target qcar2_odometry
[27.211s] [100%] [32m[1mLinking CXX executable qcar2_nlmpc_controller[0m
[28.536s] make[2]: warning:  Clock skew detected.  Your build may be incomplete.
[28.551s] [100%] Built target qcar2_nlmpc_controller
[28.579s] Invoked command in '/home/nvidia/ros2_qcar2_nlmpc/build/qcar2_nodes' returned '0': CMAKE_PREFIX_PATH=/home/nvidia/ros2_qcar2_nlmpc/install/qcar2_interfaces:/home/nvidia/ros2_qcar2_nlmpc/install/qcar2_nodes:/home/nvidia/ros2/install/qcar2_nodes:/home/nvidia/ros2/install/qcar2_interfaces:/opt/ros/humble LD_LIBRARY_PATH=/home/nvidia/ros2_qcar2_nlmpc/install/qcar2_interfaces/lib:/home/nvidia/ros2/install/qcar2_interfaces/lib:/opt/ros/humble/opt/rviz_ogre_vendor/lib:/opt/ros/humble/lib/aarch64-linux-gnu:/opt/ros/humble/lib:/usr/local/cuda/lib64:/home/nvidia/acados/lib /usr/bin/cmake --build /home/nvidia/ros2_qcar2_nlmpc/build/qcar2_nodes -- -j8 -l8
[28.640s] Invoking command in '/home/nvidia/ros2_qcar2_nlmpc/build/qcar2_nodes': CMAKE_PREFIX_PATH=/home/nvidia/ros2_qcar2_nlmpc/install/qcar2_interfaces:/home/nvidia/ros2_qcar2_nlmpc/install/qcar2_nodes:/home/nvidia/ros2/install/qcar2_nodes:/home/nvidia/ros2/install/qcar2_interfaces:/opt/ros/humble LD_LIBRARY_PATH=/home/nvidia/ros2_qcar2_nlmpc/install/qcar2_interfaces/lib:/home/nvidia/ros2/install/qcar2_interfaces/lib:/opt/ros/humble/opt/rviz_ogre_vendor/lib:/opt/ros/humble/lib/aarch64-linux-gnu:/opt/ros/humble/lib:/usr/local/cuda/lib64:/home/nvidia/acados/lib /usr/bin/cmake --install /home/nvidia/ros2_qcar2_nlmpc/build/qcar2_nodes
[28.657s] -- Install configuration: ""
[28.657s] -- Installing: /home/nvidia/ros2_qcar2_nlmpc/install/qcar2_nodes/lib/qcar2_nodes/libacados_ocp_solver_qcar2_single_track.so
[28.657s] -- Installing: /home/nvidia/ros2_qcar2_nlmpc/install/qcar2_nodes/lib/qcar2_nodes/qcar2_hardware
[28.668s] -- Set runtime path of "/home/nvidia/ros2_qcar2_nlmpc/install/qcar2_nodes/lib/qcar2_nodes/qcar2_hardware" to ""
[28.669s] -- Up-to-date: /home/nvidia/ros2_qcar2_nlmpc/install/qcar2_nodes/lib/qcar2_nodes/rgbd
[28.669s] -- Up-to-date: /home/nvidia/ros2_qcar2_nlmpc/install/qcar2_nodes/lib/qcar2_nodes/lidar
[28.669s] -- Up-to-date: /home/nvidia/ros2_qcar2_nlmpc/install/qcar2_nodes/lib/qcar2_nodes/csi
[28.670s] -- Installing: /home/nvidia/ros2_qcar2_nlmpc/install/qcar2_nodes/lib/qcar2_nodes/qcar2_nlmpc_controller
[28.681s] -- Set runtime path of "/home/nvidia/ros2_qcar2_nlmpc/install/qcar2_nodes/lib/qcar2_nodes/qcar2_nlmpc_controller" to "$ORIGIN:/home/nvidia/acados/lib"
[28.681s] -- Installing: /home/nvidia/ros2_qcar2_nlmpc/install/qcar2_nodes/lib/qcar2_nodes/qcar2_odometry
[28.691s] -- Set runtime path of "/home/nvidia/ros2_qcar2_nlmpc/install/qcar2_nodes/lib/qcar2_nodes/qcar2_odometry" to ""
[28.691s] -- Up-to-date: /home/nvidia/ros2_qcar2_nlmpc/install/qcar2_nodes/lib/qcar2_nodes/fixed_lidar_frame
[28.692s] -- Up-to-date: /home/nvidia/ros2_qcar2_nlmpc/install/qcar2_nodes/share/qcar2_nodes//launch
[28.692s] -- Up-to-date: /home/nvidia/ros2_qcar2_nlmpc/install/qcar2_nodes/share/qcar2_nodes//launch/qcar2_nlmpc_bringup_launch.py
[28.692s] -- Up-to-date: /home/nvidia/ros2_qcar2_nlmpc/install/qcar2_nodes/share/qcar2_nodes//include
[28.692s] -- Up-to-date: /home/nvidia/ros2_qcar2_nlmpc/install/qcar2_nodes/share/qcar2_nodes//include/qcar2_nlmpc_controller.hpp
[28.692s] -- Up-to-date: /home/nvidia/ros2_qcar2_nlmpc/install/qcar2_nodes/share/qcar2_nodes//include/qcar2_traj.hpp
[28.692s] -- Up-to-date: /home/nvidia/ros2_qcar2_nlmpc/install/qcar2_nodes/share/qcar2_nodes//acados_solver
[28.692s] -- Up-to-date: /home/nvidia/ros2_qcar2_nlmpc/install/qcar2_nodes/share/qcar2_nodes//acados_solver/generating_qcar2_solver.py
[28.693s] -- Up-to-date: /home/nvidia/ros2_qcar2_nlmpc/install/qcar2_nodes/share/qcar2_nodes//acados_solver/qcar2_solver
[28.693s] -- Installing: /home/nvidia/ros2_qcar2_nlmpc/install/qcar2_nodes/share/qcar2_nodes//acados_solver/qcar2_solver/acados_solver_qcar2_single_track.o
[28.693s] -- Installing: /home/nvidia/ros2_qcar2_nlmpc/install/qcar2_nodes/share/qcar2_nodes//acados_solver/qcar2_solver/Makefile
[28.693s] -- Installing: /home/nvidia/ros2_qcar2_nlmpc/install/qcar2_nodes/share/qcar2_nodes//acados_solver/qcar2_solver/acados_sim_solver_qcar2_single_track.h
[28.693s] -- Installing: /home/nvidia/ros2_qcar2_nlmpc/install/qcar2_nodes/share/qcar2_nodes//acados_solver/qcar2_solver/acados_sim_solver_qcar2_single_track.c
[28.693s] -- Installing: /home/nvidia/ros2_qcar2_nlmpc/install/qcar2_nodes/share/qcar2_nodes//acados_solver/qcar2_solver/main_qcar2_single_track.c
[28.693s] -- Up-to-date: /home/nvidia/ros2_qcar2_nlmpc/install/qcar2_nodes/share/qcar2_nodes//acados_solver/qcar2_solver/qcar2_single_track_model
[28.693s] -- Installing: /home/nvidia/ros2_qcar2_nlmpc/install/qcar2_nodes/share/qcar2_nodes//acados_solver/qcar2_solver/qcar2_single_track_model/qcar2_single_track_expl_vde_adj.c
[28.693s] -- Up-to-date: /home/nvidia/ros2_qcar2_nlmpc/install/qcar2_nodes/share/qcar2_nodes//acados_solver/qcar2_solver/qcar2_single_track_model/qcar2_single_track_expl_ode_fun.o
[28.693s] -- Up-to-date: /home/nvidia/ros2_qcar2_nlmpc/install/qcar2_nodes/share/qcar2_nodes//acados_solver/qcar2_solver/qcar2_single_track_model/qcar2_single_track_expl_vde_adj.o
[28.694s] -- Installing: /home/nvidia/ros2_qcar2_nlmpc/install/qcar2_nodes/share/qcar2_nodes//acados_solver/qcar2_solver/qcar2_single_track_model/qcar2_single_track_expl_ode_fun.c
[28.694s] -- Installing: /home/nvidia/ros2_qcar2_nlmpc/install/qcar2_nodes/share/qcar2_nodes//acados_solver/qcar2_solver/qcar2_single_track_model/qcar2_single_track_model.h
[28.694s] -- Up-to-date: /home/nvidia/ros2_qcar2_nlmpc/install/qcar2_nodes/share/qcar2_nodes//acados_solver/qcar2_solver/qcar2_single_track_model/qcar2_single_track_expl_vde_forw.o
[28.694s] -- Installing: /home/nvidia/ros2_qcar2_nlmpc/install/qcar2_nodes/share/qcar2_nodes//acados_solver/qcar2_solver/qcar2_single_track_model/qcar2_single_track_expl_vde_forw.c
[28.694s] -- Installing: /home/nvidia/ros2_qcar2_nlmpc/install/qcar2_nodes/share/qcar2_nodes//acados_solver/qcar2_solver/acados_solver_qcar2_single_track.c
[28.694s] -- Installing: /home/nvidia/ros2_qcar2_nlmpc/install/qcar2_nodes/share/qcar2_nodes//acados_solver/qcar2_solver/main_sim_qcar2_single_track.c
[28.694s] -- Installing: /home/nvidia/ros2_qcar2_nlmpc/install/qcar2_nodes/share/qcar2_nodes//acados_solver/qcar2_solver/acados_solver.pxd
[28.695s] -- Installing: /home/nvidia/ros2_qcar2_nlmpc/install/qcar2_nodes/share/qcar2_nodes//acados_solver/qcar2_solver/acados_solver_qcar2_single_track.h
[28.695s] -- Installing: /home/nvidia/ros2_qcar2_nlmpc/install/qcar2_nodes/share/qcar2_nodes//acados_solver/qcar2_solver/acados_ocp_qcar2_single_track.json
[28.695s] -- Installing: /home/nvidia/ros2_qcar2_nlmpc/install/qcar2_nodes/share/qcar2_nodes//acados_solver/qcar2_solver/libacados_ocp_solver_qcar2_single_track.so
[28.695s] -- Up-to-date: /home/nvidia/ros2_qcar2_nlmpc/install/qcar2_nodes/share/qcar2_nodes//config
[28.695s] -- Installing: /home/nvidia/ros2_qcar2_nlmpc/install/qcar2_nodes/share/qcar2_nodes//config/qcar2_nlmpc.yaml
[28.696s] -- Up-to-date: /home/nvidia/ros2_qcar2_nlmpc/install/qcar2_nodes/share/qcar2_nodes//config/qcar2_localization_nlmpc.yaml
[28.696s] -- Up-to-date: /home/nvidia/ros2_qcar2_nlmpc/install/qcar2_nodes/share/ament_index/resource_index/package_run_dependencies/qcar2_nodes
[28.696s] -- Installing: /home/nvidia/ros2_qcar2_nlmpc/install/qcar2_nodes/share/ament_index/resource_index/parent_prefix_path/qcar2_nodes
[28.696s] -- Up-to-date: /home/nvidia/ros2_qcar2_nlmpc/install/qcar2_nodes/share/qcar2_nodes/environment/ament_prefix_path.sh
[28.696s] -- Installing: /home/nvidia/ros2_qcar2_nlmpc/install/qcar2_nodes/share/qcar2_nodes/environment/ament_prefix_path.dsv
[28.696s] -- Up-to-date: /home/nvidia/ros2_qcar2_nlmpc/install/qcar2_nodes/share/qcar2_nodes/environment/path.sh
[28.696s] -- Installing: /home/nvidia/ros2_qcar2_nlmpc/install/qcar2_nodes/share/qcar2_nodes/environment/path.dsv
[28.697s] -- Up-to-date: /home/nvidia/ros2_qcar2_nlmpc/install/qcar2_nodes/share/qcar2_nodes/local_setup.bash
[28.697s] -- Up-to-date: /home/nvidia/ros2_qcar2_nlmpc/install/qcar2_nodes/share/qcar2_nodes/local_setup.sh
[28.697s] -- Up-to-date: /home/nvidia/ros2_qcar2_nlmpc/install/qcar2_nodes/share/qcar2_nodes/local_setup.zsh
[28.697s] -- Installing: /home/nvidia/ros2_qcar2_nlmpc/install/qcar2_nodes/share/qcar2_nodes/local_setup.dsv
[28.697s] -- Installing: /home/nvidia/ros2_qcar2_nlmpc/install/qcar2_nodes/share/qcar2_nodes/package.dsv
[28.697s] -- Up-to-date: /home/nvidia/ros2_qcar2_nlmpc/install/qcar2_nodes/share/ament_index/resource_index/packages/qcar2_nodes
[28.697s] -- Up-to-date: /home/nvidia/ros2_qcar2_nlmpc/install/qcar2_nodes/share/qcar2_nodes/cmake/qcar2_nodesConfig.cmake
[28.697s] -- Up-to-date: /home/nvidia/ros2_qcar2_nlmpc/install/qcar2_nodes/share/qcar2_nodes/cmake/qcar2_nodesConfig-version.cmake
[28.698s] -- Up-to-date: /home/nvidia/ros2_qcar2_nlmpc/install/qcar2_nodes/share/qcar2_nodes/package.xml
[28.703s] Invoked command in '/home/nvidia/ros2_qcar2_nlmpc/build/qcar2_nodes' returned '0': CMAKE_PREFIX_PATH=/home/nvidia/ros2_qcar2_nlmpc/install/qcar2_interfaces:/home/nvidia/ros2_qcar2_nlmpc/install/qcar2_nodes:/home/nvidia/ros2/install/qcar2_nodes:/home/nvidia/ros2/install/qcar2_interfaces:/opt/ros/humble LD_LIBRARY_PATH=/home/nvidia/ros2_qcar2_nlmpc/install/qcar2_interfaces/lib:/home/nvidia/ros2/install/qcar2_interfaces/lib:/opt/ros/humble/opt/rviz_ogre_vendor/lib:/opt/ros/humble/lib/aarch64-linux-gnu:/opt/ros/humble/lib:/usr/local/cuda/lib64:/home/nvidia/acados/lib /usr/bin/cmake --install /home/nvidia/ros2_qcar2_nlmpc/build/qcar2_nodes
