[0.022s] Invoking command in '/home/nvidia/ros2/build/qcar2_interfaces': CMAKE_PREFIX_PATH=/opt/ros/humble /usr/bin/cmake --build /home/nvidia/ros2/build/qcar2_interfaces -- -j8 -l8
[0.068s] -- Found ament_cmake: 1.3.6 (/opt/ros/humble/share/ament_cmake/cmake)
[0.376s] -- Override CMake install command with custom implementation using symlinks instead of copying resources
[0.400s] -- Found rosidl_default_generators: 1.2.0 (/opt/ros/humble/share/rosidl_default_generators/cmake)
[0.405s] -- Using all available rosidl_typesupport_c: rosidl_typesupport_fastrtps_c;rosidl_typesupport_introspection_c
[0.412s] -- Found rosidl_adapter: 3.1.5 (/opt/ros/humble/share/rosidl_adapter/cmake)
[0.463s] -- Using all available rosidl_typesupport_cpp: rosidl_typesupport_fastrtps_cpp;rosidl_typesupport_introspection_cpp
[1.157s] -- Found ament_cmake_ros: 0.10.0 (/opt/ros/humble/share/ament_cmake_ros/cmake)
[1.733s] -- Using all available rosidl_typesupport_c: rosidl_typesupport_fastrtps_c;rosidl_typesupport_introspection_c
[2.503s] -- Using all available rosidl_typesupport_cpp: rosidl_typesupport_fastrtps_cpp;rosidl_typesupport_introspection_cpp
[2.546s] -- Found python_cmake_module: 0.10.0 (/opt/ros/humble/share/python_cmake_module/cmake)
[2.587s] -- Using PYTHON_EXECUTABLE: /usr/bin/python3
[2.587s] -- Using PYTHON_INCLUDE_DIRS: /usr/include/python3.8
[2.588s] -- Using PYTHON_LIBRARIES: /usr/lib/aarch64-linux-gnu/libpython3.8.so
[2.754s] -- Using numpy include directory: /usr/local/lib/python3.8/dist-packages/numpy/core/include
[2.771s] -- Found ament_lint_auto: 0.12.9 (/opt/ros/humble/share/ament_lint_auto/cmake)
[2.795s] -- Added test 'lint_cmake' to check CMake code style
[2.796s] -- Added test 'xmllint' to check XML markup files
[2.804s] -- Configuring done
[2.844s] -- Generating done
[2.848s] -- Build files have been written to: /home/nvidia/ros2/build/qcar2_interfaces
[2.890s] make[2]: Warning: File '/opt/ros/humble/lib/rosidl_generator_c/rosidl_generator_c' has modification time 1689702887 s in the future
[2.903s] [  2%] [34m[1mGenerating C code for ROS interfaces[0m
[2.907s] make[2]: Warning: File '/opt/ros/humble/lib/rosidl_generator_cpp/rosidl_generator_cpp' has modification time 1689702876 s in the future
[2.920s] [  5%] [34m[1mGenerating C++ code for ROS interfaces[0m
[2.935s] [  5%] Built target ament_cmake_python_symlink_qcar2_interfaces
[3.433s] running egg_info
[3.450s] make[2]: warning:  Clock skew detected.  Your build may be incomplete.
[3.464s] [  5%] Built target qcar2_interfaces__cpp
[3.468s] make[2]: Warning: File '/opt/ros/humble/lib/rosidl_typesupport_cpp/rosidl_typesupport_cpp' has modification time 1689702236 s in the future
[3.468s] make[2]: Warning: File '/opt/ros/humble/lib/rosidl_typesupport_fastrtps_cpp/rosidl_typesupport_fastrtps_cpp' has modification time 1699912637 s in the future
[3.468s] make[2]: Warning: File '/opt/ros/humble/lib/rosidl_typesupport_introspection_cpp/rosidl_typesupport_introspection_cpp' has modification time 1689702848 s in the future
[3.470s] writing qcar2_interfaces.egg-info/PKG-INFO
[3.471s] writing dependency_links to qcar2_interfaces.egg-info/dependency_links.txt
[3.471s] writing top-level names to qcar2_interfaces.egg-info/top_level.txt
[3.481s] [ 12%] [34m[1mGenerating C++ type support for eProsima Fast-RTPS[0m
[3.481s] [ 12%] [34m[1mGenerating C++ type support dispatch for ROS interfaces[0m
[3.481s] [ 12%] [34m[1mGenerating C++ introspection for ROS interfaces[0m
[3.482s] [35m[1mScanning dependencies of target qcar2_interfaces__rosidl_generator_c[0m
[3.487s] make[2]: warning:  Clock skew detected.  Your build may be incomplete.
[3.489s] make[2]: Warning: File '/opt/ros/humble/lib/rosidl_generator_c/rosidl_generator_c' has modification time 1689702886 s in the future
[3.504s] [ 12%] [34m[1mGenerating C code for ROS interfaces[0m
[3.796s] reading manifest file 'qcar2_interfaces.egg-info/SOURCES.txt'
[3.797s] writing manifest file 'qcar2_interfaces.egg-info/SOURCES.txt'
[3.875s] [ 12%] Built target ament_cmake_python_build_qcar2_interfaces_egg
[3.971s] [35m[1mScanning dependencies of target qcar2_interfaces__rosidl_typesupport_cpp[0m
[3.975s] make[2]: warning:  Clock skew detected.  Your build may be incomplete.
[3.978s] make[2]: Warning: File '/opt/ros/humble/lib/rosidl_typesupport_cpp/rosidl_typesupport_cpp' has modification time 1689702236 s in the future
[3.991s] [ 12%] [34m[1mGenerating C++ type support dispatch for ROS interfaces[0m
[4.008s] [35m[1mScanning dependencies of target qcar2_interfaces__rosidl_typesupport_introspection_cpp[0m
[4.014s] make[2]: warning:  Clock skew detected.  Your build may be incomplete.
[4.015s] make[2]: Warning: File '/opt/ros/humble/lib/rosidl_typesupport_introspection_cpp/rosidl_typesupport_introspection_cpp' has modification time 1689702848 s in the future
[4.028s] [ 12%] [34m[1mGenerating C++ introspection for ROS interfaces[0m
[4.029s] [35m[1mScanning dependencies of target qcar2_interfaces__rosidl_typesupport_fastrtps_cpp[0m
[4.036s] make[2]: warning:  Clock skew detected.  Your build may be incomplete.
[4.039s] make[2]: Warning: File '/opt/ros/humble/lib/rosidl_typesupport_fastrtps_cpp/rosidl_typesupport_fastrtps_cpp' has modification time 1699912637 s in the future
[4.054s] [ 12%] [34m[1mGenerating C++ type support for eProsima Fast-RTPS[0m
[4.087s] [ 15%] [32mBuilding C object CMakeFiles/qcar2_interfaces__rosidl_generator_c.dir/rosidl_generator_c/qcar2_interfaces/msg/detail/motor_commands__functions.c.o[0m
[4.104s] [ 17%] [32mBuilding C object CMakeFiles/qcar2_interfaces__rosidl_generator_c.dir/rosidl_generator_c/qcar2_interfaces/msg/detail/boolean_leds__functions.c.o[0m
[4.185s] [ 20%] [32m[1mLinking C shared library libqcar2_interfaces__rosidl_generator_c.so[0m
[4.223s] make[2]: warning:  Clock skew detected.  Your build may be incomplete.
[4.237s] [ 20%] Built target qcar2_interfaces__rosidl_generator_c
[4.240s] make[2]: Warning: File '/opt/ros/humble/lib/rosidl_typesupport_fastrtps_c/rosidl_typesupport_fastrtps_c' has modification time 1699912634 s in the future
[4.241s] make[2]: Warning: File '/opt/ros/humble/lib/rosidl_typesupport_introspection_c/rosidl_typesupport_introspection_c' has modification time 1689702852 s in the future
[4.241s] make[2]: Warning: File '/opt/ros/humble/lib/rosidl_typesupport_c/rosidl_typesupport_c' has modification time 1689702240 s in the future
[4.255s] [ 28%] [34m[1mGenerating C type support for eProsima Fast-RTPS[0m
[4.255s] [ 28%] [34m[1mGenerating C introspection for ROS interfaces[0m
[4.255s] [ 28%] [34m[1mGenerating C type support dispatch for ROS interfaces[0m
[4.489s] [ 30%] [32mBuilding CXX object CMakeFiles/qcar2_interfaces__rosidl_typesupport_cpp.dir/rosidl_typesupport_cpp/qcar2_interfaces/msg/motor_commands__type_support.cpp.o[0m
[4.505s] [ 33%] [32mBuilding CXX object CMakeFiles/qcar2_interfaces__rosidl_typesupport_cpp.dir/rosidl_typesupport_cpp/qcar2_interfaces/msg/boolean_leds__type_support.cpp.o[0m
[4.567s] [ 38%] [32mBuilding CXX object CMakeFiles/qcar2_interfaces__rosidl_typesupport_introspection_cpp.dir/rosidl_typesupport_introspection_cpp/qcar2_interfaces/msg/detail/motor_commands__type_support.cpp.o[0m
[4.568s] [ 38%] [32mBuilding CXX object CMakeFiles/qcar2_interfaces__rosidl_typesupport_introspection_cpp.dir/rosidl_typesupport_introspection_cpp/qcar2_interfaces/msg/detail/boolean_leds__type_support.cpp.o[0m
[4.652s] [ 41%] [32mBuilding CXX object CMakeFiles/qcar2_interfaces__rosidl_typesupport_fastrtps_cpp.dir/rosidl_typesupport_fastrtps_cpp/qcar2_interfaces/msg/detail/dds_fastrtps/motor_commands__type_support.cpp.o[0m
[4.792s] [35m[1mScanning dependencies of target qcar2_interfaces__rosidl_typesupport_c[0m
[4.797s] make[2]: warning:  Clock skew detected.  Your build may be incomplete.
[4.799s] make[2]: Warning: File '/opt/ros/humble/lib/rosidl_typesupport_c/rosidl_typesupport_c' has modification time 1689702240 s in the future
[4.816s] [ 41%] [34m[1mGenerating C type support dispatch for ROS interfaces[0m
[4.867s] [35m[1mScanning dependencies of target qcar2_interfaces__rosidl_typesupport_introspection_c[0m
[4.872s] make[2]: warning:  Clock skew detected.  Your build may be incomplete.
[4.877s] make[2]: Warning: File '/opt/ros/humble/lib/rosidl_typesupport_introspection_c/rosidl_typesupport_introspection_c' has modification time 1689702852 s in the future
[4.895s] [ 41%] [34m[1mGenerating C introspection for ROS interfaces[0m
[4.908s] [35m[1mScanning dependencies of target qcar2_interfaces__rosidl_typesupport_fastrtps_c[0m
[4.915s] make[2]: warning:  Clock skew detected.  Your build may be incomplete.
[4.918s] make[2]: Warning: File '/opt/ros/humble/lib/rosidl_typesupport_fastrtps_c/rosidl_typesupport_fastrtps_c' has modification time 1699912634 s in the future
[4.936s] [ 41%] [34m[1mGenerating C type support for eProsima Fast-RTPS[0m
[5.005s] [ 43%] [32mBuilding CXX object CMakeFiles/qcar2_interfaces__rosidl_typesupport_fastrtps_cpp.dir/rosidl_typesupport_fastrtps_cpp/qcar2_interfaces/msg/detail/dds_fastrtps/boolean_leds__type_support.cpp.o[0m
[5.016s] [ 46%] [32m[1mLinking CXX shared library libqcar2_interfaces__rosidl_typesupport_cpp.so[0m
[5.065s] make[2]: warning:  Clock skew detected.  Your build may be incomplete.
[5.081s] [ 46%] Built target qcar2_interfaces__rosidl_typesupport_cpp
[5.366s] [ 48%] [32mBuilding CXX object CMakeFiles/qcar2_interfaces__rosidl_typesupport_c.dir/rosidl_typesupport_c/qcar2_interfaces/msg/motor_commands__type_support.cpp.o[0m
[5.384s] [ 51%] [32mBuilding CXX object CMakeFiles/qcar2_interfaces__rosidl_typesupport_c.dir/rosidl_typesupport_c/qcar2_interfaces/msg/boolean_leds__type_support.cpp.o[0m
[5.440s] [ 53%] [32m[1mLinking CXX shared library libqcar2_interfaces__rosidl_typesupport_c.so[0m
[5.474s] [ 56%] [32m[1mLinking CXX shared library libqcar2_interfaces__rosidl_typesupport_introspection_cpp.so[0m
[5.489s] make[2]: warning:  Clock skew detected.  Your build may be incomplete.
[5.496s] [ 61%] [32mBuilding C object CMakeFiles/qcar2_interfaces__rosidl_typesupport_introspection_c.dir/rosidl_typesupport_introspection_c/qcar2_interfaces/msg/detail/motor_commands__type_support.c.o[0m
[5.496s] [ 61%] [32mBuilding C object CMakeFiles/qcar2_interfaces__rosidl_typesupport_introspection_c.dir/rosidl_typesupport_introspection_c/qcar2_interfaces/msg/detail/boolean_leds__type_support.c.o[0m
[5.508s] [ 61%] Built target qcar2_interfaces__rosidl_typesupport_c
[5.552s] [ 66%] [32mBuilding CXX object CMakeFiles/qcar2_interfaces__rosidl_typesupport_fastrtps_c.dir/rosidl_typesupport_fastrtps_c/qcar2_interfaces/msg/detail/motor_commands__type_support_c.cpp.o[0m
[5.552s] [ 66%] [32mBuilding CXX object CMakeFiles/qcar2_interfaces__rosidl_typesupport_fastrtps_c.dir/rosidl_typesupport_fastrtps_c/qcar2_interfaces/msg/detail/boolean_leds__type_support_c.cpp.o[0m
[5.570s] [ 69%] [32m[1mLinking C shared library libqcar2_interfaces__rosidl_typesupport_introspection_c.so[0m
[5.594s] make[2]: warning:  Clock skew detected.  Your build may be incomplete.
[5.604s] make[2]: warning:  Clock skew detected.  Your build may be incomplete.
[5.608s] [ 69%] Built target qcar2_interfaces__rosidl_typesupport_introspection_cpp
[5.619s] [ 69%] Built target qcar2_interfaces__rosidl_typesupport_introspection_c
[5.823s] [ 71%] [32m[1mLinking CXX shared library libqcar2_interfaces__rosidl_typesupport_fastrtps_cpp.so[0m
[5.927s] make[2]: warning:  Clock skew detected.  Your build may be incomplete.
[5.942s] [ 71%] Built target qcar2_interfaces__rosidl_typesupport_fastrtps_cpp
[6.155s] [ 74%] [32m[1mLinking CXX shared library libqcar2_interfaces__rosidl_typesupport_fastrtps_c.so[0m
[6.246s] make[2]: warning:  Clock skew detected.  Your build may be incomplete.
[6.263s] [ 74%] Built target qcar2_interfaces__rosidl_typesupport_fastrtps_c
[6.286s] make[2]: Warning: File '/home/nvidia/ros2/src/qcar2_interfaces/msg/MotorCommands.msg' has modification time 495 s in the future
[6.286s] make[2]: warning:  Clock skew detected.  Your build may be incomplete.
[6.299s] [ 74%] Built target qcar2_interfaces
[6.320s] make[2]: Warning: File '/opt/ros/humble/lib/rosidl_generator_py/rosidl_generator_py' has modification time 1667922772 s in the future
[6.332s] [ 76%] [34m[1mGenerating Python code for ROS interfaces[0m
[7.000s] make[2]: warning:  Clock skew detected.  Your build may be incomplete.
[7.014s] [ 76%] Built target qcar2_interfaces__py
[7.035s] [35m[1mScanning dependencies of target qcar2_interfaces__rosidl_generator_py[0m
[7.051s] make[2]: Warning: File '/opt/ros/humble/include/rosidl_runtime_c/rosidl_runtime_c/primitives_sequence.h' has modification time 1689702834 s in the future
[7.065s] [ 82%] [32mBuilding C object CMakeFiles/qcar2_interfaces__rosidl_generator_py.dir/rosidl_generator_py/qcar2_interfaces/msg/_motor_commands_s.c.o[0m
[7.066s] [ 82%] [32mBuilding C object CMakeFiles/qcar2_interfaces__rosidl_generator_py.dir/rosidl_generator_py/qcar2_interfaces/msg/_boolean_leds_s.c.o[0m
[7.214s] [ 84%] [32m[1mLinking C shared library rosidl_generator_py/qcar2_interfaces/libqcar2_interfaces__rosidl_generator_py.so[0m
[7.261s] make[2]: warning:  Clock skew detected.  Your build may be incomplete.
[7.276s] [ 84%] Built target qcar2_interfaces__rosidl_generator_py
[7.293s] [35m[1mScanning dependencies of target qcar2_interfaces__rosidl_typesupport_introspection_c__pyext[0m
[7.293s] [35m[1mScanning dependencies of target qcar2_interfaces__rosidl_typesupport_fastrtps_c__pyext[0m
[7.294s] [35m[1mScanning dependencies of target qcar2_interfaces__rosidl_typesupport_c__pyext[0m
[7.307s] make[2]: Warning: File '/opt/ros/humble/include/rosidl_runtime_c/rosidl_runtime_c/action_type_support_struct.h' has modification time 1689702833 s in the future
[7.308s] make[2]: Warning: File '/opt/ros/humble/include/rosidl_runtime_c/rosidl_runtime_c/action_type_support_struct.h' has modification time 1689702833 s in the future
[7.308s] make[2]: Warning: File '/opt/ros/humble/include/rosidl_runtime_c/rosidl_runtime_c/action_type_support_struct.h' has modification time 1689702833 s in the future
[7.322s] [ 92%] [32mBuilding C object CMakeFiles/qcar2_interfaces__rosidl_typesupport_fastrtps_c__pyext.dir/rosidl_generator_py/qcar2_interfaces/_qcar2_interfaces_s.ep.rosidl_typesupport_fastrtps_c.c.o[0m
[7.322s] [ 92%] [32mBuilding C object CMakeFiles/qcar2_interfaces__rosidl_typesupport_c__pyext.dir/rosidl_generator_py/qcar2_interfaces/_qcar2_interfaces_s.ep.rosidl_typesupport_c.c.o[0m
[7.322s] [ 92%] [32mBuilding C object CMakeFiles/qcar2_interfaces__rosidl_typesupport_introspection_c__pyext.dir/rosidl_generator_py/qcar2_interfaces/_qcar2_interfaces_s.ep.rosidl_typesupport_introspection_c.c.o[0m
[7.450s] [ 97%] [32m[1mLinking C shared library rosidl_generator_py/qcar2_interfaces/qcar2_interfaces_s__rosidl_typesupport_c.cpython-38-aarch64-linux-gnu.so[0m
[7.450s] [ 97%] [32m[1mLinking C shared library rosidl_generator_py/qcar2_interfaces/qcar2_interfaces_s__rosidl_typesupport_introspection_c.cpython-38-aarch64-linux-gnu.so[0m
[7.450s] [100%] [32m[1mLinking C shared library rosidl_generator_py/qcar2_interfaces/qcar2_interfaces_s__rosidl_typesupport_fastrtps_c.cpython-38-aarch64-linux-gnu.so[0m
[7.487s] make[2]: warning:  Clock skew detected.  Your build may be incomplete.
[7.487s] make[2]: warning:  Clock skew detected.  Your build may be incomplete.
[7.487s] make[2]: warning:  Clock skew detected.  Your build may be incomplete.
[7.501s] [100%] Built target qcar2_interfaces__rosidl_typesupport_c__pyext
[7.501s] [100%] Built target qcar2_interfaces__rosidl_typesupport_fastrtps_c__pyext
[7.501s] [100%] Built target qcar2_interfaces__rosidl_typesupport_introspection_c__pyext
[7.522s] Invoked command in '/home/nvidia/ros2/build/qcar2_interfaces' returned '0': CMAKE_PREFIX_PATH=/opt/ros/humble /usr/bin/cmake --build /home/nvidia/ros2/build/qcar2_interfaces -- -j8 -l8
[7.631s] Invoking command in '/home/nvidia/ros2/build/qcar2_interfaces': CMAKE_PREFIX_PATH=/opt/ros/humble /usr/bin/cmake --install /home/nvidia/ros2/build/qcar2_interfaces
[7.646s] -- Install configuration: ""
[7.647s] -- Execute custom install script
[7.647s] -- Up-to-date symlink: /home/nvidia/ros2/install/qcar2_interfaces/share/ament_index/resource_index/rosidl_interfaces/qcar2_interfaces
[7.648s] -- Up-to-date symlink: /home/nvidia/ros2/install/qcar2_interfaces/include/qcar2_interfaces/qcar2_interfaces/msg/boolean_leds.h
[7.648s] -- Up-to-date symlink: /home/nvidia/ros2/install/qcar2_interfaces/include/qcar2_interfaces/qcar2_interfaces/msg/detail/boolean_leds__functions.h
[7.649s] -- Up-to-date symlink: /home/nvidia/ros2/install/qcar2_interfaces/include/qcar2_interfaces/qcar2_interfaces/msg/detail/boolean_leds__struct.h
[7.649s] -- Up-to-date symlink: /home/nvidia/ros2/install/qcar2_interfaces/include/qcar2_interfaces/qcar2_interfaces/msg/detail/boolean_leds__type_support.h
[7.649s] -- Up-to-date symlink: /home/nvidia/ros2/install/qcar2_interfaces/include/qcar2_interfaces/qcar2_interfaces/msg/detail/motor_commands__functions.h
[7.649s] -- Up-to-date symlink: /home/nvidia/ros2/install/qcar2_interfaces/include/qcar2_interfaces/qcar2_interfaces/msg/detail/motor_commands__struct.h
[7.650s] -- Up-to-date symlink: /home/nvidia/ros2/install/qcar2_interfaces/include/qcar2_interfaces/qcar2_interfaces/msg/detail/motor_commands__type_support.h
[7.650s] -- Up-to-date symlink: /home/nvidia/ros2/install/qcar2_interfaces/include/qcar2_interfaces/qcar2_interfaces/msg/motor_commands.h
[7.650s] -- Up-to-date symlink: /home/nvidia/ros2/install/qcar2_interfaces/include/qcar2_interfaces/qcar2_interfaces/msg/rosidl_generator_c__visibility_control.h
[7.650s] -- Up-to-date symlink: /home/nvidia/ros2/install/qcar2_interfaces/share/qcar2_interfaces/environment/library_path.sh
[7.651s] -- Up-to-date symlink: /home/nvidia/ros2/install/qcar2_interfaces/share/qcar2_interfaces/environment/library_path.dsv
[7.652s] -- Up-to-date symlink: /home/nvidia/ros2/install/qcar2_interfaces/include/qcar2_interfaces/qcar2_interfaces/msg/detail/boolean_leds__rosidl_typesupport_fastrtps_c.h
[7.652s] -- Up-to-date symlink: /home/nvidia/ros2/install/qcar2_interfaces/include/qcar2_interfaces/qcar2_interfaces/msg/detail/motor_commands__rosidl_typesupport_fastrtps_c.h
[7.652s] -- Up-to-date symlink: /home/nvidia/ros2/install/qcar2_interfaces/include/qcar2_interfaces/qcar2_interfaces/msg/rosidl_typesupport_fastrtps_c__visibility_control.h
[7.653s] -- Up-to-date symlink: /home/nvidia/ros2/install/qcar2_interfaces/include/qcar2_interfaces/qcar2_interfaces/msg/detail/boolean_leds__rosidl_typesupport_introspection_c.h
[7.653s] -- Up-to-date symlink: /home/nvidia/ros2/install/qcar2_interfaces/include/qcar2_interfaces/qcar2_interfaces/msg/detail/motor_commands__rosidl_typesupport_introspection_c.h
[7.653s] -- Up-to-date symlink: /home/nvidia/ros2/install/qcar2_interfaces/include/qcar2_interfaces/qcar2_interfaces/msg/rosidl_typesupport_introspection_c__visibility_control.h
[7.654s] -- Up-to-date symlink: /home/nvidia/ros2/install/qcar2_interfaces/include/qcar2_interfaces/qcar2_interfaces/msg/boolean_leds.hpp
[7.654s] -- Up-to-date symlink: /home/nvidia/ros2/install/qcar2_interfaces/include/qcar2_interfaces/qcar2_interfaces/msg/detail/boolean_leds__builder.hpp
[7.654s] -- Up-to-date symlink: /home/nvidia/ros2/install/qcar2_interfaces/include/qcar2_interfaces/qcar2_interfaces/msg/detail/boolean_leds__struct.hpp
[7.654s] -- Up-to-date symlink: /home/nvidia/ros2/install/qcar2_interfaces/include/qcar2_interfaces/qcar2_interfaces/msg/detail/boolean_leds__traits.hpp
[7.655s] -- Up-to-date symlink: /home/nvidia/ros2/install/qcar2_interfaces/include/qcar2_interfaces/qcar2_interfaces/msg/detail/motor_commands__builder.hpp
[7.655s] -- Up-to-date symlink: /home/nvidia/ros2/install/qcar2_interfaces/include/qcar2_interfaces/qcar2_interfaces/msg/detail/motor_commands__struct.hpp
[7.655s] -- Up-to-date symlink: /home/nvidia/ros2/install/qcar2_interfaces/include/qcar2_interfaces/qcar2_interfaces/msg/detail/motor_commands__traits.hpp
[7.655s] -- Up-to-date symlink: /home/nvidia/ros2/install/qcar2_interfaces/include/qcar2_interfaces/qcar2_interfaces/msg/motor_commands.hpp
[7.656s] -- Up-to-date symlink: /home/nvidia/ros2/install/qcar2_interfaces/include/qcar2_interfaces/qcar2_interfaces/msg/detail/boolean_leds__rosidl_typesupport_fastrtps_cpp.hpp
[7.656s] -- Up-to-date symlink: /home/nvidia/ros2/install/qcar2_interfaces/include/qcar2_interfaces/qcar2_interfaces/msg/detail/motor_commands__rosidl_typesupport_fastrtps_cpp.hpp
[7.656s] -- Up-to-date symlink: /home/nvidia/ros2/install/qcar2_interfaces/include/qcar2_interfaces/qcar2_interfaces/msg/rosidl_typesupport_fastrtps_cpp__visibility_control.h
[7.657s] -- Up-to-date symlink: /home/nvidia/ros2/install/qcar2_interfaces/include/qcar2_interfaces/qcar2_interfaces/msg/detail/boolean_leds__rosidl_typesupport_introspection_cpp.hpp
[7.657s] -- Up-to-date symlink: /home/nvidia/ros2/install/qcar2_interfaces/include/qcar2_interfaces/qcar2_interfaces/msg/detail/motor_commands__rosidl_typesupport_introspection_cpp.hpp
[7.658s] -- Up-to-date symlink: /home/nvidia/ros2/install/qcar2_interfaces/share/qcar2_interfaces/environment/pythonpath.sh
[7.658s] -- Up-to-date symlink: /home/nvidia/ros2/install/qcar2_interfaces/share/qcar2_interfaces/environment/pythonpath.dsv
[7.658s] -- Up-to-date symlink: /home/nvidia/ros2/install/qcar2_interfaces/lib/python3.9/site-packages/qcar2_interfaces-0.0.0-py3.9.egg-info/PKG-INFO
[7.659s] -- Up-to-date symlink: /home/nvidia/ros2/install/qcar2_interfaces/lib/python3.9/site-packages/qcar2_interfaces-0.0.0-py3.9.egg-info/SOURCES.txt
[7.659s] -- Up-to-date symlink: /home/nvidia/ros2/install/qcar2_interfaces/lib/python3.9/site-packages/qcar2_interfaces-0.0.0-py3.9.egg-info/dependency_links.txt
[7.659s] -- Up-to-date symlink: /home/nvidia/ros2/install/qcar2_interfaces/lib/python3.9/site-packages/qcar2_interfaces-0.0.0-py3.9.egg-info/top_level.txt
[7.660s] -- Up-to-date symlink: /home/nvidia/ros2/install/qcar2_interfaces/lib/python3.9/site-packages/qcar2_interfaces/__init__.py
[7.660s] -- Up-to-date symlink: /home/nvidia/ros2/install/qcar2_interfaces/lib/python3.9/site-packages/qcar2_interfaces/_qcar2_interfaces_s.ep.rosidl_typesupport_c.c
[7.660s] -- Up-to-date symlink: /home/nvidia/ros2/install/qcar2_interfaces/lib/python3.9/site-packages/qcar2_interfaces/_qcar2_interfaces_s.ep.rosidl_typesupport_fastrtps_c.c
[7.661s] -- Up-to-date symlink: /home/nvidia/ros2/install/qcar2_interfaces/lib/python3.9/site-packages/qcar2_interfaces/_qcar2_interfaces_s.ep.rosidl_typesupport_introspection_c.c
[7.661s] -- Up-to-date symlink: /home/nvidia/ros2/install/qcar2_interfaces/lib/python3.9/site-packages/qcar2_interfaces/libqcar2_interfaces__rosidl_generator_py.so
[7.661s] -- Up-to-date symlink: /home/nvidia/ros2/install/qcar2_interfaces/lib/python3.9/site-packages/qcar2_interfaces/msg/__init__.py
[7.661s] -- Up-to-date symlink: /home/nvidia/ros2/install/qcar2_interfaces/lib/python3.9/site-packages/qcar2_interfaces/msg/_boolean_leds.py
[7.662s] -- Up-to-date symlink: /home/nvidia/ros2/install/qcar2_interfaces/lib/python3.9/site-packages/qcar2_interfaces/msg/_boolean_leds_s.c
[7.662s] -- Up-to-date symlink: /home/nvidia/ros2/install/qcar2_interfaces/lib/python3.9/site-packages/qcar2_interfaces/msg/_motor_commands.py
[7.662s] -- Up-to-date symlink: /home/nvidia/ros2/install/qcar2_interfaces/lib/python3.9/site-packages/qcar2_interfaces/msg/_motor_commands_s.c
[7.662s] -- Up-to-date symlink: /home/nvidia/ros2/install/qcar2_interfaces/lib/python3.9/site-packages/qcar2_interfaces/qcar2_interfaces_s__rosidl_typesupport_c.cpython-38-aarch64-linux-gnu.so
[7.662s] -- Up-to-date symlink: /home/nvidia/ros2/install/qcar2_interfaces/lib/python3.9/site-packages/qcar2_interfaces/qcar2_interfaces_s__rosidl_typesupport_fastrtps_c.cpython-38-aarch64-linux-gnu.so
[7.663s] -- Up-to-date symlink: /home/nvidia/ros2/install/qcar2_interfaces/lib/python3.9/site-packages/qcar2_interfaces/qcar2_interfaces_s__rosidl_typesupport_introspection_c.cpython-38-aarch64-linux-gnu.so
[7.663s] -- Up-to-date symlink: /home/nvidia/ros2/install/qcar2_interfaces/lib/python3.9/site-packages/qcar2_interfaces/qcar2_interfaces_s__rosidl_typesupport_fastrtps_c.cpython-38-aarch64-linux-gnu.so
[7.664s] -- Up-to-date symlink: /home/nvidia/ros2/install/qcar2_interfaces/lib/python3.9/site-packages/qcar2_interfaces/qcar2_interfaces_s__rosidl_typesupport_introspection_c.cpython-38-aarch64-linux-gnu.so
[7.664s] -- Up-to-date symlink: /home/nvidia/ros2/install/qcar2_interfaces/lib/python3.9/site-packages/qcar2_interfaces/qcar2_interfaces_s__rosidl_typesupport_c.cpython-38-aarch64-linux-gnu.so
[7.665s] -- Up-to-date symlink: /home/nvidia/ros2/install/qcar2_interfaces/share/qcar2_interfaces/msg/MotorCommands.idl
[7.665s] -- Up-to-date symlink: /home/nvidia/ros2/install/qcar2_interfaces/share/qcar2_interfaces/msg/BooleanLeds.idl
[7.666s] -- Up-to-date symlink: /home/nvidia/ros2/install/qcar2_interfaces/share/qcar2_interfaces/msg/MotorCommands.msg
[7.666s] -- Up-to-date symlink: /home/nvidia/ros2/install/qcar2_interfaces/share/qcar2_interfaces/msg/BooleanLeds.msg
[7.666s] -- Up-to-date symlink: /home/nvidia/ros2/install/qcar2_interfaces/share/ament_index/resource_index/package_run_dependencies/qcar2_interfaces
[7.667s] -- Up-to-date symlink: /home/nvidia/ros2/install/qcar2_interfaces/share/ament_index/resource_index/parent_prefix_path/qcar2_interfaces
[7.667s] -- Up-to-date symlink: /home/nvidia/ros2/install/qcar2_interfaces/share/qcar2_interfaces/environment/ament_prefix_path.sh
[7.667s] -- Up-to-date symlink: /home/nvidia/ros2/install/qcar2_interfaces/share/qcar2_interfaces/environment/ament_prefix_path.dsv
[7.668s] -- Up-to-date symlink: /home/nvidia/ros2/install/qcar2_interfaces/share/qcar2_interfaces/environment/path.sh
[7.668s] -- Up-to-date symlink: /home/nvidia/ros2/install/qcar2_interfaces/share/qcar2_interfaces/environment/path.dsv
[7.668s] -- Up-to-date symlink: /home/nvidia/ros2/install/qcar2_interfaces/share/qcar2_interfaces/local_setup.bash
[7.669s] -- Up-to-date symlink: /home/nvidia/ros2/install/qcar2_interfaces/share/qcar2_interfaces/local_setup.sh
[7.669s] -- Up-to-date symlink: /home/nvidia/ros2/install/qcar2_interfaces/share/qcar2_interfaces/local_setup.zsh
[7.669s] -- Up-to-date symlink: /home/nvidia/ros2/install/qcar2_interfaces/share/qcar2_interfaces/local_setup.dsv
[7.670s] -- Symlinking: /home/nvidia/ros2/install/qcar2_interfaces/share/qcar2_interfaces/package.dsv
[7.685s] -- Up-to-date symlink: /home/nvidia/ros2/install/qcar2_interfaces/share/ament_index/resource_index/packages/qcar2_interfaces
[7.686s] -- Up-to-date symlink: /home/nvidia/ros2/install/qcar2_interfaces/share/qcar2_interfaces/cmake/rosidl_cmake-extras.cmake
[7.686s] -- Up-to-date symlink: /home/nvidia/ros2/install/qcar2_interfaces/share/qcar2_interfaces/cmake/ament_cmake_export_include_directories-extras.cmake
[7.686s] -- Up-to-date symlink: /home/nvidia/ros2/install/qcar2_interfaces/share/qcar2_interfaces/cmake/ament_cmake_export_libraries-extras.cmake
[7.687s] -- Up-to-date symlink: /home/nvidia/ros2/install/qcar2_interfaces/share/qcar2_interfaces/cmake/ament_cmake_export_targets-extras.cmake
[7.687s] -- Up-to-date symlink: /home/nvidia/ros2/install/qcar2_interfaces/share/qcar2_interfaces/cmake/rosidl_cmake_export_typesupport_targets-extras.cmake
[7.687s] -- Up-to-date symlink: /home/nvidia/ros2/install/qcar2_interfaces/share/qcar2_interfaces/cmake/ament_cmake_export_dependencies-extras.cmake
[7.687s] -- Up-to-date symlink: /home/nvidia/ros2/install/qcar2_interfaces/share/qcar2_interfaces/cmake/rosidl_cmake_export_typesupport_libraries-extras.cmake
[7.688s] -- Up-to-date symlink: /home/nvidia/ros2/install/qcar2_interfaces/share/qcar2_interfaces/cmake/qcar2_interfacesConfig.cmake
[7.688s] -- Up-to-date symlink: /home/nvidia/ros2/install/qcar2_interfaces/share/qcar2_interfaces/cmake/qcar2_interfacesConfig-version.cmake
[7.688s] -- Up-to-date symlink: /home/nvidia/ros2/install/qcar2_interfaces/share/qcar2_interfaces/package.xml
[7.689s] -- Installing: /home/nvidia/ros2/install/qcar2_interfaces/lib/libqcar2_interfaces__rosidl_generator_c.so
[7.689s] -- Set runtime path of "/home/nvidia/ros2/install/qcar2_interfaces/lib/libqcar2_interfaces__rosidl_generator_c.so" to ""
[7.690s] -- Installing: /home/nvidia/ros2/install/qcar2_interfaces/lib/libqcar2_interfaces__rosidl_typesupport_fastrtps_c.so
[7.690s] -- Set runtime path of "/home/nvidia/ros2/install/qcar2_interfaces/lib/libqcar2_interfaces__rosidl_typesupport_fastrtps_c.so" to ""
[7.690s] -- Installing: /home/nvidia/ros2/install/qcar2_interfaces/lib/libqcar2_interfaces__rosidl_typesupport_introspection_c.so
[7.691s] -- Set runtime path of "/home/nvidia/ros2/install/qcar2_interfaces/lib/libqcar2_interfaces__rosidl_typesupport_introspection_c.so" to ""
[7.691s] -- Installing: /home/nvidia/ros2/install/qcar2_interfaces/lib/libqcar2_interfaces__rosidl_typesupport_c.so
[7.691s] -- Set runtime path of "/home/nvidia/ros2/install/qcar2_interfaces/lib/libqcar2_interfaces__rosidl_typesupport_c.so" to ""
[7.692s] -- Installing: /home/nvidia/ros2/install/qcar2_interfaces/lib/libqcar2_interfaces__rosidl_typesupport_fastrtps_cpp.so
[7.692s] -- Set runtime path of "/home/nvidia/ros2/install/qcar2_interfaces/lib/libqcar2_interfaces__rosidl_typesupport_fastrtps_cpp.so" to ""
[7.693s] -- Installing: /home/nvidia/ros2/install/qcar2_interfaces/lib/libqcar2_interfaces__rosidl_typesupport_introspection_cpp.so
[7.693s] -- Set runtime path of "/home/nvidia/ros2/install/qcar2_interfaces/lib/libqcar2_interfaces__rosidl_typesupport_introspection_cpp.so" to ""
[7.694s] -- Installing: /home/nvidia/ros2/install/qcar2_interfaces/lib/libqcar2_interfaces__rosidl_typesupport_cpp.so
[7.694s] -- Set runtime path of "/home/nvidia/ros2/install/qcar2_interfaces/lib/libqcar2_interfaces__rosidl_typesupport_cpp.so" to ""
[7.752s] Listing '/home/nvidia/ros2/install/qcar2_interfaces/lib/python3.9/site-packages/qcar2_interfaces'...
[7.752s] Compiling '/home/nvidia/ros2/install/qcar2_interfaces/lib/python3.9/site-packages/qcar2_interfaces/__init__.py'...
[7.752s] Listing '/home/nvidia/ros2/install/qcar2_interfaces/lib/python3.9/site-packages/qcar2_interfaces/msg'...
[7.752s] Compiling '/home/nvidia/ros2/install/qcar2_interfaces/lib/python3.9/site-packages/qcar2_interfaces/msg/__init__.py'...
[7.752s] Compiling '/home/nvidia/ros2/install/qcar2_interfaces/lib/python3.9/site-packages/qcar2_interfaces/msg/_boolean_leds.py'...
[7.752s] Compiling '/home/nvidia/ros2/install/qcar2_interfaces/lib/python3.9/site-packages/qcar2_interfaces/msg/_motor_commands.py'...
[7.763s] -- Installing: /home/nvidia/ros2/install/qcar2_interfaces/lib/libqcar2_interfaces__rosidl_generator_py.so
[7.763s] -- Set runtime path of "/home/nvidia/ros2/install/qcar2_interfaces/lib/libqcar2_interfaces__rosidl_generator_py.so" to ""
[7.763s] -- Up-to-date: /home/nvidia/ros2/install/qcar2_interfaces/share/qcar2_interfaces/cmake/export_qcar2_interfaces__rosidl_generator_cExport.cmake
[7.763s] -- Installing: /home/nvidia/ros2/install/qcar2_interfaces/share/qcar2_interfaces/cmake/export_qcar2_interfaces__rosidl_generator_cExport-noconfig.cmake
[7.764s] -- Up-to-date: /home/nvidia/ros2/install/qcar2_interfaces/share/qcar2_interfaces/cmake/export_qcar2_interfaces__rosidl_typesupport_fastrtps_cExport.cmake
[7.764s] -- Installing: /home/nvidia/ros2/install/qcar2_interfaces/share/qcar2_interfaces/cmake/export_qcar2_interfaces__rosidl_typesupport_fastrtps_cExport-noconfig.cmake
[7.764s] -- Up-to-date: /home/nvidia/ros2/install/qcar2_interfaces/share/qcar2_interfaces/cmake/qcar2_interfaces__rosidl_typesupport_introspection_cExport.cmake
[7.764s] -- Installing: /home/nvidia/ros2/install/qcar2_interfaces/share/qcar2_interfaces/cmake/qcar2_interfaces__rosidl_typesupport_introspection_cExport-noconfig.cmake
[7.765s] -- Up-to-date: /home/nvidia/ros2/install/qcar2_interfaces/share/qcar2_interfaces/cmake/qcar2_interfaces__rosidl_typesupport_cExport.cmake
[7.765s] -- Installing: /home/nvidia/ros2/install/qcar2_interfaces/share/qcar2_interfaces/cmake/qcar2_interfaces__rosidl_typesupport_cExport-noconfig.cmake
[7.765s] -- Up-to-date: /home/nvidia/ros2/install/qcar2_interfaces/share/qcar2_interfaces/cmake/export_qcar2_interfaces__rosidl_generator_cppExport.cmake
[7.765s] -- Up-to-date: /home/nvidia/ros2/install/qcar2_interfaces/share/qcar2_interfaces/cmake/export_qcar2_interfaces__rosidl_typesupport_fastrtps_cppExport.cmake
[7.765s] -- Installing: /home/nvidia/ros2/install/qcar2_interfaces/share/qcar2_interfaces/cmake/export_qcar2_interfaces__rosidl_typesupport_fastrtps_cppExport-noconfig.cmake
[7.766s] -- Up-to-date: /home/nvidia/ros2/install/qcar2_interfaces/share/qcar2_interfaces/cmake/qcar2_interfaces__rosidl_typesupport_introspection_cppExport.cmake
[7.766s] -- Installing: /home/nvidia/ros2/install/qcar2_interfaces/share/qcar2_interfaces/cmake/qcar2_interfaces__rosidl_typesupport_introspection_cppExport-noconfig.cmake
[7.766s] -- Up-to-date: /home/nvidia/ros2/install/qcar2_interfaces/share/qcar2_interfaces/cmake/qcar2_interfaces__rosidl_typesupport_cppExport.cmake
[7.766s] -- Installing: /home/nvidia/ros2/install/qcar2_interfaces/share/qcar2_interfaces/cmake/qcar2_interfaces__rosidl_typesupport_cppExport-noconfig.cmake
[7.767s] -- Up-to-date: /home/nvidia/ros2/install/qcar2_interfaces/share/qcar2_interfaces/cmake/export_qcar2_interfaces__rosidl_generator_pyExport.cmake
[7.767s] -- Installing: /home/nvidia/ros2/install/qcar2_interfaces/share/qcar2_interfaces/cmake/export_qcar2_interfaces__rosidl_generator_pyExport-noconfig.cmake
[7.772s] Invoked command in '/home/nvidia/ros2/build/qcar2_interfaces' returned '0': CMAKE_PREFIX_PATH=/opt/ros/humble /usr/bin/cmake --install /home/nvidia/ros2/build/qcar2_interfaces
