[0.361s] DEBUG:colcon:Command line arguments: ['/usr/bin/colcon', 'build', '--symlink-install']
[0.362s] DEBUG:colcon:Parsed command line arguments: Namespace(allow_overriding=[], ament_cmake_args=None, base_paths=['.'], build_base='build', catkin_cmake_args=None, catkin_skip_building_tests=False, cmake_args=None, cmake_clean_cache=False, cmake_clean_first=False, cmake_force_configure=False, cmake_target=None, cmake_target_skip_unavailable=False, continue_on_error=False, event_handlers=None, executor='parallel', ignore_user_meta=False, install_base='install', log_base=None, log_level=None, main=<bound method BuildVerb.main of <colcon_core.verb.build.BuildVerb object at 0xffff8e193820>>, merge_install=False, metas=['./colcon.meta'], mixin=None, mixin_files=None, mixin_verb=('build',), packages_above=None, packages_above_and_dependencies=None, packages_above_depth=None, packages_end=None, packages_ignore=None, packages_ignore_regex=None, packages_select=None, packages_select_build_failed=False, packages_select_by_dep=None, packages_select_regex=None, packages_select_test_failures=False, packages_skip=None, packages_skip_build_finished=False, packages_skip_by_dep=None, packages_skip_regex=None, packages_skip_test_passed=False, packages_skip_up_to=None, packages_start=None, packages_up_to=None, packages_up_to_regex=None, parallel_workers=8, paths=None, symlink_install=True, test_result_base=None, verb_extension=<colcon_core.verb.build.BuildVerb object at 0xffff8e193820>, verb_name='build', verb_parser=<colcon_mixin.mixin.mixin_argument.MixinArgumentDecorator object at 0xffff8e08e6d0>)
[0.430s] Level 1:colcon.colcon_core.package_discovery:discover_packages(colcon_meta) check parameters
[0.431s] Level 1:colcon.colcon_core.package_discovery:discover_packages(recursive) check parameters
[0.431s] Level 1:colcon.colcon_core.package_discovery:discover_packages(ignore) check parameters
[0.431s] Level 1:colcon.colcon_core.package_discovery:discover_packages(path) check parameters
[0.431s] Level 1:colcon.colcon_core.package_discovery:discover_packages(colcon_meta) discover
[0.431s] Level 1:colcon.colcon_core.package_discovery:discover_packages(recursive) discover
[0.431s] INFO:colcon.colcon_core.package_discovery:Crawling recursively for packages in '/home/nvidia/ros2'
[0.431s] Level 1:colcon.colcon_core.package_identification:_identify(.) by extensions ['ignore', 'ignore_ament_install']
[0.431s] Level 1:colcon.colcon_core.package_identification:_identify(.) by extension 'ignore'
[0.431s] Level 1:colcon.colcon_core.package_identification:_identify(.) by extension 'ignore_ament_install'
[0.432s] Level 1:colcon.colcon_core.package_identification:_identify(.) by extensions ['colcon_pkg']
[0.432s] Level 1:colcon.colcon_core.package_identification:_identify(.) by extension 'colcon_pkg'
[0.432s] Level 1:colcon.colcon_core.package_identification:_identify(.) by extensions ['colcon_meta']
[0.432s] Level 1:colcon.colcon_core.package_identification:_identify(.) by extension 'colcon_meta'
[0.432s] Level 1:colcon.colcon_core.package_identification:_identify(.) by extensions ['ros']
[0.432s] Level 1:colcon.colcon_core.package_identification:_identify(.) by extension 'ros'
[0.453s] Level 1:colcon.colcon_core.package_identification:_identify(.) by extensions ['cmake', 'python']
[0.454s] Level 1:colcon.colcon_core.package_identification:_identify(.) by extension 'cmake'
[0.454s] Level 1:colcon.colcon_core.package_identification:_identify(.) by extension 'python'
[0.454s] Level 1:colcon.colcon_core.package_identification:_identify(.) by extensions ['python_setup_py']
[0.454s] Level 1:colcon.colcon_core.package_identification:_identify(.) by extension 'python_setup_py'
[0.454s] Level 1:colcon.colcon_core.package_identification:_identify(build) by extensions ['ignore', 'ignore_ament_install']
[0.454s] Level 1:colcon.colcon_core.package_identification:_identify(build) by extension 'ignore'
[0.454s] Level 1:colcon.colcon_core.package_identification:_identify(build) ignored
[0.454s] Level 1:colcon.colcon_core.package_identification:_identify(install) by extensions ['ignore', 'ignore_ament_install']
[0.455s] Level 1:colcon.colcon_core.package_identification:_identify(install) by extension 'ignore'
[0.455s] Level 1:colcon.colcon_core.package_identification:_identify(install) ignored
[0.455s] Level 1:colcon.colcon_core.package_identification:_identify(log) by extensions ['ignore', 'ignore_ament_install']
[0.455s] Level 1:colcon.colcon_core.package_identification:_identify(log) by extension 'ignore'
[0.455s] Level 1:colcon.colcon_core.package_identification:_identify(log) ignored
[0.455s] Level 1:colcon.colcon_core.package_identification:_identify(src) by extensions ['ignore', 'ignore_ament_install']
[0.455s] Level 1:colcon.colcon_core.package_identification:_identify(src) by extension 'ignore'
[0.455s] Level 1:colcon.colcon_core.package_identification:_identify(src) by extension 'ignore_ament_install'
[0.455s] Level 1:colcon.colcon_core.package_identification:_identify(src) by extensions ['colcon_pkg']
[0.456s] Level 1:colcon.colcon_core.package_identification:_identify(src) by extension 'colcon_pkg'
[0.456s] Level 1:colcon.colcon_core.package_identification:_identify(src) by extensions ['colcon_meta']
[0.456s] Level 1:colcon.colcon_core.package_identification:_identify(src) by extension 'colcon_meta'
[0.456s] Level 1:colcon.colcon_core.package_identification:_identify(src) by extensions ['ros']
[0.456s] Level 1:colcon.colcon_core.package_identification:_identify(src) by extension 'ros'
[0.456s] Level 1:colcon.colcon_core.package_identification:_identify(src) by extensions ['cmake', 'python']
[0.456s] Level 1:colcon.colcon_core.package_identification:_identify(src) by extension 'cmake'
[0.456s] Level 1:colcon.colcon_core.package_identification:_identify(src) by extension 'python'
[0.456s] Level 1:colcon.colcon_core.package_identification:_identify(src) by extensions ['python_setup_py']
[0.456s] Level 1:colcon.colcon_core.package_identification:_identify(src) by extension 'python_setup_py'
[0.456s] Level 1:colcon.colcon_core.package_identification:_identify(src/qcar2_interfaces) by extensions ['ignore', 'ignore_ament_install']
[0.456s] Level 1:colcon.colcon_core.package_identification:_identify(src/qcar2_interfaces) by extension 'ignore'
[0.456s] Level 1:colcon.colcon_core.package_identification:_identify(src/qcar2_interfaces) by extension 'ignore_ament_install'
[0.456s] Level 1:colcon.colcon_core.package_identification:_identify(src/qcar2_interfaces) by extensions ['colcon_pkg']
[0.457s] Level 1:colcon.colcon_core.package_identification:_identify(src/qcar2_interfaces) by extension 'colcon_pkg'
[0.457s] Level 1:colcon.colcon_core.package_identification:_identify(src/qcar2_interfaces) by extensions ['colcon_meta']
[0.457s] Level 1:colcon.colcon_core.package_identification:_identify(src/qcar2_interfaces) by extension 'colcon_meta'
[0.457s] Level 1:colcon.colcon_core.package_identification:_identify(src/qcar2_interfaces) by extensions ['ros']
[0.457s] Level 1:colcon.colcon_core.package_identification:_identify(src/qcar2_interfaces) by extension 'ros'
[0.460s] DEBUG:colcon.colcon_core.package_identification:Package 'src/qcar2_interfaces' with type 'ros.ament_cmake' and name 'qcar2_interfaces'
[0.461s] Level 1:colcon.colcon_core.package_identification:_identify(src/qcar2_nodes) by extensions ['ignore', 'ignore_ament_install']
[0.461s] Level 1:colcon.colcon_core.package_identification:_identify(src/qcar2_nodes) by extension 'ignore'
[0.461s] Level 1:colcon.colcon_core.package_identification:_identify(src/qcar2_nodes) by extension 'ignore_ament_install'
[0.461s] Level 1:colcon.colcon_core.package_identification:_identify(src/qcar2_nodes) by extensions ['colcon_pkg']
[0.461s] Level 1:colcon.colcon_core.package_identification:_identify(src/qcar2_nodes) by extension 'colcon_pkg'
[0.461s] Level 1:colcon.colcon_core.package_identification:_identify(src/qcar2_nodes) by extensions ['colcon_meta']
[0.461s] Level 1:colcon.colcon_core.package_identification:_identify(src/qcar2_nodes) by extension 'colcon_meta'
[0.461s] Level 1:colcon.colcon_core.package_identification:_identify(src/qcar2_nodes) by extensions ['ros']
[0.461s] Level 1:colcon.colcon_core.package_identification:_identify(src/qcar2_nodes) by extension 'ros'
[0.463s] DEBUG:colcon.colcon_core.package_identification:Package 'src/qcar2_nodes' with type 'ros.ament_cmake' and name 'qcar2_nodes'
[0.463s] Level 1:colcon.colcon_core.package_discovery:discover_packages(recursive) using defaults
[0.463s] Level 1:colcon.colcon_core.package_discovery:discover_packages(ignore) discover
[0.463s] Level 1:colcon.colcon_core.package_discovery:discover_packages(ignore) using defaults
[0.463s] Level 1:colcon.colcon_core.package_discovery:discover_packages(path) discover
[0.463s] Level 1:colcon.colcon_core.package_discovery:discover_packages(path) using defaults
[0.491s] Level 1:colcon.colcon_core.package_discovery:discover_packages(prefix_path) check parameters
[0.491s] Level 1:colcon.colcon_core.package_discovery:discover_packages(prefix_path) discover
[0.494s] DEBUG:colcon.colcon_installed_package_information.package_discovery:Found 355 installed packages in /opt/ros/humble
[0.498s] Level 1:colcon.colcon_core.package_discovery:discover_packages(prefix_path) using defaults
[0.615s] Level 5:colcon.colcon_core.verb:set package 'qcar2_interfaces' build argument 'cmake_args' from command line to 'None'
[0.615s] Level 5:colcon.colcon_core.verb:set package 'qcar2_interfaces' build argument 'cmake_target' from command line to 'None'
[0.615s] Level 5:colcon.colcon_core.verb:set package 'qcar2_interfaces' build argument 'cmake_target_skip_unavailable' from command line to 'False'
[0.615s] Level 5:colcon.colcon_core.verb:set package 'qcar2_interfaces' build argument 'cmake_clean_cache' from command line to 'False'
[0.615s] Level 5:colcon.colcon_core.verb:set package 'qcar2_interfaces' build argument 'cmake_clean_first' from command line to 'False'
[0.615s] Level 5:colcon.colcon_core.verb:set package 'qcar2_interfaces' build argument 'cmake_force_configure' from command line to 'False'
[0.615s] Level 5:colcon.colcon_core.verb:set package 'qcar2_interfaces' build argument 'ament_cmake_args' from command line to 'None'
[0.615s] Level 5:colcon.colcon_core.verb:set package 'qcar2_interfaces' build argument 'catkin_cmake_args' from command line to 'None'
[0.615s] Level 5:colcon.colcon_core.verb:set package 'qcar2_interfaces' build argument 'catkin_skip_building_tests' from command line to 'False'
[0.615s] DEBUG:colcon.colcon_core.verb:Building package 'qcar2_interfaces' with the following arguments: {'ament_cmake_args': None, 'build_base': '/home/nvidia/ros2/build/qcar2_interfaces', 'catkin_cmake_args': None, 'catkin_skip_building_tests': False, 'cmake_args': None, 'cmake_clean_cache': False, 'cmake_clean_first': False, 'cmake_force_configure': False, 'cmake_target': None, 'cmake_target_skip_unavailable': False, 'install_base': '/home/nvidia/ros2/install/qcar2_interfaces', 'merge_install': False, 'path': '/home/nvidia/ros2/src/qcar2_interfaces', 'symlink_install': True, 'test_result_base': None}
[0.616s] Level 5:colcon.colcon_core.verb:set package 'qcar2_nodes' build argument 'cmake_args' from command line to 'None'
[0.616s] Level 5:colcon.colcon_core.verb:set package 'qcar2_nodes' build argument 'cmake_target' from command line to 'None'
[0.616s] Level 5:colcon.colcon_core.verb:set package 'qcar2_nodes' build argument 'cmake_target_skip_unavailable' from command line to 'False'
[0.616s] Level 5:colcon.colcon_core.verb:set package 'qcar2_nodes' build argument 'cmake_clean_cache' from command line to 'False'
[0.616s] Level 5:colcon.colcon_core.verb:set package 'qcar2_nodes' build argument 'cmake_clean_first' from command line to 'False'
[0.616s] Level 5:colcon.colcon_core.verb:set package 'qcar2_nodes' build argument 'cmake_force_configure' from command line to 'False'
[0.616s] Level 5:colcon.colcon_core.verb:set package 'qcar2_nodes' build argument 'ament_cmake_args' from command line to 'None'
[0.616s] Level 5:colcon.colcon_core.verb:set package 'qcar2_nodes' build argument 'catkin_cmake_args' from command line to 'None'
[0.616s] Level 5:colcon.colcon_core.verb:set package 'qcar2_nodes' build argument 'catkin_skip_building_tests' from command line to 'False'
[0.616s] DEBUG:colcon.colcon_core.verb:Building package 'qcar2_nodes' with the following arguments: {'ament_cmake_args': None, 'build_base': '/home/nvidia/ros2/build/qcar2_nodes', 'catkin_cmake_args': None, 'catkin_skip_building_tests': False, 'cmake_args': None, 'cmake_clean_cache': False, 'cmake_clean_first': False, 'cmake_force_configure': False, 'cmake_target': None, 'cmake_target_skip_unavailable': False, 'install_base': '/home/nvidia/ros2/install/qcar2_nodes', 'merge_install': False, 'path': '/home/nvidia/ros2/src/qcar2_nodes', 'symlink_install': True, 'test_result_base': None}
[0.617s] INFO:colcon.colcon_core.executor:Executing jobs using 'parallel' executor
[0.619s] DEBUG:colcon.colcon_parallel_executor.executor.parallel:run_until_complete
[0.619s] INFO:colcon.colcon_ros.task.ament_cmake.build:Building ROS package in '/home/nvidia/ros2/src/qcar2_interfaces' with build type 'ament_cmake'
[0.620s] INFO:colcon.colcon_cmake.task.cmake.build:Building CMake package in '/home/nvidia/ros2/src/qcar2_interfaces'
[0.622s] INFO:colcon.colcon_core.plugin_system:Skipping extension 'colcon_core.shell.bat': Not used on non-Windows systems
[0.623s] INFO:colcon.colcon_core.shell:Skip shell extension 'powershell' for command environment: Not usable outside of PowerShell
[0.623s] DEBUG:colcon.colcon_core.shell:Skip shell extension 'dsv' for command environment
[0.638s] DEBUG:colcon.colcon_core.event_handler.log_command:Invoking command in '/home/nvidia/ros2/build/qcar2_interfaces': CMAKE_PREFIX_PATH=/opt/ros/humble /usr/bin/cmake --build /home/nvidia/ros2/build/qcar2_interfaces -- -j8 -l8
[7.183s] DEBUG:colcon.colcon_core.event_handler.log_command:Invoked command in '/home/nvidia/ros2/build/qcar2_interfaces' returned '0': CMAKE_PREFIX_PATH=/opt/ros/humble /usr/bin/cmake --build /home/nvidia/ros2/build/qcar2_interfaces -- -j8 -l8
[7.290s] DEBUG:colcon.colcon_core.event_handler.log_command:Invoking command in '/home/nvidia/ros2/build/qcar2_interfaces': CMAKE_PREFIX_PATH=/opt/ros/humble /usr/bin/cmake --install /home/nvidia/ros2/build/qcar2_interfaces
[7.428s] Level 1:colcon.colcon_core.environment:create_environment_scripts_only(qcar2_interfaces)
[7.430s] DEBUG:colcon.colcon_core.event_handler.log_command:Invoked command in '/home/nvidia/ros2/build/qcar2_interfaces' returned '0': CMAKE_PREFIX_PATH=/opt/ros/humble /usr/bin/cmake --install /home/nvidia/ros2/build/qcar2_interfaces
[7.439s] Level 1:colcon.colcon_core.environment:checking '/home/nvidia/ros2/install/qcar2_interfaces' for CMake module files
[7.441s] Level 1:colcon.colcon_core.environment:checking '/home/nvidia/ros2/install/qcar2_interfaces' for CMake config files
[7.445s] Level 1:colcon.colcon_core.shell:create_environment_hook('qcar2_interfaces', 'cmake_prefix_path')
[7.446s] INFO:colcon.colcon_core.shell:Creating environment hook '/home/nvidia/ros2/install/qcar2_interfaces/share/qcar2_interfaces/hook/cmake_prefix_path.ps1'
[7.449s] INFO:colcon.colcon_core.shell:Creating environment descriptor '/home/nvidia/ros2/install/qcar2_interfaces/share/qcar2_interfaces/hook/cmake_prefix_path.dsv'
[7.451s] INFO:colcon.colcon_core.shell:Creating environment hook '/home/nvidia/ros2/install/qcar2_interfaces/share/qcar2_interfaces/hook/cmake_prefix_path.sh'
[7.455s] Level 1:colcon.colcon_core.environment:checking '/home/nvidia/ros2/install/qcar2_interfaces/lib'
[7.455s] Level 1:colcon.colcon_core.shell:create_environment_hook('qcar2_interfaces', 'ld_library_path_lib')
[7.456s] INFO:colcon.colcon_core.shell:Creating environment hook '/home/nvidia/ros2/install/qcar2_interfaces/share/qcar2_interfaces/hook/ld_library_path_lib.ps1'
[7.458s] INFO:colcon.colcon_core.shell:Creating environment descriptor '/home/nvidia/ros2/install/qcar2_interfaces/share/qcar2_interfaces/hook/ld_library_path_lib.dsv'
[7.459s] INFO:colcon.colcon_core.shell:Creating environment hook '/home/nvidia/ros2/install/qcar2_interfaces/share/qcar2_interfaces/hook/ld_library_path_lib.sh'
[7.460s] Level 1:colcon.colcon_core.environment:checking '/home/nvidia/ros2/install/qcar2_interfaces/bin'
[7.461s] Level 1:colcon.colcon_core.environment:checking '/home/nvidia/ros2/install/qcar2_interfaces/lib/pkgconfig/qcar2_interfaces.pc'
[7.462s] Level 1:colcon.colcon_core.environment:checking '/home/nvidia/ros2/install/qcar2_interfaces/lib/python3.8/site-packages'
[7.462s] Level 1:colcon.colcon_core.environment:checking '/home/nvidia/ros2/install/qcar2_interfaces/bin'
[7.463s] INFO:colcon.colcon_core.shell:Creating package script '/home/nvidia/ros2/install/qcar2_interfaces/share/qcar2_interfaces/package.ps1'
[7.466s] INFO:colcon.colcon_core.shell:Creating package descriptor '/home/nvidia/ros2/install/qcar2_interfaces/share/qcar2_interfaces/package.dsv'
[7.468s] INFO:colcon.colcon_core.shell:Creating package script '/home/nvidia/ros2/install/qcar2_interfaces/share/qcar2_interfaces/package.sh'
[7.470s] INFO:colcon.colcon_core.shell:Creating package script '/home/nvidia/ros2/install/qcar2_interfaces/share/qcar2_interfaces/package.bash'
[7.473s] INFO:colcon.colcon_core.shell:Creating package script '/home/nvidia/ros2/install/qcar2_interfaces/share/qcar2_interfaces/package.zsh'
[7.475s] Level 1:colcon.colcon_core.environment:create_file_with_runtime_dependencies(/home/nvidia/ros2/install/qcar2_interfaces/share/colcon-core/packages/qcar2_interfaces)
[7.559s] Level 1:colcon.colcon_core.environment:create_environment_scripts_only(qcar2_interfaces)
[7.560s] Level 1:colcon.colcon_core.environment:checking '/home/nvidia/ros2/install/qcar2_interfaces' for CMake module files
[7.562s] Level 1:colcon.colcon_core.environment:checking '/home/nvidia/ros2/install/qcar2_interfaces' for CMake config files
[7.566s] Level 1:colcon.colcon_core.shell:create_environment_hook('qcar2_interfaces', 'cmake_prefix_path')
[7.567s] INFO:colcon.colcon_core.shell:Creating environment hook '/home/nvidia/ros2/install/qcar2_interfaces/share/qcar2_interfaces/hook/cmake_prefix_path.ps1'
[7.569s] INFO:colcon.colcon_core.shell:Creating environment descriptor '/home/nvidia/ros2/install/qcar2_interfaces/share/qcar2_interfaces/hook/cmake_prefix_path.dsv'
[7.570s] INFO:colcon.colcon_core.shell:Creating environment hook '/home/nvidia/ros2/install/qcar2_interfaces/share/qcar2_interfaces/hook/cmake_prefix_path.sh'
[7.572s] Level 1:colcon.colcon_core.environment:checking '/home/nvidia/ros2/install/qcar2_interfaces/lib'
[7.572s] Level 1:colcon.colcon_core.shell:create_environment_hook('qcar2_interfaces', 'ld_library_path_lib')
[7.573s] INFO:colcon.colcon_core.shell:Creating environment hook '/home/nvidia/ros2/install/qcar2_interfaces/share/qcar2_interfaces/hook/ld_library_path_lib.ps1'
[7.574s] INFO:colcon.colcon_core.shell:Creating environment descriptor '/home/nvidia/ros2/install/qcar2_interfaces/share/qcar2_interfaces/hook/ld_library_path_lib.dsv'
[7.575s] INFO:colcon.colcon_core.shell:Creating environment hook '/home/nvidia/ros2/install/qcar2_interfaces/share/qcar2_interfaces/hook/ld_library_path_lib.sh'
[7.577s] Level 1:colcon.colcon_core.environment:checking '/home/nvidia/ros2/install/qcar2_interfaces/bin'
[7.577s] Level 1:colcon.colcon_core.environment:checking '/home/nvidia/ros2/install/qcar2_interfaces/lib/pkgconfig/qcar2_interfaces.pc'
[7.578s] Level 1:colcon.colcon_core.environment:checking '/home/nvidia/ros2/install/qcar2_interfaces/lib/python3.8/site-packages'
[7.578s] Level 1:colcon.colcon_core.environment:checking '/home/nvidia/ros2/install/qcar2_interfaces/bin'
[7.579s] INFO:colcon.colcon_core.shell:Creating package script '/home/nvidia/ros2/install/qcar2_interfaces/share/qcar2_interfaces/package.ps1'
[7.581s] INFO:colcon.colcon_core.shell:Creating package descriptor '/home/nvidia/ros2/install/qcar2_interfaces/share/qcar2_interfaces/package.dsv'
[7.582s] INFO:colcon.colcon_core.shell:Creating package script '/home/nvidia/ros2/install/qcar2_interfaces/share/qcar2_interfaces/package.sh'
[7.583s] INFO:colcon.colcon_core.shell:Creating package script '/home/nvidia/ros2/install/qcar2_interfaces/share/qcar2_interfaces/package.bash'
[7.584s] INFO:colcon.colcon_core.shell:Creating package script '/home/nvidia/ros2/install/qcar2_interfaces/share/qcar2_interfaces/package.zsh'
[7.585s] Level 1:colcon.colcon_core.environment:create_file_with_runtime_dependencies(/home/nvidia/ros2/install/qcar2_interfaces/share/colcon-core/packages/qcar2_interfaces)
[7.586s] INFO:colcon.colcon_ros.task.ament_cmake.build:Building ROS package in '/home/nvidia/ros2/src/qcar2_nodes' with build type 'ament_cmake'
[7.587s] INFO:colcon.colcon_cmake.task.cmake.build:Building CMake package in '/home/nvidia/ros2/src/qcar2_nodes'
[7.587s] INFO:colcon.colcon_core.shell:Skip shell extension 'powershell' for command environment: Not usable outside of PowerShell
[7.587s] DEBUG:colcon.colcon_core.shell:Skip shell extension 'dsv' for command environment
[7.615s] DEBUG:colcon.colcon_core.event_handler.log_command:Invoking command in '/home/nvidia/ros2/build/qcar2_nodes': AMENT_PREFIX_PATH=/home/nvidia/ros2/install/qcar2_interfaces:${AMENT_PREFIX_PATH} CMAKE_PREFIX_PATH=/home/nvidia/ros2/install/qcar2_interfaces:/opt/ros/humble LD_LIBRARY_PATH=/home/nvidia/ros2/install/qcar2_interfaces/lib:/opt/ros/humble/opt/rviz_ogre_vendor/lib:/opt/ros/humble/lib/aarch64-linux-gnu:/opt/ros/humble/lib:/usr/local/cuda/lib64:/usr/local/cuda/lib64 PYTHONPATH=/home/nvidia/ros2/install/qcar2_interfaces/lib/python3.9/site-packages:${PYTHONPATH} /usr/bin/cmake --build /home/nvidia/ros2/build/qcar2_nodes -- -j8 -l8
[35.716s] DEBUG:colcon.colcon_core.event_handler.log_command:Invoked command in '/home/nvidia/ros2/build/qcar2_nodes' returned '0': AMENT_PREFIX_PATH=/home/nvidia/ros2/install/qcar2_interfaces:${AMENT_PREFIX_PATH} CMAKE_PREFIX_PATH=/home/nvidia/ros2/install/qcar2_interfaces:/opt/ros/humble LD_LIBRARY_PATH=/home/nvidia/ros2/install/qcar2_interfaces/lib:/opt/ros/humble/opt/rviz_ogre_vendor/lib:/opt/ros/humble/lib/aarch64-linux-gnu:/opt/ros/humble/lib:/usr/local/cuda/lib64:/usr/local/cuda/lib64 PYTHONPATH=/home/nvidia/ros2/install/qcar2_interfaces/lib/python3.9/site-packages:${PYTHONPATH} /usr/bin/cmake --build /home/nvidia/ros2/build/qcar2_nodes -- -j8 -l8
[35.780s] DEBUG:colcon.colcon_core.event_handler.log_command:Invoking command in '/home/nvidia/ros2/build/qcar2_nodes': AMENT_PREFIX_PATH=/home/nvidia/ros2/install/qcar2_interfaces:${AMENT_PREFIX_PATH} CMAKE_PREFIX_PATH=/home/nvidia/ros2/install/qcar2_interfaces:/opt/ros/humble LD_LIBRARY_PATH=/home/nvidia/ros2/install/qcar2_interfaces/lib:/opt/ros/humble/opt/rviz_ogre_vendor/lib:/opt/ros/humble/lib/aarch64-linux-gnu:/opt/ros/humble/lib:/usr/local/cuda/lib64:/usr/local/cuda/lib64 PYTHONPATH=/home/nvidia/ros2/install/qcar2_interfaces/lib/python3.9/site-packages:${PYTHONPATH} /usr/bin/cmake --install /home/nvidia/ros2/build/qcar2_nodes
[36.385s] Level 1:colcon.colcon_core.environment:create_environment_scripts_only(qcar2_nodes)
[36.386s] Level 1:colcon.colcon_core.environment:checking '/home/nvidia/ros2/install/qcar2_nodes' for CMake module files
[36.387s] DEBUG:colcon.colcon_core.event_handler.log_command:Invoked command in '/home/nvidia/ros2/build/qcar2_nodes' returned '0': AMENT_PREFIX_PATH=/home/nvidia/ros2/install/qcar2_interfaces:${AMENT_PREFIX_PATH} CMAKE_PREFIX_PATH=/home/nvidia/ros2/install/qcar2_interfaces:/opt/ros/humble LD_LIBRARY_PATH=/home/nvidia/ros2/install/qcar2_interfaces/lib:/opt/ros/humble/opt/rviz_ogre_vendor/lib:/opt/ros/humble/lib/aarch64-linux-gnu:/opt/ros/humble/lib:/usr/local/cuda/lib64:/usr/local/cuda/lib64 PYTHONPATH=/home/nvidia/ros2/install/qcar2_interfaces/lib/python3.9/site-packages:${PYTHONPATH} /usr/bin/cmake --install /home/nvidia/ros2/build/qcar2_nodes
[36.389s] Level 1:colcon.colcon_core.environment:checking '/home/nvidia/ros2/install/qcar2_nodes' for CMake config files
[36.391s] Level 1:colcon.colcon_core.shell:create_environment_hook('qcar2_nodes', 'cmake_prefix_path')
[36.392s] INFO:colcon.colcon_core.shell:Creating environment hook '/home/nvidia/ros2/install/qcar2_nodes/share/qcar2_nodes/hook/cmake_prefix_path.ps1'
[36.394s] INFO:colcon.colcon_core.shell:Creating environment descriptor '/home/nvidia/ros2/install/qcar2_nodes/share/qcar2_nodes/hook/cmake_prefix_path.dsv'
[36.395s] INFO:colcon.colcon_core.shell:Creating environment hook '/home/nvidia/ros2/install/qcar2_nodes/share/qcar2_nodes/hook/cmake_prefix_path.sh'
[36.398s] Level 1:colcon.colcon_core.environment:checking '/home/nvidia/ros2/install/qcar2_nodes/lib'
[36.398s] Level 1:colcon.colcon_core.environment:checking '/home/nvidia/ros2/install/qcar2_nodes/bin'
[36.398s] Level 1:colcon.colcon_core.environment:checking '/home/nvidia/ros2/install/qcar2_nodes/lib/pkgconfig/qcar2_nodes.pc'
[36.399s] Level 1:colcon.colcon_core.environment:checking '/home/nvidia/ros2/install/qcar2_nodes/lib/python3.8/site-packages'
[36.400s] Level 1:colcon.colcon_core.environment:checking '/home/nvidia/ros2/install/qcar2_nodes/bin'
[36.401s] INFO:colcon.colcon_core.shell:Creating package script '/home/nvidia/ros2/install/qcar2_nodes/share/qcar2_nodes/package.ps1'
[36.403s] INFO:colcon.colcon_core.shell:Creating package descriptor '/home/nvidia/ros2/install/qcar2_nodes/share/qcar2_nodes/package.dsv'
[36.404s] INFO:colcon.colcon_core.shell:Creating package script '/home/nvidia/ros2/install/qcar2_nodes/share/qcar2_nodes/package.sh'
[36.406s] INFO:colcon.colcon_core.shell:Creating package script '/home/nvidia/ros2/install/qcar2_nodes/share/qcar2_nodes/package.bash'
[36.407s] INFO:colcon.colcon_core.shell:Creating package script '/home/nvidia/ros2/install/qcar2_nodes/share/qcar2_nodes/package.zsh'
[36.409s] Level 1:colcon.colcon_core.environment:create_file_with_runtime_dependencies(/home/nvidia/ros2/install/qcar2_nodes/share/colcon-core/packages/qcar2_nodes)
[36.464s] Level 1:colcon.colcon_core.environment:create_environment_scripts_only(qcar2_nodes)
[36.465s] Level 1:colcon.colcon_core.environment:checking '/home/nvidia/ros2/install/qcar2_nodes' for CMake module files
[36.466s] Level 1:colcon.colcon_core.environment:checking '/home/nvidia/ros2/install/qcar2_nodes' for CMake config files
[36.466s] Level 1:colcon.colcon_core.shell:create_environment_hook('qcar2_nodes', 'cmake_prefix_path')
[36.467s] INFO:colcon.colcon_core.shell:Creating environment hook '/home/nvidia/ros2/install/qcar2_nodes/share/qcar2_nodes/hook/cmake_prefix_path.ps1'
[36.468s] INFO:colcon.colcon_core.shell:Creating environment descriptor '/home/nvidia/ros2/install/qcar2_nodes/share/qcar2_nodes/hook/cmake_prefix_path.dsv'
[36.469s] INFO:colcon.colcon_core.shell:Creating environment hook '/home/nvidia/ros2/install/qcar2_nodes/share/qcar2_nodes/hook/cmake_prefix_path.sh'
[36.471s] Level 1:colcon.colcon_core.environment:checking '/home/nvidia/ros2/install/qcar2_nodes/lib'
[36.472s] Level 1:colcon.colcon_core.environment:checking '/home/nvidia/ros2/install/qcar2_nodes/bin'
[36.472s] Level 1:colcon.colcon_core.environment:checking '/home/nvidia/ros2/install/qcar2_nodes/lib/pkgconfig/qcar2_nodes.pc'
[36.473s] Level 1:colcon.colcon_core.environment:checking '/home/nvidia/ros2/install/qcar2_nodes/lib/python3.8/site-packages'
[36.473s] Level 1:colcon.colcon_core.environment:checking '/home/nvidia/ros2/install/qcar2_nodes/bin'
[36.474s] INFO:colcon.colcon_core.shell:Creating package script '/home/nvidia/ros2/install/qcar2_nodes/share/qcar2_nodes/package.ps1'
[36.476s] INFO:colcon.colcon_core.shell:Creating package descriptor '/home/nvidia/ros2/install/qcar2_nodes/share/qcar2_nodes/package.dsv'
[36.477s] INFO:colcon.colcon_core.shell:Creating package script '/home/nvidia/ros2/install/qcar2_nodes/share/qcar2_nodes/package.sh'
[36.479s] INFO:colcon.colcon_core.shell:Creating package script '/home/nvidia/ros2/install/qcar2_nodes/share/qcar2_nodes/package.bash'
[36.480s] INFO:colcon.colcon_core.shell:Creating package script '/home/nvidia/ros2/install/qcar2_nodes/share/qcar2_nodes/package.zsh'
[36.481s] Level 1:colcon.colcon_core.environment:create_file_with_runtime_dependencies(/home/nvidia/ros2/install/qcar2_nodes/share/colcon-core/packages/qcar2_nodes)
[36.482s] DEBUG:colcon.colcon_parallel_executor.executor.parallel:closing loop
[36.483s] DEBUG:colcon.colcon_parallel_executor.executor.parallel:loop closed
[36.483s] DEBUG:colcon.colcon_parallel_executor.executor.parallel:run_until_complete finished with '0'
[36.483s] DEBUG:colcon.colcon_core.event_reactor:joining thread
[36.500s] INFO:colcon.colcon_core.plugin_system:Skipping extension 'colcon_notification.desktop_notification.terminal_notifier': Not used on non-Darwin systems
[36.500s] INFO:colcon.colcon_core.plugin_system:Skipping extension 'colcon_notification.desktop_notification.win32': Not used on non-Windows systems
[36.500s] INFO:colcon.colcon_notification.desktop_notification:Sending desktop notification using 'notify2'
[36.546s] DEBUG:colcon.colcon_core.event_reactor:joined thread
[36.546s] INFO:colcon.colcon_core.shell:Creating prefix script '/home/nvidia/ros2/install/local_setup.ps1'
[36.548s] INFO:colcon.colcon_core.shell:Creating prefix util module '/home/nvidia/ros2/install/_local_setup_util_ps1.py'
[36.550s] INFO:colcon.colcon_core.shell:Creating prefix chain script '/home/nvidia/ros2/install/setup.ps1'
[36.552s] INFO:colcon.colcon_core.shell:Creating prefix script '/home/nvidia/ros2/install/local_setup.sh'
[36.552s] INFO:colcon.colcon_core.shell:Creating prefix util module '/home/nvidia/ros2/install/_local_setup_util_sh.py'
[36.553s] INFO:colcon.colcon_core.shell:Creating prefix chain script '/home/nvidia/ros2/install/setup.sh'
[36.555s] INFO:colcon.colcon_core.shell:Creating prefix script '/home/nvidia/ros2/install/local_setup.bash'
[36.555s] INFO:colcon.colcon_core.shell:Creating prefix chain script '/home/nvidia/ros2/install/setup.bash'
[36.557s] INFO:colcon.colcon_core.shell:Creating prefix script '/home/nvidia/ros2/install/local_setup.zsh'
[36.557s] INFO:colcon.colcon_core.shell:Creating prefix chain script '/home/nvidia/ros2/install/setup.zsh'
