[0.363s] DEBUG:colcon:Command line arguments: ['/usr/bin/colcon', 'build']
[0.363s] DEBUG:colcon:Parsed command line arguments: Namespace(allow_overriding=[], ament_cmake_args=None, base_paths=['.'], build_base='build', catkin_cmake_args=None, catkin_skip_building_tests=False, cmake_args=None, cmake_clean_cache=False, cmake_clean_first=False, cmake_force_configure=False, cmake_target=None, cmake_target_skip_unavailable=False, continue_on_error=False, event_handlers=None, executor='parallel', ignore_user_meta=False, install_base='install', log_base=None, log_level=None, main=<bound method BuildVerb.main of <colcon_core.verb.build.BuildVerb object at 0xffffa03ecb50>>, merge_install=False, metas=['./colcon.meta'], mixin=None, mixin_files=None, mixin_verb=('build',), packages_above=None, packages_above_and_dependencies=None, packages_above_depth=None, packages_end=None, packages_ignore=None, packages_ignore_regex=None, packages_select=None, packages_select_build_failed=False, packages_select_by_dep=None, packages_select_regex=None, packages_select_test_failures=False, packages_skip=None, packages_skip_build_finished=False, packages_skip_by_dep=None, packages_skip_regex=None, packages_skip_test_passed=False, packages_skip_up_to=None, packages_start=None, packages_up_to=None, packages_up_to_regex=None, parallel_workers=8, paths=None, symlink_install=False, test_result_base=None, verb_extension=<colcon_core.verb.build.BuildVerb object at 0xffffa03ecb50>, verb_name='build', verb_parser=<colcon_mixin.mixin.mixin_argument.MixinArgumentDecorator object at 0xffffa0213b20>)
[0.433s] Level 1:colcon.colcon_core.package_discovery:discover_packages(colcon_meta) check parameters
[0.433s] Level 1:colcon.colcon_core.package_discovery:discover_packages(recursive) check parameters
[0.433s] Level 1:colcon.colcon_core.package_discovery:discover_packages(ignore) check parameters
[0.433s] Level 1:colcon.colcon_core.package_discovery:discover_packages(path) check parameters
[0.433s] Level 1:colcon.colcon_core.package_discovery:discover_packages(colcon_meta) discover
[0.433s] Level 1:colcon.colcon_core.package_discovery:discover_packages(recursive) discover
[0.433s] INFO:colcon.colcon_core.package_discovery:Crawling recursively for packages in '/home/nvidia/ros2_qcar2_nlmpc'
[0.434s] Level 1:colcon.colcon_core.package_identification:_identify(.) by extensions ['ignore', 'ignore_ament_install']
[0.434s] Level 1:colcon.colcon_core.package_identification:_identify(.) by extension 'ignore'
[0.434s] Level 1:colcon.colcon_core.package_identification:_identify(.) by extension 'ignore_ament_install'
[0.434s] Level 1:colcon.colcon_core.package_identification:_identify(.) by extensions ['colcon_pkg']
[0.434s] Level 1:colcon.colcon_core.package_identification:_identify(.) by extension 'colcon_pkg'
[0.434s] Level 1:colcon.colcon_core.package_identification:_identify(.) by extensions ['colcon_meta']
[0.434s] Level 1:colcon.colcon_core.package_identification:_identify(.) by extension 'colcon_meta'
[0.434s] Level 1:colcon.colcon_core.package_identification:_identify(.) by extensions ['ros']
[0.434s] Level 1:colcon.colcon_core.package_identification:_identify(.) by extension 'ros'
[0.456s] Level 1:colcon.colcon_core.package_identification:_identify(.) by extensions ['cmake', 'python']
[0.456s] Level 1:colcon.colcon_core.package_identification:_identify(.) by extension 'cmake'
[0.456s] Level 1:colcon.colcon_core.package_identification:_identify(.) by extension 'python'
[0.456s] Level 1:colcon.colcon_core.package_identification:_identify(.) by extensions ['python_setup_py']
[0.456s] Level 1:colcon.colcon_core.package_identification:_identify(.) by extension 'python_setup_py'
[0.456s] Level 1:colcon.colcon_core.package_identification:_identify(build) by extensions ['ignore', 'ignore_ament_install']
[0.457s] Level 1:colcon.colcon_core.package_identification:_identify(build) by extension 'ignore'
[0.457s] Level 1:colcon.colcon_core.package_identification:_identify(build) ignored
[0.457s] Level 1:colcon.colcon_core.package_identification:_identify(install) by extensions ['ignore', 'ignore_ament_install']
[0.457s] Level 1:colcon.colcon_core.package_identification:_identify(install) by extension 'ignore'
[0.457s] Level 1:colcon.colcon_core.package_identification:_identify(install) ignored
[0.457s] Level 1:colcon.colcon_core.package_identification:_identify(log) by extensions ['ignore', 'ignore_ament_install']
[0.457s] Level 1:colcon.colcon_core.package_identification:_identify(log) by extension 'ignore'
[0.458s] Level 1:colcon.colcon_core.package_identification:_identify(log) ignored
[0.458s] Level 1:colcon.colcon_core.package_identification:_identify(src) by extensions ['ignore', 'ignore_ament_install']
[0.458s] Level 1:colcon.colcon_core.package_identification:_identify(src) by extension 'ignore'
[0.458s] Level 1:colcon.colcon_core.package_identification:_identify(src) by extension 'ignore_ament_install'
[0.458s] Level 1:colcon.colcon_core.package_identification:_identify(src) by extensions ['colcon_pkg']
[0.458s] Level 1:colcon.colcon_core.package_identification:_identify(src) by extension 'colcon_pkg'
[0.458s] Level 1:colcon.colcon_core.package_identification:_identify(src) by extensions ['colcon_meta']
[0.458s] Level 1:colcon.colcon_core.package_identification:_identify(src) by extension 'colcon_meta'
[0.458s] Level 1:colcon.colcon_core.package_identification:_identify(src) by extensions ['ros']
[0.458s] Level 1:colcon.colcon_core.package_identification:_identify(src) by extension 'ros'
[0.458s] Level 1:colcon.colcon_core.package_identification:_identify(src) by extensions ['cmake', 'python']
[0.458s] Level 1:colcon.colcon_core.package_identification:_identify(src) by extension 'cmake'
[0.458s] Level 1:colcon.colcon_core.package_identification:_identify(src) by extension 'python'
[0.458s] Level 1:colcon.colcon_core.package_identification:_identify(src) by extensions ['python_setup_py']
[0.459s] Level 1:colcon.colcon_core.package_identification:_identify(src) by extension 'python_setup_py'
[0.459s] Level 1:colcon.colcon_core.package_identification:_identify(src/qcar2_interfaces) by extensions ['ignore', 'ignore_ament_install']
[0.459s] Level 1:colcon.colcon_core.package_identification:_identify(src/qcar2_interfaces) by extension 'ignore'
[0.459s] Level 1:colcon.colcon_core.package_identification:_identify(src/qcar2_interfaces) by extension 'ignore_ament_install'
[0.459s] Level 1:colcon.colcon_core.package_identification:_identify(src/qcar2_interfaces) by extensions ['colcon_pkg']
[0.459s] Level 1:colcon.colcon_core.package_identification:_identify(src/qcar2_interfaces) by extension 'colcon_pkg'
[0.459s] Level 1:colcon.colcon_core.package_identification:_identify(src/qcar2_interfaces) by extensions ['colcon_meta']
[0.459s] Level 1:colcon.colcon_core.package_identification:_identify(src/qcar2_interfaces) by extension 'colcon_meta'
[0.459s] Level 1:colcon.colcon_core.package_identification:_identify(src/qcar2_interfaces) by extensions ['ros']
[0.459s] Level 1:colcon.colcon_core.package_identification:_identify(src/qcar2_interfaces) by extension 'ros'
[0.463s] DEBUG:colcon.colcon_core.package_identification:Package 'src/qcar2_interfaces' with type 'ros.ament_cmake' and name 'qcar2_interfaces'
[0.463s] Level 1:colcon.colcon_core.package_identification:_identify(src/qcar2_nodes) by extensions ['ignore', 'ignore_ament_install']
[0.463s] Level 1:colcon.colcon_core.package_identification:_identify(src/qcar2_nodes) by extension 'ignore'
[0.463s] Level 1:colcon.colcon_core.package_identification:_identify(src/qcar2_nodes) by extension 'ignore_ament_install'
[0.463s] Level 1:colcon.colcon_core.package_identification:_identify(src/qcar2_nodes) by extensions ['colcon_pkg']
[0.464s] Level 1:colcon.colcon_core.package_identification:_identify(src/qcar2_nodes) by extension 'colcon_pkg'
[0.464s] Level 1:colcon.colcon_core.package_identification:_identify(src/qcar2_nodes) by extensions ['colcon_meta']
[0.464s] Level 1:colcon.colcon_core.package_identification:_identify(src/qcar2_nodes) by extension 'colcon_meta'
[0.464s] Level 1:colcon.colcon_core.package_identification:_identify(src/qcar2_nodes) by extensions ['ros']
[0.464s] Level 1:colcon.colcon_core.package_identification:_identify(src/qcar2_nodes) by extension 'ros'
[0.466s] DEBUG:colcon.colcon_core.package_identification:Package 'src/qcar2_nodes' with type 'ros.ament_cmake' and name 'qcar2_nodes'
[0.466s] Level 1:colcon.colcon_core.package_discovery:discover_packages(recursive) using defaults
[0.466s] Level 1:colcon.colcon_core.package_discovery:discover_packages(ignore) discover
[0.466s] Level 1:colcon.colcon_core.package_discovery:discover_packages(ignore) using defaults
[0.466s] Level 1:colcon.colcon_core.package_discovery:discover_packages(path) discover
[0.466s] Level 1:colcon.colcon_core.package_discovery:discover_packages(path) using defaults
[0.496s] Level 1:colcon.colcon_core.package_discovery:discover_packages(prefix_path) check parameters
[0.496s] Level 1:colcon.colcon_core.package_discovery:discover_packages(prefix_path) discover
[0.498s] DEBUG:colcon.colcon_installed_package_information.package_discovery:Found 2 installed packages in /home/nvidia/ros2/install
[0.500s] DEBUG:colcon.colcon_installed_package_information.package_discovery:Found 355 installed packages in /opt/ros/humble
[0.503s] Level 1:colcon.colcon_core.package_discovery:discover_packages(prefix_path) using defaults
[0.617s] Level 5:colcon.colcon_core.verb:set package 'qcar2_interfaces' build argument 'cmake_args' from command line to 'None'
[0.617s] Level 5:colcon.colcon_core.verb:set package 'qcar2_interfaces' build argument 'cmake_target' from command line to 'None'
[0.617s] Level 5:colcon.colcon_core.verb:set package 'qcar2_interfaces' build argument 'cmake_target_skip_unavailable' from command line to 'False'
[0.617s] Level 5:colcon.colcon_core.verb:set package 'qcar2_interfaces' build argument 'cmake_clean_cache' from command line to 'False'
[0.617s] Level 5:colcon.colcon_core.verb:set package 'qcar2_interfaces' build argument 'cmake_clean_first' from command line to 'False'
[0.617s] Level 5:colcon.colcon_core.verb:set package 'qcar2_interfaces' build argument 'cmake_force_configure' from command line to 'False'
[0.617s] Level 5:colcon.colcon_core.verb:set package 'qcar2_interfaces' build argument 'ament_cmake_args' from command line to 'None'
[0.617s] Level 5:colcon.colcon_core.verb:set package 'qcar2_interfaces' build argument 'catkin_cmake_args' from command line to 'None'
[0.617s] Level 5:colcon.colcon_core.verb:set package 'qcar2_interfaces' build argument 'catkin_skip_building_tests' from command line to 'False'
[0.617s] DEBUG:colcon.colcon_core.verb:Building package 'qcar2_interfaces' with the following arguments: {'ament_cmake_args': None, 'build_base': '/home/nvidia/ros2_qcar2_nlmpc/build/qcar2_interfaces', 'catkin_cmake_args': None, 'catkin_skip_building_tests': False, 'cmake_args': None, 'cmake_clean_cache': False, 'cmake_clean_first': False, 'cmake_force_configure': False, 'cmake_target': None, 'cmake_target_skip_unavailable': False, 'install_base': '/home/nvidia/ros2_qcar2_nlmpc/install/qcar2_interfaces', 'merge_install': False, 'path': '/home/nvidia/ros2_qcar2_nlmpc/src/qcar2_interfaces', 'symlink_install': False, 'test_result_base': None}
[0.618s] Level 5:colcon.colcon_core.verb:set package 'qcar2_nodes' build argument 'cmake_args' from command line to 'None'
[0.618s] Level 5:colcon.colcon_core.verb:set package 'qcar2_nodes' build argument 'cmake_target' from command line to 'None'
[0.618s] Level 5:colcon.colcon_core.verb:set package 'qcar2_nodes' build argument 'cmake_target_skip_unavailable' from command line to 'False'
[0.618s] Level 5:colcon.colcon_core.verb:set package 'qcar2_nodes' build argument 'cmake_clean_cache' from command line to 'False'
[0.618s] Level 5:colcon.colcon_core.verb:set package 'qcar2_nodes' build argument 'cmake_clean_first' from command line to 'False'
[0.618s] Level 5:colcon.colcon_core.verb:set package 'qcar2_nodes' build argument 'cmake_force_configure' from command line to 'False'
[0.618s] Level 5:colcon.colcon_core.verb:set package 'qcar2_nodes' build argument 'ament_cmake_args' from command line to 'None'
[0.618s] Level 5:colcon.colcon_core.verb:set package 'qcar2_nodes' build argument 'catkin_cmake_args' from command line to 'None'
[0.618s] Level 5:colcon.colcon_core.verb:set package 'qcar2_nodes' build argument 'catkin_skip_building_tests' from command line to 'False'
[0.618s] DEBUG:colcon.colcon_core.verb:Building package 'qcar2_nodes' with the following arguments: {'ament_cmake_args': None, 'build_base': '/home/nvidia/ros2_qcar2_nlmpc/build/qcar2_nodes', 'catkin_cmake_args': None, 'catkin_skip_building_tests': False, 'cmake_args': None, 'cmake_clean_cache': False, 'cmake_clean_first': False, 'cmake_force_configure': False, 'cmake_target': None, 'cmake_target_skip_unavailable': False, 'install_base': '/home/nvidia/ros2_qcar2_nlmpc/install/qcar2_nodes', 'merge_install': False, 'path': '/home/nvidia/ros2_qcar2_nlmpc/src/qcar2_nodes', 'symlink_install': False, 'test_result_base': None}
[0.618s] INFO:colcon.colcon_core.executor:Executing jobs using 'parallel' executor
[0.620s] DEBUG:colcon.colcon_parallel_executor.executor.parallel:run_until_complete
[0.621s] INFO:colcon.colcon_ros.task.ament_cmake.build:Building ROS package in '/home/nvidia/ros2_qcar2_nlmpc/src/qcar2_interfaces' with build type 'ament_cmake'
[0.621s] INFO:colcon.colcon_cmake.task.cmake.build:Building CMake package in '/home/nvidia/ros2_qcar2_nlmpc/src/qcar2_interfaces'
[0.624s] INFO:colcon.colcon_core.plugin_system:Skipping extension 'colcon_core.shell.bat': Not used on non-Windows systems
[0.624s] INFO:colcon.colcon_core.shell:Skip shell extension 'powershell' for command environment: Not usable outside of PowerShell
[0.624s] DEBUG:colcon.colcon_core.shell:Skip shell extension 'dsv' for command environment
[0.639s] DEBUG:colcon.colcon_core.event_handler.log_command:Invoking command in '/home/nvidia/ros2_qcar2_nlmpc/build/qcar2_interfaces': CMAKE_PREFIX_PATH=${CMAKE_PREFIX_PATH}:/opt/ros/humble /usr/bin/cmake /home/nvidia/ros2_qcar2_nlmpc/src/qcar2_interfaces -DCMAKE_INSTALL_PREFIX=/home/nvidia/ros2_qcar2_nlmpc/install/qcar2_interfaces
[4.494s] DEBUG:colcon.colcon_core.event_handler.log_command:Invoked command in '/home/nvidia/ros2_qcar2_nlmpc/build/qcar2_interfaces' returned '0': CMAKE_PREFIX_PATH=${CMAKE_PREFIX_PATH}:/opt/ros/humble /usr/bin/cmake /home/nvidia/ros2_qcar2_nlmpc/src/qcar2_interfaces -DCMAKE_INSTALL_PREFIX=/home/nvidia/ros2_qcar2_nlmpc/install/qcar2_interfaces
[4.501s] DEBUG:colcon.colcon_core.event_handler.log_command:Invoking command in '/home/nvidia/ros2_qcar2_nlmpc/build/qcar2_interfaces': CMAKE_PREFIX_PATH=${CMAKE_PREFIX_PATH}:/opt/ros/humble /usr/bin/cmake --build /home/nvidia/ros2_qcar2_nlmpc/build/qcar2_interfaces -- -j8 -l8
[8.252s] DEBUG:colcon.colcon_core.event_handler.log_command:Invoked command in '/home/nvidia/ros2_qcar2_nlmpc/build/qcar2_interfaces' returned '0': CMAKE_PREFIX_PATH=${CMAKE_PREFIX_PATH}:/opt/ros/humble /usr/bin/cmake --build /home/nvidia/ros2_qcar2_nlmpc/build/qcar2_interfaces -- -j8 -l8
[8.361s] DEBUG:colcon.colcon_core.event_handler.log_command:Invoking command in '/home/nvidia/ros2_qcar2_nlmpc/build/qcar2_interfaces': CMAKE_PREFIX_PATH=${CMAKE_PREFIX_PATH}:/opt/ros/humble /usr/bin/cmake --install /home/nvidia/ros2_qcar2_nlmpc/build/qcar2_interfaces
[8.475s] Level 1:colcon.colcon_core.environment:create_environment_scripts_only(qcar2_interfaces)
[8.480s] DEBUG:colcon.colcon_core.event_handler.log_command:Invoked command in '/home/nvidia/ros2_qcar2_nlmpc/build/qcar2_interfaces' returned '0': CMAKE_PREFIX_PATH=${CMAKE_PREFIX_PATH}:/opt/ros/humble /usr/bin/cmake --install /home/nvidia/ros2_qcar2_nlmpc/build/qcar2_interfaces
[8.488s] Level 1:colcon.colcon_core.environment:checking '/home/nvidia/ros2_qcar2_nlmpc/install/qcar2_interfaces' for CMake module files
[8.490s] Level 1:colcon.colcon_core.environment:checking '/home/nvidia/ros2_qcar2_nlmpc/install/qcar2_interfaces' for CMake config files
[8.493s] Level 1:colcon.colcon_core.shell:create_environment_hook('qcar2_interfaces', 'cmake_prefix_path')
[8.494s] INFO:colcon.colcon_core.shell:Creating environment hook '/home/nvidia/ros2_qcar2_nlmpc/install/qcar2_interfaces/share/qcar2_interfaces/hook/cmake_prefix_path.ps1'
[8.496s] INFO:colcon.colcon_core.shell:Creating environment descriptor '/home/nvidia/ros2_qcar2_nlmpc/install/qcar2_interfaces/share/qcar2_interfaces/hook/cmake_prefix_path.dsv'
[8.498s] INFO:colcon.colcon_core.shell:Creating environment hook '/home/nvidia/ros2_qcar2_nlmpc/install/qcar2_interfaces/share/qcar2_interfaces/hook/cmake_prefix_path.sh'
[8.501s] Level 1:colcon.colcon_core.environment:checking '/home/nvidia/ros2_qcar2_nlmpc/install/qcar2_interfaces/lib'
[8.502s] Level 1:colcon.colcon_core.shell:create_environment_hook('qcar2_interfaces', 'ld_library_path_lib')
[8.503s] INFO:colcon.colcon_core.shell:Creating environment hook '/home/nvidia/ros2_qcar2_nlmpc/install/qcar2_interfaces/share/qcar2_interfaces/hook/ld_library_path_lib.ps1'
[8.504s] INFO:colcon.colcon_core.shell:Creating environment descriptor '/home/nvidia/ros2_qcar2_nlmpc/install/qcar2_interfaces/share/qcar2_interfaces/hook/ld_library_path_lib.dsv'
[8.505s] INFO:colcon.colcon_core.shell:Creating environment hook '/home/nvidia/ros2_qcar2_nlmpc/install/qcar2_interfaces/share/qcar2_interfaces/hook/ld_library_path_lib.sh'
[8.506s] Level 1:colcon.colcon_core.environment:checking '/home/nvidia/ros2_qcar2_nlmpc/install/qcar2_interfaces/bin'
[8.506s] Level 1:colcon.colcon_core.environment:checking '/home/nvidia/ros2_qcar2_nlmpc/install/qcar2_interfaces/lib/pkgconfig/qcar2_interfaces.pc'
[8.507s] Level 1:colcon.colcon_core.environment:checking '/home/nvidia/ros2_qcar2_nlmpc/install/qcar2_interfaces/lib/python3.8/site-packages'
[8.508s] Level 1:colcon.colcon_core.environment:checking '/home/nvidia/ros2_qcar2_nlmpc/install/qcar2_interfaces/bin'
[8.509s] INFO:colcon.colcon_core.shell:Creating package script '/home/nvidia/ros2_qcar2_nlmpc/install/qcar2_interfaces/share/qcar2_interfaces/package.ps1'
[8.511s] INFO:colcon.colcon_core.shell:Creating package descriptor '/home/nvidia/ros2_qcar2_nlmpc/install/qcar2_interfaces/share/qcar2_interfaces/package.dsv'
[8.513s] INFO:colcon.colcon_core.shell:Creating package script '/home/nvidia/ros2_qcar2_nlmpc/install/qcar2_interfaces/share/qcar2_interfaces/package.sh'
[8.515s] INFO:colcon.colcon_core.shell:Creating package script '/home/nvidia/ros2_qcar2_nlmpc/install/qcar2_interfaces/share/qcar2_interfaces/package.bash'
[8.517s] INFO:colcon.colcon_core.shell:Creating package script '/home/nvidia/ros2_qcar2_nlmpc/install/qcar2_interfaces/share/qcar2_interfaces/package.zsh'
[8.518s] Level 1:colcon.colcon_core.environment:create_file_with_runtime_dependencies(/home/nvidia/ros2_qcar2_nlmpc/install/qcar2_interfaces/share/colcon-core/packages/qcar2_interfaces)
[8.609s] Level 1:colcon.colcon_core.environment:create_environment_scripts_only(qcar2_interfaces)
[8.611s] Level 1:colcon.colcon_core.environment:checking '/home/nvidia/ros2_qcar2_nlmpc/install/qcar2_interfaces' for CMake module files
[8.613s] Level 1:colcon.colcon_core.environment:checking '/home/nvidia/ros2_qcar2_nlmpc/install/qcar2_interfaces' for CMake config files
[8.615s] Level 1:colcon.colcon_core.shell:create_environment_hook('qcar2_interfaces', 'cmake_prefix_path')
[8.616s] INFO:colcon.colcon_core.shell:Creating environment hook '/home/nvidia/ros2_qcar2_nlmpc/install/qcar2_interfaces/share/qcar2_interfaces/hook/cmake_prefix_path.ps1'
[8.618s] INFO:colcon.colcon_core.shell:Creating environment descriptor '/home/nvidia/ros2_qcar2_nlmpc/install/qcar2_interfaces/share/qcar2_interfaces/hook/cmake_prefix_path.dsv'
[8.620s] INFO:colcon.colcon_core.shell:Creating environment hook '/home/nvidia/ros2_qcar2_nlmpc/install/qcar2_interfaces/share/qcar2_interfaces/hook/cmake_prefix_path.sh'
[8.622s] Level 1:colcon.colcon_core.environment:checking '/home/nvidia/ros2_qcar2_nlmpc/install/qcar2_interfaces/lib'
[8.622s] Level 1:colcon.colcon_core.shell:create_environment_hook('qcar2_interfaces', 'ld_library_path_lib')
[8.623s] INFO:colcon.colcon_core.shell:Creating environment hook '/home/nvidia/ros2_qcar2_nlmpc/install/qcar2_interfaces/share/qcar2_interfaces/hook/ld_library_path_lib.ps1'
[8.624s] INFO:colcon.colcon_core.shell:Creating environment descriptor '/home/nvidia/ros2_qcar2_nlmpc/install/qcar2_interfaces/share/qcar2_interfaces/hook/ld_library_path_lib.dsv'
[8.625s] INFO:colcon.colcon_core.shell:Creating environment hook '/home/nvidia/ros2_qcar2_nlmpc/install/qcar2_interfaces/share/qcar2_interfaces/hook/ld_library_path_lib.sh'
[8.627s] Level 1:colcon.colcon_core.environment:checking '/home/nvidia/ros2_qcar2_nlmpc/install/qcar2_interfaces/bin'
[8.627s] Level 1:colcon.colcon_core.environment:checking '/home/nvidia/ros2_qcar2_nlmpc/install/qcar2_interfaces/lib/pkgconfig/qcar2_interfaces.pc'
[8.628s] Level 1:colcon.colcon_core.environment:checking '/home/nvidia/ros2_qcar2_nlmpc/install/qcar2_interfaces/lib/python3.8/site-packages'
[8.628s] Level 1:colcon.colcon_core.environment:checking '/home/nvidia/ros2_qcar2_nlmpc/install/qcar2_interfaces/bin'
[8.629s] INFO:colcon.colcon_core.shell:Creating package script '/home/nvidia/ros2_qcar2_nlmpc/install/qcar2_interfaces/share/qcar2_interfaces/package.ps1'
[8.631s] INFO:colcon.colcon_core.shell:Creating package descriptor '/home/nvidia/ros2_qcar2_nlmpc/install/qcar2_interfaces/share/qcar2_interfaces/package.dsv'
[8.632s] INFO:colcon.colcon_core.shell:Creating package script '/home/nvidia/ros2_qcar2_nlmpc/install/qcar2_interfaces/share/qcar2_interfaces/package.sh'
[8.634s] INFO:colcon.colcon_core.shell:Creating package script '/home/nvidia/ros2_qcar2_nlmpc/install/qcar2_interfaces/share/qcar2_interfaces/package.bash'
[8.635s] INFO:colcon.colcon_core.shell:Creating package script '/home/nvidia/ros2_qcar2_nlmpc/install/qcar2_interfaces/share/qcar2_interfaces/package.zsh'
[8.636s] Level 1:colcon.colcon_core.environment:create_file_with_runtime_dependencies(/home/nvidia/ros2_qcar2_nlmpc/install/qcar2_interfaces/share/colcon-core/packages/qcar2_interfaces)
[8.637s] INFO:colcon.colcon_ros.task.ament_cmake.build:Building ROS package in '/home/nvidia/ros2_qcar2_nlmpc/src/qcar2_nodes' with build type 'ament_cmake'
[8.638s] INFO:colcon.colcon_cmake.task.cmake.build:Building CMake package in '/home/nvidia/ros2_qcar2_nlmpc/src/qcar2_nodes'
[8.638s] INFO:colcon.colcon_core.shell:Skip shell extension 'powershell' for command environment: Not usable outside of PowerShell
[8.639s] DEBUG:colcon.colcon_core.shell:Skip shell extension 'dsv' for command environment
[8.664s] DEBUG:colcon.colcon_core.event_handler.log_command:Invoking command in '/home/nvidia/ros2_qcar2_nlmpc/build/qcar2_nodes': AMENT_PREFIX_PATH=/home/nvidia/ros2_qcar2_nlmpc/install/qcar2_interfaces:${AMENT_PREFIX_PATH} CMAKE_PREFIX_PATH=/home/nvidia/ros2_qcar2_nlmpc/install/qcar2_interfaces:/home/nvidia/ros2/install/qcar2_nodes:/home/nvidia/ros2/install/qcar2_interfaces:/opt/ros/humble LD_LIBRARY_PATH=/home/nvidia/ros2_qcar2_nlmpc/install/qcar2_interfaces/lib:/home/nvidia/ros2/install/qcar2_interfaces/lib:/opt/ros/humble/opt/rviz_ogre_vendor/lib:/opt/ros/humble/lib/aarch64-linux-gnu:/opt/ros/humble/lib:/usr/local/cuda/lib64:/home/nvidia/acados/lib PYTHONPATH=/home/nvidia/ros2_qcar2_nlmpc/install/qcar2_interfaces/lib/python3.9/site-packages:${PYTHONPATH} /usr/bin/cmake /home/nvidia/ros2_qcar2_nlmpc/src/qcar2_nodes -DCMAKE_INSTALL_PREFIX=/home/nvidia/ros2_qcar2_nlmpc/install/qcar2_nodes
[12.926s] DEBUG:colcon.colcon_core.event_handler.log_command:Invoked command in '/home/nvidia/ros2_qcar2_nlmpc/build/qcar2_nodes' returned '0': AMENT_PREFIX_PATH=/home/nvidia/ros2_qcar2_nlmpc/install/qcar2_interfaces:${AMENT_PREFIX_PATH} CMAKE_PREFIX_PATH=/home/nvidia/ros2_qcar2_nlmpc/install/qcar2_interfaces:/home/nvidia/ros2/install/qcar2_nodes:/home/nvidia/ros2/install/qcar2_interfaces:/opt/ros/humble LD_LIBRARY_PATH=/home/nvidia/ros2_qcar2_nlmpc/install/qcar2_interfaces/lib:/home/nvidia/ros2/install/qcar2_interfaces/lib:/opt/ros/humble/opt/rviz_ogre_vendor/lib:/opt/ros/humble/lib/aarch64-linux-gnu:/opt/ros/humble/lib:/usr/local/cuda/lib64:/home/nvidia/acados/lib PYTHONPATH=/home/nvidia/ros2_qcar2_nlmpc/install/qcar2_interfaces/lib/python3.9/site-packages:${PYTHONPATH} /usr/bin/cmake /home/nvidia/ros2_qcar2_nlmpc/src/qcar2_nodes -DCMAKE_INSTALL_PREFIX=/home/nvidia/ros2_qcar2_nlmpc/install/qcar2_nodes
[12.933s] DEBUG:colcon.colcon_core.event_handler.log_command:Invoking command in '/home/nvidia/ros2_qcar2_nlmpc/build/qcar2_nodes': AMENT_PREFIX_PATH=/home/nvidia/ros2_qcar2_nlmpc/install/qcar2_interfaces:${AMENT_PREFIX_PATH} CMAKE_PREFIX_PATH=/home/nvidia/ros2_qcar2_nlmpc/install/qcar2_interfaces:/home/nvidia/ros2/install/qcar2_nodes:/home/nvidia/ros2/install/qcar2_interfaces:/opt/ros/humble LD_LIBRARY_PATH=/home/nvidia/ros2_qcar2_nlmpc/install/qcar2_interfaces/lib:/home/nvidia/ros2/install/qcar2_interfaces/lib:/opt/ros/humble/opt/rviz_ogre_vendor/lib:/opt/ros/humble/lib/aarch64-linux-gnu:/opt/ros/humble/lib:/usr/local/cuda/lib64:/home/nvidia/acados/lib PYTHONPATH=/home/nvidia/ros2_qcar2_nlmpc/install/qcar2_interfaces/lib/python3.9/site-packages:${PYTHONPATH} /usr/bin/cmake --build /home/nvidia/ros2_qcar2_nlmpc/build/qcar2_nodes -- -j8 -l8
[42.517s] DEBUG:colcon.colcon_core.event_handler.log_command:Invoked command in '/home/nvidia/ros2_qcar2_nlmpc/build/qcar2_nodes' returned '0': AMENT_PREFIX_PATH=/home/nvidia/ros2_qcar2_nlmpc/install/qcar2_interfaces:${AMENT_PREFIX_PATH} CMAKE_PREFIX_PATH=/home/nvidia/ros2_qcar2_nlmpc/install/qcar2_interfaces:/home/nvidia/ros2/install/qcar2_nodes:/home/nvidia/ros2/install/qcar2_interfaces:/opt/ros/humble LD_LIBRARY_PATH=/home/nvidia/ros2_qcar2_nlmpc/install/qcar2_interfaces/lib:/home/nvidia/ros2/install/qcar2_interfaces/lib:/opt/ros/humble/opt/rviz_ogre_vendor/lib:/opt/ros/humble/lib/aarch64-linux-gnu:/opt/ros/humble/lib:/usr/local/cuda/lib64:/home/nvidia/acados/lib PYTHONPATH=/home/nvidia/ros2_qcar2_nlmpc/install/qcar2_interfaces/lib/python3.9/site-packages:${PYTHONPATH} /usr/bin/cmake --build /home/nvidia/ros2_qcar2_nlmpc/build/qcar2_nodes -- -j8 -l8
[42.576s] DEBUG:colcon.colcon_core.event_handler.log_command:Invoking command in '/home/nvidia/ros2_qcar2_nlmpc/build/qcar2_nodes': AMENT_PREFIX_PATH=/home/nvidia/ros2_qcar2_nlmpc/install/qcar2_interfaces:${AMENT_PREFIX_PATH} CMAKE_PREFIX_PATH=/home/nvidia/ros2_qcar2_nlmpc/install/qcar2_interfaces:/home/nvidia/ros2/install/qcar2_nodes:/home/nvidia/ros2/install/qcar2_interfaces:/opt/ros/humble LD_LIBRARY_PATH=/home/nvidia/ros2_qcar2_nlmpc/install/qcar2_interfaces/lib:/home/nvidia/ros2/install/qcar2_interfaces/lib:/opt/ros/humble/opt/rviz_ogre_vendor/lib:/opt/ros/humble/lib/aarch64-linux-gnu:/opt/ros/humble/lib:/usr/local/cuda/lib64:/home/nvidia/acados/lib PYTHONPATH=/home/nvidia/ros2_qcar2_nlmpc/install/qcar2_interfaces/lib/python3.9/site-packages:${PYTHONPATH} /usr/bin/cmake --install /home/nvidia/ros2_qcar2_nlmpc/build/qcar2_nodes
[42.637s] Level 1:colcon.colcon_core.environment:create_environment_scripts_only(qcar2_nodes)
[42.638s] Level 1:colcon.colcon_core.environment:checking '/home/nvidia/ros2_qcar2_nlmpc/install/qcar2_nodes' for CMake module files
[42.639s] DEBUG:colcon.colcon_core.event_handler.log_command:Invoked command in '/home/nvidia/ros2_qcar2_nlmpc/build/qcar2_nodes' returned '0': AMENT_PREFIX_PATH=/home/nvidia/ros2_qcar2_nlmpc/install/qcar2_interfaces:${AMENT_PREFIX_PATH} CMAKE_PREFIX_PATH=/home/nvidia/ros2_qcar2_nlmpc/install/qcar2_interfaces:/home/nvidia/ros2/install/qcar2_nodes:/home/nvidia/ros2/install/qcar2_interfaces:/opt/ros/humble LD_LIBRARY_PATH=/home/nvidia/ros2_qcar2_nlmpc/install/qcar2_interfaces/lib:/home/nvidia/ros2/install/qcar2_interfaces/lib:/opt/ros/humble/opt/rviz_ogre_vendor/lib:/opt/ros/humble/lib/aarch64-linux-gnu:/opt/ros/humble/lib:/usr/local/cuda/lib64:/home/nvidia/acados/lib PYTHONPATH=/home/nvidia/ros2_qcar2_nlmpc/install/qcar2_interfaces/lib/python3.9/site-packages:${PYTHONPATH} /usr/bin/cmake --install /home/nvidia/ros2_qcar2_nlmpc/build/qcar2_nodes
[42.640s] Level 1:colcon.colcon_core.environment:checking '/home/nvidia/ros2_qcar2_nlmpc/install/qcar2_nodes' for CMake config files
[42.641s] Level 1:colcon.colcon_core.shell:create_environment_hook('qcar2_nodes', 'cmake_prefix_path')
[42.642s] INFO:colcon.colcon_core.shell:Creating environment hook '/home/nvidia/ros2_qcar2_nlmpc/install/qcar2_nodes/share/qcar2_nodes/hook/cmake_prefix_path.ps1'
[42.644s] INFO:colcon.colcon_core.shell:Creating environment descriptor '/home/nvidia/ros2_qcar2_nlmpc/install/qcar2_nodes/share/qcar2_nodes/hook/cmake_prefix_path.dsv'
[42.646s] INFO:colcon.colcon_core.shell:Creating environment hook '/home/nvidia/ros2_qcar2_nlmpc/install/qcar2_nodes/share/qcar2_nodes/hook/cmake_prefix_path.sh'
[42.648s] Level 1:colcon.colcon_core.environment:checking '/home/nvidia/ros2_qcar2_nlmpc/install/qcar2_nodes/lib'
[42.648s] Level 1:colcon.colcon_core.environment:checking '/home/nvidia/ros2_qcar2_nlmpc/install/qcar2_nodes/bin'
[42.648s] Level 1:colcon.colcon_core.environment:checking '/home/nvidia/ros2_qcar2_nlmpc/install/qcar2_nodes/lib/pkgconfig/qcar2_nodes.pc'
[42.649s] Level 1:colcon.colcon_core.environment:checking '/home/nvidia/ros2_qcar2_nlmpc/install/qcar2_nodes/lib/python3.8/site-packages'
[42.650s] Level 1:colcon.colcon_core.environment:checking '/home/nvidia/ros2_qcar2_nlmpc/install/qcar2_nodes/bin'
[42.651s] INFO:colcon.colcon_core.shell:Creating package script '/home/nvidia/ros2_qcar2_nlmpc/install/qcar2_nodes/share/qcar2_nodes/package.ps1'
[42.653s] INFO:colcon.colcon_core.shell:Creating package descriptor '/home/nvidia/ros2_qcar2_nlmpc/install/qcar2_nodes/share/qcar2_nodes/package.dsv'
[42.654s] INFO:colcon.colcon_core.shell:Creating package script '/home/nvidia/ros2_qcar2_nlmpc/install/qcar2_nodes/share/qcar2_nodes/package.sh'
[42.656s] INFO:colcon.colcon_core.shell:Creating package script '/home/nvidia/ros2_qcar2_nlmpc/install/qcar2_nodes/share/qcar2_nodes/package.bash'
[42.657s] INFO:colcon.colcon_core.shell:Creating package script '/home/nvidia/ros2_qcar2_nlmpc/install/qcar2_nodes/share/qcar2_nodes/package.zsh'
[42.658s] Level 1:colcon.colcon_core.environment:create_file_with_runtime_dependencies(/home/nvidia/ros2_qcar2_nlmpc/install/qcar2_nodes/share/colcon-core/packages/qcar2_nodes)
[42.716s] Level 1:colcon.colcon_core.environment:create_environment_scripts_only(qcar2_nodes)
[42.717s] Level 1:colcon.colcon_core.environment:checking '/home/nvidia/ros2_qcar2_nlmpc/install/qcar2_nodes' for CMake module files
[42.719s] Level 1:colcon.colcon_core.environment:checking '/home/nvidia/ros2_qcar2_nlmpc/install/qcar2_nodes' for CMake config files
[42.720s] Level 1:colcon.colcon_core.shell:create_environment_hook('qcar2_nodes', 'cmake_prefix_path')
[42.721s] INFO:colcon.colcon_core.shell:Creating environment hook '/home/nvidia/ros2_qcar2_nlmpc/install/qcar2_nodes/share/qcar2_nodes/hook/cmake_prefix_path.ps1'
[42.723s] INFO:colcon.colcon_core.shell:Creating environment descriptor '/home/nvidia/ros2_qcar2_nlmpc/install/qcar2_nodes/share/qcar2_nodes/hook/cmake_prefix_path.dsv'
[42.724s] INFO:colcon.colcon_core.shell:Creating environment hook '/home/nvidia/ros2_qcar2_nlmpc/install/qcar2_nodes/share/qcar2_nodes/hook/cmake_prefix_path.sh'
[42.726s] Level 1:colcon.colcon_core.environment:checking '/home/nvidia/ros2_qcar2_nlmpc/install/qcar2_nodes/lib'
[42.727s] Level 1:colcon.colcon_core.environment:checking '/home/nvidia/ros2_qcar2_nlmpc/install/qcar2_nodes/bin'
[42.727s] Level 1:colcon.colcon_core.environment:checking '/home/nvidia/ros2_qcar2_nlmpc/install/qcar2_nodes/lib/pkgconfig/qcar2_nodes.pc'
[42.728s] Level 1:colcon.colcon_core.environment:checking '/home/nvidia/ros2_qcar2_nlmpc/install/qcar2_nodes/lib/python3.8/site-packages'
[42.729s] Level 1:colcon.colcon_core.environment:checking '/home/nvidia/ros2_qcar2_nlmpc/install/qcar2_nodes/bin'
[42.730s] INFO:colcon.colcon_core.shell:Creating package script '/home/nvidia/ros2_qcar2_nlmpc/install/qcar2_nodes/share/qcar2_nodes/package.ps1'
[42.731s] INFO:colcon.colcon_core.shell:Creating package descriptor '/home/nvidia/ros2_qcar2_nlmpc/install/qcar2_nodes/share/qcar2_nodes/package.dsv'
[42.733s] INFO:colcon.colcon_core.shell:Creating package script '/home/nvidia/ros2_qcar2_nlmpc/install/qcar2_nodes/share/qcar2_nodes/package.sh'
[42.734s] INFO:colcon.colcon_core.shell:Creating package script '/home/nvidia/ros2_qcar2_nlmpc/install/qcar2_nodes/share/qcar2_nodes/package.bash'
[42.736s] INFO:colcon.colcon_core.shell:Creating package script '/home/nvidia/ros2_qcar2_nlmpc/install/qcar2_nodes/share/qcar2_nodes/package.zsh'
[42.737s] Level 1:colcon.colcon_core.environment:create_file_with_runtime_dependencies(/home/nvidia/ros2_qcar2_nlmpc/install/qcar2_nodes/share/colcon-core/packages/qcar2_nodes)
[42.738s] DEBUG:colcon.colcon_parallel_executor.executor.parallel:closing loop
[42.739s] DEBUG:colcon.colcon_parallel_executor.executor.parallel:loop closed
[42.739s] DEBUG:colcon.colcon_parallel_executor.executor.parallel:run_until_complete finished with '0'
[42.740s] DEBUG:colcon.colcon_core.event_reactor:joining thread
[42.758s] INFO:colcon.colcon_core.plugin_system:Skipping extension 'colcon_notification.desktop_notification.terminal_notifier': Not used on non-Darwin systems
[42.758s] INFO:colcon.colcon_core.plugin_system:Skipping extension 'colcon_notification.desktop_notification.win32': Not used on non-Windows systems
[42.758s] INFO:colcon.colcon_notification.desktop_notification:Sending desktop notification using 'notify2'
[42.778s] DEBUG:colcon.colcon_notification.desktop_notification.notify2:Failed to initialize notify2: org.freedesktop.DBus.Error.Spawn.ChildExited: Process org.freedesktop.Notifications exited with status 1
[42.778s] DEBUG:colcon.colcon_core.event_reactor:joined thread
[42.779s] INFO:colcon.colcon_core.shell:Creating prefix script '/home/nvidia/ros2_qcar2_nlmpc/install/local_setup.ps1'
[42.782s] INFO:colcon.colcon_core.shell:Creating prefix util module '/home/nvidia/ros2_qcar2_nlmpc/install/_local_setup_util_ps1.py'
[42.786s] INFO:colcon.colcon_core.shell:Creating prefix chain script '/home/nvidia/ros2_qcar2_nlmpc/install/setup.ps1'
[42.789s] INFO:colcon.colcon_core.shell:Creating prefix script '/home/nvidia/ros2_qcar2_nlmpc/install/local_setup.sh'
[42.790s] INFO:colcon.colcon_core.shell:Creating prefix util module '/home/nvidia/ros2_qcar2_nlmpc/install/_local_setup_util_sh.py'
[42.791s] INFO:colcon.colcon_core.shell:Creating prefix chain script '/home/nvidia/ros2_qcar2_nlmpc/install/setup.sh'
[42.794s] INFO:colcon.colcon_core.shell:Creating prefix script '/home/nvidia/ros2_qcar2_nlmpc/install/local_setup.bash'
[42.796s] INFO:colcon.colcon_core.shell:Creating prefix chain script '/home/nvidia/ros2_qcar2_nlmpc/install/setup.bash'
[42.798s] INFO:colcon.colcon_core.shell:Creating prefix script '/home/nvidia/ros2_qcar2_nlmpc/install/local_setup.zsh'
[42.799s] INFO:colcon.colcon_core.shell:Creating prefix chain script '/home/nvidia/ros2_qcar2_nlmpc/install/setup.zsh'
