[0.365s] DEBUG:colcon:Command line arguments: ['/usr/bin/colcon', 'build']
[0.365s] DEBUG:colcon:Parsed command line arguments: Namespace(allow_overriding=[], ament_cmake_args=None, base_paths=['.'], build_base='build', catkin_cmake_args=None, catkin_skip_building_tests=False, cmake_args=None, cmake_clean_cache=False, cmake_clean_first=False, cmake_force_configure=False, cmake_target=None, cmake_target_skip_unavailable=False, continue_on_error=False, event_handlers=None, executor='parallel', ignore_user_meta=False, install_base='install', log_base=None, log_level=None, main=<bound method BuildVerb.main of <colcon_core.verb.build.BuildVerb object at 0xffff82c94b80>>, merge_install=False, metas=['./colcon.meta'], mixin=None, mixin_files=None, mixin_verb=('build',), packages_above=None, packages_above_and_dependencies=None, packages_above_depth=None, packages_end=None, packages_ignore=None, packages_ignore_regex=None, packages_select=None, packages_select_build_failed=False, packages_select_by_dep=None, packages_select_regex=None, packages_select_test_failures=False, packages_skip=None, packages_skip_build_finished=False, packages_skip_by_dep=None, packages_skip_regex=None, packages_skip_test_passed=False, packages_skip_up_to=None, packages_start=None, packages_up_to=None, packages_up_to_regex=None, parallel_workers=8, paths=None, symlink_install=False, test_result_base=None, verb_extension=<colcon_core.verb.build.BuildVerb object at 0xffff82c94b80>, verb_name='build', verb_parser=<colcon_mixin.mixin.mixin_argument.MixinArgumentDecorator object at 0xffff82abab50>)
[0.436s] Level 1:colcon.colcon_core.package_discovery:discover_packages(colcon_meta) check parameters
[0.436s] Level 1:colcon.colcon_core.package_discovery:discover_packages(recursive) check parameters
[0.436s] Level 1:colcon.colcon_core.package_discovery:discover_packages(ignore) check parameters
[0.436s] Level 1:colcon.colcon_core.package_discovery:discover_packages(path) check parameters
[0.436s] Level 1:colcon.colcon_core.package_discovery:discover_packages(colcon_meta) discover
[0.436s] Level 1:colcon.colcon_core.package_discovery:discover_packages(recursive) discover
[0.437s] INFO:colcon.colcon_core.package_discovery:Crawling recursively for packages in '/home/nvidia/ros2_qcar2_nlmpc'
[0.437s] Level 1:colcon.colcon_core.package_identification:_identify(.) by extensions ['ignore', 'ignore_ament_install']
[0.437s] Level 1:colcon.colcon_core.package_identification:_identify(.) by extension 'ignore'
[0.437s] Level 1:colcon.colcon_core.package_identification:_identify(.) by extension 'ignore_ament_install'
[0.437s] Level 1:colcon.colcon_core.package_identification:_identify(.) by extensions ['colcon_pkg']
[0.437s] Level 1:colcon.colcon_core.package_identification:_identify(.) by extension 'colcon_pkg'
[0.437s] Level 1:colcon.colcon_core.package_identification:_identify(.) by extensions ['colcon_meta']
[0.437s] Level 1:colcon.colcon_core.package_identification:_identify(.) by extension 'colcon_meta'
[0.437s] Level 1:colcon.colcon_core.package_identification:_identify(.) by extensions ['ros']
[0.438s] Level 1:colcon.colcon_core.package_identification:_identify(.) by extension 'ros'
[0.459s] Level 1:colcon.colcon_core.package_identification:_identify(.) by extensions ['cmake', 'python']
[0.459s] Level 1:colcon.colcon_core.package_identification:_identify(.) by extension 'cmake'
[0.460s] Level 1:colcon.colcon_core.package_identification:_identify(.) by extension 'python'
[0.460s] Level 1:colcon.colcon_core.package_identification:_identify(.) by extensions ['python_setup_py']
[0.460s] Level 1:colcon.colcon_core.package_identification:_identify(.) by extension 'python_setup_py'
[0.460s] Level 1:colcon.colcon_core.package_identification:_identify(build) by extensions ['ignore', 'ignore_ament_install']
[0.460s] Level 1:colcon.colcon_core.package_identification:_identify(build) by extension 'ignore'
[0.460s] Level 1:colcon.colcon_core.package_identification:_identify(build) ignored
[0.460s] Level 1:colcon.colcon_core.package_identification:_identify(install) by extensions ['ignore', 'ignore_ament_install']
[0.460s] Level 1:colcon.colcon_core.package_identification:_identify(install) by extension 'ignore'
[0.461s] Level 1:colcon.colcon_core.package_identification:_identify(install) ignored
[0.461s] Level 1:colcon.colcon_core.package_identification:_identify(log) by extensions ['ignore', 'ignore_ament_install']
[0.461s] Level 1:colcon.colcon_core.package_identification:_identify(log) by extension 'ignore'
[0.461s] Level 1:colcon.colcon_core.package_identification:_identify(log) ignored
[0.461s] Level 1:colcon.colcon_core.package_identification:_identify(src) by extensions ['ignore', 'ignore_ament_install']
[0.461s] Level 1:colcon.colcon_core.package_identification:_identify(src) by extension 'ignore'
[0.461s] Level 1:colcon.colcon_core.package_identification:_identify(src) by extension 'ignore_ament_install'
[0.461s] Level 1:colcon.colcon_core.package_identification:_identify(src) by extensions ['colcon_pkg']
[0.461s] Level 1:colcon.colcon_core.package_identification:_identify(src) by extension 'colcon_pkg'
[0.461s] Level 1:colcon.colcon_core.package_identification:_identify(src) by extensions ['colcon_meta']
[0.461s] Level 1:colcon.colcon_core.package_identification:_identify(src) by extension 'colcon_meta'
[0.462s] Level 1:colcon.colcon_core.package_identification:_identify(src) by extensions ['ros']
[0.462s] Level 1:colcon.colcon_core.package_identification:_identify(src) by extension 'ros'
[0.462s] Level 1:colcon.colcon_core.package_identification:_identify(src) by extensions ['cmake', 'python']
[0.462s] Level 1:colcon.colcon_core.package_identification:_identify(src) by extension 'cmake'
[0.462s] Level 1:colcon.colcon_core.package_identification:_identify(src) by extension 'python'
[0.462s] Level 1:colcon.colcon_core.package_identification:_identify(src) by extensions ['python_setup_py']
[0.462s] Level 1:colcon.colcon_core.package_identification:_identify(src) by extension 'python_setup_py'
[0.462s] Level 1:colcon.colcon_core.package_identification:_identify(src/qcar2_interfaces) by extensions ['ignore', 'ignore_ament_install']
[0.462s] Level 1:colcon.colcon_core.package_identification:_identify(src/qcar2_interfaces) by extension 'ignore'
[0.462s] Level 1:colcon.colcon_core.package_identification:_identify(src/qcar2_interfaces) by extension 'ignore_ament_install'
[0.462s] Level 1:colcon.colcon_core.package_identification:_identify(src/qcar2_interfaces) by extensions ['colcon_pkg']
[0.462s] Level 1:colcon.colcon_core.package_identification:_identify(src/qcar2_interfaces) by extension 'colcon_pkg'
[0.462s] Level 1:colcon.colcon_core.package_identification:_identify(src/qcar2_interfaces) by extensions ['colcon_meta']
[0.462s] Level 1:colcon.colcon_core.package_identification:_identify(src/qcar2_interfaces) by extension 'colcon_meta'
[0.463s] Level 1:colcon.colcon_core.package_identification:_identify(src/qcar2_interfaces) by extensions ['ros']
[0.463s] Level 1:colcon.colcon_core.package_identification:_identify(src/qcar2_interfaces) by extension 'ros'
[0.466s] DEBUG:colcon.colcon_core.package_identification:Package 'src/qcar2_interfaces' with type 'ros.ament_cmake' and name 'qcar2_interfaces'
[0.466s] Level 1:colcon.colcon_core.package_identification:_identify(src/qcar2_nodes) by extensions ['ignore', 'ignore_ament_install']
[0.466s] Level 1:colcon.colcon_core.package_identification:_identify(src/qcar2_nodes) by extension 'ignore'
[0.467s] Level 1:colcon.colcon_core.package_identification:_identify(src/qcar2_nodes) by extension 'ignore_ament_install'
[0.467s] Level 1:colcon.colcon_core.package_identification:_identify(src/qcar2_nodes) by extensions ['colcon_pkg']
[0.467s] Level 1:colcon.colcon_core.package_identification:_identify(src/qcar2_nodes) by extension 'colcon_pkg'
[0.467s] Level 1:colcon.colcon_core.package_identification:_identify(src/qcar2_nodes) by extensions ['colcon_meta']
[0.467s] Level 1:colcon.colcon_core.package_identification:_identify(src/qcar2_nodes) by extension 'colcon_meta'
[0.467s] Level 1:colcon.colcon_core.package_identification:_identify(src/qcar2_nodes) by extensions ['ros']
[0.467s] Level 1:colcon.colcon_core.package_identification:_identify(src/qcar2_nodes) by extension 'ros'
[0.469s] DEBUG:colcon.colcon_core.package_identification:Package 'src/qcar2_nodes' with type 'ros.ament_cmake' and name 'qcar2_nodes'
[0.469s] Level 1:colcon.colcon_core.package_discovery:discover_packages(recursive) using defaults
[0.469s] Level 1:colcon.colcon_core.package_discovery:discover_packages(ignore) discover
[0.469s] Level 1:colcon.colcon_core.package_discovery:discover_packages(ignore) using defaults
[0.469s] Level 1:colcon.colcon_core.package_discovery:discover_packages(path) discover
[0.469s] Level 1:colcon.colcon_core.package_discovery:discover_packages(path) using defaults
[0.499s] Level 1:colcon.colcon_core.package_discovery:discover_packages(prefix_path) check parameters
[0.499s] Level 1:colcon.colcon_core.package_discovery:discover_packages(prefix_path) discover
[0.502s] DEBUG:colcon.colcon_installed_package_information.package_discovery:Found 2 installed packages in /home/nvidia/ros2_qcar2_nlmpc/install
[0.503s] DEBUG:colcon.colcon_installed_package_information.package_discovery:Found 2 installed packages in /home/nvidia/ros2/install
[0.505s] DEBUG:colcon.colcon_installed_package_information.package_discovery:Found 355 installed packages in /opt/ros/humble
[0.507s] Level 1:colcon.colcon_core.package_discovery:discover_packages(prefix_path) using defaults
[0.623s] Level 5:colcon.colcon_core.verb:set package 'qcar2_interfaces' build argument 'cmake_args' from command line to 'None'
[0.623s] Level 5:colcon.colcon_core.verb:set package 'qcar2_interfaces' build argument 'cmake_target' from command line to 'None'
[0.623s] Level 5:colcon.colcon_core.verb:set package 'qcar2_interfaces' build argument 'cmake_target_skip_unavailable' from command line to 'False'
[0.623s] Level 5:colcon.colcon_core.verb:set package 'qcar2_interfaces' build argument 'cmake_clean_cache' from command line to 'False'
[0.623s] Level 5:colcon.colcon_core.verb:set package 'qcar2_interfaces' build argument 'cmake_clean_first' from command line to 'False'
[0.623s] Level 5:colcon.colcon_core.verb:set package 'qcar2_interfaces' build argument 'cmake_force_configure' from command line to 'False'
[0.623s] Level 5:colcon.colcon_core.verb:set package 'qcar2_interfaces' build argument 'ament_cmake_args' from command line to 'None'
[0.623s] Level 5:colcon.colcon_core.verb:set package 'qcar2_interfaces' build argument 'catkin_cmake_args' from command line to 'None'
[0.623s] Level 5:colcon.colcon_core.verb:set package 'qcar2_interfaces' build argument 'catkin_skip_building_tests' from command line to 'False'
[0.623s] DEBUG:colcon.colcon_core.verb:Building package 'qcar2_interfaces' with the following arguments: {'ament_cmake_args': None, 'build_base': '/home/nvidia/ros2_qcar2_nlmpc/build/qcar2_interfaces', 'catkin_cmake_args': None, 'catkin_skip_building_tests': False, 'cmake_args': None, 'cmake_clean_cache': False, 'cmake_clean_first': False, 'cmake_force_configure': False, 'cmake_target': None, 'cmake_target_skip_unavailable': False, 'install_base': '/home/nvidia/ros2_qcar2_nlmpc/install/qcar2_interfaces', 'merge_install': False, 'path': '/home/nvidia/ros2_qcar2_nlmpc/src/qcar2_interfaces', 'symlink_install': False, 'test_result_base': None}
[0.624s] Level 5:colcon.colcon_core.verb:set package 'qcar2_nodes' build argument 'cmake_args' from command line to 'None'
[0.624s] Level 5:colcon.colcon_core.verb:set package 'qcar2_nodes' build argument 'cmake_target' from command line to 'None'
[0.624s] Level 5:colcon.colcon_core.verb:set package 'qcar2_nodes' build argument 'cmake_target_skip_unavailable' from command line to 'False'
[0.624s] Level 5:colcon.colcon_core.verb:set package 'qcar2_nodes' build argument 'cmake_clean_cache' from command line to 'False'
[0.624s] Level 5:colcon.colcon_core.verb:set package 'qcar2_nodes' build argument 'cmake_clean_first' from command line to 'False'
[0.624s] Level 5:colcon.colcon_core.verb:set package 'qcar2_nodes' build argument 'cmake_force_configure' from command line to 'False'
[0.624s] Level 5:colcon.colcon_core.verb:set package 'qcar2_nodes' build argument 'ament_cmake_args' from command line to 'None'
[0.624s] Level 5:colcon.colcon_core.verb:set package 'qcar2_nodes' build argument 'catkin_cmake_args' from command line to 'None'
[0.624s] Level 5:colcon.colcon_core.verb:set package 'qcar2_nodes' build argument 'catkin_skip_building_tests' from command line to 'False'
[0.624s] DEBUG:colcon.colcon_core.verb:Building package 'qcar2_nodes' with the following arguments: {'ament_cmake_args': None, 'build_base': '/home/nvidia/ros2_qcar2_nlmpc/build/qcar2_nodes', 'catkin_cmake_args': None, 'catkin_skip_building_tests': False, 'cmake_args': None, 'cmake_clean_cache': False, 'cmake_clean_first': False, 'cmake_force_configure': False, 'cmake_target': None, 'cmake_target_skip_unavailable': False, 'install_base': '/home/nvidia/ros2_qcar2_nlmpc/install/qcar2_nodes', 'merge_install': False, 'path': '/home/nvidia/ros2_qcar2_nlmpc/src/qcar2_nodes', 'symlink_install': False, 'test_result_base': None}
[0.624s] INFO:colcon.colcon_core.executor:Executing jobs using 'parallel' executor
[0.626s] DEBUG:colcon.colcon_parallel_executor.executor.parallel:run_until_complete
[0.627s] INFO:colcon.colcon_ros.task.ament_cmake.build:Building ROS package in '/home/nvidia/ros2_qcar2_nlmpc/src/qcar2_interfaces' with build type 'ament_cmake'
[0.627s] INFO:colcon.colcon_cmake.task.cmake.build:Building CMake package in '/home/nvidia/ros2_qcar2_nlmpc/src/qcar2_interfaces'
[0.630s] INFO:colcon.colcon_core.plugin_system:Skipping extension 'colcon_core.shell.bat': Not used on non-Windows systems
[0.630s] INFO:colcon.colcon_core.shell:Skip shell extension 'powershell' for command environment: Not usable outside of PowerShell
[0.630s] DEBUG:colcon.colcon_core.shell:Skip shell extension 'dsv' for command environment
[0.649s] DEBUG:colcon.colcon_core.event_handler.log_command:Invoking command in '/home/nvidia/ros2_qcar2_nlmpc/build/qcar2_interfaces': CMAKE_PREFIX_PATH=${CMAKE_PREFIX_PATH}:/opt/ros/humble /usr/bin/cmake --build /home/nvidia/ros2_qcar2_nlmpc/build/qcar2_interfaces -- -j8 -l8
[1.638s] DEBUG:colcon.colcon_core.event_handler.log_command:Invoked command in '/home/nvidia/ros2_qcar2_nlmpc/build/qcar2_interfaces' returned '0': CMAKE_PREFIX_PATH=${CMAKE_PREFIX_PATH}:/opt/ros/humble /usr/bin/cmake --build /home/nvidia/ros2_qcar2_nlmpc/build/qcar2_interfaces -- -j8 -l8
[1.752s] DEBUG:colcon.colcon_core.event_handler.log_command:Invoking command in '/home/nvidia/ros2_qcar2_nlmpc/build/qcar2_interfaces': CMAKE_PREFIX_PATH=${CMAKE_PREFIX_PATH}:/opt/ros/humble /usr/bin/cmake --install /home/nvidia/ros2_qcar2_nlmpc/build/qcar2_interfaces
[1.853s] Level 1:colcon.colcon_core.environment:create_environment_scripts_only(qcar2_interfaces)
[1.862s] DEBUG:colcon.colcon_core.event_handler.log_command:Invoked command in '/home/nvidia/ros2_qcar2_nlmpc/build/qcar2_interfaces' returned '0': CMAKE_PREFIX_PATH=${CMAKE_PREFIX_PATH}:/opt/ros/humble /usr/bin/cmake --install /home/nvidia/ros2_qcar2_nlmpc/build/qcar2_interfaces
[1.868s] Level 1:colcon.colcon_core.environment:checking '/home/nvidia/ros2_qcar2_nlmpc/install/qcar2_interfaces' for CMake module files
[1.871s] Level 1:colcon.colcon_core.environment:checking '/home/nvidia/ros2_qcar2_nlmpc/install/qcar2_interfaces' for CMake config files
[1.874s] Level 1:colcon.colcon_core.shell:create_environment_hook('qcar2_interfaces', 'cmake_prefix_path')
[1.874s] INFO:colcon.colcon_core.shell:Creating environment hook '/home/nvidia/ros2_qcar2_nlmpc/install/qcar2_interfaces/share/qcar2_interfaces/hook/cmake_prefix_path.ps1'
[1.877s] INFO:colcon.colcon_core.shell:Creating environment descriptor '/home/nvidia/ros2_qcar2_nlmpc/install/qcar2_interfaces/share/qcar2_interfaces/hook/cmake_prefix_path.dsv'
[1.879s] INFO:colcon.colcon_core.shell:Creating environment hook '/home/nvidia/ros2_qcar2_nlmpc/install/qcar2_interfaces/share/qcar2_interfaces/hook/cmake_prefix_path.sh'
[1.882s] Level 1:colcon.colcon_core.environment:checking '/home/nvidia/ros2_qcar2_nlmpc/install/qcar2_interfaces/lib'
[1.883s] Level 1:colcon.colcon_core.shell:create_environment_hook('qcar2_interfaces', 'ld_library_path_lib')
[1.884s] INFO:colcon.colcon_core.shell:Creating environment hook '/home/nvidia/ros2_qcar2_nlmpc/install/qcar2_interfaces/share/qcar2_interfaces/hook/ld_library_path_lib.ps1'
[1.885s] INFO:colcon.colcon_core.shell:Creating environment descriptor '/home/nvidia/ros2_qcar2_nlmpc/install/qcar2_interfaces/share/qcar2_interfaces/hook/ld_library_path_lib.dsv'
[1.886s] INFO:colcon.colcon_core.shell:Creating environment hook '/home/nvidia/ros2_qcar2_nlmpc/install/qcar2_interfaces/share/qcar2_interfaces/hook/ld_library_path_lib.sh'
[1.888s] Level 1:colcon.colcon_core.environment:checking '/home/nvidia/ros2_qcar2_nlmpc/install/qcar2_interfaces/bin'
[1.888s] Level 1:colcon.colcon_core.environment:checking '/home/nvidia/ros2_qcar2_nlmpc/install/qcar2_interfaces/lib/pkgconfig/qcar2_interfaces.pc'
[1.889s] Level 1:colcon.colcon_core.environment:checking '/home/nvidia/ros2_qcar2_nlmpc/install/qcar2_interfaces/lib/python3.8/site-packages'
[1.889s] Level 1:colcon.colcon_core.environment:checking '/home/nvidia/ros2_qcar2_nlmpc/install/qcar2_interfaces/bin'
[1.890s] INFO:colcon.colcon_core.shell:Creating package script '/home/nvidia/ros2_qcar2_nlmpc/install/qcar2_interfaces/share/qcar2_interfaces/package.ps1'
[1.893s] INFO:colcon.colcon_core.shell:Creating package descriptor '/home/nvidia/ros2_qcar2_nlmpc/install/qcar2_interfaces/share/qcar2_interfaces/package.dsv'
[1.894s] INFO:colcon.colcon_core.shell:Creating package script '/home/nvidia/ros2_qcar2_nlmpc/install/qcar2_interfaces/share/qcar2_interfaces/package.sh'
[1.896s] INFO:colcon.colcon_core.shell:Creating package script '/home/nvidia/ros2_qcar2_nlmpc/install/qcar2_interfaces/share/qcar2_interfaces/package.bash'
[1.898s] INFO:colcon.colcon_core.shell:Creating package script '/home/nvidia/ros2_qcar2_nlmpc/install/qcar2_interfaces/share/qcar2_interfaces/package.zsh'
[1.899s] Level 1:colcon.colcon_core.environment:create_file_with_runtime_dependencies(/home/nvidia/ros2_qcar2_nlmpc/install/qcar2_interfaces/share/colcon-core/packages/qcar2_interfaces)
[1.996s] Level 1:colcon.colcon_core.environment:create_environment_scripts_only(qcar2_interfaces)
[1.997s] Level 1:colcon.colcon_core.environment:checking '/home/nvidia/ros2_qcar2_nlmpc/install/qcar2_interfaces' for CMake module files
[2.000s] Level 1:colcon.colcon_core.environment:checking '/home/nvidia/ros2_qcar2_nlmpc/install/qcar2_interfaces' for CMake config files
[2.002s] Level 1:colcon.colcon_core.shell:create_environment_hook('qcar2_interfaces', 'cmake_prefix_path')
[2.003s] INFO:colcon.colcon_core.shell:Creating environment hook '/home/nvidia/ros2_qcar2_nlmpc/install/qcar2_interfaces/share/qcar2_interfaces/hook/cmake_prefix_path.ps1'
[2.005s] INFO:colcon.colcon_core.shell:Creating environment descriptor '/home/nvidia/ros2_qcar2_nlmpc/install/qcar2_interfaces/share/qcar2_interfaces/hook/cmake_prefix_path.dsv'
[2.007s] INFO:colcon.colcon_core.shell:Creating environment hook '/home/nvidia/ros2_qcar2_nlmpc/install/qcar2_interfaces/share/qcar2_interfaces/hook/cmake_prefix_path.sh'
[2.009s] Level 1:colcon.colcon_core.environment:checking '/home/nvidia/ros2_qcar2_nlmpc/install/qcar2_interfaces/lib'
[2.009s] Level 1:colcon.colcon_core.shell:create_environment_hook('qcar2_interfaces', 'ld_library_path_lib')
[2.010s] INFO:colcon.colcon_core.shell:Creating environment hook '/home/nvidia/ros2_qcar2_nlmpc/install/qcar2_interfaces/share/qcar2_interfaces/hook/ld_library_path_lib.ps1'
[2.011s] INFO:colcon.colcon_core.shell:Creating environment descriptor '/home/nvidia/ros2_qcar2_nlmpc/install/qcar2_interfaces/share/qcar2_interfaces/hook/ld_library_path_lib.dsv'
[2.012s] INFO:colcon.colcon_core.shell:Creating environment hook '/home/nvidia/ros2_qcar2_nlmpc/install/qcar2_interfaces/share/qcar2_interfaces/hook/ld_library_path_lib.sh'
[2.014s] Level 1:colcon.colcon_core.environment:checking '/home/nvidia/ros2_qcar2_nlmpc/install/qcar2_interfaces/bin'
[2.014s] Level 1:colcon.colcon_core.environment:checking '/home/nvidia/ros2_qcar2_nlmpc/install/qcar2_interfaces/lib/pkgconfig/qcar2_interfaces.pc'
[2.015s] Level 1:colcon.colcon_core.environment:checking '/home/nvidia/ros2_qcar2_nlmpc/install/qcar2_interfaces/lib/python3.8/site-packages'
[2.015s] Level 1:colcon.colcon_core.environment:checking '/home/nvidia/ros2_qcar2_nlmpc/install/qcar2_interfaces/bin'
[2.016s] INFO:colcon.colcon_core.shell:Creating package script '/home/nvidia/ros2_qcar2_nlmpc/install/qcar2_interfaces/share/qcar2_interfaces/package.ps1'
[2.018s] INFO:colcon.colcon_core.shell:Creating package descriptor '/home/nvidia/ros2_qcar2_nlmpc/install/qcar2_interfaces/share/qcar2_interfaces/package.dsv'
[2.020s] INFO:colcon.colcon_core.shell:Creating package script '/home/nvidia/ros2_qcar2_nlmpc/install/qcar2_interfaces/share/qcar2_interfaces/package.sh'
[2.021s] INFO:colcon.colcon_core.shell:Creating package script '/home/nvidia/ros2_qcar2_nlmpc/install/qcar2_interfaces/share/qcar2_interfaces/package.bash'
[2.022s] INFO:colcon.colcon_core.shell:Creating package script '/home/nvidia/ros2_qcar2_nlmpc/install/qcar2_interfaces/share/qcar2_interfaces/package.zsh'
[2.023s] Level 1:colcon.colcon_core.environment:create_file_with_runtime_dependencies(/home/nvidia/ros2_qcar2_nlmpc/install/qcar2_interfaces/share/colcon-core/packages/qcar2_interfaces)
[2.024s] INFO:colcon.colcon_ros.task.ament_cmake.build:Building ROS package in '/home/nvidia/ros2_qcar2_nlmpc/src/qcar2_nodes' with build type 'ament_cmake'
[2.025s] INFO:colcon.colcon_cmake.task.cmake.build:Building CMake package in '/home/nvidia/ros2_qcar2_nlmpc/src/qcar2_nodes'
[2.025s] INFO:colcon.colcon_core.shell:Skip shell extension 'powershell' for command environment: Not usable outside of PowerShell
[2.026s] DEBUG:colcon.colcon_core.shell:Skip shell extension 'dsv' for command environment
[2.053s] DEBUG:colcon.colcon_core.event_handler.log_command:Invoking command in '/home/nvidia/ros2_qcar2_nlmpc/build/qcar2_nodes': CMAKE_PREFIX_PATH=/home/nvidia/ros2_qcar2_nlmpc/install/qcar2_interfaces:/home/nvidia/ros2_qcar2_nlmpc/install/qcar2_nodes:/home/nvidia/ros2/install/qcar2_nodes:/home/nvidia/ros2/install/qcar2_interfaces:/opt/ros/humble LD_LIBRARY_PATH=/home/nvidia/ros2_qcar2_nlmpc/install/qcar2_interfaces/lib:/home/nvidia/ros2/install/qcar2_interfaces/lib:/opt/ros/humble/opt/rviz_ogre_vendor/lib:/opt/ros/humble/lib/aarch64-linux-gnu:/opt/ros/humble/lib:/usr/local/cuda/lib64:/home/nvidia/acados/lib /usr/bin/cmake --build /home/nvidia/ros2_qcar2_nlmpc/build/qcar2_nodes -- -j8 -l8
[30.062s] DEBUG:colcon.colcon_core.event_handler.log_command:Invoked command in '/home/nvidia/ros2_qcar2_nlmpc/build/qcar2_nodes' returned '0': CMAKE_PREFIX_PATH=/home/nvidia/ros2_qcar2_nlmpc/install/qcar2_interfaces:/home/nvidia/ros2_qcar2_nlmpc/install/qcar2_nodes:/home/nvidia/ros2/install/qcar2_nodes:/home/nvidia/ros2/install/qcar2_interfaces:/opt/ros/humble LD_LIBRARY_PATH=/home/nvidia/ros2_qcar2_nlmpc/install/qcar2_interfaces/lib:/home/nvidia/ros2/install/qcar2_interfaces/lib:/opt/ros/humble/opt/rviz_ogre_vendor/lib:/opt/ros/humble/lib/aarch64-linux-gnu:/opt/ros/humble/lib:/usr/local/cuda/lib64:/home/nvidia/acados/lib /usr/bin/cmake --build /home/nvidia/ros2_qcar2_nlmpc/build/qcar2_nodes -- -j8 -l8
[30.126s] DEBUG:colcon.colcon_core.event_handler.log_command:Invoking command in '/home/nvidia/ros2_qcar2_nlmpc/build/qcar2_nodes': CMAKE_PREFIX_PATH=/home/nvidia/ros2_qcar2_nlmpc/install/qcar2_interfaces:/home/nvidia/ros2_qcar2_nlmpc/install/qcar2_nodes:/home/nvidia/ros2/install/qcar2_nodes:/home/nvidia/ros2/install/qcar2_interfaces:/opt/ros/humble LD_LIBRARY_PATH=/home/nvidia/ros2_qcar2_nlmpc/install/qcar2_interfaces/lib:/home/nvidia/ros2/install/qcar2_interfaces/lib:/opt/ros/humble/opt/rviz_ogre_vendor/lib:/opt/ros/humble/lib/aarch64-linux-gnu:/opt/ros/humble/lib:/usr/local/cuda/lib64:/home/nvidia/acados/lib /usr/bin/cmake --install /home/nvidia/ros2_qcar2_nlmpc/build/qcar2_nodes
[30.185s] Level 1:colcon.colcon_core.environment:create_environment_scripts_only(qcar2_nodes)
[30.187s] Level 1:colcon.colcon_core.environment:checking '/home/nvidia/ros2_qcar2_nlmpc/install/qcar2_nodes' for CMake module files
[30.188s] DEBUG:colcon.colcon_core.event_handler.log_command:Invoked command in '/home/nvidia/ros2_qcar2_nlmpc/build/qcar2_nodes' returned '0': CMAKE_PREFIX_PATH=/home/nvidia/ros2_qcar2_nlmpc/install/qcar2_interfaces:/home/nvidia/ros2_qcar2_nlmpc/install/qcar2_nodes:/home/nvidia/ros2/install/qcar2_nodes:/home/nvidia/ros2/install/qcar2_interfaces:/opt/ros/humble LD_LIBRARY_PATH=/home/nvidia/ros2_qcar2_nlmpc/install/qcar2_interfaces/lib:/home/nvidia/ros2/install/qcar2_interfaces/lib:/opt/ros/humble/opt/rviz_ogre_vendor/lib:/opt/ros/humble/lib/aarch64-linux-gnu:/opt/ros/humble/lib:/usr/local/cuda/lib64:/home/nvidia/acados/lib /usr/bin/cmake --install /home/nvidia/ros2_qcar2_nlmpc/build/qcar2_nodes
[30.190s] Level 1:colcon.colcon_core.environment:checking '/home/nvidia/ros2_qcar2_nlmpc/install/qcar2_nodes' for CMake config files
[30.192s] Level 1:colcon.colcon_core.shell:create_environment_hook('qcar2_nodes', 'cmake_prefix_path')
[30.193s] INFO:colcon.colcon_core.shell:Creating environment hook '/home/nvidia/ros2_qcar2_nlmpc/install/qcar2_nodes/share/qcar2_nodes/hook/cmake_prefix_path.ps1'
[30.195s] INFO:colcon.colcon_core.shell:Creating environment descriptor '/home/nvidia/ros2_qcar2_nlmpc/install/qcar2_nodes/share/qcar2_nodes/hook/cmake_prefix_path.dsv'
[30.196s] INFO:colcon.colcon_core.shell:Creating environment hook '/home/nvidia/ros2_qcar2_nlmpc/install/qcar2_nodes/share/qcar2_nodes/hook/cmake_prefix_path.sh'
[30.198s] Level 1:colcon.colcon_core.environment:checking '/home/nvidia/ros2_qcar2_nlmpc/install/qcar2_nodes/lib'
[30.199s] Level 1:colcon.colcon_core.environment:checking '/home/nvidia/ros2_qcar2_nlmpc/install/qcar2_nodes/bin'
[30.199s] Level 1:colcon.colcon_core.environment:checking '/home/nvidia/ros2_qcar2_nlmpc/install/qcar2_nodes/lib/pkgconfig/qcar2_nodes.pc'
[30.200s] Level 1:colcon.colcon_core.environment:checking '/home/nvidia/ros2_qcar2_nlmpc/install/qcar2_nodes/lib/python3.8/site-packages'
[30.200s] Level 1:colcon.colcon_core.environment:checking '/home/nvidia/ros2_qcar2_nlmpc/install/qcar2_nodes/bin'
[30.202s] INFO:colcon.colcon_core.shell:Creating package script '/home/nvidia/ros2_qcar2_nlmpc/install/qcar2_nodes/share/qcar2_nodes/package.ps1'
[30.203s] INFO:colcon.colcon_core.shell:Creating package descriptor '/home/nvidia/ros2_qcar2_nlmpc/install/qcar2_nodes/share/qcar2_nodes/package.dsv'
[30.205s] INFO:colcon.colcon_core.shell:Creating package script '/home/nvidia/ros2_qcar2_nlmpc/install/qcar2_nodes/share/qcar2_nodes/package.sh'
[30.206s] INFO:colcon.colcon_core.shell:Creating package script '/home/nvidia/ros2_qcar2_nlmpc/install/qcar2_nodes/share/qcar2_nodes/package.bash'
[30.208s] INFO:colcon.colcon_core.shell:Creating package script '/home/nvidia/ros2_qcar2_nlmpc/install/qcar2_nodes/share/qcar2_nodes/package.zsh'
[30.209s] Level 1:colcon.colcon_core.environment:create_file_with_runtime_dependencies(/home/nvidia/ros2_qcar2_nlmpc/install/qcar2_nodes/share/colcon-core/packages/qcar2_nodes)
[30.267s] Level 1:colcon.colcon_core.environment:create_environment_scripts_only(qcar2_nodes)
[30.268s] Level 1:colcon.colcon_core.environment:checking '/home/nvidia/ros2_qcar2_nlmpc/install/qcar2_nodes' for CMake module files
[30.269s] Level 1:colcon.colcon_core.environment:checking '/home/nvidia/ros2_qcar2_nlmpc/install/qcar2_nodes' for CMake config files
[30.271s] Level 1:colcon.colcon_core.shell:create_environment_hook('qcar2_nodes', 'cmake_prefix_path')
[30.271s] INFO:colcon.colcon_core.shell:Creating environment hook '/home/nvidia/ros2_qcar2_nlmpc/install/qcar2_nodes/share/qcar2_nodes/hook/cmake_prefix_path.ps1'
[30.274s] INFO:colcon.colcon_core.shell:Creating environment descriptor '/home/nvidia/ros2_qcar2_nlmpc/install/qcar2_nodes/share/qcar2_nodes/hook/cmake_prefix_path.dsv'
[30.275s] INFO:colcon.colcon_core.shell:Creating environment hook '/home/nvidia/ros2_qcar2_nlmpc/install/qcar2_nodes/share/qcar2_nodes/hook/cmake_prefix_path.sh'
[30.277s] Level 1:colcon.colcon_core.environment:checking '/home/nvidia/ros2_qcar2_nlmpc/install/qcar2_nodes/lib'
[30.277s] Level 1:colcon.colcon_core.environment:checking '/home/nvidia/ros2_qcar2_nlmpc/install/qcar2_nodes/bin'
[30.277s] Level 1:colcon.colcon_core.environment:checking '/home/nvidia/ros2_qcar2_nlmpc/install/qcar2_nodes/lib/pkgconfig/qcar2_nodes.pc'
[30.278s] Level 1:colcon.colcon_core.environment:checking '/home/nvidia/ros2_qcar2_nlmpc/install/qcar2_nodes/lib/python3.8/site-packages'
[30.279s] Level 1:colcon.colcon_core.environment:checking '/home/nvidia/ros2_qcar2_nlmpc/install/qcar2_nodes/bin'
[30.279s] INFO:colcon.colcon_core.shell:Creating package script '/home/nvidia/ros2_qcar2_nlmpc/install/qcar2_nodes/share/qcar2_nodes/package.ps1'
[30.281s] INFO:colcon.colcon_core.shell:Creating package descriptor '/home/nvidia/ros2_qcar2_nlmpc/install/qcar2_nodes/share/qcar2_nodes/package.dsv'
[30.283s] INFO:colcon.colcon_core.shell:Creating package script '/home/nvidia/ros2_qcar2_nlmpc/install/qcar2_nodes/share/qcar2_nodes/package.sh'
[30.284s] INFO:colcon.colcon_core.shell:Creating package script '/home/nvidia/ros2_qcar2_nlmpc/install/qcar2_nodes/share/qcar2_nodes/package.bash'
[30.285s] INFO:colcon.colcon_core.shell:Creating package script '/home/nvidia/ros2_qcar2_nlmpc/install/qcar2_nodes/share/qcar2_nodes/package.zsh'
[30.286s] Level 1:colcon.colcon_core.environment:create_file_with_runtime_dependencies(/home/nvidia/ros2_qcar2_nlmpc/install/qcar2_nodes/share/colcon-core/packages/qcar2_nodes)
[30.287s] DEBUG:colcon.colcon_parallel_executor.executor.parallel:closing loop
[30.288s] DEBUG:colcon.colcon_parallel_executor.executor.parallel:loop closed
[30.288s] DEBUG:colcon.colcon_parallel_executor.executor.parallel:run_until_complete finished with '0'
[30.289s] DEBUG:colcon.colcon_core.event_reactor:joining thread
[30.305s] INFO:colcon.colcon_core.plugin_system:Skipping extension 'colcon_notification.desktop_notification.terminal_notifier': Not used on non-Darwin systems
[30.305s] INFO:colcon.colcon_core.plugin_system:Skipping extension 'colcon_notification.desktop_notification.win32': Not used on non-Windows systems
[30.306s] INFO:colcon.colcon_notification.desktop_notification:Sending desktop notification using 'notify2'
[30.325s] DEBUG:colcon.colcon_notification.desktop_notification.notify2:Failed to initialize notify2: org.freedesktop.DBus.Error.Spawn.ChildExited: Process org.freedesktop.Notifications exited with status 1
[30.326s] DEBUG:colcon.colcon_core.event_reactor:joined thread
[30.327s] INFO:colcon.colcon_core.shell:Creating prefix script '/home/nvidia/ros2_qcar2_nlmpc/install/local_setup.ps1'
[30.330s] INFO:colcon.colcon_core.shell:Creating prefix util module '/home/nvidia/ros2_qcar2_nlmpc/install/_local_setup_util_ps1.py'
[30.333s] INFO:colcon.colcon_core.shell:Creating prefix chain script '/home/nvidia/ros2_qcar2_nlmpc/install/setup.ps1'
[30.336s] INFO:colcon.colcon_core.shell:Creating prefix script '/home/nvidia/ros2_qcar2_nlmpc/install/local_setup.sh'
[30.338s] INFO:colcon.colcon_core.shell:Creating prefix util module '/home/nvidia/ros2_qcar2_nlmpc/install/_local_setup_util_sh.py'
[30.339s] INFO:colcon.colcon_core.shell:Creating prefix chain script '/home/nvidia/ros2_qcar2_nlmpc/install/setup.sh'
[30.342s] INFO:colcon.colcon_core.shell:Creating prefix script '/home/nvidia/ros2_qcar2_nlmpc/install/local_setup.bash'
[30.343s] INFO:colcon.colcon_core.shell:Creating prefix chain script '/home/nvidia/ros2_qcar2_nlmpc/install/setup.bash'
[30.346s] INFO:colcon.colcon_core.shell:Creating prefix script '/home/nvidia/ros2_qcar2_nlmpc/install/local_setup.zsh'
[30.347s] INFO:colcon.colcon_core.shell:Creating prefix chain script '/home/nvidia/ros2_qcar2_nlmpc/install/setup.zsh'
